May 08 19:37:25 obpc kernel: Linux version 6.19.14-200.fc43.x86_64 (mockbuild@3d94b060593f4389857ed0a29daa3c69) (gcc (GCC) 15.2.1 20260123 (Red Hat 15.2.1-7), GNU ld version 2.45.1-4.fc43) #1 SMP PREEMPT_DYNAMIC Thu Apr 23 17:34:07 UTC 2026
May 08 19:37:25 obpc kernel: Command line: BOOT_IMAGE=(hd0,gpt5)/vmlinuz-6.19.14-200.fc43.x86_64 root=UUID=34e34fc2-47b6-41bd-b739-8a1c79788cb2 ro rootflags=subvol=root rhgb quiet thunderbolt.host_reset=false module_blacklist=nouveau,nova_core rd.driver.blacklist=nouveau,nova_core modprobe.blacklist=nouveau,nova_core pcie_aspm.policy=performance thunderbolt.clx=0 pcie_port_pm=off pci=realloc=off,pcie_bus_perf,hpmmioprefsize=256M,resource_alignment=35@0000:03:00.0 crashkernel=256M iommu=off intel_iommu=off thunderbolt.dyndbg=+pflm
May 08 19:37:25 obpc kernel: x86/tme: not enabled by BIOS
May 08 19:37:25 obpc kernel: x86/split lock detection: #AC: crashing the kernel on kernel split_locks and warning on user-space split_locks
May 08 19:37:25 obpc kernel: BIOS-provided physical RAM map:
May 08 19:37:25 obpc kernel: BIOS-e820: [mem 0x0000000000000000-0x000000000009efff] usable
May 08 19:37:25 obpc kernel: BIOS-e820: [mem 0x000000000009f000-0x00000000000fffff] reserved
May 08 19:37:25 obpc kernel: BIOS-e820: [mem 0x0000000000100000-0x00000000545f1fff] usable
May 08 19:37:25 obpc kernel: BIOS-e820: [mem 0x00000000545f2000-0x000000005e6b5fff] reserved
May 08 19:37:25 obpc kernel: BIOS-e820: [mem 0x000000005e6b6000-0x000000005e7b7fff] ACPI data
May 08 19:37:25 obpc kernel: BIOS-e820: [mem 0x000000005e7b8000-0x000000005e93efff] ACPI NVS
May 08 19:37:25 obpc kernel: BIOS-e820: [mem 0x000000005e93f000-0x0000000063ffefff] reserved
May 08 19:37:25 obpc kernel: BIOS-e820: [mem 0x0000000063fff000-0x0000000063ffffff] usable
May 08 19:37:25 obpc kernel: BIOS-e820: [mem 0x0000000064000000-0x00000000787fffff] reserved
May 08 19:37:25 obpc kernel: BIOS-e820: [mem 0x00000000c0000000-0x00000000cfffffff] reserved
May 08 19:37:25 obpc kernel: BIOS-e820: [mem 0x00000000fe000000-0x00000000fe010fff] reserved
May 08 19:37:25 obpc kernel: BIOS-e820: [mem 0x00000000fe410000-0x00000000fe410fff] reserved
May 08 19:37:25 obpc kernel: BIOS-e820: [mem 0x00000000fec00000-0x00000000fec00fff] reserved
May 08 19:37:25 obpc kernel: BIOS-e820: [mem 0x00000000fed00000-0x00000000fed00fff] reserved
May 08 19:37:25 obpc kernel: BIOS-e820: [mem 0x00000000fed20000-0x00000000fed7ffff] reserved
May 08 19:37:25 obpc kernel: BIOS-e820: [mem 0x00000000fee00000-0x00000000fee00fff] reserved
May 08 19:37:25 obpc kernel: BIOS-e820: [mem 0x00000000ff000000-0x00000000ffffffff] reserved
May 08 19:37:25 obpc kernel: BIOS-e820: [mem 0x0000000100000000-0x000000207fffffff] usable
May 08 19:37:25 obpc kernel: NX (Execute Disable) protection: active
May 08 19:37:25 obpc kernel: APIC: Static calls initialized
May 08 19:37:25 obpc kernel: efi: EFI v2.9 by American Megatrends
May 08 19:37:25 obpc kernel: efi: ACPI=0x5e8b6000 ACPI 2.0=0x5e8b6014 TPMFinalLog=0x5e822000 SMBIOS=0x62b8d000 SMBIOS 3.0=0x62b8c000 MEMATTR=0x482f5018 ESRT=0x50df1e98 MOKvar=0x63c2e000 RNG=0x5e6eb018 TPMEventLog=0x5e6e0018 
May 08 19:37:25 obpc kernel: random: crng init done
May 08 19:37:25 obpc kernel: efi: Remove mem81: MMIO range=[0xc0000000-0xcfffffff] (256MB) from e820 map
May 08 19:37:25 obpc kernel: e820: remove [mem 0xc0000000-0xcfffffff] reserved
May 08 19:37:25 obpc kernel: efi: Not removing mem82: MMIO range=[0xfe000000-0xfe010fff] (68KB) from e820 map
May 08 19:37:25 obpc kernel: efi: Not removing mem83: MMIO range=[0xfe410000-0xfe410fff] (4KB) from e820 map
May 08 19:37:25 obpc kernel: efi: Not removing mem84: MMIO range=[0xfec00000-0xfec00fff] (4KB) from e820 map
May 08 19:37:25 obpc kernel: efi: Not removing mem85: MMIO range=[0xfed00000-0xfed00fff] (4KB) from e820 map
May 08 19:37:25 obpc kernel: efi: Not removing mem87: MMIO range=[0xfee00000-0xfee00fff] (4KB) from e820 map
May 08 19:37:25 obpc kernel: efi: Remove mem88: MMIO range=[0xff000000-0xffffffff] (16MB) from e820 map
May 08 19:37:25 obpc kernel: e820: remove [mem 0xff000000-0xffffffff] reserved
May 08 19:37:25 obpc kernel: secureboot: Secure boot disabled
May 08 19:37:25 obpc kernel: SMBIOS 3.8.0 present.
May 08 19:37:25 obpc kernel: DMI: ASUSTeK COMPUTER INC. NUC15CRSU9/NUC15CRSU9, BIOS CRARL579.0029.2026.0115.1719 01/15/2026
May 08 19:37:25 obpc kernel: DMI: Memory slots populated: 2/2
May 08 19:37:25 obpc kernel: tsc: Detected 3700.000 MHz processor
May 08 19:37:25 obpc kernel: tsc: Detected 3686.400 MHz TSC
May 08 19:37:25 obpc kernel: e820: update [mem 0x00000000-0x00000fff] usable ==> reserved
May 08 19:37:25 obpc kernel: e820: remove [mem 0x000a0000-0x000fffff] usable
May 08 19:37:25 obpc kernel: last_pfn = 0x2080000 max_arch_pfn = 0x400000000
May 08 19:37:25 obpc kernel: total RAM covered: 259839M
May 08 19:37:25 obpc kernel:  gran_size: 64K         chunk_size: 64K         num_reg: 10          lose cover RAM: 129022M
May 08 19:37:25 obpc kernel:  gran_size: 64K         chunk_size: 128K         num_reg: 10          lose cover RAM: 129022M
May 08 19:37:25 obpc kernel:  gran_size: 64K         chunk_size: 256K         num_reg: 10          lose cover RAM: 129022M
May 08 19:37:25 obpc kernel:  gran_size: 64K         chunk_size: 512K         num_reg: 10          lose cover RAM: 129022M
May 08 19:37:25 obpc kernel:  gran_size: 64K         chunk_size: 1M         num_reg: 10          lose cover RAM: 129022M
May 08 19:37:25 obpc kernel:  gran_size: 64K         chunk_size: 2M         num_reg: 10          lose cover RAM: 129022M
May 08 19:37:25 obpc kernel:  gran_size: 64K         chunk_size: 4M         num_reg: 10          lose cover RAM: 129022M
May 08 19:37:25 obpc kernel:  gran_size: 64K         chunk_size: 8M         num_reg: 10          lose cover RAM: 129022M
May 08 19:37:25 obpc kernel:  gran_size: 64K         chunk_size: 16M         num_reg: 10          lose cover RAM: 129022M
May 08 19:37:25 obpc kernel:  gran_size: 64K         chunk_size: 32M         num_reg: 10          lose cover RAM: 129022M
May 08 19:37:25 obpc kernel:  gran_size: 64K         chunk_size: 64M         num_reg: 10          lose cover RAM: 129022M
May 08 19:37:25 obpc kernel:  gran_size: 64K         chunk_size: 128M         num_reg: 10          lose cover RAM: 129022M
May 08 19:37:25 obpc kernel:  gran_size: 64K         chunk_size: 256M         num_reg: 10          lose cover RAM: 129022M
May 08 19:37:25 obpc kernel:  gran_size: 64K         chunk_size: 512M         num_reg: 10          lose cover RAM: 129020M
May 08 19:37:25 obpc kernel:  gran_size: 64K         chunk_size: 1G         num_reg: 10          lose cover RAM: 129020M
May 08 19:37:25 obpc kernel:  gran_size: 64K         chunk_size: 2G         num_reg: 10          lose cover RAM: 129020M
May 08 19:37:25 obpc kernel:  gran_size: 128K         chunk_size: 128K         num_reg: 10          lose cover RAM: 129022M
May 08 19:37:25 obpc kernel:  gran_size: 128K         chunk_size: 256K         num_reg: 10          lose cover RAM: 129022M
May 08 19:37:25 obpc kernel:  gran_size: 128K         chunk_size: 512K         num_reg: 10          lose cover RAM: 129022M
May 08 19:37:25 obpc kernel:  gran_size: 128K         chunk_size: 1M         num_reg: 10          lose cover RAM: 129022M
May 08 19:37:25 obpc kernel:  gran_size: 128K         chunk_size: 2M         num_reg: 10          lose cover RAM: 129022M
May 08 19:37:25 obpc kernel:  gran_size: 128K         chunk_size: 4M         num_reg: 10          lose cover RAM: 129022M
May 08 19:37:25 obpc kernel:  gran_size: 128K         chunk_size: 8M         num_reg: 10          lose cover RAM: 129022M
May 08 19:37:25 obpc kernel:  gran_size: 128K         chunk_size: 16M         num_reg: 10          lose cover RAM: 129022M
May 08 19:37:25 obpc kernel:  gran_size: 128K         chunk_size: 32M         num_reg: 10          lose cover RAM: 129022M
May 08 19:37:25 obpc kernel:  gran_size: 128K         chunk_size: 64M         num_reg: 10          lose cover RAM: 129022M
May 08 19:37:25 obpc kernel:  gran_size: 128K         chunk_size: 128M         num_reg: 10          lose cover RAM: 129022M
May 08 19:37:25 obpc kernel:  gran_size: 128K         chunk_size: 256M         num_reg: 10          lose cover RAM: 129022M
May 08 19:37:25 obpc kernel:  gran_size: 128K         chunk_size: 512M         num_reg: 10          lose cover RAM: 129020M
May 08 19:37:25 obpc kernel:  gran_size: 128K         chunk_size: 1G         num_reg: 10          lose cover RAM: 129020M
May 08 19:37:25 obpc kernel:  gran_size: 128K         chunk_size: 2G         num_reg: 10          lose cover RAM: 129020M
May 08 19:37:25 obpc kernel:  gran_size: 256K         chunk_size: 256K         num_reg: 10          lose cover RAM: 129022M
May 08 19:37:25 obpc kernel:  gran_size: 256K         chunk_size: 512K         num_reg: 10          lose cover RAM: 129022M
May 08 19:37:25 obpc kernel:  gran_size: 256K         chunk_size: 1M         num_reg: 10          lose cover RAM: 129022M
May 08 19:37:25 obpc kernel:  gran_size: 256K         chunk_size: 2M         num_reg: 10          lose cover RAM: 129022M
May 08 19:37:25 obpc kernel:  gran_size: 256K         chunk_size: 4M         num_reg: 10          lose cover RAM: 129022M
May 08 19:37:25 obpc kernel:  gran_size: 256K         chunk_size: 8M         num_reg: 10          lose cover RAM: 129022M
May 08 19:37:25 obpc kernel:  gran_size: 256K         chunk_size: 16M         num_reg: 10          lose cover RAM: 129022M
May 08 19:37:25 obpc kernel:  gran_size: 256K         chunk_size: 32M         num_reg: 10          lose cover RAM: 129022M
May 08 19:37:25 obpc kernel:  gran_size: 256K         chunk_size: 64M         num_reg: 10          lose cover RAM: 129022M
May 08 19:37:25 obpc kernel:  gran_size: 256K         chunk_size: 128M         num_reg: 10          lose cover RAM: 129022M
May 08 19:37:25 obpc kernel:  gran_size: 256K         chunk_size: 256M         num_reg: 10          lose cover RAM: 129022M
May 08 19:37:25 obpc kernel:  gran_size: 256K         chunk_size: 512M         num_reg: 10          lose cover RAM: 129020M
May 08 19:37:25 obpc kernel:  gran_size: 256K         chunk_size: 1G         num_reg: 10          lose cover RAM: 129020M
May 08 19:37:25 obpc kernel:  gran_size: 256K         chunk_size: 2G         num_reg: 10          lose cover RAM: 129020M
May 08 19:37:25 obpc kernel:  gran_size: 512K         chunk_size: 512K         num_reg: 10          lose cover RAM: 129022M
May 08 19:37:25 obpc kernel:  gran_size: 512K         chunk_size: 1M         num_reg: 10          lose cover RAM: 129022M
May 08 19:37:25 obpc kernel:  gran_size: 512K         chunk_size: 2M         num_reg: 10          lose cover RAM: 129022M
May 08 19:37:25 obpc kernel:  gran_size: 512K         chunk_size: 4M         num_reg: 10          lose cover RAM: 129022M
May 08 19:37:25 obpc kernel:  gran_size: 512K         chunk_size: 8M         num_reg: 10          lose cover RAM: 129022M
May 08 19:37:25 obpc kernel:  gran_size: 512K         chunk_size: 16M         num_reg: 10          lose cover RAM: 129022M
May 08 19:37:25 obpc kernel:  gran_size: 512K         chunk_size: 32M         num_reg: 10          lose cover RAM: 129022M
May 08 19:37:25 obpc kernel:  gran_size: 512K         chunk_size: 64M         num_reg: 10          lose cover RAM: 129022M
May 08 19:37:25 obpc kernel:  gran_size: 512K         chunk_size: 128M         num_reg: 10          lose cover RAM: 129022M
May 08 19:37:25 obpc kernel:  gran_size: 512K         chunk_size: 256M         num_reg: 10          lose cover RAM: 129022M
May 08 19:37:25 obpc kernel:  gran_size: 512K         chunk_size: 512M         num_reg: 10          lose cover RAM: 129020M
May 08 19:37:25 obpc kernel:  gran_size: 512K         chunk_size: 1G         num_reg: 10          lose cover RAM: 129020M
May 08 19:37:25 obpc kernel:  gran_size: 512K         chunk_size: 2G         num_reg: 10          lose cover RAM: 129020M
May 08 19:37:25 obpc kernel:  gran_size: 1M         chunk_size: 1M         num_reg: 10          lose cover RAM: 129022M
May 08 19:37:25 obpc kernel:  gran_size: 1M         chunk_size: 2M         num_reg: 10          lose cover RAM: 129022M
May 08 19:37:25 obpc kernel:  gran_size: 1M         chunk_size: 4M         num_reg: 10          lose cover RAM: 129022M
May 08 19:37:25 obpc kernel:  gran_size: 1M         chunk_size: 8M         num_reg: 10          lose cover RAM: 129022M
May 08 19:37:25 obpc kernel:  gran_size: 1M         chunk_size: 16M         num_reg: 10          lose cover RAM: 129022M
May 08 19:37:25 obpc kernel:  gran_size: 1M         chunk_size: 32M         num_reg: 10          lose cover RAM: 129022M
May 08 19:37:25 obpc kernel:  gran_size: 1M         chunk_size: 64M         num_reg: 10          lose cover RAM: 129022M
May 08 19:37:25 obpc kernel:  gran_size: 1M         chunk_size: 128M         num_reg: 10          lose cover RAM: 129022M
May 08 19:37:25 obpc kernel:  gran_size: 1M         chunk_size: 256M         num_reg: 10          lose cover RAM: 129022M
May 08 19:37:25 obpc kernel:  gran_size: 1M         chunk_size: 512M         num_reg: 10          lose cover RAM: 129020M
May 08 19:37:25 obpc kernel:  gran_size: 1M         chunk_size: 1G         num_reg: 10          lose cover RAM: 129020M
May 08 19:37:25 obpc kernel:  gran_size: 1M         chunk_size: 2G         num_reg: 10          lose cover RAM: 129020M
May 08 19:37:25 obpc kernel:  gran_size: 2M         chunk_size: 2M         num_reg: 10          lose cover RAM: 129022M
May 08 19:37:25 obpc kernel:  gran_size: 2M         chunk_size: 4M         num_reg: 10          lose cover RAM: 129022M
May 08 19:37:25 obpc kernel:  gran_size: 2M         chunk_size: 8M         num_reg: 10          lose cover RAM: 129022M
May 08 19:37:25 obpc kernel:  gran_size: 2M         chunk_size: 16M         num_reg: 10          lose cover RAM: 129022M
May 08 19:37:25 obpc kernel:  gran_size: 2M         chunk_size: 32M         num_reg: 10          lose cover RAM: 129022M
May 08 19:37:25 obpc kernel:  gran_size: 2M         chunk_size: 64M         num_reg: 10          lose cover RAM: 129022M
May 08 19:37:25 obpc kernel:  gran_size: 2M         chunk_size: 128M         num_reg: 10          lose cover RAM: 129022M
May 08 19:37:25 obpc kernel:  gran_size: 2M         chunk_size: 256M         num_reg: 10          lose cover RAM: 129022M
May 08 19:37:25 obpc kernel:  gran_size: 2M         chunk_size: 512M         num_reg: 10          lose cover RAM: 129020M
May 08 19:37:25 obpc kernel:  gran_size: 2M         chunk_size: 1G         num_reg: 10          lose cover RAM: 129020M
May 08 19:37:25 obpc kernel:  gran_size: 2M         chunk_size: 2G         num_reg: 10          lose cover RAM: 129020M
May 08 19:37:25 obpc kernel:  gran_size: 4M         chunk_size: 4M         num_reg: 10          lose cover RAM: 129022M
May 08 19:37:25 obpc kernel:  gran_size: 4M         chunk_size: 8M         num_reg: 10          lose cover RAM: 129022M
May 08 19:37:25 obpc kernel:  gran_size: 4M         chunk_size: 16M         num_reg: 10          lose cover RAM: 129022M
May 08 19:37:25 obpc kernel:  gran_size: 4M         chunk_size: 32M         num_reg: 10          lose cover RAM: 129022M
May 08 19:37:25 obpc kernel:  gran_size: 4M         chunk_size: 64M         num_reg: 10          lose cover RAM: 129022M
May 08 19:37:25 obpc kernel:  gran_size: 4M         chunk_size: 128M         num_reg: 10          lose cover RAM: 129022M
May 08 19:37:25 obpc kernel:  gran_size: 4M         chunk_size: 256M         num_reg: 10          lose cover RAM: 129022M
May 08 19:37:25 obpc kernel:  gran_size: 4M         chunk_size: 512M         num_reg: 10          lose cover RAM: 129020M
May 08 19:37:25 obpc kernel:  gran_size: 4M         chunk_size: 1G         num_reg: 10          lose cover RAM: 129020M
May 08 19:37:25 obpc kernel:  gran_size: 4M         chunk_size: 2G         num_reg: 10          lose cover RAM: 129020M
May 08 19:37:25 obpc kernel:  gran_size: 8M         chunk_size: 8M         num_reg: 10          lose cover RAM: 129022M
May 08 19:37:25 obpc kernel:  gran_size: 8M         chunk_size: 16M         num_reg: 10          lose cover RAM: 129022M
May 08 19:37:25 obpc kernel:  gran_size: 8M         chunk_size: 32M         num_reg: 10          lose cover RAM: 129022M
May 08 19:37:25 obpc kernel:  gran_size: 8M         chunk_size: 64M         num_reg: 10          lose cover RAM: 129022M
May 08 19:37:25 obpc kernel:  gran_size: 8M         chunk_size: 128M         num_reg: 10          lose cover RAM: 129022M
May 08 19:37:25 obpc kernel:  gran_size: 8M         chunk_size: 256M         num_reg: 10          lose cover RAM: 129022M
May 08 19:37:25 obpc kernel:  gran_size: 8M         chunk_size: 512M         num_reg: 10          lose cover RAM: 129020M
May 08 19:37:25 obpc kernel:  gran_size: 8M         chunk_size: 1G         num_reg: 10          lose cover RAM: 129020M
May 08 19:37:25 obpc kernel:  gran_size: 8M         chunk_size: 2G         num_reg: 10          lose cover RAM: 129020M
May 08 19:37:25 obpc kernel:  gran_size: 16M         chunk_size: 16M         num_reg: 10          lose cover RAM: 129022M
May 08 19:37:25 obpc kernel:  gran_size: 16M         chunk_size: 32M         num_reg: 10          lose cover RAM: 129022M
May 08 19:37:25 obpc kernel:  gran_size: 16M         chunk_size: 64M         num_reg: 10          lose cover RAM: 129022M
May 08 19:37:25 obpc kernel:  gran_size: 16M         chunk_size: 128M         num_reg: 10          lose cover RAM: 129022M
May 08 19:37:25 obpc kernel:  gran_size: 16M         chunk_size: 256M         num_reg: 10          lose cover RAM: 129022M
May 08 19:37:25 obpc kernel:  gran_size: 16M         chunk_size: 512M         num_reg: 10          lose cover RAM: 129020M
May 08 19:37:25 obpc kernel:  gran_size: 16M         chunk_size: 1G         num_reg: 10          lose cover RAM: 129020M
May 08 19:37:25 obpc kernel:  gran_size: 16M         chunk_size: 2G         num_reg: 10          lose cover RAM: 129020M
May 08 19:37:25 obpc kernel:  gran_size: 32M         chunk_size: 32M         num_reg: 10          lose cover RAM: 129022M
May 08 19:37:25 obpc kernel:  gran_size: 32M         chunk_size: 64M         num_reg: 10          lose cover RAM: 129022M
May 08 19:37:25 obpc kernel:  gran_size: 32M         chunk_size: 128M         num_reg: 10          lose cover RAM: 129022M
May 08 19:37:25 obpc kernel:  gran_size: 32M         chunk_size: 256M         num_reg: 10          lose cover RAM: 129022M
May 08 19:37:25 obpc kernel:  gran_size: 32M         chunk_size: 512M         num_reg: 10          lose cover RAM: 129020M
May 08 19:37:25 obpc kernel:  gran_size: 32M         chunk_size: 1G         num_reg: 10          lose cover RAM: 129020M
May 08 19:37:25 obpc kernel:  gran_size: 32M         chunk_size: 2G         num_reg: 10          lose cover RAM: 129020M
May 08 19:37:25 obpc kernel:  gran_size: 64M         chunk_size: 64M         num_reg: 10          lose cover RAM: 129022M
May 08 19:37:25 obpc kernel:  gran_size: 64M         chunk_size: 128M         num_reg: 10          lose cover RAM: 129022M
May 08 19:37:25 obpc kernel:  gran_size: 64M         chunk_size: 256M         num_reg: 10          lose cover RAM: 129022M
May 08 19:37:25 obpc kernel:  gran_size: 64M         chunk_size: 512M         num_reg: 10          lose cover RAM: 129020M
May 08 19:37:25 obpc kernel:  gran_size: 64M         chunk_size: 1G         num_reg: 10          lose cover RAM: 129020M
May 08 19:37:25 obpc kernel:  gran_size: 64M         chunk_size: 2G         num_reg: 10          lose cover RAM: 129020M
May 08 19:37:25 obpc kernel:  gran_size: 128M         chunk_size: 128M         num_reg: 10          lose cover RAM: 129022M
May 08 19:37:25 obpc kernel:  gran_size: 128M         chunk_size: 256M         num_reg: 10          lose cover RAM: 129022M
May 08 19:37:25 obpc kernel:  gran_size: 128M         chunk_size: 512M         num_reg: 10          lose cover RAM: 129020M
May 08 19:37:25 obpc kernel:  gran_size: 128M         chunk_size: 1G         num_reg: 10          lose cover RAM: 129020M
May 08 19:37:25 obpc kernel:  gran_size: 128M         chunk_size: 2G         num_reg: 10          lose cover RAM: 129020M
May 08 19:37:25 obpc kernel:  gran_size: 256M         chunk_size: 256M         num_reg: 10          lose cover RAM: 129022M
May 08 19:37:25 obpc kernel:  gran_size: 256M         chunk_size: 512M         num_reg: 10          lose cover RAM: 129020M
May 08 19:37:25 obpc kernel:  gran_size: 256M         chunk_size: 1G         num_reg: 10          lose cover RAM: 129020M
May 08 19:37:25 obpc kernel:  gran_size: 256M         chunk_size: 2G         num_reg: 10          lose cover RAM: 129020M
May 08 19:37:25 obpc kernel:  gran_size: 512M         chunk_size: 512M         num_reg: 10          lose cover RAM: 129276M
May 08 19:37:25 obpc kernel:  gran_size: 512M         chunk_size: 1G         num_reg: 10          lose cover RAM: 129276M
May 08 19:37:25 obpc kernel:  gran_size: 512M         chunk_size: 2G         num_reg: 10          lose cover RAM: 129276M
May 08 19:37:25 obpc kernel:  gran_size: 1G         chunk_size: 1G         num_reg: 10          lose cover RAM: 129784M
May 08 19:37:25 obpc kernel:  gran_size: 1G         chunk_size: 2G         num_reg: 10          lose cover RAM: 129784M
May 08 19:37:25 obpc kernel:  gran_size: 2G         chunk_size: 2G         num_reg: 10          lose cover RAM: 130800M
May 08 19:37:25 obpc kernel: mtrr_cleanup: can not find optimal value
May 08 19:37:25 obpc kernel: please specify mtrr_gran_size/mtrr_chunk_size
May 08 19:37:25 obpc kernel: MTRR map: 8 entries (3 fixed + 5 variable; max 23), built from 10 variable MTRRs
May 08 19:37:25 obpc kernel: x86/PAT: Configuration [0-7]: WB  WC  UC- UC  WB  WP  UC- WT  
May 08 19:37:25 obpc kernel: e820: update [mem 0x70000000-0xffffffff] usable ==> reserved
May 08 19:37:25 obpc kernel: e820: update [mem 0x2080000000-0x20800fffff] usable ==> reserved
May 08 19:37:25 obpc kernel: x2apic: enabled by BIOS, switching to x2apic ops
May 08 19:37:25 obpc kernel: last_pfn = 0x64000 max_arch_pfn = 0x400000000
May 08 19:37:25 obpc kernel: esrt: Reserving ESRT space from 0x0000000050df1e98 to 0x0000000050df1fe8.
May 08 19:37:25 obpc kernel: e820: update [mem 0x50df1000-0x50df1fff] usable ==> reserved
May 08 19:37:25 obpc kernel: Using GB pages for direct mapping
May 08 19:37:25 obpc kernel: secureboot: Secure boot disabled
May 08 19:37:25 obpc kernel: RAMDISK: [mem 0x3d1ba000-0x403fbfff]
May 08 19:37:25 obpc kernel: ACPI: Early table checksum verification disabled
May 08 19:37:25 obpc kernel: ACPI: RSDP 0x000000005E8B6014 000024 (v02 ASUS  )
May 08 19:37:25 obpc kernel: ACPI: XSDT 0x000000005E852728 000174 (v01 ASUS   NUC15CR  0000001D AMI  01000013)
May 08 19:37:25 obpc kernel: ACPI: FACP 0x000000005E79E000 000114 (v06 ASUS   NUC15CR  0000001D AMI  01000013)
May 08 19:37:25 obpc kernel: ACPI: DSDT 0x000000005E72D000 070E47 (v02 ASUS   NUC15CR  0000001D INTL 20210930)
May 08 19:37:25 obpc kernel: ACPI: FACS 0x000000005E939000 000040
May 08 19:37:25 obpc kernel: ACPI: SSDT 0x000000005E7B5000 000770 (v02 ASUS   NUC15CR  0000001D INTL 20210930)
May 08 19:37:25 obpc kernel: ACPI: SSDT 0x000000005E7B4000 0005FB (v02 ASUS   NUC15CR  0000001D INTL 20210930)
May 08 19:37:25 obpc kernel: ACPI: SSDT 0x000000005E7B3000 0001AB (v02 ASUS   NUC15CR  0000001D INTL 20210930)
May 08 19:37:25 obpc kernel: ACPI: SSDT 0x000000005E7B2000 000394 (v02 ASUS   NUC15CR  0000001D INTL 20210930)
May 08 19:37:25 obpc kernel: ACPI: SSDT 0x000000005E7B0000 001BAF (v02 ASUS   NUC15CR  0000001D INTL 20210930)
May 08 19:37:25 obpc kernel: ACPI: SSDT 0x000000005E7AE000 001620 (v02 ASUS   NUC15CR  0000001D INTL 20210930)
May 08 19:37:25 obpc kernel: ACPI: SSDT 0x000000005E7AC000 001349 (v02 ASUS   NUC15CR  0000001D INTL 20210930)
May 08 19:37:25 obpc kernel: ACPI: SSDT 0x000000005E7AB000 000FBB (v02 ASUS   NUC15CR  0000001D INTL 20210930)
May 08 19:37:25 obpc kernel: ACPI: SSDT 0x000000005E7A7000 003BC8 (v02 ASUS   NUC15CR  0000001D INTL 20210930)
May 08 19:37:25 obpc kernel: ACPI: DTPR 0x000000005E7A6000 000088 (v01 ASUS   NUC15CR  0000001D      00000000)
May 08 19:37:25 obpc kernel: ACPI: SSDT 0x000000005E7A0000 0053DB (v02 ASUS   NUC15CR  0000001D INTL 20210930)
May 08 19:37:25 obpc kernel: ACPI: SSDT 0x000000005E79F000 000D03 (v02 ASUS   NUC15CR  0000001D INTL 20210930)
May 08 19:37:25 obpc kernel: ACPI: FIDT 0x000000005E72C000 00009C (v01 ASUS   NUC15CR  0000001D AMI  00010013)
May 08 19:37:25 obpc kernel: ACPI: SSDT 0x000000005E7B7000 00038C (v02 ASUS   NUC15CR  0000001D INTL 20210930)
May 08 19:37:25 obpc kernel: ACPI: SSDT 0x000000005E729000 00247E (v02 ASUS   NUC15CR  0000001D INTL 20210930)
May 08 19:37:25 obpc kernel: ACPI: SSDT 0x000000005E71F000 009ADA (v02 ASUS   NUC15CR  00001000 INTL 20210930)
May 08 19:37:25 obpc kernel: ACPI: HPET 0x000000005E7B6000 000038 (v01 ASUS   NUC15CR  0000001D AMI  01000013)
May 08 19:37:25 obpc kernel: ACPI: APIC 0x000000005E71E000 000358 (v05 ASUS   NUC15CR  0000001D AMI  01000013)
May 08 19:37:25 obpc kernel: ACPI: MCFG 0x000000005E71D000 00003C (v01 ASUS   NUC15CR  0000001D AMI  01000013)
May 08 19:37:25 obpc kernel: ACPI: SSDT 0x000000005E710000 00C39C (v02 ASUS   NUC15CR  0000001D INTL 20210930)
May 08 19:37:25 obpc kernel: ACPI: SSDT 0x000000005E70E000 00147F (v02 ASUS   NUC15CR  0000001D INTL 20210930)
May 08 19:37:25 obpc kernel: ACPI: SSDT 0x000000005E70A000 0038A4 (v02 ASUS   NUC15CR  0000001D INTL 20210930)
May 08 19:37:25 obpc kernel: ACPI: UEFI 0x000000005E809000 000048 (v01 ASUS   NUC15CR  0000001D AMI  01000013)
May 08 19:37:25 obpc kernel: ACPI: NHLT 0x000000005E709000 0002E3 (v00 ASUS   NUC15CR  0000001D AMI  01000013)
May 08 19:37:25 obpc kernel: ACPI: LPIT 0x000000005E708000 0000CC (v01 ASUS   NUC15CR  0000001D AMI  01000013)
May 08 19:37:25 obpc kernel: ACPI: WDAT 0x000000005E706000 000134 (v01 ASUS   NUC15CR  0000001D AMI  01000013)
May 08 19:37:25 obpc kernel: ACPI: SSDT 0x000000005E705000 000CA6 (v02 ASUS   NUC15CR  0000001D INTL 20210930)
May 08 19:37:25 obpc kernel: ACPI: SSDT 0x000000005E6FF000 005E42 (v02 ASUS   NUC15CR  0000001D INTL 20210930)
May 08 19:37:25 obpc kernel: ACPI: DBGP 0x000000005E6FE000 000034 (v01 ASUS   NUC15CR  0000001D AMI  01000013)
May 08 19:37:25 obpc kernel: ACPI: DBG2 0x000000005E6FD000 000054 (v00 ASUS   NUC15CR  0000001D AMI  01000013)
May 08 19:37:25 obpc kernel: ACPI: SSDT 0x000000005E6FB000 001AFE (v02 ASUS   NUC15CR  0000001D INTL 20210930)
May 08 19:37:25 obpc kernel: ACPI: DMAR 0x000000005E6FA000 000098 (v01 ASUS   NUC15CR  0000001D AMI  01000013)
May 08 19:37:25 obpc kernel: ACPI: FPDT 0x000000005E6F9000 000044 (v01 ASUS   NUC15CR  0000001D AMI  01000013)
May 08 19:37:25 obpc kernel: ACPI: SSDT 0x000000005E6F7000 001092 (v02 ASUS   NUC15CR  0000001D INTL 20210930)
May 08 19:37:25 obpc kernel: ACPI: SSDT 0x000000005E6F4000 00281A (v02 ASUS   NUC15CR  0000001D INTL 20210930)
May 08 19:37:25 obpc kernel: ACPI: SSDT 0x000000005E6F1000 0028D3 (v02 ASUS   NUC15CR  0000001D INTL 20210930)
May 08 19:37:25 obpc kernel: ACPI: BGRT 0x000000005E6F0000 000038 (v01 ASUS   NUC15CR  0000001D AMI  00010013)
May 08 19:37:25 obpc kernel: ACPI: SSDT 0x000000005E6EE000 0011A0 (v02 ASUS   NUC15CR  0000001D INTL 20210930)
May 08 19:37:25 obpc kernel: ACPI: PHAT 0x000000005E6ED000 000810 (v01 ASUS   NUC15CR  0000001D MSFT 0100000D)
May 08 19:37:25 obpc kernel: ACPI: TPM2 0x000000005E6EC000 00004C (v04 ASUS   NUC15CR  0000001D AMI  00000000)
May 08 19:37:25 obpc kernel: ACPI: WSMT 0x000000005E707000 000028 (v01 ASUS   NUC15CR  0000001D AMI  00010013)
May 08 19:37:25 obpc kernel: ACPI: Reserving FACP table memory at [mem 0x5e79e000-0x5e79e113]
May 08 19:37:25 obpc kernel: ACPI: Reserving DSDT table memory at [mem 0x5e72d000-0x5e79de46]
May 08 19:37:25 obpc kernel: ACPI: Reserving FACS table memory at [mem 0x5e939000-0x5e93903f]
May 08 19:37:25 obpc kernel: ACPI: Reserving SSDT table memory at [mem 0x5e7b5000-0x5e7b576f]
May 08 19:37:25 obpc kernel: ACPI: Reserving SSDT table memory at [mem 0x5e7b4000-0x5e7b45fa]
May 08 19:37:25 obpc kernel: ACPI: Reserving SSDT table memory at [mem 0x5e7b3000-0x5e7b31aa]
May 08 19:37:25 obpc kernel: ACPI: Reserving SSDT table memory at [mem 0x5e7b2000-0x5e7b2393]
May 08 19:37:25 obpc kernel: ACPI: Reserving SSDT table memory at [mem 0x5e7b0000-0x5e7b1bae]
May 08 19:37:25 obpc kernel: ACPI: Reserving SSDT table memory at [mem 0x5e7ae000-0x5e7af61f]
May 08 19:37:25 obpc kernel: ACPI: Reserving SSDT table memory at [mem 0x5e7ac000-0x5e7ad348]
May 08 19:37:25 obpc kernel: ACPI: Reserving SSDT table memory at [mem 0x5e7ab000-0x5e7abfba]
May 08 19:37:25 obpc kernel: ACPI: Reserving SSDT table memory at [mem 0x5e7a7000-0x5e7aabc7]
May 08 19:37:25 obpc kernel: ACPI: Reserving DTPR table memory at [mem 0x5e7a6000-0x5e7a6087]
May 08 19:37:25 obpc kernel: ACPI: Reserving SSDT table memory at [mem 0x5e7a0000-0x5e7a53da]
May 08 19:37:25 obpc kernel: ACPI: Reserving SSDT table memory at [mem 0x5e79f000-0x5e79fd02]
May 08 19:37:25 obpc kernel: ACPI: Reserving FIDT table memory at [mem 0x5e72c000-0x5e72c09b]
May 08 19:37:25 obpc kernel: ACPI: Reserving SSDT table memory at [mem 0x5e7b7000-0x5e7b738b]
May 08 19:37:25 obpc kernel: ACPI: Reserving SSDT table memory at [mem 0x5e729000-0x5e72b47d]
May 08 19:37:25 obpc kernel: ACPI: Reserving SSDT table memory at [mem 0x5e71f000-0x5e728ad9]
May 08 19:37:25 obpc kernel: ACPI: Reserving HPET table memory at [mem 0x5e7b6000-0x5e7b6037]
May 08 19:37:25 obpc kernel: ACPI: Reserving APIC table memory at [mem 0x5e71e000-0x5e71e357]
May 08 19:37:25 obpc kernel: ACPI: Reserving MCFG table memory at [mem 0x5e71d000-0x5e71d03b]
May 08 19:37:25 obpc kernel: ACPI: Reserving SSDT table memory at [mem 0x5e710000-0x5e71c39b]
May 08 19:37:25 obpc kernel: ACPI: Reserving SSDT table memory at [mem 0x5e70e000-0x5e70f47e]
May 08 19:37:25 obpc kernel: ACPI: Reserving SSDT table memory at [mem 0x5e70a000-0x5e70d8a3]
May 08 19:37:25 obpc kernel: ACPI: Reserving UEFI table memory at [mem 0x5e809000-0x5e809047]
May 08 19:37:25 obpc kernel: ACPI: Reserving NHLT table memory at [mem 0x5e709000-0x5e7092e2]
May 08 19:37:25 obpc kernel: ACPI: Reserving LPIT table memory at [mem 0x5e708000-0x5e7080cb]
May 08 19:37:25 obpc kernel: ACPI: Reserving WDAT table memory at [mem 0x5e706000-0x5e706133]
May 08 19:37:25 obpc kernel: ACPI: Reserving SSDT table memory at [mem 0x5e705000-0x5e705ca5]
May 08 19:37:25 obpc kernel: ACPI: Reserving SSDT table memory at [mem 0x5e6ff000-0x5e704e41]
May 08 19:37:25 obpc kernel: ACPI: Reserving DBGP table memory at [mem 0x5e6fe000-0x5e6fe033]
May 08 19:37:25 obpc kernel: ACPI: Reserving DBG2 table memory at [mem 0x5e6fd000-0x5e6fd053]
May 08 19:37:25 obpc kernel: ACPI: Reserving SSDT table memory at [mem 0x5e6fb000-0x5e6fcafd]
May 08 19:37:25 obpc kernel: ACPI: Reserving DMAR table memory at [mem 0x5e6fa000-0x5e6fa097]
May 08 19:37:25 obpc kernel: ACPI: Reserving FPDT table memory at [mem 0x5e6f9000-0x5e6f9043]
May 08 19:37:25 obpc kernel: ACPI: Reserving SSDT table memory at [mem 0x5e6f7000-0x5e6f8091]
May 08 19:37:25 obpc kernel: ACPI: Reserving SSDT table memory at [mem 0x5e6f4000-0x5e6f6819]
May 08 19:37:25 obpc kernel: ACPI: Reserving SSDT table memory at [mem 0x5e6f1000-0x5e6f38d2]
May 08 19:37:25 obpc kernel: ACPI: Reserving BGRT table memory at [mem 0x5e6f0000-0x5e6f0037]
May 08 19:37:25 obpc kernel: ACPI: Reserving SSDT table memory at [mem 0x5e6ee000-0x5e6ef19f]
May 08 19:37:25 obpc kernel: ACPI: Reserving PHAT table memory at [mem 0x5e6ed000-0x5e6ed80f]
May 08 19:37:25 obpc kernel: ACPI: Reserving TPM2 table memory at [mem 0x5e6ec000-0x5e6ec04b]
May 08 19:37:25 obpc kernel: ACPI: Reserving WSMT table memory at [mem 0x5e707000-0x5e707027]
May 08 19:37:25 obpc kernel: APIC: Switched APIC routing to: cluster x2apic
May 08 19:37:25 obpc kernel: No NUMA configuration found
May 08 19:37:25 obpc kernel: Faking a node at [mem 0x0000000000000000-0x000000207fffffff]
May 08 19:37:25 obpc kernel: NODE_DATA(0) allocated [mem 0x207ffd5280-0x207fffffff]
May 08 19:37:25 obpc kernel: crashkernel reserved: 0x000000002d000000 - 0x000000003d000000 (256 MB)
May 08 19:37:25 obpc kernel: Zone ranges:
May 08 19:37:25 obpc kernel:   DMA      [mem 0x0000000000001000-0x0000000000ffffff]
May 08 19:37:25 obpc kernel:   DMA32    [mem 0x0000000001000000-0x00000000ffffffff]
May 08 19:37:25 obpc kernel:   Normal   [mem 0x0000000100000000-0x000000207fffffff]
May 08 19:37:25 obpc kernel:   Device   empty
May 08 19:37:25 obpc kernel: Movable zone start for each node
May 08 19:37:25 obpc kernel: Early memory node ranges
May 08 19:37:25 obpc kernel:   node   0: [mem 0x0000000000001000-0x000000000009efff]
May 08 19:37:25 obpc kernel:   node   0: [mem 0x0000000000100000-0x00000000545f1fff]
May 08 19:37:25 obpc kernel:   node   0: [mem 0x0000000063fff000-0x0000000063ffffff]
May 08 19:37:25 obpc kernel:   node   0: [mem 0x0000000100000000-0x000000207fffffff]
May 08 19:37:25 obpc kernel: Initmem setup node 0 [mem 0x0000000000001000-0x000000207fffffff]
May 08 19:37:25 obpc kernel: On node 0, zone DMA: 1 pages in unavailable ranges
May 08 19:37:25 obpc kernel: On node 0, zone DMA: 97 pages in unavailable ranges
May 08 19:37:25 obpc kernel: On node 0, zone DMA32: 31245 pages in unavailable ranges
May 08 19:37:25 obpc kernel: On node 0, zone Normal: 16384 pages in unavailable ranges
May 08 19:37:25 obpc kernel: ACPI: PM-Timer IO Port: 0x1808
May 08 19:37:25 obpc kernel: ACPI: X2APIC_NMI (uid[0xffffffff] high level lint[0x1])
May 08 19:37:25 obpc kernel: IOAPIC[0]: apic_id 2, version 32, address 0xfec00000, GSI 0-119
May 08 19:37:25 obpc kernel: ACPI: INT_SRC_OVR (bus 0 bus_irq 0 global_irq 2 dfl dfl)
May 08 19:37:25 obpc kernel: ACPI: INT_SRC_OVR (bus 0 bus_irq 9 global_irq 9 high level)
May 08 19:37:25 obpc kernel: ACPI: Using ACPI (MADT) for SMP configuration information
May 08 19:37:25 obpc kernel: ACPI: HPET id: 0x8086a201 base: 0xfed00000
May 08 19:37:25 obpc kernel: e820: update [mem 0x483a2000-0x483d0fff] usable ==> reserved
May 08 19:37:25 obpc kernel: TSC deadline timer available
May 08 19:37:25 obpc kernel: CPU topo: Max. logical packages:   1
May 08 19:37:25 obpc kernel: CPU topo: Max. logical nodes:      1
May 08 19:37:25 obpc kernel: CPU topo: Num. nodes per package:  1
May 08 19:37:25 obpc kernel: CPU topo: Max. logical dies:       1
May 08 19:37:25 obpc kernel: CPU topo: Max. dies per package:   1
May 08 19:37:25 obpc kernel: CPU topo: Max. threads per core:   1
May 08 19:37:25 obpc kernel: CPU topo: Num. cores per package:    16
May 08 19:37:25 obpc kernel: CPU topo: Num. threads per package:  16
May 08 19:37:25 obpc kernel: CPU topo: Allowing 16 present CPUs plus 0 hotplug CPUs
May 08 19:37:25 obpc kernel: PM: hibernation: Registered nosave memory: [mem 0x00000000-0x00000fff]
May 08 19:37:25 obpc kernel: PM: hibernation: Registered nosave memory: [mem 0x0009f000-0x000fffff]
May 08 19:37:25 obpc kernel: PM: hibernation: Registered nosave memory: [mem 0x483a2000-0x483d0fff]
May 08 19:37:25 obpc kernel: PM: hibernation: Registered nosave memory: [mem 0x50df1000-0x50df1fff]
May 08 19:37:25 obpc kernel: PM: hibernation: Registered nosave memory: [mem 0x545f2000-0x63ffefff]
May 08 19:37:25 obpc kernel: PM: hibernation: Registered nosave memory: [mem 0x64000000-0xffffffff]
May 08 19:37:25 obpc kernel: [mem 0x78800000-0xfdffffff] available for PCI devices
May 08 19:37:25 obpc kernel: Booting paravirtualized kernel on bare hardware
May 08 19:37:25 obpc kernel: clocksource: refined-jiffies: mask: 0xffffffff max_cycles: 0xffffffff, max_idle_ns: 1910969940391419 ns
May 08 19:37:25 obpc kernel: setup_percpu: NR_CPUS:8192 nr_cpumask_bits:16 nr_cpu_ids:16 nr_node_ids:1
May 08 19:37:25 obpc kernel: percpu: Embedded 84 pages/cpu s221184 r8192 d114688 u524288
May 08 19:37:25 obpc kernel: pcpu-alloc: s221184 r8192 d114688 u524288 alloc=1*2097152
May 08 19:37:25 obpc kernel: pcpu-alloc: [0] 00 01 02 03 [0] 04 05 06 07 
May 08 19:37:25 obpc kernel: pcpu-alloc: [0] 08 09 10 11 [0] 12 13 14 15 
May 08 19:37:25 obpc kernel: Kernel command line: BOOT_IMAGE=(hd0,gpt5)/vmlinuz-6.19.14-200.fc43.x86_64 root=UUID=34e34fc2-47b6-41bd-b739-8a1c79788cb2 ro rootflags=subvol=root rhgb quiet thunderbolt.host_reset=false module_blacklist=nouveau,nova_core rd.driver.blacklist=nouveau,nova_core modprobe.blacklist=nouveau,nova_core pcie_aspm.policy=performance thunderbolt.clx=0 pcie_port_pm=off pci=realloc=off,pcie_bus_perf,hpmmioprefsize=256M,resource_alignment=35@0000:03:00.0 crashkernel=256M iommu=off intel_iommu=off thunderbolt.dyndbg=+pflm
May 08 19:37:25 obpc kernel: DMAR: IOMMU disabled
May 08 19:37:25 obpc kernel: Unknown kernel command line parameters "rhgb", will be passed to user space.
May 08 19:37:25 obpc kernel: printk: log buffer data + meta data: 262144 + 917504 = 1179648 bytes
May 08 19:37:25 obpc kernel: Dentry cache hash table entries: 8388608 (order: 14, 67108864 bytes, linear)
May 08 19:37:25 obpc kernel: Inode-cache hash table entries: 4194304 (order: 13, 33554432 bytes, linear)
May 08 19:37:25 obpc kernel: Fallback order for Node 0: 0 
May 08 19:37:25 obpc kernel: Built 1 zonelists, mobility grouping on.  Total pages: 33375633
May 08 19:37:25 obpc kernel: Policy zone: Normal
May 08 19:37:25 obpc kernel: mem auto-init: stack:all(zero), heap alloc:on, heap free:off
May 08 19:37:25 obpc kernel: SLUB: HWalign=64, Order=0-3, MinObjects=0, CPUs=16, Nodes=1
May 08 19:37:25 obpc kernel: ftrace: allocating 63440 entries in 248 pages
May 08 19:37:25 obpc kernel: ftrace: allocated 248 pages with 5 groups
May 08 19:37:25 obpc kernel: Dynamic Preempt: lazy
May 08 19:37:25 obpc kernel: rcu: Preemptible hierarchical RCU implementation.
May 08 19:37:25 obpc kernel: rcu:         RCU event tracing is enabled.
May 08 19:37:25 obpc kernel: rcu:         RCU restricting CPUs from NR_CPUS=8192 to nr_cpu_ids=16.
May 08 19:37:25 obpc kernel:         Trampoline variant of Tasks RCU enabled.
May 08 19:37:25 obpc kernel:         Rude variant of Tasks RCU enabled.
May 08 19:37:25 obpc kernel:         Tracing variant of Tasks RCU enabled.
May 08 19:37:25 obpc kernel: rcu: RCU calculated value of scheduler-enlistment delay is 100 jiffies.
May 08 19:37:25 obpc kernel: rcu: Adjusting geometry for rcu_fanout_leaf=16, nr_cpu_ids=16
May 08 19:37:25 obpc kernel: RCU Tasks: Setting shift to 4 and lim to 1 rcu_task_cb_adjust=1 rcu_task_cpu_ids=16.
May 08 19:37:25 obpc kernel: RCU Tasks Rude: Setting shift to 4 and lim to 1 rcu_task_cb_adjust=1 rcu_task_cpu_ids=16.
May 08 19:37:25 obpc kernel: RCU Tasks Trace: Setting shift to 4 and lim to 1 rcu_task_cb_adjust=1 rcu_task_cpu_ids=16.
May 08 19:37:25 obpc kernel: NR_IRQS: 524544, nr_irqs: 2184, preallocated irqs: 16
May 08 19:37:25 obpc kernel: rcu: srcu_init: Setting srcu_struct sizes based on contention.
May 08 19:37:25 obpc kernel: kfence: initialized - using 2097152 bytes for 255 objects at 0x(____ptrval____)-0x(____ptrval____)
May 08 19:37:25 obpc kernel: Console: colour dummy device 80x25
May 08 19:37:25 obpc kernel: printk: legacy console [tty0] enabled
May 08 19:37:25 obpc kernel: ACPI: Core revision 20250807
May 08 19:37:25 obpc kernel: hpet: HPET dysfunctional in PC10. Force disabled.
May 08 19:37:25 obpc kernel: APIC: Switch to symmetric I/O mode setup
May 08 19:37:25 obpc kernel: DMAR: Host address width 42
May 08 19:37:25 obpc kernel: DMAR: DRHD base: 0x000000fc800000 flags: 0x0
May 08 19:37:25 obpc kernel: DMAR: dmar0: reg_base_addr fc800000 ver 7:0 cap c9de008cee690462 ecap 12ca9a00f0ef5e
May 08 19:37:25 obpc kernel: DMAR: DRHD base: 0x000000fc801000 flags: 0x1
May 08 19:37:25 obpc kernel: DMAR: dmar1: reg_base_addr fc801000 ver 7:0 cap c9de008cee690462 ecap 12ca9a00f0efde
May 08 19:37:25 obpc kernel: DMAR: SATC flags: 0x1
May 08 19:37:25 obpc kernel: DMAR-IR: IOAPIC id 2 under DRHD base  0xfc801000 IOMMU 1
May 08 19:37:25 obpc kernel: DMAR-IR: HPET id 0 under DRHD base 0xfc801000
May 08 19:37:25 obpc kernel: DMAR-IR: Queued invalidation will be enabled to support x2apic and Intr-remapping.
May 08 19:37:25 obpc kernel: DMAR-IR: Enabled IRQ remapping in x2apic mode
May 08 19:37:25 obpc kernel: clocksource: tsc-early: mask: 0xffffffffffffffff max_cycles: 0x6a464ae9873, max_idle_ns: 881590529744 ns
May 08 19:37:25 obpc kernel: Calibrating delay loop (skipped), value calculated using timer frequency.. 7372.80 BogoMIPS (lpj=3686400)
May 08 19:37:25 obpc kernel: CPU0: Thermal monitoring enabled (TM1)
May 08 19:37:25 obpc kernel: x86/cpu: User Mode Instruction Prevention (UMIP) activated
May 08 19:37:25 obpc kernel: CET detected: Indirect Branch Tracking enabled
May 08 19:37:25 obpc kernel: Last level iTLB entries: 4KB 0, 2MB 0, 4MB 0
May 08 19:37:25 obpc kernel: Last level dTLB entries: 4KB 0, 2MB 0, 4MB 0, 1GB 0
May 08 19:37:25 obpc kernel: process: using mwait in idle threads
May 08 19:37:25 obpc kernel: mitigations: Enabled attack vectors: user_kernel, user_user, guest_host, guest_guest, SMT mitigations: auto
May 08 19:37:25 obpc kernel: Speculative Store Bypass: Mitigation: Speculative Store Bypass disabled via prctl
May 08 19:37:25 obpc kernel: Spectre V2 : Mitigation: Enhanced / Automatic IBRS
May 08 19:37:25 obpc kernel: VMSCAPE: Mitigation: IBPB before exit to userspace
May 08 19:37:25 obpc kernel: Spectre V1 : Mitigation: usercopy/swapgs barriers and __user pointer sanitization
May 08 19:37:25 obpc kernel: Spectre V2 : mitigation: Enabling conditional Indirect Branch Prediction Barrier
May 08 19:37:25 obpc kernel: x86/fpu: Supporting XSAVE feature 0x001: 'x87 floating point registers'
May 08 19:37:25 obpc kernel: x86/fpu: Supporting XSAVE feature 0x002: 'SSE registers'
May 08 19:37:25 obpc kernel: x86/fpu: Supporting XSAVE feature 0x004: 'AVX registers'
May 08 19:37:25 obpc kernel: x86/fpu: Supporting XSAVE feature 0x200: 'Protection Keys User registers'
May 08 19:37:25 obpc kernel: x86/fpu: Supporting XSAVE feature 0x800: 'Control-flow User registers'
May 08 19:37:25 obpc kernel: x86/fpu: Supporting XSAVE feature 0x1000: 'Control-flow Kernel registers (KVM only)'
May 08 19:37:25 obpc kernel: x86/fpu: xstate_offset[2]:  576, xstate_sizes[2]:  256
May 08 19:37:25 obpc kernel: x86/fpu: xstate_offset[9]:  832, xstate_sizes[9]:    8
May 08 19:37:25 obpc kernel: x86/fpu: xstate_offset[11]:  840, xstate_sizes[11]:   16
May 08 19:37:25 obpc kernel: x86/fpu: xstate_offset[12]:  856, xstate_sizes[12]:   24
May 08 19:37:25 obpc kernel: x86/fpu: Enabled xstate features 0x1a07, context size is 880 bytes, using 'compacted' format.
May 08 19:37:25 obpc kernel: Freeing SMP alternatives memory: 56K
May 08 19:37:25 obpc kernel: pid_max: default: 32768 minimum: 301
May 08 19:37:25 obpc kernel: Yama: becoming mindful.
May 08 19:37:25 obpc kernel: SELinux:  Initializing.
May 08 19:37:25 obpc kernel: LSM support for eBPF active
May 08 19:37:25 obpc kernel: landlock: Up and running.
May 08 19:37:25 obpc kernel: Mount-cache hash table entries: 131072 (order: 8, 1048576 bytes, linear)
May 08 19:37:25 obpc kernel: Mountpoint-cache hash table entries: 131072 (order: 8, 1048576 bytes, linear)
May 08 19:37:25 obpc kernel: smpboot: CPU0: Intel(R) Core(TM) Ultra 9 285H (family: 0x6, model: 0xc5, stepping: 0x2)
May 08 19:37:25 obpc kernel: Performance Events: XSAVE Architectural LBR, PEBS fmt5+-baseline,  AnyThread deprecated, ArrowLake-H Hybrid events, 32-deep LBR, full-width counters, Intel PMU driver.
May 08 19:37:25 obpc kernel: core: cpu_core PMU driver: 
May 08 19:37:25 obpc kernel: ... version:                   5
May 08 19:37:25 obpc kernel: ... bit width:                 48
May 08 19:37:25 obpc kernel: ... generic counters:          10
May 08 19:37:25 obpc kernel: ... generic bitmap:            00000000000003ff
May 08 19:37:25 obpc kernel: ... fixed-purpose counters:    4
May 08 19:37:25 obpc kernel: ... fixed-purpose bitmap:      000000000000000f
May 08 19:37:25 obpc kernel: ... value mask:                0000ffffffffffff
May 08 19:37:25 obpc kernel: ... max period:                00007fffffffffff
May 08 19:37:25 obpc kernel: ... global_ctrl mask:          0001000f000003ff
May 08 19:37:25 obpc kernel: signal: max sigframe size: 3632
May 08 19:37:25 obpc kernel: Estimated ratio of average max frequency by base frequency (times 1024): 1411
May 08 19:37:25 obpc kernel: rcu: Hierarchical SRCU implementation.
May 08 19:37:25 obpc kernel: rcu:         Max phase no-delay instances is 400.
May 08 19:37:25 obpc kernel: Timer migration: 2 hierarchy levels; 8 children per group; 2 crossnode level
May 08 19:37:25 obpc kernel: NMI watchdog: Enabled. Permanently consumes one hw-PMU counter.
May 08 19:37:25 obpc kernel: smp: Bringing up secondary CPUs ...
May 08 19:37:25 obpc kernel: smpboot: x86: Booting SMP configuration:
May 08 19:37:25 obpc kernel: .... node  #0, CPUs:        #1  #2  #3  #4  #5  #6  #7  #8  #9 #10 #11 #12 #13 #14 #15
May 08 19:37:25 obpc kernel: core: The event 0x5d0 is not supported as an auto-counter reload event.
May 08 19:37:25 obpc kernel: core: cpu_atom PMU driver: 
May 08 19:37:25 obpc kernel: ... version:                   5
May 08 19:37:25 obpc kernel: ... bit width:                 48
May 08 19:37:25 obpc kernel: ... generic counters:          8
May 08 19:37:25 obpc kernel: ... generic bitmap:            00000000000000ff
May 08 19:37:25 obpc kernel: ... fixed-purpose counters:    6
May 08 19:37:25 obpc kernel: ... fixed-purpose bitmap:      0000000000000077
May 08 19:37:25 obpc kernel: ... value mask:                0000ffffffffffff
May 08 19:37:25 obpc kernel: ... max period:                00007fffffffffff
May 08 19:37:25 obpc kernel: ... global_ctrl mask:          00000077000000ff
May 08 19:37:25 obpc kernel: core: cpu_lowpower PMU driver: 
May 08 19:37:25 obpc kernel: ... version:                   5
May 08 19:37:25 obpc kernel: ... bit width:                 48
May 08 19:37:25 obpc kernel: ... generic counters:          8
May 08 19:37:25 obpc kernel: ... generic bitmap:            00000000000000ff
May 08 19:37:25 obpc kernel: ... fixed-purpose counters:    3
May 08 19:37:25 obpc kernel: ... fixed-purpose bitmap:      0000000000000007
May 08 19:37:25 obpc kernel: ... value mask:                0000ffffffffffff
May 08 19:37:25 obpc kernel: ... max period:                00007fffffffffff
May 08 19:37:25 obpc kernel: ... global_ctrl mask:          00000007000000ff
May 08 19:37:25 obpc kernel: smp: Brought up 1 node, 16 CPUs
May 08 19:37:25 obpc kernel: smpboot: Total of 16 processors activated (117964.80 BogoMIPS)
May 08 19:37:25 obpc kernel: Memory: 130695304K/133502532K available (22601K kernel code, 4588K rwdata, 17852K rodata, 5200K init, 5788K bss, 2777548K reserved, 0K cma-reserved)
May 08 19:37:25 obpc kernel: devtmpfs: initialized
May 08 19:37:25 obpc kernel: x86/mm: Memory block size: 2048MB
May 08 19:37:25 obpc kernel: ACPI: PM: Registering ACPI NVS region [mem 0x5e7b8000-0x5e93efff] (1601536 bytes)
May 08 19:37:25 obpc kernel: clocksource: jiffies: mask: 0xffffffff max_cycles: 0xffffffff, max_idle_ns: 1911260446275000 ns
May 08 19:37:25 obpc kernel: posixtimers hash table entries: 8192 (order: 5, 131072 bytes, linear)
May 08 19:37:25 obpc kernel: futex hash table entries: 4096 (262144 bytes on 1 NUMA nodes, total 256 KiB, linear).
May 08 19:37:25 obpc kernel: PM: RTC time: 09:37:25, date: 2026-05-08
May 08 19:37:25 obpc kernel: NET: Registered PF_NETLINK/PF_ROUTE protocol family
May 08 19:37:25 obpc kernel: DMA: preallocated 4096 KiB GFP_KERNEL pool for atomic allocations
May 08 19:37:25 obpc kernel: DMA: preallocated 4096 KiB GFP_KERNEL|GFP_DMA pool for atomic allocations
May 08 19:37:25 obpc kernel: DMA: preallocated 4096 KiB GFP_KERNEL|GFP_DMA32 pool for atomic allocations
May 08 19:37:25 obpc kernel: audit: initializing netlink subsys (disabled)
May 08 19:37:25 obpc kernel: audit: type=2000 audit(1778233045.012:1): state=initialized audit_enabled=0 res=1
May 08 19:37:25 obpc kernel: thermal_sys: Registered thermal governor 'fair_share'
May 08 19:37:25 obpc kernel: thermal_sys: Registered thermal governor 'bang_bang'
May 08 19:37:25 obpc kernel: thermal_sys: Registered thermal governor 'step_wise'
May 08 19:37:25 obpc kernel: thermal_sys: Registered thermal governor 'user_space'
May 08 19:37:25 obpc kernel: cpuidle: using governor menu
May 08 19:37:25 obpc kernel: efi: Freeing EFI boot services memory: 202076K
May 08 19:37:25 obpc kernel: acpiphp: ACPI Hot Plug PCI Controller Driver version: 0.5
May 08 19:37:25 obpc kernel: PCI: ECAM [mem 0xc0000000-0xcfffffff] (base 0xc0000000) for domain 0000 [bus 00-ff]
May 08 19:37:25 obpc kernel: PCI: Using configuration type 1 for base access
May 08 19:37:25 obpc kernel: kprobes: kprobe jump-optimization is enabled. All kprobes are optimized if possible.
May 08 19:37:25 obpc kernel: HugeTLB: registered 1.00 GiB page size, pre-allocated 0 pages
May 08 19:37:25 obpc kernel: HugeTLB: 16380 KiB vmemmap can be freed for a 1.00 GiB page
May 08 19:37:25 obpc kernel: HugeTLB: registered 2.00 MiB page size, pre-allocated 0 pages
May 08 19:37:25 obpc kernel: HugeTLB: 28 KiB vmemmap can be freed for a 2.00 MiB page
May 08 19:37:25 obpc kernel: raid6: skipped pq benchmark and selected avx2x4
May 08 19:37:25 obpc kernel: raid6: using avx2x2 recovery algorithm
May 08 19:37:25 obpc kernel: ACPI: Added _OSI(Module Device)
May 08 19:37:25 obpc kernel: ACPI: Added _OSI(Processor Device)
May 08 19:37:25 obpc kernel: ACPI: Added _OSI(Processor Aggregator Device)
May 08 19:37:25 obpc kernel: ACPI: 25 ACPI AML tables successfully acquired and loaded
May 08 19:37:25 obpc kernel: ACPI: USB4 _OSC: OS supports USB3+ DisplayPort+ PCIe+ XDomain+
May 08 19:37:25 obpc kernel: ACPI: USB4 _OSC: OS controls USB3+ DisplayPort+ PCIe+ XDomain+
May 08 19:37:25 obpc kernel: ACPI: EC: EC started
May 08 19:37:25 obpc kernel: ACPI: EC: interrupt blocked
May 08 19:37:25 obpc kernel: ACPI: EC: EC_CMD/EC_SC=0x66, EC_DATA=0x62
May 08 19:37:25 obpc kernel: ACPI: \_SB_.PC00.LPCB.H_EC: Boot DSDT EC used to handle transactions
May 08 19:37:25 obpc kernel: ACPI: Interpreter enabled
May 08 19:37:25 obpc kernel: ACPI: PM: (supports S0 S3 S4 S5)
May 08 19:37:25 obpc kernel: ACPI: Using IOAPIC for interrupt routing
May 08 19:37:25 obpc kernel: PCI: Using host bridge windows from ACPI; if necessary, use "pci=nocrs" and report a bug
May 08 19:37:25 obpc kernel: PCI: Ignoring E820 reservations for host bridge windows
May 08 19:37:25 obpc kernel: ACPI: Enabled 13 GPEs in block 00 to 7F
May 08 19:37:25 obpc kernel: ACPI: Enabled 8 GPEs in block 80 to DF
May 08 19:37:25 obpc kernel: ACPI: \_SB_.PC00.RP04.PXP_: New power resource
May 08 19:37:25 obpc kernel: ACPI: \_SB_.PC00.RP05.PXP_: New power resource
May 08 19:37:25 obpc kernel: ACPI: \_SB_.PC00.RP11.PXP_: New power resource
May 08 19:37:25 obpc kernel: ACPI: \_SB_.PC00.RP12.PXP_: New power resource
May 08 19:37:25 obpc kernel: ACPI: \_SB_.PC00.XHCI.RHUB.HS10.BTRT: New power resource
May 08 19:37:25 obpc kernel: ACPI: \_SB_.PC00.XHCI.RHUB.HS10.DBTR: New power resource
May 08 19:37:25 obpc kernel: ACPI: \_SB_.PC00.PAUD: New power resource
May 08 19:37:25 obpc kernel: ACPI: \_SB_.PC00.CNVW.WRST: New power resource
May 08 19:37:25 obpc kernel: ACPI: \_SB_.PC00.TBT0: New power resource
May 08 19:37:25 obpc kernel: ACPI: \_SB_.PC00.TBT1: New power resource
May 08 19:37:25 obpc kernel: ACPI: \_SB_.PC00.D3C_: New power resource
May 08 19:37:25 obpc kernel: ACPI: \_TZ_.FN00: New power resource
May 08 19:37:25 obpc kernel: ACPI: \_TZ_.FN01: New power resource
May 08 19:37:25 obpc kernel: ACPI: \_TZ_.FN02: New power resource
May 08 19:37:25 obpc kernel: ACPI: \_TZ_.FN03: New power resource
May 08 19:37:25 obpc kernel: ACPI: \_TZ_.FN04: New power resource
May 08 19:37:25 obpc kernel: ACPI: \PIN_: New power resource
May 08 19:37:25 obpc kernel: ACPI: PCI Root Bridge [PC00] (domain 0000 [bus 00-fe])
May 08 19:37:25 obpc kernel: acpi PNP0A08:00: _OSC: OS supports [ExtendedConfig ASPM ClockPM Segments MSI EDR HPX-Type3]
May 08 19:37:25 obpc kernel: acpi PNP0A08:00: _OSC: OS now controls [PCIeHotplug SHPCHotplug PME AER PCIeCapability LTR DPC]
May 08 19:37:25 obpc kernel: PCI host bridge to bus 0000:00
May 08 19:37:25 obpc kernel: pci_bus 0000:00: root bus resource [io  0x0000-0x0cf7 window]
May 08 19:37:25 obpc kernel: pci_bus 0000:00: root bus resource [io  0x0d00-0xffff window]
May 08 19:37:25 obpc kernel: pci_bus 0000:00: root bus resource [mem 0x000a0000-0x000bffff window]
May 08 19:37:25 obpc kernel: pci_bus 0000:00: root bus resource [mem 0x80000000-0xbfffffff window]
May 08 19:37:25 obpc kernel: pci_bus 0000:00: root bus resource [mem 0x4000000000-0x3ffbfffffff window]
May 08 19:37:25 obpc kernel: pci_bus 0000:00: root bus resource [bus 00-fe]
May 08 19:37:25 obpc kernel: pci 0000:00:00.0: [8086:7d06] type 00 class 0x060000 conventional PCI endpoint
May 08 19:37:25 obpc kernel: pci 0000:00:01.0: [8086:7ecc] type 01 class 0x060400 PCIe Root Port
May 08 19:37:25 obpc kernel: pci 0000:00:01.0: PCI bridge to [bus 01]
May 08 19:37:25 obpc kernel: pci 0000:00:01.0:   bridge window [mem 0x90300000-0x903fffff]
May 08 19:37:25 obpc kernel: pci 0000:00:01.0: PME# supported from D0 D3hot D3cold
May 08 19:37:25 obpc kernel: pci 0000:00:01.0: PTM enabled (root), 4ns granularity
May 08 19:37:25 obpc kernel: pci 0000:00:02.0: [8086:7d51] type 00 class 0x030000 PCIe Root Complex Integrated Endpoint
May 08 19:37:25 obpc kernel: pci 0000:00:02.0: BAR 0 [mem 0x5837000000-0x5837ffffff 64bit pref]
May 08 19:37:25 obpc kernel: pci 0000:00:02.0: BAR 2 [mem 0x5020000000-0x502fffffff 64bit pref]
May 08 19:37:25 obpc kernel: pci 0000:00:02.0: DMAR: Skip IOMMU disabling for graphics
May 08 19:37:25 obpc kernel: pci 0000:00:02.0: Video device with shadowed ROM at [mem 0x000c0000-0x000dffff]
May 08 19:37:25 obpc kernel: pci 0000:00:02.0: PME# supported from D0 D3hot
May 08 19:37:25 obpc kernel: pci 0000:00:02.0: VF BAR 0 [mem 0x5830000000-0x5830ffffff 64bit pref]
May 08 19:37:25 obpc kernel: pci 0000:00:02.0: VF BAR 0 [mem 0x5830000000-0x5836ffffff 64bit pref]: contains BAR 0 for 7 VFs
May 08 19:37:25 obpc kernel: pci 0000:00:04.0: [8086:7d03] type 00 class 0x118000 conventional PCI endpoint
May 08 19:37:25 obpc kernel: pci 0000:00:04.0: BAR 0 [mem 0x58402c0000-0x58402dffff 64bit]
May 08 19:37:25 obpc kernel: pci 0000:00:07.0: [8086:7ec4] type 01 class 0x060400 PCIe Root Port
May 08 19:37:25 obpc kernel: pci 0000:00:07.0: PCI bridge to [bus 02-2b]
May 08 19:37:25 obpc kernel: pci 0000:00:07.0:   bridge window [io  0x3000-0x3fff]
May 08 19:37:25 obpc kernel: pci 0000:00:07.0:   bridge window [mem 0x80000000-0x89efffff]
May 08 19:37:25 obpc kernel: pci 0000:00:07.0:   bridge window [mem 0x4000000000-0x5013ffffff 64bit pref]
May 08 19:37:25 obpc kernel: pci 0000:00:07.0: PME# supported from D0 D3hot D3cold
May 08 19:37:25 obpc kernel: pci 0000:00:07.0: PTM enabled (root), 4ns granularity
May 08 19:37:25 obpc kernel: pci 0000:00:07.2: [8086:7ec6] type 01 class 0x060400 PCIe Root Port
May 08 19:37:25 obpc kernel: pci 0000:00:07.2: PCI bridge to [bus 2c-55]
May 08 19:37:25 obpc kernel: pci 0000:00:07.2:   bridge window [mem 0x8a000000-0x8fffffff]
May 08 19:37:25 obpc kernel: pci 0000:00:07.2:   bridge window [mem 0x5030000000-0x582fffffff 64bit pref]
May 08 19:37:25 obpc kernel: pci 0000:00:07.2: PME# supported from D0 D3hot D3cold
May 08 19:37:25 obpc kernel: pci 0000:00:07.2: PTM enabled (root), 4ns granularity
May 08 19:37:25 obpc kernel: pci 0000:00:08.0: [8086:774c] type 00 class 0x088000 conventional PCI endpoint
May 08 19:37:25 obpc kernel: pci 0000:00:08.0: BAR 0 [mem 0x5840322000-0x5840322fff 64bit]
May 08 19:37:25 obpc kernel: pci 0000:00:0a.0: [8086:7d0d] type 00 class 0x118000 PCIe Root Complex Integrated Endpoint
May 08 19:37:25 obpc kernel: pci 0000:00:0a.0: BAR 0 [mem 0x5840280000-0x58402bffff 64bit]
May 08 19:37:25 obpc kernel: pci 0000:00:0a.0: enabling Extended Tags
May 08 19:37:25 obpc kernel: pci 0000:00:0b.0: [8086:7d1d] type 00 class 0x120000 PCIe Root Complex Integrated Endpoint
May 08 19:37:25 obpc kernel: pci 0000:00:0b.0: BAR 0 [mem 0x5838000000-0x583fffffff 64bit]
May 08 19:37:25 obpc kernel: pci 0000:00:0b.0: BAR 4 [mem 0x5840321000-0x5840321fff 64bit]
May 08 19:37:25 obpc kernel: pci 0000:00:0d.0: [8086:7ec0] type 00 class 0x0c0330 conventional PCI endpoint
May 08 19:37:25 obpc kernel: pci 0000:00:0d.0: BAR 0 [mem 0x5840300000-0x584030ffff 64bit]
May 08 19:37:25 obpc kernel: pci 0000:00:0d.0: PME# supported from D3hot D3cold
May 08 19:37:25 obpc kernel: pci 0000:00:0d.2: [8086:7ec2] type 00 class 0x0c0340 conventional PCI endpoint
May 08 19:37:25 obpc kernel: pci 0000:00:0d.2: BAR 0 [mem 0x5840240000-0x584027ffff 64bit]
May 08 19:37:25 obpc kernel: pci 0000:00:0d.2: BAR 2 [mem 0x5840320000-0x5840320fff 64bit]
May 08 19:37:25 obpc kernel: pci 0000:00:0d.2: supports D1 D2
May 08 19:37:25 obpc kernel: pci 0000:00:0d.2: PME# supported from D0 D1 D2 D3hot D3cold
May 08 19:37:25 obpc kernel: pci 0000:00:0d.3: [8086:7ec3] type 00 class 0x0c0340 conventional PCI endpoint
May 08 19:37:25 obpc kernel: pci 0000:00:0d.3: BAR 0 [mem 0x5840200000-0x584023ffff 64bit]
May 08 19:37:25 obpc kernel: pci 0000:00:0d.3: BAR 2 [mem 0x584031f000-0x584031ffff 64bit]
May 08 19:37:25 obpc kernel: pci 0000:00:0d.3: supports D1 D2
May 08 19:37:25 obpc kernel: pci 0000:00:0d.3: PME# supported from D0 D1 D2 D3hot D3cold
May 08 19:37:25 obpc kernel: pci 0000:00:12.0: [8086:7745] type 00 class 0x070000 conventional PCI endpoint
May 08 19:37:25 obpc kernel: pci 0000:00:12.0: BAR 0 [mem 0x58402f0000-0x58402fffff 64bit]
May 08 19:37:25 obpc kernel: pci 0000:00:12.0: PME# supported from D0 D3hot
May 08 19:37:25 obpc kernel: pci 0000:00:14.0: [8086:777d] type 00 class 0x0c0330 conventional PCI endpoint
May 08 19:37:25 obpc kernel: pci 0000:00:14.0: BAR 0 [mem 0x58402e0000-0x58402effff 64bit]
May 08 19:37:25 obpc kernel: pci 0000:00:14.0: PME# supported from D3hot D3cold
May 08 19:37:25 obpc kernel: pci 0000:00:14.2: [8086:777f] type 00 class 0x050000 conventional PCI endpoint
May 08 19:37:25 obpc kernel: pci 0000:00:14.2: BAR 0 [mem 0x5840318000-0x584031bfff 64bit]
May 08 19:37:25 obpc kernel: pci 0000:00:14.2: BAR 2 [mem 0x584031e000-0x584031efff 64bit]
May 08 19:37:25 obpc kernel: pci 0000:00:14.3: [8086:7740] type 00 class 0x028000 PCIe Root Complex Integrated Endpoint
May 08 19:37:25 obpc kernel: pci 0000:00:14.3: BAR 0 [mem 0x5840314000-0x5840317fff 64bit]
May 08 19:37:25 obpc kernel: pci 0000:00:14.3: enabling Extended Tags
May 08 19:37:25 obpc kernel: pci 0000:00:14.3: PME# supported from D0 D3hot D3cold
May 08 19:37:25 obpc kernel: pci 0000:00:16.0: [8086:7770] type 00 class 0x078000 conventional PCI endpoint
May 08 19:37:25 obpc kernel: pci 0000:00:16.0: BAR 0 [mem 0x584031d000-0x584031dfff 64bit]
May 08 19:37:25 obpc kernel: pci 0000:00:16.0: PME# supported from D3hot
May 08 19:37:25 obpc kernel: pci 0000:00:1c.0: [8086:773c] type 01 class 0x060400 PCIe Root Port
May 08 19:37:25 obpc kernel: pci 0000:00:1c.0: PCI bridge to [bus 56]
May 08 19:37:25 obpc kernel: pci 0000:00:1c.0:   bridge window [mem 0x90000000-0x902fffff]
May 08 19:37:25 obpc kernel: pci 0000:00:1c.0: PME# supported from D0 D3hot D3cold
May 08 19:37:25 obpc kernel: pci 0000:00:1c.0: PTM enabled (root), 4ns granularity
May 08 19:37:25 obpc kernel: pci 0000:00:1f.0: [8086:7702] type 00 class 0x060100 conventional PCI endpoint
May 08 19:37:25 obpc kernel: pci 0000:00:1f.3: [8086:7728] type 00 class 0x040100 conventional PCI endpoint
May 08 19:37:25 obpc kernel: pci 0000:00:1f.3: BAR 0 [mem 0x5840310000-0x5840313fff 64bit]
May 08 19:37:25 obpc kernel: pci 0000:00:1f.3: BAR 4 [mem 0x5840000000-0x58401fffff 64bit]
May 08 19:37:25 obpc kernel: pci 0000:00:1f.3: PME# supported from D3hot D3cold
May 08 19:37:25 obpc kernel: pci 0000:00:1f.4: [8086:7722] type 00 class 0x0c0500 conventional PCI endpoint
May 08 19:37:25 obpc kernel: pci 0000:00:1f.4: BAR 0 [mem 0x584031c000-0x584031c0ff 64bit]
May 08 19:37:25 obpc kernel: pci 0000:00:1f.4: BAR 4 [io  0xefa0-0xefbf]
May 08 19:37:25 obpc kernel: pci 0000:00:1f.5: [8086:7723] type 00 class 0x0c8000 conventional PCI endpoint
May 08 19:37:25 obpc kernel: pci 0000:00:1f.5: BAR 0 [mem 0xfe010000-0xfe010fff]
May 08 19:37:25 obpc kernel: pci 0000:01:00.0: [144d:a80c] type 00 class 0x010802 PCIe Endpoint
May 08 19:37:25 obpc kernel: pci 0000:01:00.0: BAR 0 [mem 0x90300000-0x90303fff 64bit]
May 08 19:37:25 obpc kernel: pci 0000:00:01.0: PCI bridge to [bus 01]
May 08 19:37:25 obpc kernel: pci 0000:02:00.0: [8086:5786] type 01 class 0x060400 PCIe Switch Upstream Port
May 08 19:37:25 obpc kernel: pci 0000:02:00.0: PCI bridge to [bus 03-2b]
May 08 19:37:25 obpc kernel: pci 0000:02:00.0:   bridge window [io  0x3000-0x3fff]
May 08 19:37:25 obpc kernel: pci 0000:02:00.0:   bridge window [mem 0x80000000-0x89efffff]
May 08 19:37:25 obpc kernel: pci 0000:02:00.0:   bridge window [mem 0x4000000000-0x5013ffffff 64bit pref]
May 08 19:37:25 obpc kernel: pci 0000:02:00.0: enabling Extended Tags
May 08 19:37:25 obpc kernel: pci 0000:02:00.0: supports D1 D2
May 08 19:37:25 obpc kernel: pci 0000:02:00.0: PME# supported from D0 D1 D2 D3hot D3cold
May 08 19:37:25 obpc kernel: pci 0000:02:00.0: PTM enabled, 4ns granularity
May 08 19:37:25 obpc kernel: pci 0000:00:07.0: PCI bridge to [bus 02-2b]
May 08 19:37:25 obpc kernel: pci 0000:03:00.0: [8086:5786] type 01 class 0x060400 PCIe Switch Downstream Port
May 08 19:37:25 obpc kernel: pci 0000:03:00.0: PCI bridge to [bus 04]
May 08 19:37:25 obpc kernel: pci 0000:03:00.0:   bridge window [io  0x3000-0x3fff]
May 08 19:37:25 obpc kernel: pci 0000:03:00.0:   bridge window [mem 0x80000000-0x840fffff]
May 08 19:37:25 obpc kernel: pci 0000:03:00.0:   bridge window [mem 0x4000000000-0x48140fffff 64bit pref]
May 08 19:37:25 obpc kernel: pci 0000:03:00.0: enabling Extended Tags
May 08 19:37:25 obpc kernel: pci 0000:03:00.0: supports D1 D2
May 08 19:37:25 obpc kernel: pci 0000:03:00.0: PME# supported from D0 D1 D2 D3hot D3cold
May 08 19:37:25 obpc kernel: pci 0000:03:01.0: [8086:5786] type 01 class 0x060400 PCIe Switch Downstream Port
May 08 19:37:25 obpc kernel: pci 0000:03:01.0: PCI bridge to [bus 05-11]
May 08 19:37:25 obpc kernel: pci 0000:03:01.0:   bridge window [mem 0x88000000-0x89efffff]
May 08 19:37:25 obpc kernel: pci 0000:03:01.0:   bridge window [mem 0x4d69600000-0x5013ffffff 64bit pref]
May 08 19:37:25 obpc kernel: pci 0000:03:01.0: enabling Extended Tags
May 08 19:37:25 obpc kernel: pci 0000:03:01.0: supports D1 D2
May 08 19:37:25 obpc kernel: pci 0000:03:01.0: PME# supported from D0 D1 D2 D3hot D3cold
May 08 19:37:25 obpc kernel: pci 0000:03:02.0: [8086:5786] type 01 class 0x060400 PCIe Switch Downstream Port
May 08 19:37:25 obpc kernel: pci 0000:03:02.0: PCI bridge to [bus 12-1e]
May 08 19:37:25 obpc kernel: pci 0000:03:02.0:   bridge window [mem 0x86100000-0x87ffffff]
May 08 19:37:25 obpc kernel: pci 0000:03:02.0:   bridge window [mem 0x4abec00000-0x4d695fffff 64bit pref]
May 08 19:37:25 obpc kernel: pci 0000:03:02.0: enabling Extended Tags
May 08 19:37:25 obpc kernel: pci 0000:03:02.0: supports D1 D2
May 08 19:37:25 obpc kernel: pci 0000:03:02.0: PME# supported from D0 D1 D2 D3hot D3cold
May 08 19:37:25 obpc kernel: pci 0000:03:03.0: [8086:5786] type 01 class 0x060400 PCIe Switch Downstream Port
May 08 19:37:25 obpc kernel: pci 0000:03:03.0: PCI bridge to [bus 1f-2b]
May 08 19:37:25 obpc kernel: pci 0000:03:03.0:   bridge window [mem 0x84200000-0x860fffff]
May 08 19:37:25 obpc kernel: pci 0000:03:03.0:   bridge window [mem 0x4814200000-0x4abebfffff 64bit pref]
May 08 19:37:25 obpc kernel: pci 0000:03:03.0: enabling Extended Tags
May 08 19:37:25 obpc kernel: pci 0000:03:03.0: supports D1 D2
May 08 19:37:25 obpc kernel: pci 0000:03:03.0: PME# supported from D0 D1 D2 D3hot D3cold
May 08 19:37:25 obpc kernel: pci 0000:02:00.0: PCI bridge to [bus 03-2b]
May 08 19:37:25 obpc kernel: pci 0000:04:00.0: [10de:2b85] type 00 class 0x030000 PCIe Legacy Endpoint
May 08 19:37:25 obpc kernel: pci 0000:04:00.0: BAR 0 [mem 0x80000000-0x83ffffff]
May 08 19:37:25 obpc kernel: pci 0000:04:00.0: BAR 1 [mem 0x4000000000-0x47ffffffff 64bit pref]
May 08 19:37:25 obpc kernel: pci 0000:04:00.0: BAR 3 [mem 0x4812000000-0x4813ffffff 64bit pref]
May 08 19:37:25 obpc kernel: pci 0000:04:00.0: BAR 5 [io  0x3000-0x307f]
May 08 19:37:25 obpc kernel: pci 0000:04:00.0: ROM [mem 0x84000000-0x8407ffff pref]
May 08 19:37:25 obpc kernel: pci 0000:04:00.0: Enabling HDA controller
May 08 19:37:25 obpc kernel: pci 0000:04:00.0: PME# supported from D0 D3hot
May 08 19:37:25 obpc kernel: pci 0000:04:00.0: VF BAR 0 [mem 0x4814000000-0x481403ffff 64bit pref]
May 08 19:37:25 obpc kernel: pci 0000:04:00.0: VF BAR 0 [mem 0x4814000000-0x481403ffff 64bit pref]: contains BAR 0 for 1 VFs
May 08 19:37:25 obpc kernel: pci 0000:04:00.0: VF BAR 2 [mem 0x4800000000-0x480fffffff 64bit pref]
May 08 19:37:25 obpc kernel: pci 0000:04:00.0: VF BAR 2 [mem 0x4800000000-0x480fffffff 64bit pref]: contains BAR 2 for 1 VFs
May 08 19:37:25 obpc kernel: pci 0000:04:00.0: VF BAR 4 [mem 0x4810000000-0x4811ffffff 64bit pref]
May 08 19:37:25 obpc kernel: pci 0000:04:00.0: VF BAR 4 [mem 0x4810000000-0x4811ffffff 64bit pref]: contains BAR 4 for 1 VFs
May 08 19:37:25 obpc kernel: pci 0000:04:00.0: 8.000 Gb/s available PCIe bandwidth, limited by 2.5 GT/s PCIe x4 link at 0000:00:07.0 (capable of 504.112 Gb/s with 32.0 GT/s PCIe x16 link)
May 08 19:37:25 obpc kernel: pci 0000:04:00.1: [10de:22e8] type 00 class 0x040300 PCIe Endpoint
May 08 19:37:25 obpc kernel: pci 0000:04:00.1: BAR 0 [mem 0x84080000-0x84083fff]
May 08 19:37:25 obpc kernel: pci 0000:03:00.0: PCI bridge to [bus 04]
May 08 19:37:25 obpc kernel: pci 0000:03:01.0: PCI bridge to [bus 05-11]
May 08 19:37:25 obpc kernel: pci 0000:03:02.0: PCI bridge to [bus 12-1e]
May 08 19:37:25 obpc kernel: pci 0000:03:03.0: PCI bridge to [bus 1f-2b]
May 08 19:37:25 obpc kernel: pci 0000:00:07.2: PCI bridge to [bus 2c-55]
May 08 19:37:25 obpc kernel: pci 0000:56:00.0: [8086:125c] type 00 class 0x020000 PCIe Endpoint
May 08 19:37:25 obpc kernel: pci 0000:56:00.0: BAR 0 [mem 0x90100000-0x901fffff]
May 08 19:37:25 obpc kernel: pci 0000:56:00.0: BAR 3 [mem 0x90200000-0x90203fff]
May 08 19:37:25 obpc kernel: pci 0000:56:00.0: ROM [mem 0x90000000-0x900fffff pref]
May 08 19:37:25 obpc kernel: pci 0000:56:00.0: PME# supported from D0 D3hot D3cold
May 08 19:37:25 obpc kernel: pci 0000:00:1c.0: PCI bridge to [bus 56]
May 08 19:37:25 obpc kernel: pci 0000:00:01.0: Max Payload Size set to  256/ 256 (was  256), Max Read Rq  128
May 08 19:37:25 obpc kernel: pci 0000:01:00.0: Max Payload Size set to  256/ 512 (was  256), Max Read Rq  256
May 08 19:37:25 obpc kernel: pci 0000:00:07.0: Max Payload Size set to  128/ 128 (was  128), Max Read Rq  128
May 08 19:37:25 obpc kernel: pci 0000:02:00.0: Max Payload Size set to  128/ 256 (was  128), Max Read Rq  128
May 08 19:37:25 obpc kernel: pci 0000:03:00.0: Max Payload Size set to  128/ 256 (was  128), Max Read Rq  128
May 08 19:37:25 obpc kernel: pci 0000:04:00.0: Max Payload Size set to  128/ 256 (was  128), Max Read Rq  128
May 08 19:37:25 obpc kernel: pci 0000:04:00.1: Max Payload Size set to  128/ 256 (was  128), Max Read Rq  128
May 08 19:37:25 obpc kernel: pci 0000:03:01.0: Max Payload Size set to  128/ 256 (was  128), Max Read Rq  128
May 08 19:37:25 obpc kernel: pci 0000:03:02.0: Max Payload Size set to  128/ 256 (was  128), Max Read Rq  128
May 08 19:37:25 obpc kernel: pci 0000:03:03.0: Max Payload Size set to  128/ 256 (was  128), Max Read Rq  128
May 08 19:37:25 obpc kernel: pci 0000:00:07.2: Max Payload Size set to  128/ 128 (was  128), Max Read Rq  128
May 08 19:37:25 obpc kernel: pci 0000:00:1c.0: Max Payload Size set to  256/ 256 (was  256), Max Read Rq  128
May 08 19:37:25 obpc kernel: pci 0000:56:00.0: Max Payload Size set to  256/ 512 (was  256), Max Read Rq  256
May 08 19:37:25 obpc kernel: ACPI: PCI: Interrupt link LNKA configured for IRQ 0
May 08 19:37:25 obpc kernel: ACPI: PCI: Interrupt link LNKB configured for IRQ 1
May 08 19:37:25 obpc kernel: ACPI: PCI: Interrupt link LNKC configured for IRQ 0
May 08 19:37:25 obpc kernel: ACPI: PCI: Interrupt link LNKD configured for IRQ 0
May 08 19:37:25 obpc kernel: ACPI: PCI: Interrupt link LNKE configured for IRQ 0
May 08 19:37:25 obpc kernel: ACPI: PCI: Interrupt link LNKF configured for IRQ 0
May 08 19:37:25 obpc kernel: ACPI: PCI: Interrupt link LNKG configured for IRQ 0
May 08 19:37:25 obpc kernel: ACPI: PCI: Interrupt link LNKH configured for IRQ 0
May 08 19:37:25 obpc kernel: ACPI: \_SB_.PEPD: Duplicate LPS0 _DSM functions (mask: 0x1)
May 08 19:37:25 obpc kernel: Low-power S0 idle used by default for system suspend
May 08 19:37:25 obpc kernel: ACPI: EC: interrupt unblocked
May 08 19:37:25 obpc kernel: ACPI: EC: event unblocked
May 08 19:37:25 obpc kernel: ACPI: EC: EC_CMD/EC_SC=0x66, EC_DATA=0x62
May 08 19:37:25 obpc kernel: ACPI: EC: GPE=0x6e
May 08 19:37:25 obpc kernel: ACPI: \_SB_.PC00.LPCB.H_EC: Boot DSDT EC initialization complete
May 08 19:37:25 obpc kernel: ACPI: \_SB_.PC00.LPCB.H_EC: EC: Used to handle transactions and events
May 08 19:37:25 obpc kernel: iommu: Default domain type: Translated
May 08 19:37:25 obpc kernel: iommu: DMA domain TLB invalidation policy: lazy mode
May 08 19:37:25 obpc kernel: SCSI subsystem initialized
May 08 19:37:25 obpc kernel: libata version 3.00 loaded.
May 08 19:37:25 obpc kernel: ACPI: bus type USB registered
May 08 19:37:25 obpc kernel: usbcore: registered new interface driver usbfs
May 08 19:37:25 obpc kernel: usbcore: registered new interface driver hub
May 08 19:37:25 obpc kernel: usbcore: registered new device driver usb
May 08 19:37:25 obpc kernel: pps_core: LinuxPPS API ver. 1 registered
May 08 19:37:25 obpc kernel: pps_core: Software ver. 5.3.6 - Copyright 2005-2007 Rodolfo Giometti <giometti@linux.it>
May 08 19:37:25 obpc kernel: PTP clock support registered
May 08 19:37:25 obpc kernel: EDAC MC: Ver: 3.0.0
May 08 19:37:25 obpc kernel: efivars: Registered efivars operations
May 08 19:37:25 obpc kernel: NetLabel: Initializing
May 08 19:37:25 obpc kernel: NetLabel:  domain hash size = 128
May 08 19:37:25 obpc kernel: NetLabel:  protocols = UNLABELED CIPSOv4 CALIPSO
May 08 19:37:25 obpc kernel: NetLabel:  unlabeled traffic allowed by default
May 08 19:37:25 obpc kernel: mctp: management component transport protocol core
May 08 19:37:25 obpc kernel: NET: Registered PF_MCTP protocol family
May 08 19:37:25 obpc kernel: PCI: Using ACPI for IRQ routing
May 08 19:37:25 obpc kernel: PCI: pci_cache_line_size set to 64 bytes
May 08 19:37:25 obpc kernel: pci 0000:00:1f.5: BAR 0 [mem 0xfe010000-0xfe010fff]: can't claim; no compatible bridge window
May 08 19:37:25 obpc kernel: pci 0000:04:00.0: BAR 0 [mem 0x80000000-0x83ffffff]: can't claim; no compatible bridge window
May 08 19:37:25 obpc kernel: pci 0000:04:00.0: BAR 1 [mem 0x4000000000-0x47ffffffff 64bit pref]: can't claim; no compatible bridge window
May 08 19:37:25 obpc kernel: pci 0000:04:00.0: BAR 3 [mem 0x4812000000-0x4813ffffff 64bit pref]: can't claim; no compatible bridge window
May 08 19:37:25 obpc kernel: pci 0000:04:00.0: VF BAR 0 [mem 0x4814000000-0x481403ffff 64bit pref]: can't claim; no compatible bridge window
May 08 19:37:25 obpc kernel: pci 0000:04:00.0: VF BAR 2 [mem 0x4800000000-0x480fffffff 64bit pref]: can't claim; no compatible bridge window
May 08 19:37:25 obpc kernel: pci 0000:04:00.0: VF BAR 4 [mem 0x4810000000-0x4811ffffff 64bit pref]: can't claim; no compatible bridge window
May 08 19:37:25 obpc kernel: pci 0000:04:00.1: BAR 0 [mem 0x84080000-0x84083fff]: can't claim; no compatible bridge window
May 08 19:37:25 obpc kernel: e820: reserve RAM buffer [mem 0x0009f000-0x0009ffff]
May 08 19:37:25 obpc kernel: e820: reserve RAM buffer [mem 0x483a2000-0x4bffffff]
May 08 19:37:25 obpc kernel: e820: reserve RAM buffer [mem 0x50df1000-0x53ffffff]
May 08 19:37:25 obpc kernel: e820: reserve RAM buffer [mem 0x545f2000-0x57ffffff]
May 08 19:37:25 obpc kernel: pci 0000:00:02.0: vgaarb: setting as boot VGA device
May 08 19:37:25 obpc kernel: pci 0000:00:02.0: vgaarb: bridge control possible
May 08 19:37:25 obpc kernel: pci 0000:00:02.0: vgaarb: VGA device added: decodes=io+mem,owns=io+mem,locks=none
May 08 19:37:25 obpc kernel: pci 0000:04:00.0: vgaarb: bridge control possible
May 08 19:37:25 obpc kernel: pci 0000:04:00.0: vgaarb: VGA device added: decodes=io+mem,owns=none,locks=none
May 08 19:37:25 obpc kernel: vgaarb: loaded
May 08 19:37:25 obpc kernel: Monitor-Mwait will be used to enter C-1 state
May 08 19:37:25 obpc kernel: Monitor-Mwait will be used to enter C-2 state
May 08 19:37:25 obpc kernel: Monitor-Mwait will be used to enter C-3 state
May 08 19:37:25 obpc kernel: clocksource: Switched to clocksource tsc-early
May 08 19:37:25 obpc kernel: VFS: Disk quotas dquot_6.6.0
May 08 19:37:25 obpc kernel: VFS: Dquot-cache hash table entries: 512 (order 0, 4096 bytes)
May 08 19:37:25 obpc kernel: pnp: PnP ACPI init
May 08 19:37:25 obpc kernel: system 00:01: [io  0x0680-0x069f] has been reserved
May 08 19:37:25 obpc kernel: system 00:01: [io  0x164e-0x164f] has been reserved
May 08 19:37:25 obpc kernel: system 00:02: [io  0x1854-0x1857] has been reserved
May 08 19:37:25 obpc kernel: system 00:03: [mem 0xfedc0000-0xfedc7fff] has been reserved
May 08 19:37:25 obpc kernel: system 00:03: [mem 0x00000000-0x00000fff] could not be reserved
May 08 19:37:25 obpc kernel: system 00:03: [mem 0x00000000-0x00000fff] could not be reserved
May 08 19:37:25 obpc kernel: system 00:03: [mem 0xc0000000-0xcfffffff] has been reserved
May 08 19:37:25 obpc kernel: system 00:03: [mem 0xfed20000-0xfed7ffff] could not be reserved
May 08 19:37:25 obpc kernel: system 00:03: [mem 0xfc800000-0xfc81ffff] could not be reserved
May 08 19:37:25 obpc kernel: system 00:03: [mem 0xfed45000-0xfed8ffff] could not be reserved
May 08 19:37:25 obpc kernel: system 00:03: [mem 0xfee00000-0xfeefffff] could not be reserved
May 08 19:37:25 obpc kernel: system 00:04: [io  0x2000-0x20fe] has been reserved
May 08 19:37:25 obpc kernel: pnp: PnP ACPI: found 6 devices
May 08 19:37:25 obpc kernel: clocksource: acpi_pm: mask: 0xffffff max_cycles: 0xffffff, max_idle_ns: 2085701024 ns
May 08 19:37:25 obpc kernel: NET: Registered PF_INET protocol family
May 08 19:37:25 obpc kernel: IP idents hash table entries: 262144 (order: 9, 2097152 bytes, linear)
May 08 19:37:25 obpc kernel: tcp_listen_portaddr_hash hash table entries: 65536 (order: 8, 1048576 bytes, linear)
May 08 19:37:25 obpc kernel: Table-perturb hash table entries: 65536 (order: 6, 262144 bytes, linear)
May 08 19:37:25 obpc kernel: TCP established hash table entries: 524288 (order: 10, 4194304 bytes, linear)
May 08 19:37:25 obpc kernel: TCP bind hash table entries: 65536 (order: 9, 2097152 bytes, linear)
May 08 19:37:25 obpc kernel: TCP: Hash tables configured (established 524288 bind 65536)
May 08 19:37:25 obpc kernel: MPTCP token hash table entries: 65536 (order: 9, 1572864 bytes, linear)
May 08 19:37:25 obpc kernel: UDP hash table entries: 65536 (order: 10, 4194304 bytes, linear)
May 08 19:37:25 obpc kernel: UDP-Lite hash table entries: 65536 (order: 10, 4194304 bytes, linear)
May 08 19:37:25 obpc kernel: NET: Registered PF_UNIX/PF_LOCAL protocol family
May 08 19:37:25 obpc kernel: NET: Registered PF_XDP protocol family
May 08 19:37:25 obpc kernel: pci 0000:04:00.0: ROM [mem 0x84000000-0x8407ffff pref]: can't claim; no compatible bridge window
May 08 19:37:25 obpc kernel: pci 0000:03:00.0: bridge window [mem 0x800000000-0x1001ffffff 64bit pref] to [bus 04] add_size 12100000 add_align 800000000
May 08 19:37:25 obpc kernel: pci 0000:03:01.0: bridge window [io  0x1000-0x0fff] to [bus 05-11] add_size 1000
May 08 19:37:25 obpc kernel: pci 0000:03:02.0: bridge window [io  0x1000-0x0fff] to [bus 12-1e] add_size 1000
May 08 19:37:25 obpc kernel: pci 0000:03:03.0: bridge window [io  0x1000-0x0fff] to [bus 1f-2b] add_size 1000
May 08 19:37:25 obpc kernel: pci 0000:00:07.2: bridge window [io  0x1000-0x0fff] to [bus 2c-55] add_size 1000
May 08 19:37:25 obpc kernel: pci 0000:00:07.2: bridge window [io  0x4000-0x4fff]: assigned
May 08 19:37:25 obpc kernel: pci 0000:00:1f.5: BAR 0 [mem 0x89f00000-0x89f00fff]: assigned
May 08 19:37:25 obpc kernel: pci 0000:00:01.0: PCI bridge to [bus 01]
May 08 19:37:25 obpc kernel: pci 0000:00:01.0:   bridge window [mem 0x90300000-0x903fffff]
May 08 19:37:25 obpc kernel: pci 0000:03:00.0: bridge window [mem 0x4000000000-0x48140fffff 64bit pref]: assigned
May 08 19:37:25 obpc kernel: pci 0000:03:00.0: bridge window [mem 0x80000000-0x840fffff]: assigned
May 08 19:37:25 obpc kernel: pci 0000:03:01.0: bridge window [io  size 0x1000]: can't assign; no space
May 08 19:37:25 obpc kernel: pci 0000:03:01.0: bridge window [io  size 0x1000]: failed to assign
May 08 19:37:25 obpc kernel: pci 0000:03:02.0: bridge window [io  size 0x1000]: can't assign; no space
May 08 19:37:25 obpc kernel: pci 0000:03:02.0: bridge window [io  size 0x1000]: failed to assign
May 08 19:37:25 obpc kernel: pci 0000:03:03.0: bridge window [io  size 0x1000]: can't assign; no space
May 08 19:37:25 obpc kernel: pci 0000:03:03.0: bridge window [io  size 0x1000]: failed to assign
May 08 19:37:25 obpc kernel: pci 0000:03:03.0: bridge window [io  size 0x1000]: can't assign; no space
May 08 19:37:25 obpc kernel: pci 0000:03:03.0: bridge window [io  size 0x1000]: failed to assign
May 08 19:37:25 obpc kernel: pci 0000:03:02.0: bridge window [io  size 0x1000]: can't assign; no space
May 08 19:37:25 obpc kernel: pci 0000:03:02.0: bridge window [io  size 0x1000]: failed to assign
May 08 19:37:25 obpc kernel: pci 0000:03:01.0: bridge window [io  size 0x1000]: can't assign; no space
May 08 19:37:25 obpc kernel: pci 0000:03:01.0: bridge window [io  size 0x1000]: failed to assign
May 08 19:37:25 obpc kernel: pci 0000:04:00.0: BAR 1 [mem 0x4000000000-0x47ffffffff 64bit pref]: assigned
May 08 19:37:25 obpc kernel: pci 0000:04:00.0: VF BAR 2 [mem 0x4800000000-0x480fffffff 64bit pref]: assigned
May 08 19:37:25 obpc kernel: pci 0000:04:00.0: BAR 0 [mem 0x80000000-0x83ffffff]: assigned
May 08 19:37:25 obpc kernel: pci 0000:04:00.0: BAR 3 [mem 0x4810000000-0x4811ffffff 64bit pref]: assigned
May 08 19:37:25 obpc kernel: pci 0000:04:00.0: VF BAR 4 [mem 0x4812000000-0x4813ffffff 64bit pref]: assigned
May 08 19:37:25 obpc kernel: pci 0000:04:00.0: ROM [mem 0x84000000-0x8407ffff pref]: assigned
May 08 19:37:25 obpc kernel: pci 0000:04:00.0: VF BAR 0 [mem 0x4814000000-0x481403ffff 64bit pref]: assigned
May 08 19:37:25 obpc kernel: pci 0000:04:00.1: BAR 0 [mem 0x84080000-0x84083fff]: assigned
May 08 19:37:25 obpc kernel: pci 0000:03:00.0: PCI bridge to [bus 04]
May 08 19:37:25 obpc kernel: pci 0000:03:00.0:   bridge window [io  0x3000-0x3fff]
May 08 19:37:25 obpc kernel: pci 0000:03:00.0:   bridge window [mem 0x80000000-0x840fffff]
May 08 19:37:25 obpc kernel: pci 0000:03:00.0:   bridge window [mem 0x4000000000-0x48140fffff 64bit pref]
May 08 19:37:25 obpc kernel: pci 0000:03:01.0: PCI bridge to [bus 05-11]
May 08 19:37:25 obpc kernel: pci 0000:03:01.0:   bridge window [mem 0x88000000-0x89efffff]
May 08 19:37:25 obpc kernel: pci 0000:03:01.0:   bridge window [mem 0x4d69600000-0x5013ffffff 64bit pref]
May 08 19:37:25 obpc kernel: pci 0000:03:02.0: PCI bridge to [bus 12-1e]
May 08 19:37:25 obpc kernel: pci 0000:03:02.0:   bridge window [mem 0x86100000-0x87ffffff]
May 08 19:37:25 obpc kernel: pci 0000:03:02.0:   bridge window [mem 0x4abec00000-0x4d695fffff 64bit pref]
May 08 19:37:25 obpc kernel: pci 0000:03:03.0: PCI bridge to [bus 1f-2b]
May 08 19:37:25 obpc kernel: pci 0000:03:03.0:   bridge window [mem 0x84200000-0x860fffff]
May 08 19:37:25 obpc kernel: pci 0000:03:03.0:   bridge window [mem 0x4814200000-0x4abebfffff 64bit pref]
May 08 19:37:25 obpc kernel: pci 0000:02:00.0: PCI bridge to [bus 03-2b]
May 08 19:37:25 obpc kernel: pci 0000:02:00.0:   bridge window [io  0x3000-0x3fff]
May 08 19:37:25 obpc kernel: pci 0000:02:00.0:   bridge window [mem 0x80000000-0x89efffff]
May 08 19:37:25 obpc kernel: pci 0000:02:00.0:   bridge window [mem 0x4000000000-0x5013ffffff 64bit pref]
May 08 19:37:25 obpc kernel: pci 0000:00:07.0: PCI bridge to [bus 02-2b]
May 08 19:37:25 obpc kernel: pci 0000:00:07.0:   bridge window [io  0x3000-0x3fff]
May 08 19:37:25 obpc kernel: pci 0000:00:07.0:   bridge window [mem 0x80000000-0x89efffff]
May 08 19:37:25 obpc kernel: pci 0000:00:07.0:   bridge window [mem 0x4000000000-0x5013ffffff 64bit pref]
May 08 19:37:25 obpc kernel: pci 0000:00:07.2: PCI bridge to [bus 2c-55]
May 08 19:37:25 obpc kernel: pci 0000:00:07.2:   bridge window [io  0x4000-0x4fff]
May 08 19:37:25 obpc kernel: pci 0000:00:07.2:   bridge window [mem 0x8a000000-0x8fffffff]
May 08 19:37:25 obpc kernel: pci 0000:00:07.2:   bridge window [mem 0x5030000000-0x582fffffff 64bit pref]
May 08 19:37:25 obpc kernel: pci 0000:00:1c.0: PCI bridge to [bus 56]
May 08 19:37:25 obpc kernel: pci 0000:00:1c.0:   bridge window [mem 0x90000000-0x902fffff]
May 08 19:37:25 obpc kernel: pci_bus 0000:00: resource 4 [io  0x0000-0x0cf7 window]
May 08 19:37:25 obpc kernel: pci_bus 0000:00: resource 5 [io  0x0d00-0xffff window]
May 08 19:37:25 obpc kernel: pci_bus 0000:00: resource 6 [mem 0x000a0000-0x000bffff window]
May 08 19:37:25 obpc kernel: pci_bus 0000:00: resource 7 [mem 0x80000000-0xbfffffff window]
May 08 19:37:25 obpc kernel: pci_bus 0000:00: resource 8 [mem 0x4000000000-0x3ffbfffffff window]
May 08 19:37:25 obpc kernel: pci_bus 0000:01: resource 1 [mem 0x90300000-0x903fffff]
May 08 19:37:25 obpc kernel: pci_bus 0000:02: resource 0 [io  0x3000-0x3fff]
May 08 19:37:25 obpc kernel: pci_bus 0000:02: resource 1 [mem 0x80000000-0x89efffff]
May 08 19:37:25 obpc kernel: pci_bus 0000:02: resource 2 [mem 0x4000000000-0x5013ffffff 64bit pref]
May 08 19:37:25 obpc kernel: pci_bus 0000:03: resource 0 [io  0x3000-0x3fff]
May 08 19:37:25 obpc kernel: pci_bus 0000:03: resource 1 [mem 0x80000000-0x89efffff]
May 08 19:37:25 obpc kernel: pci_bus 0000:03: resource 2 [mem 0x4000000000-0x5013ffffff 64bit pref]
May 08 19:37:25 obpc kernel: pci_bus 0000:04: resource 0 [io  0x3000-0x3fff]
May 08 19:37:25 obpc kernel: pci_bus 0000:04: resource 1 [mem 0x80000000-0x840fffff]
May 08 19:37:25 obpc kernel: pci_bus 0000:04: resource 2 [mem 0x4000000000-0x48140fffff 64bit pref]
May 08 19:37:25 obpc kernel: pci_bus 0000:05: resource 0 [io  size 0x1000]
May 08 19:37:25 obpc kernel: pci_bus 0000:05: resource 1 [mem 0x88000000-0x89efffff]
May 08 19:37:25 obpc kernel: pci_bus 0000:05: resource 2 [mem 0x4d69600000-0x5013ffffff 64bit pref]
May 08 19:37:25 obpc kernel: pci_bus 0000:12: resource 0 [io  size 0x1000]
May 08 19:37:25 obpc kernel: pci_bus 0000:12: resource 1 [mem 0x86100000-0x87ffffff]
May 08 19:37:25 obpc kernel: pci_bus 0000:12: resource 2 [mem 0x4abec00000-0x4d695fffff 64bit pref]
May 08 19:37:25 obpc kernel: pci_bus 0000:1f: resource 0 [io  size 0x1000]
May 08 19:37:25 obpc kernel: pci_bus 0000:1f: resource 1 [mem 0x84200000-0x860fffff]
May 08 19:37:25 obpc kernel: pci_bus 0000:1f: resource 2 [mem 0x4814200000-0x4abebfffff 64bit pref]
May 08 19:37:25 obpc kernel: pci_bus 0000:2c: resource 0 [io  0x4000-0x4fff]
May 08 19:37:25 obpc kernel: pci_bus 0000:2c: resource 1 [mem 0x8a000000-0x8fffffff]
May 08 19:37:25 obpc kernel: pci_bus 0000:2c: resource 2 [mem 0x5030000000-0x582fffffff 64bit pref]
May 08 19:37:25 obpc kernel: pci_bus 0000:56: resource 1 [mem 0x90000000-0x902fffff]
May 08 19:37:25 obpc kernel: pci 0000:04:00.1: extending delay after power-on from D3hot to 20 msec
May 08 19:37:25 obpc kernel: pci 0000:04:00.1: D0 power state depends on 0000:04:00.0
May 08 19:37:25 obpc kernel: PCI: CLS 64 bytes, default 64
May 08 19:37:25 obpc kernel: clocksource: tsc: mask: 0xffffffffffffffff max_cycles: 0x6a464ae9873, max_idle_ns: 881590529744 ns
May 08 19:37:25 obpc kernel: clocksource: Switched to clocksource tsc
May 08 19:37:25 obpc kernel: platform rtc_cmos: registered platform RTC device (no PNP device found)
May 08 19:37:25 obpc kernel: Trying to unpack rootfs image as initramfs...
May 08 19:37:25 obpc kernel: Initialise system trusted keyrings
May 08 19:37:25 obpc kernel: Key type blacklist registered
May 08 19:37:25 obpc kernel: workingset: timestamp_bits=36 max_order=25 bucket_order=0
May 08 19:37:25 obpc kernel: integrity: Platform Keyring initialized
May 08 19:37:25 obpc kernel: integrity: Machine keyring initialized
May 08 19:37:25 obpc kernel: cryptd: max_cpu_qlen set to 1000
May 08 19:37:25 obpc kernel: NET: Registered PF_ALG protocol family
May 08 19:37:25 obpc kernel: xor: automatically using best checksumming function   avx       
May 08 19:37:25 obpc kernel: Key type asymmetric registered
May 08 19:37:25 obpc kernel: Asymmetric key parser 'x509' registered
May 08 19:37:25 obpc kernel: Block layer SCSI generic (bsg) driver version 0.4 loaded (major 244)
May 08 19:37:25 obpc kernel: io scheduler mq-deadline registered
May 08 19:37:25 obpc kernel: io scheduler kyber registered
May 08 19:37:25 obpc kernel: io scheduler bfq registered
May 08 19:37:25 obpc kernel: atomic64_test: passed for x86-64 platform with CX8 and with SSE
May 08 19:37:25 obpc kernel: pcieport 0000:00:01.0: PME: Signaling with IRQ 120
May 08 19:37:25 obpc kernel: pcieport 0000:00:01.0: AER: enabled with IRQ 120
May 08 19:37:25 obpc kernel: pcieport 0000:00:07.0: PME: Signaling with IRQ 121
May 08 19:37:25 obpc kernel: pcieport 0000:00:07.0: AER: enabled with IRQ 121
May 08 19:37:25 obpc kernel: pcieport 0000:00:07.0: pciehp: Slot #12 AttnBtn- PwrCtrl- MRL- AttnInd- PwrInd- HotPlug+ Surprise+ Interlock- NoCompl+ IbPresDis- LLActRep+
May 08 19:37:25 obpc kernel: pcieport 0000:00:07.2: PME: Signaling with IRQ 122
May 08 19:37:25 obpc kernel: pcieport 0000:00:07.2: AER: enabled with IRQ 122
May 08 19:37:25 obpc kernel: pcieport 0000:00:07.2: pciehp: Slot #14 AttnBtn- PwrCtrl- MRL- AttnInd- PwrInd- HotPlug+ Surprise+ Interlock- NoCompl+ IbPresDis- LLActRep+
May 08 19:37:25 obpc kernel: pcieport 0000:00:1c.0: PME: Signaling with IRQ 123
May 08 19:37:25 obpc kernel: pcieport 0000:00:1c.0: AER: enabled with IRQ 123
May 08 19:37:25 obpc kernel: pcieport 0000:03:00.0: enabling device (0001 -> 0003)
May 08 19:37:25 obpc kernel: pcieport 0000:03:01.0: pciehp: Slot #1 AttnBtn- PwrCtrl- MRL- AttnInd- PwrInd- HotPlug+ Surprise+ Interlock- NoCompl+ IbPresDis- LLActRep+
May 08 19:37:25 obpc kernel: pcieport 0000:03:02.0: pciehp: Slot #2 AttnBtn- PwrCtrl- MRL- AttnInd- PwrInd- HotPlug+ Surprise+ Interlock- NoCompl+ IbPresDis- LLActRep+
May 08 19:37:25 obpc kernel: pcieport 0000:03:03.0: pciehp: Slot #3 AttnBtn- PwrCtrl- MRL- AttnInd- PwrInd- HotPlug+ Surprise+ Interlock- NoCompl+ IbPresDis- LLActRep+
May 08 19:37:25 obpc kernel: input: Sleep Button as /devices/LNXSYSTM:00/LNXSYBUS:00/PNP0C0E:00/input/input0
May 08 19:37:25 obpc kernel: ACPI: button: Sleep Button [SLPB]
May 08 19:37:25 obpc kernel: input: Power Button as /devices/LNXSYSTM:00/LNXSYBUS:00/PNP0C0C:00/input/input1
May 08 19:37:25 obpc kernel: ACPI: button: Power Button [PWRB]
May 08 19:37:25 obpc kernel: input: Power Button as /devices/LNXSYSTM:00/LNXPWRBN:00/input/input2
May 08 19:37:25 obpc kernel: ACPI: button: Power Button [PWRF]
May 08 19:37:25 obpc kernel: ACPI: thermal: [Firmware Bug]: Invalid critical threshold (-274000)
May 08 19:37:25 obpc kernel: thermal LNXTHERM:00: registered as thermal_zone0
May 08 19:37:25 obpc kernel: ACPI: thermal: Thermal Zone [TZ0] (40 C)
May 08 19:37:25 obpc kernel: thermal LNXTHERM:01: registered as thermal_zone1
May 08 19:37:25 obpc kernel: ACPI: thermal: Thermal Zone [TZ00] (80 C)
May 08 19:37:25 obpc kernel: Serial: 8250/16550 driver, 32 ports, IRQ sharing enabled
May 08 19:37:25 obpc kernel: serial 0000:00:12.0: enabling device (0000 -> 0002)
May 08 19:37:25 obpc kernel: hpet_acpi_add: no address or irqs in _CRS
May 08 19:37:25 obpc kernel: Non-volatile memory driver v1.3
May 08 19:37:25 obpc kernel: Linux agpgart interface v0.103
May 08 19:37:25 obpc kernel: ACPI: bus type drm_connector registered
May 08 19:37:25 obpc kernel: CAN device driver interface
May 08 19:37:25 obpc kernel: xhci_hcd 0000:00:0d.0: xHCI Host Controller
May 08 19:37:25 obpc kernel: xhci_hcd 0000:00:0d.0: new USB bus registered, assigned bus number 1
May 08 19:37:25 obpc kernel: xhci_hcd 0000:00:0d.0: hcc params 0x20007fc1 hci version 0x120 quirks 0x0000000200009810
May 08 19:37:25 obpc kernel: xhci_hcd 0000:00:0d.0: xHCI Host Controller
May 08 19:37:25 obpc kernel: xhci_hcd 0000:00:0d.0: new USB bus registered, assigned bus number 2
May 08 19:37:25 obpc kernel: xhci_hcd 0000:00:0d.0: Host supports USB 3.2 Enhanced SuperSpeed
May 08 19:37:25 obpc kernel: usb usb1: New USB device found, idVendor=1d6b, idProduct=0002, bcdDevice= 6.19
May 08 19:37:25 obpc kernel: usb usb1: New USB device strings: Mfr=3, Product=2, SerialNumber=1
May 08 19:37:25 obpc kernel: usb usb1: Product: xHCI Host Controller
May 08 19:37:25 obpc kernel: usb usb1: Manufacturer: Linux 6.19.14-200.fc43.x86_64 xhci-hcd
May 08 19:37:25 obpc kernel: usb usb1: SerialNumber: 0000:00:0d.0
May 08 19:37:25 obpc kernel: hub 1-0:1.0: USB hub found
May 08 19:37:25 obpc kernel: hub 1-0:1.0: 1 port detected
May 08 19:37:25 obpc kernel: usb usb2: New USB device found, idVendor=1d6b, idProduct=0003, bcdDevice= 6.19
May 08 19:37:25 obpc kernel: usb usb2: New USB device strings: Mfr=3, Product=2, SerialNumber=1
May 08 19:37:25 obpc kernel: usb usb2: Product: xHCI Host Controller
May 08 19:37:25 obpc kernel: usb usb2: Manufacturer: Linux 6.19.14-200.fc43.x86_64 xhci-hcd
May 08 19:37:25 obpc kernel: usb usb2: SerialNumber: 0000:00:0d.0
May 08 19:37:25 obpc kernel: hub 2-0:1.0: USB hub found
May 08 19:37:25 obpc kernel: hub 2-0:1.0: 4 ports detected
May 08 19:37:25 obpc kernel: xhci_hcd 0000:00:14.0: xHCI Host Controller
May 08 19:37:25 obpc kernel: xhci_hcd 0000:00:14.0: new USB bus registered, assigned bus number 3
May 08 19:37:25 obpc kernel: xhci_hcd 0000:00:14.0: hcc params 0x20007fc1 hci version 0x120 quirks 0x0000000200009810
May 08 19:37:25 obpc kernel: xhci_hcd 0000:00:14.0: xHCI Host Controller
May 08 19:37:25 obpc kernel: xhci_hcd 0000:00:14.0: new USB bus registered, assigned bus number 4
May 08 19:37:25 obpc kernel: xhci_hcd 0000:00:14.0: Host supports USB 3.2 Enhanced SuperSpeed
May 08 19:37:25 obpc kernel: usb usb3: New USB device found, idVendor=1d6b, idProduct=0002, bcdDevice= 6.19
May 08 19:37:25 obpc kernel: usb usb3: New USB device strings: Mfr=3, Product=2, SerialNumber=1
May 08 19:37:25 obpc kernel: usb usb3: Product: xHCI Host Controller
May 08 19:37:25 obpc kernel: usb usb3: Manufacturer: Linux 6.19.14-200.fc43.x86_64 xhci-hcd
May 08 19:37:25 obpc kernel: usb usb3: SerialNumber: 0000:00:14.0
May 08 19:37:25 obpc kernel: hub 3-0:1.0: USB hub found
May 08 19:37:25 obpc kernel: hub 3-0:1.0: 12 ports detected
May 08 19:37:25 obpc kernel: usb usb4: New USB device found, idVendor=1d6b, idProduct=0003, bcdDevice= 6.19
May 08 19:37:25 obpc kernel: usb usb4: New USB device strings: Mfr=3, Product=2, SerialNumber=1
May 08 19:37:25 obpc kernel: usb usb4: Product: xHCI Host Controller
May 08 19:37:25 obpc kernel: usb usb4: Manufacturer: Linux 6.19.14-200.fc43.x86_64 xhci-hcd
May 08 19:37:25 obpc kernel: usb usb4: SerialNumber: 0000:00:14.0
May 08 19:37:25 obpc kernel: hub 4-0:1.0: USB hub found
May 08 19:37:25 obpc kernel: hub 4-0:1.0: 2 ports detected
May 08 19:37:25 obpc kernel: usbcore: registered new interface driver usbserial_generic
May 08 19:37:25 obpc kernel: usbserial: USB Serial support registered for generic
May 08 19:37:25 obpc kernel: i8042: PNP: No PS/2 controller found.
May 08 19:37:25 obpc kernel: mousedev: PS/2 mouse device common for all mice
May 08 19:37:25 obpc kernel: rtc_cmos rtc_cmos: RTC can wake from S4
May 08 19:37:25 obpc kernel: rtc_cmos rtc_cmos: registered as rtc0
May 08 19:37:25 obpc kernel: rtc_cmos rtc_cmos: setting system clock to 2026-05-08T09:37:25 UTC (1778233045)
May 08 19:37:25 obpc kernel: rtc_cmos rtc_cmos: alarms up to one month, y3k, 114 bytes nvram
May 08 19:37:25 obpc kernel: device-mapper: core: CONFIG_IMA_DISABLE_HTABLE is disabled. Duplicate IMA measurements will not be recorded in the IMA log.
May 08 19:37:25 obpc kernel: device-mapper: uevent: version 1.0.3
May 08 19:37:25 obpc kernel: device-mapper: ioctl: 4.50.0-ioctl (2025-04-28) initialised: dm-devel@lists.linux.dev
May 08 19:37:25 obpc kernel: intel_pstate: Intel P-state driver initializing
May 08 19:37:25 obpc kernel: Hybrid CPU capacity scaling enabled
May 08 19:37:25 obpc kernel: processor cpu0: EM: created perf domain
May 08 19:37:25 obpc kernel: processor cpu1: EM: created perf domain
May 08 19:37:25 obpc kernel: processor cpu2: EM: created perf domain
May 08 19:37:25 obpc kernel: processor cpu3: EM: created perf domain
May 08 19:37:25 obpc kernel: processor cpu4: EM: created perf domain
May 08 19:37:25 obpc kernel: processor cpu5: EM: created perf domain
May 08 19:37:25 obpc kernel: processor cpu6: EM: created perf domain
May 08 19:37:25 obpc kernel: processor cpu7: EM: created perf domain
May 08 19:37:25 obpc kernel: processor cpu8: EM: created perf domain
May 08 19:37:25 obpc kernel: processor cpu9: EM: created perf domain
May 08 19:37:25 obpc kernel: processor cpu10: EM: created perf domain
May 08 19:37:25 obpc kernel: processor cpu11: EM: created perf domain
May 08 19:37:25 obpc kernel: processor cpu12: EM: created perf domain
May 08 19:37:25 obpc kernel: processor cpu13: EM: created perf domain
May 08 19:37:25 obpc kernel: processor cpu14: EM: created perf domain
May 08 19:37:25 obpc kernel: processor cpu15: EM: created perf domain
May 08 19:37:25 obpc kernel: intel_pstate: HWP enabled
May 08 19:37:25 obpc kernel: simple-framebuffer simple-framebuffer.0: [drm] Registered 1 planes with drm panic
May 08 19:37:25 obpc kernel: [drm] Initialized simpledrm 1.0.0 for simple-framebuffer.0 on minor 0
May 08 19:37:25 obpc kernel: fbcon: Deferring console take-over
May 08 19:37:25 obpc kernel: simple-framebuffer simple-framebuffer.0: [drm] fb0: simpledrmdrmfb frame buffer device
May 08 19:37:25 obpc kernel: hid: raw HID events driver (C) Jiri Kosina
May 08 19:37:25 obpc kernel: usbcore: registered new interface driver usbhid
May 08 19:37:25 obpc kernel: usbhid: USB HID core driver
May 08 19:37:25 obpc kernel: drop_monitor: Initializing network drop monitor service
May 08 19:37:25 obpc kernel: Initializing XFRM netlink socket
May 08 19:37:25 obpc kernel: NET: Registered PF_INET6 protocol family
May 08 19:37:25 obpc kernel: Segment Routing with IPv6
May 08 19:37:25 obpc kernel: RPL Segment Routing with IPv6
May 08 19:37:25 obpc kernel: In-situ OAM (IOAM) with IPv6
May 08 19:37:25 obpc kernel: mip6: Mobile IPv6
May 08 19:37:25 obpc kernel: NET: Registered PF_PACKET protocol family
May 08 19:37:25 obpc kernel: can: controller area network core
May 08 19:37:25 obpc kernel: NET: Registered PF_CAN protocol family
May 08 19:37:25 obpc kernel: ENERGY_PERF_BIAS: Set to 'normal', was 'performance'
May 08 19:37:25 obpc kernel: microcode: Current revision: 0x0000011b
May 08 19:37:25 obpc kernel: IPI shorthand broadcast: enabled
May 08 19:37:25 obpc kernel: sched_clock: Marking stable (919001875, 6149862)->(945307347, -20155610)
May 08 19:37:25 obpc kernel: registered taskstats version 1
May 08 19:37:25 obpc kernel: Loading compiled-in X.509 certificates
May 08 19:37:25 obpc kernel: Loaded X.509 cert 'Fedora kernel signing key: 88b80e08bfa3c7a8597e235adbf6de56f0ca4439'
May 08 19:37:25 obpc kernel: Freeing initrd memory: 51464K
May 08 19:37:25 obpc kernel: Loaded X.509 cert 'Fedora IMA CA: a8a00c31663f853f9c6ff2564872e378af026b28'
May 08 19:37:25 obpc kernel: Demotion targets for Node 0: null
May 08 19:37:25 obpc kernel: page_owner is disabled
May 08 19:37:25 obpc kernel: Key type .fscrypt registered
May 08 19:37:25 obpc kernel: Key type fscrypt-provisioning registered
May 08 19:37:25 obpc kernel: Btrfs loaded, zoned=yes, fsverity=yes
May 08 19:37:25 obpc kernel: Key type big_key registered
May 08 19:37:25 obpc kernel: Key type trusted registered
May 08 19:37:25 obpc kernel: Key type encrypted registered
May 08 19:37:25 obpc kernel: Loading compiled-in module X.509 certificates
May 08 19:37:25 obpc kernel: Loaded X.509 cert 'Fedora kernel signing key: 88b80e08bfa3c7a8597e235adbf6de56f0ca4439'
May 08 19:37:25 obpc kernel: ima: Allocated hash algorithm: sha256
May 08 19:37:25 obpc kernel: ima: No architecture policies found
May 08 19:37:25 obpc kernel: evm: Initialising EVM extended attributes:
May 08 19:37:25 obpc kernel: evm: security.selinux
May 08 19:37:25 obpc kernel: evm: security.SMACK64 (disabled)
May 08 19:37:25 obpc kernel: evm: security.SMACK64EXEC (disabled)
May 08 19:37:25 obpc kernel: evm: security.SMACK64TRANSMUTE (disabled)
May 08 19:37:25 obpc kernel: evm: security.SMACK64MMAP (disabled)
May 08 19:37:25 obpc kernel: evm: security.apparmor (disabled)
May 08 19:37:25 obpc kernel: evm: security.ima
May 08 19:37:25 obpc kernel: evm: security.capability
May 08 19:37:25 obpc kernel: evm: HMAC attrs: 0x1
May 08 19:37:25 obpc kernel: integrity: Loading X.509 certificate: UEFI:db
May 08 19:37:25 obpc kernel: integrity: Loaded X.509 cert 'ASUS UEFI SW Key Certificate: b0fa6680874410ba479208b6268c10e4'
May 08 19:37:25 obpc kernel: integrity: Loading X.509 certificate: UEFI:db
May 08 19:37:25 obpc kernel: integrity: Loaded X.509 cert 'Microsoft Corporation UEFI CA 2011: 13adbf4309bd82709c8cd54f316ed522988a1bd4'
May 08 19:37:25 obpc kernel: integrity: Loading X.509 certificate: UEFI:db
May 08 19:37:25 obpc kernel: integrity: Loaded X.509 cert 'Microsoft Windows Production PCA 2011: a92902398e16c49778cd90f99e4f9ae17c55af53'
May 08 19:37:25 obpc kernel: integrity: Loading X.509 certificate: UEFI:db
May 08 19:37:25 obpc kernel: integrity: Loaded X.509 cert 'Microsoft Corporation: Windows UEFI CA 2023: aefc5fbbbe055d8f8daa585473499417ab5a5272'
May 08 19:37:25 obpc kernel: integrity: Loading X.509 certificate: UEFI:db
May 08 19:37:25 obpc kernel: integrity: Loaded X.509 cert 'Microsoft Option ROM UEFI CA 2023: 514fbf937fa46fb57bf07af8bed84b3b864b1711'
May 08 19:37:25 obpc kernel: integrity: Loading X.509 certificate: UEFI:db
May 08 19:37:25 obpc kernel: integrity: Loaded X.509 cert 'Microsoft UEFI CA 2023: 81aa6b3244c935bce0d6628af39827421e32497d'
May 08 19:37:25 obpc kernel: alg: No test for 842 (842-scomp)
May 08 19:37:25 obpc kernel: PM:   Magic number: 10:129:626
May 08 19:37:25 obpc kernel: RAS: Correctable Errors collector initialized.
May 08 19:37:25 obpc kernel: clk: Disabling unused clocks
May 08 19:37:25 obpc kernel: PM: genpd: Disabling unused power domains
May 08 19:37:25 obpc kernel: Freeing unused decrypted memory: 2028K
May 08 19:37:25 obpc kernel: Freeing unused kernel image (initmem) memory: 5200K
May 08 19:37:25 obpc kernel: Write protecting the kernel read-only data: 43008k
May 08 19:37:25 obpc kernel: Freeing unused kernel image (text/rodata gap) memory: 1972K
May 08 19:37:25 obpc kernel: Freeing unused kernel image (rodata/data gap) memory: 580K
May 08 19:37:25 obpc kernel: x86/mm: Checked W+X mappings: passed, no W+X pages found.
May 08 19:37:25 obpc kernel: Run /init as init process
May 08 19:37:25 obpc kernel:   with arguments:
May 08 19:37:25 obpc kernel:     /init
May 08 19:37:25 obpc kernel:     rhgb
May 08 19:37:25 obpc kernel:   with environment:
May 08 19:37:25 obpc kernel:     HOME=/
May 08 19:37:25 obpc kernel:     TERM=linux
May 08 19:37:25 obpc systemd[1]: Successfully made /usr/ read-only.
May 08 19:37:25 obpc systemd[1]: systemd 258.7-1.fc43 running in system mode (+PAM +AUDIT +SELINUX -APPARMOR +IMA +IPE +SMACK +SECCOMP -GCRYPT +GNUTLS +OPENSSL +ACL +BLKID +CURL +ELFUTILS +FIDO2 +IDN2 -IDN -IPTC +KMOD +LIBCRYPTSETUP +LIBCRYPTSETUP_PLUGINS +LIBFDISK +PCRE2 +PWQUALITY +P11KIT +QRENCODE +TPM2 +BZIP2 +LZ4 +XZ +ZLIB +ZSTD +BPF_FRAMEWORK +BTF +XKBCOMMON +UTMP +SYSVINIT +LIBARCHIVE)
May 08 19:37:25 obpc systemd[1]: Detected architecture x86-64.
May 08 19:37:25 obpc systemd[1]: Running in initrd.
May 08 19:37:25 obpc systemd[1]: Hostname set to <obpc>.
