[    1.108877] obpc kernel: Linux version 6.19.14-200.fc43.x86_64 (mockbuild@3d94b060593f4389857ed0a29daa3c69) (gcc (GCC) 15.2.1 20260123 (Red Hat 15.2.1-7), GNU ld version 2.45.1-4.fc43) #1 SMP PREEMPT_DYNAMIC Thu Apr 23 17:34:07 UTC 2026
[    1.108907] obpc kernel: Command line: BOOT_IMAGE=(hd0,gpt5)/vmlinuz-6.19.14-200.fc43.x86_64 root=UUID=34e34fc2-47b6-41bd-b739-8a1c79788cb2 ro rootflags=subvol=root rhgb quiet module_blacklist=nouveau,nova_core rd.driver.blacklist=nouveau,nova_core modprobe.blacklist=nouveau,nova_core pcie_aspm.policy=performance thunderbolt.clx=0 pcie_port_pm=off pci=realloc=off,pcie_bus_perf,hpmmioprefsize=256M,resource_alignment=35@0000:03:00.0 crashkernel=256M iommu=off intel_iommu=off thunderbolt.dyndbg=+pflm thunderbolt.host_reset=false
[    1.109023] obpc kernel: x86/tme: not enabled by BIOS
[    1.109028] obpc kernel: x86/split lock detection: #AC: crashing the kernel on kernel split_locks and warning on user-space split_locks
[    1.109033] obpc kernel: BIOS-provided physical RAM map:
[    1.109038] obpc kernel: BIOS-e820: [mem 0x0000000000000000-0x000000000009efff] usable
[    1.109043] obpc kernel: BIOS-e820: [mem 0x000000000009f000-0x00000000000fffff] reserved
[    1.109048] obpc kernel: BIOS-e820: [mem 0x0000000000100000-0x00000000545f1fff] usable
[    1.109052] obpc kernel: BIOS-e820: [mem 0x00000000545f2000-0x000000005e6b5fff] reserved
[    1.109056] obpc kernel: BIOS-e820: [mem 0x000000005e6b6000-0x000000005e7b7fff] ACPI data
[    1.109060] obpc kernel: BIOS-e820: [mem 0x000000005e7b8000-0x000000005e93efff] ACPI NVS
[    1.109064] obpc kernel: BIOS-e820: [mem 0x000000005e93f000-0x0000000063ffefff] reserved
[    1.109069] obpc kernel: BIOS-e820: [mem 0x0000000063fff000-0x0000000063ffffff] usable
[    1.109073] obpc kernel: BIOS-e820: [mem 0x0000000064000000-0x00000000787fffff] reserved
[    1.109079] obpc kernel: BIOS-e820: [mem 0x00000000c0000000-0x00000000cfffffff] reserved
[    1.109083] obpc kernel: BIOS-e820: [mem 0x00000000fe000000-0x00000000fe010fff] reserved
[    1.109087] obpc kernel: BIOS-e820: [mem 0x00000000fe410000-0x00000000fe410fff] reserved
[    1.109092] obpc kernel: BIOS-e820: [mem 0x00000000fec00000-0x00000000fec00fff] reserved
[    1.109096] obpc kernel: BIOS-e820: [mem 0x00000000fed00000-0x00000000fed00fff] reserved
[    1.109100] obpc kernel: BIOS-e820: [mem 0x00000000fed20000-0x00000000fed7ffff] reserved
[    1.109104] obpc kernel: BIOS-e820: [mem 0x00000000fee00000-0x00000000fee00fff] reserved
[    1.109108] obpc kernel: BIOS-e820: [mem 0x00000000ff000000-0x00000000ffffffff] reserved
[    1.109112] obpc kernel: BIOS-e820: [mem 0x0000000100000000-0x000000207fffffff] usable
[    1.109115] obpc kernel: NX (Execute Disable) protection: active
[    1.109120] obpc kernel: APIC: Static calls initialized
[    1.109124] obpc kernel: efi: EFI v2.9 by American Megatrends
[    1.109129] obpc kernel: efi: ACPI=0x5e8b6000 ACPI 2.0=0x5e8b6014 TPMFinalLog=0x5e822000 SMBIOS=0x62b8d000 SMBIOS 3.0=0x62b8c000 MEMATTR=0x482f6018 ESRT=0x50df1e98 MOKvar=0x63c2e000 RNG=0x5e6eb018 TPMEventLog=0x5e6e0018 
[    1.109133] obpc kernel: random: crng init done
[    1.109138] obpc kernel: efi: Remove mem79: MMIO range=[0xc0000000-0xcfffffff] (256MB) from e820 map
[    1.109142] obpc kernel: e820: remove [mem 0xc0000000-0xcfffffff] reserved
[    1.109147] obpc kernel: efi: Not removing mem80: MMIO range=[0xfe000000-0xfe010fff] (68KB) from e820 map
[    1.109151] obpc kernel: efi: Not removing mem81: MMIO range=[0xfe410000-0xfe410fff] (4KB) from e820 map
[    1.109155] obpc kernel: efi: Not removing mem82: MMIO range=[0xfec00000-0xfec00fff] (4KB) from e820 map
[    1.109160] obpc kernel: efi: Not removing mem83: MMIO range=[0xfed00000-0xfed00fff] (4KB) from e820 map
[    1.109163] obpc kernel: efi: Not removing mem85: MMIO range=[0xfee00000-0xfee00fff] (4KB) from e820 map
[    1.109167] obpc kernel: efi: Remove mem86: MMIO range=[0xff000000-0xffffffff] (16MB) from e820 map
[    1.109171] obpc kernel: e820: remove [mem 0xff000000-0xffffffff] reserved
[    1.109175] obpc kernel: secureboot: Secure boot disabled
[    1.109179] obpc kernel: SMBIOS 3.8.0 present.
[    1.109183] obpc kernel: DMI: ASUSTeK COMPUTER INC. NUC15CRSU9/NUC15CRSU9, BIOS CRARL579.0029.2026.0115.1719 01/15/2026
[    1.109189] obpc kernel: DMI: Memory slots populated: 2/2
[    1.109193] obpc kernel: tsc: Detected 3700.000 MHz processor
[    1.109196] obpc kernel: tsc: Detected 3686.400 MHz TSC
[    1.109200] obpc kernel: e820: update [mem 0x00000000-0x00000fff] usable ==> reserved
[    1.109208] obpc kernel: e820: remove [mem 0x000a0000-0x000fffff] usable
[    1.109215] obpc kernel: last_pfn = 0x2080000 max_arch_pfn = 0x400000000
[    1.109221] obpc kernel: total RAM covered: 259839M
[    1.109228] obpc kernel:  gran_size: 64K         chunk_size: 64K         num_reg: 10          lose cover RAM: 129022M
[    1.109235] obpc kernel:  gran_size: 64K         chunk_size: 128K         num_reg: 10          lose cover RAM: 129022M
[    1.109242] obpc kernel:  gran_size: 64K         chunk_size: 256K         num_reg: 10          lose cover RAM: 129022M
[    1.109248] obpc kernel:  gran_size: 64K         chunk_size: 512K         num_reg: 10          lose cover RAM: 129022M
[    1.109252] obpc kernel:  gran_size: 64K         chunk_size: 1M         num_reg: 10          lose cover RAM: 129022M
[    1.109258] obpc kernel:  gran_size: 64K         chunk_size: 2M         num_reg: 10          lose cover RAM: 129022M
[    1.109261] obpc kernel:  gran_size: 64K         chunk_size: 4M         num_reg: 10          lose cover RAM: 129022M
[    1.109268] obpc kernel:  gran_size: 64K         chunk_size: 8M         num_reg: 10          lose cover RAM: 129022M
[    1.109271] obpc kernel:  gran_size: 64K         chunk_size: 16M         num_reg: 10          lose cover RAM: 129022M
[    1.109276] obpc kernel:  gran_size: 64K         chunk_size: 32M         num_reg: 10          lose cover RAM: 129022M
[    1.109281] obpc kernel:  gran_size: 64K         chunk_size: 64M         num_reg: 10          lose cover RAM: 129022M
[    1.109285] obpc kernel:  gran_size: 64K         chunk_size: 128M         num_reg: 10          lose cover RAM: 129022M
[    1.109291] obpc kernel:  gran_size: 64K         chunk_size: 256M         num_reg: 10          lose cover RAM: 129022M
[    1.109295] obpc kernel:  gran_size: 64K         chunk_size: 512M         num_reg: 10          lose cover RAM: 129020M
[    1.109301] obpc kernel:  gran_size: 64K         chunk_size: 1G         num_reg: 10          lose cover RAM: 129020M
[    1.109306] obpc kernel:  gran_size: 64K         chunk_size: 2G         num_reg: 10          lose cover RAM: 129020M
[    1.109312] obpc kernel:  gran_size: 128K         chunk_size: 128K         num_reg: 10          lose cover RAM: 129022M
[    1.109316] obpc kernel:  gran_size: 128K         chunk_size: 256K         num_reg: 10          lose cover RAM: 129022M
[    1.109323] obpc kernel:  gran_size: 128K         chunk_size: 512K         num_reg: 10          lose cover RAM: 129022M
[    1.109327] obpc kernel:  gran_size: 128K         chunk_size: 1M         num_reg: 10          lose cover RAM: 129022M
[    1.109332] obpc kernel:  gran_size: 128K         chunk_size: 2M         num_reg: 10          lose cover RAM: 129022M
[    1.109337] obpc kernel:  gran_size: 128K         chunk_size: 4M         num_reg: 10          lose cover RAM: 129022M
[    1.109342] obpc kernel:  gran_size: 128K         chunk_size: 8M         num_reg: 10          lose cover RAM: 129022M
[    1.109348] obpc kernel:  gran_size: 128K         chunk_size: 16M         num_reg: 10          lose cover RAM: 129022M
[    1.109353] obpc kernel:  gran_size: 128K         chunk_size: 32M         num_reg: 10          lose cover RAM: 129022M
[    1.109357] obpc kernel:  gran_size: 128K         chunk_size: 64M         num_reg: 10          lose cover RAM: 129022M
[    1.109364] obpc kernel:  gran_size: 128K         chunk_size: 128M         num_reg: 10          lose cover RAM: 129022M
[    1.109368] obpc kernel:  gran_size: 128K         chunk_size: 256M         num_reg: 10          lose cover RAM: 129022M
[    1.109375] obpc kernel:  gran_size: 128K         chunk_size: 512M         num_reg: 10          lose cover RAM: 129020M
[    1.109378] obpc kernel:  gran_size: 128K         chunk_size: 1G         num_reg: 10          lose cover RAM: 129020M
[    1.109385] obpc kernel:  gran_size: 128K         chunk_size: 2G         num_reg: 10          lose cover RAM: 129020M
[    1.109389] obpc kernel:  gran_size: 256K         chunk_size: 256K         num_reg: 10          lose cover RAM: 129022M
[    1.109394] obpc kernel:  gran_size: 256K         chunk_size: 512K         num_reg: 10          lose cover RAM: 129022M
[    1.109399] obpc kernel:  gran_size: 256K         chunk_size: 1M         num_reg: 10          lose cover RAM: 129022M
[    1.109402] obpc kernel:  gran_size: 256K         chunk_size: 2M         num_reg: 10          lose cover RAM: 129022M
[    1.109408] obpc kernel:  gran_size: 256K         chunk_size: 4M         num_reg: 10          lose cover RAM: 129022M
[    1.109412] obpc kernel:  gran_size: 256K         chunk_size: 8M         num_reg: 10          lose cover RAM: 129022M
[    1.109419] obpc kernel:  gran_size: 256K         chunk_size: 16M         num_reg: 10          lose cover RAM: 129022M
[    1.109423] obpc kernel:  gran_size: 256K         chunk_size: 32M         num_reg: 10          lose cover RAM: 129022M
[    1.109428] obpc kernel:  gran_size: 256K         chunk_size: 64M         num_reg: 10          lose cover RAM: 129022M
[    1.109433] obpc kernel:  gran_size: 256K         chunk_size: 128M         num_reg: 10          lose cover RAM: 129022M
[    1.109438] obpc kernel:  gran_size: 256K         chunk_size: 256M         num_reg: 10          lose cover RAM: 129022M
[    1.109445] obpc kernel:  gran_size: 256K         chunk_size: 512M         num_reg: 10          lose cover RAM: 129020M
[    1.109449] obpc kernel:  gran_size: 256K         chunk_size: 1G         num_reg: 10          lose cover RAM: 129020M
[    1.109452] obpc kernel:  gran_size: 256K         chunk_size: 2G         num_reg: 10          lose cover RAM: 129020M
[    1.109457] obpc kernel:  gran_size: 512K         chunk_size: 512K         num_reg: 10          lose cover RAM: 129022M
[    1.109461] obpc kernel:  gran_size: 512K         chunk_size: 1M         num_reg: 10          lose cover RAM: 129022M
[    1.109468] obpc kernel:  gran_size: 512K         chunk_size: 2M         num_reg: 10          lose cover RAM: 129022M
[    1.109472] obpc kernel:  gran_size: 512K         chunk_size: 4M         num_reg: 10          lose cover RAM: 129022M
[    1.109479] obpc kernel:  gran_size: 512K         chunk_size: 8M         num_reg: 10          lose cover RAM: 129022M
[    1.109483] obpc kernel:  gran_size: 512K         chunk_size: 16M         num_reg: 10          lose cover RAM: 129022M
[    1.109487] obpc kernel:  gran_size: 512K         chunk_size: 32M         num_reg: 10          lose cover RAM: 129022M
[    1.109494] obpc kernel:  gran_size: 512K         chunk_size: 64M         num_reg: 10          lose cover RAM: 129022M
[    1.109499] obpc kernel:  gran_size: 512K         chunk_size: 128M         num_reg: 10          lose cover RAM: 129022M
[    1.109502] obpc kernel:  gran_size: 512K         chunk_size: 256M         num_reg: 10          lose cover RAM: 129022M
[    1.109506] obpc kernel:  gran_size: 512K         chunk_size: 512M         num_reg: 10          lose cover RAM: 129020M
[    1.109513] obpc kernel:  gran_size: 512K         chunk_size: 1G         num_reg: 10          lose cover RAM: 129020M
[    1.109516] obpc kernel:  gran_size: 512K         chunk_size: 2G         num_reg: 10          lose cover RAM: 129020M
[    1.109521] obpc kernel:  gran_size: 1M         chunk_size: 1M         num_reg: 10          lose cover RAM: 129022M
[    1.109527] obpc kernel:  gran_size: 1M         chunk_size: 2M         num_reg: 10          lose cover RAM: 129022M
[    1.109531] obpc kernel:  gran_size: 1M         chunk_size: 4M         num_reg: 10          lose cover RAM: 129022M
[    1.109537] obpc kernel:  gran_size: 1M         chunk_size: 8M         num_reg: 10          lose cover RAM: 129022M
[    1.109541] obpc kernel:  gran_size: 1M         chunk_size: 16M         num_reg: 10          lose cover RAM: 129022M
[    1.109546] obpc kernel:  gran_size: 1M         chunk_size: 32M         num_reg: 10          lose cover RAM: 129022M
[    1.109551] obpc kernel:  gran_size: 1M         chunk_size: 64M         num_reg: 10          lose cover RAM: 129022M
[    1.109556] obpc kernel:  gran_size: 1M         chunk_size: 128M         num_reg: 10          lose cover RAM: 129022M
[    1.109562] obpc kernel:  gran_size: 1M         chunk_size: 256M         num_reg: 10          lose cover RAM: 129022M
[    1.109566] obpc kernel:  gran_size: 1M         chunk_size: 512M         num_reg: 10          lose cover RAM: 129020M
[    1.109574] obpc kernel:  gran_size: 1M         chunk_size: 1G         num_reg: 10          lose cover RAM: 129020M
[    1.109578] obpc kernel:  gran_size: 1M         chunk_size: 2G         num_reg: 10          lose cover RAM: 129020M
[    1.109581] obpc kernel:  gran_size: 2M         chunk_size: 2M         num_reg: 10          lose cover RAM: 129022M
[    1.109587] obpc kernel:  gran_size: 2M         chunk_size: 4M         num_reg: 10          lose cover RAM: 129022M
[    1.109593] obpc kernel:  gran_size: 2M         chunk_size: 8M         num_reg: 10          lose cover RAM: 129022M
[    1.109599] obpc kernel:  gran_size: 2M         chunk_size: 16M         num_reg: 10          lose cover RAM: 129022M
[    1.109603] obpc kernel:  gran_size: 2M         chunk_size: 32M         num_reg: 10          lose cover RAM: 129022M
[    1.109607] obpc kernel:  gran_size: 2M         chunk_size: 64M         num_reg: 10          lose cover RAM: 129022M
[    1.109614] obpc kernel:  gran_size: 2M         chunk_size: 128M         num_reg: 10          lose cover RAM: 129022M
[    1.109617] obpc kernel:  gran_size: 2M         chunk_size: 256M         num_reg: 10          lose cover RAM: 129022M
[    1.109624] obpc kernel:  gran_size: 2M         chunk_size: 512M         num_reg: 10          lose cover RAM: 129020M
[    1.109628] obpc kernel:  gran_size: 2M         chunk_size: 1G         num_reg: 10          lose cover RAM: 129020M
[    1.109634] obpc kernel:  gran_size: 2M         chunk_size: 2G         num_reg: 10          lose cover RAM: 129020M
[    1.109637] obpc kernel:  gran_size: 4M         chunk_size: 4M         num_reg: 10          lose cover RAM: 129022M
[    1.109641] obpc kernel:  gran_size: 4M         chunk_size: 8M         num_reg: 10          lose cover RAM: 129022M
[    1.109647] obpc kernel:  gran_size: 4M         chunk_size: 16M         num_reg: 10          lose cover RAM: 129022M
[    1.109652] obpc kernel:  gran_size: 4M         chunk_size: 32M         num_reg: 10          lose cover RAM: 129022M
[    1.109658] obpc kernel:  gran_size: 4M         chunk_size: 64M         num_reg: 10          lose cover RAM: 129022M
[    1.109663] obpc kernel:  gran_size: 4M         chunk_size: 128M         num_reg: 10          lose cover RAM: 129022M
[    1.109668] obpc kernel:  gran_size: 4M         chunk_size: 256M         num_reg: 10          lose cover RAM: 129022M
[    1.109673] obpc kernel:  gran_size: 4M         chunk_size: 512M         num_reg: 10          lose cover RAM: 129020M
[    1.109678] obpc kernel:  gran_size: 4M         chunk_size: 1G         num_reg: 10          lose cover RAM: 129020M
[    1.109685] obpc kernel:  gran_size: 4M         chunk_size: 2G         num_reg: 10          lose cover RAM: 129020M
[    1.109689] obpc kernel:  gran_size: 8M         chunk_size: 8M         num_reg: 10          lose cover RAM: 129022M
[    1.109694] obpc kernel:  gran_size: 8M         chunk_size: 16M         num_reg: 10          lose cover RAM: 129022M
[    1.109698] obpc kernel:  gran_size: 8M         chunk_size: 32M         num_reg: 10          lose cover RAM: 129022M
[    1.109701] obpc kernel:  gran_size: 8M         chunk_size: 64M         num_reg: 10          lose cover RAM: 129022M
[    1.109708] obpc kernel:  gran_size: 8M         chunk_size: 128M         num_reg: 10          lose cover RAM: 129022M
[    1.109711] obpc kernel:  gran_size: 8M         chunk_size: 256M         num_reg: 10          lose cover RAM: 129022M
[    1.109717] obpc kernel:  gran_size: 8M         chunk_size: 512M         num_reg: 10          lose cover RAM: 129020M
[    1.109720] obpc kernel:  gran_size: 8M         chunk_size: 1G         num_reg: 10          lose cover RAM: 129020M
[    1.109727] obpc kernel:  gran_size: 8M         chunk_size: 2G         num_reg: 10          lose cover RAM: 129020M
[    1.109731] obpc kernel:  gran_size: 16M         chunk_size: 16M         num_reg: 10          lose cover RAM: 129022M
[    1.109736] obpc kernel:  gran_size: 16M         chunk_size: 32M         num_reg: 10          lose cover RAM: 129022M
[    1.109741] obpc kernel:  gran_size: 16M         chunk_size: 64M         num_reg: 10          lose cover RAM: 129022M
[    1.109746] obpc kernel:  gran_size: 16M         chunk_size: 128M         num_reg: 10          lose cover RAM: 129022M
[    1.109751] obpc kernel:  gran_size: 16M         chunk_size: 256M         num_reg: 10          lose cover RAM: 129022M
[    1.109755] obpc kernel:  gran_size: 16M         chunk_size: 512M         num_reg: 10          lose cover RAM: 129020M
[    1.109758] obpc kernel:  gran_size: 16M         chunk_size: 1G         num_reg: 10          lose cover RAM: 129020M
[    1.109764] obpc kernel:  gran_size: 16M         chunk_size: 2G         num_reg: 10          lose cover RAM: 129020M
[    1.109768] obpc kernel:  gran_size: 32M         chunk_size: 32M         num_reg: 10          lose cover RAM: 129022M
[    1.109775] obpc kernel:  gran_size: 32M         chunk_size: 64M         num_reg: 10          lose cover RAM: 129022M
[    1.109780] obpc kernel:  gran_size: 32M         chunk_size: 128M         num_reg: 10          lose cover RAM: 129022M
[    1.109787] obpc kernel:  gran_size: 32M         chunk_size: 256M         num_reg: 10          lose cover RAM: 129022M
[    1.109791] obpc kernel:  gran_size: 32M         chunk_size: 512M         num_reg: 10          lose cover RAM: 129020M
[    1.109795] obpc kernel:  gran_size: 32M         chunk_size: 1G         num_reg: 10          lose cover RAM: 129020M
[    1.109801] obpc kernel:  gran_size: 32M         chunk_size: 2G         num_reg: 10          lose cover RAM: 129020M
[    1.109805] obpc kernel:  gran_size: 64M         chunk_size: 64M         num_reg: 10          lose cover RAM: 129022M
[    1.109811] obpc kernel:  gran_size: 64M         chunk_size: 128M         num_reg: 10          lose cover RAM: 129022M
[    1.109814] obpc kernel:  gran_size: 64M         chunk_size: 256M         num_reg: 10          lose cover RAM: 129022M
[    1.109818] obpc kernel:  gran_size: 64M         chunk_size: 512M         num_reg: 10          lose cover RAM: 129020M
[    1.109825] obpc kernel:  gran_size: 64M         chunk_size: 1G         num_reg: 10          lose cover RAM: 129020M
[    1.109829] obpc kernel:  gran_size: 64M         chunk_size: 2G         num_reg: 10          lose cover RAM: 129020M
[    1.109837] obpc kernel:  gran_size: 128M         chunk_size: 128M         num_reg: 10          lose cover RAM: 129022M
[    1.109841] obpc kernel:  gran_size: 128M         chunk_size: 256M         num_reg: 10          lose cover RAM: 129022M
[    1.109848] obpc kernel:  gran_size: 128M         chunk_size: 512M         num_reg: 10          lose cover RAM: 129020M
[    1.109853] obpc kernel:  gran_size: 128M         chunk_size: 1G         num_reg: 10          lose cover RAM: 129020M
[    1.109857] obpc kernel:  gran_size: 128M         chunk_size: 2G         num_reg: 10          lose cover RAM: 129020M
[    1.109862] obpc kernel:  gran_size: 256M         chunk_size: 256M         num_reg: 10          lose cover RAM: 129022M
[    1.109865] obpc kernel:  gran_size: 256M         chunk_size: 512M         num_reg: 10          lose cover RAM: 129020M
[    1.109871] obpc kernel:  gran_size: 256M         chunk_size: 1G         num_reg: 10          lose cover RAM: 129020M
[    1.109875] obpc kernel:  gran_size: 256M         chunk_size: 2G         num_reg: 10          lose cover RAM: 129020M
[    1.109880] obpc kernel:  gran_size: 512M         chunk_size: 512M         num_reg: 10          lose cover RAM: 129276M
[    1.109884] obpc kernel:  gran_size: 512M         chunk_size: 1G         num_reg: 10          lose cover RAM: 129276M
[    1.109888] obpc kernel:  gran_size: 512M         chunk_size: 2G         num_reg: 10          lose cover RAM: 129276M
[    1.109894] obpc kernel:  gran_size: 1G         chunk_size: 1G         num_reg: 10          lose cover RAM: 129784M
[    1.109898] obpc kernel:  gran_size: 1G         chunk_size: 2G         num_reg: 10          lose cover RAM: 129784M
[    1.109904] obpc kernel:  gran_size: 2G         chunk_size: 2G         num_reg: 10          lose cover RAM: 130800M
[    1.109909] obpc kernel: mtrr_cleanup: can not find optimal value
[    1.109915] obpc kernel: please specify mtrr_gran_size/mtrr_chunk_size
[    1.109919] obpc kernel: MTRR map: 8 entries (3 fixed + 5 variable; max 23), built from 10 variable MTRRs
[    1.109926] obpc kernel: x86/PAT: Configuration [0-7]: WB  WC  UC- UC  WB  WP  UC- WT  
[    1.109929] obpc kernel: e820: update [mem 0x70000000-0xffffffff] usable ==> reserved
[    1.109935] obpc kernel: e820: update [mem 0x2080000000-0x20800fffff] usable ==> reserved
[    1.109941] obpc kernel: x2apic: enabled by BIOS, switching to x2apic ops
[    1.109946] obpc kernel: last_pfn = 0x64000 max_arch_pfn = 0x400000000
[    1.109952] obpc kernel: esrt: Reserving ESRT space from 0x0000000050df1e98 to 0x0000000050df1fe8.
[    1.109959] obpc kernel: e820: update [mem 0x50df1000-0x50df1fff] usable ==> reserved
[    1.109964] obpc kernel: Using GB pages for direct mapping
[    1.109971] obpc kernel: secureboot: Secure boot disabled
[    1.109977] obpc kernel: RAMDISK: [mem 0x3d22c000-0x4046efff]
[    1.109981] obpc kernel: ACPI: Early table checksum verification disabled
[    1.109986] obpc kernel: ACPI: RSDP 0x000000005E8B6014 000024 (v02 ASUS  )
[    1.109993] obpc kernel: ACPI: XSDT 0x000000005E852728 000174 (v01 ASUS   NUC15CR  0000001D AMI  01000013)
[    1.110002] obpc kernel: ACPI: FACP 0x000000005E79E000 000114 (v06 ASUS   NUC15CR  0000001D AMI  01000013)
[    1.110007] obpc kernel: ACPI: DSDT 0x000000005E72D000 070E47 (v02 ASUS   NUC15CR  0000001D INTL 20210930)
[    1.110012] obpc kernel: ACPI: FACS 0x000000005E939000 000040
[    1.110017] obpc kernel: ACPI: SSDT 0x000000005E7B5000 000770 (v02 ASUS   NUC15CR  0000001D INTL 20210930)
[    1.110022] obpc kernel: ACPI: SSDT 0x000000005E7B4000 0005FB (v02 ASUS   NUC15CR  0000001D INTL 20210930)
[    1.110028] obpc kernel: ACPI: SSDT 0x000000005E7B3000 0001AB (v02 ASUS   NUC15CR  0000001D INTL 20210930)
[    1.110033] obpc kernel: ACPI: SSDT 0x000000005E7B2000 000394 (v02 ASUS   NUC15CR  0000001D INTL 20210930)
[    1.110039] obpc kernel: ACPI: SSDT 0x000000005E7B0000 001BAF (v02 ASUS   NUC15CR  0000001D INTL 20210930)
[    1.110044] obpc kernel: ACPI: SSDT 0x000000005E7AE000 001620 (v02 ASUS   NUC15CR  0000001D INTL 20210930)
[    1.110047] obpc kernel: ACPI: SSDT 0x000000005E7AC000 001349 (v02 ASUS   NUC15CR  0000001D INTL 20210930)
[    1.110054] obpc kernel: ACPI: SSDT 0x000000005E7AB000 000FBB (v02 ASUS   NUC15CR  0000001D INTL 20210930)
[    1.110060] obpc kernel: ACPI: SSDT 0x000000005E7A7000 003BC8 (v02 ASUS   NUC15CR  0000001D INTL 20210930)
[    1.110067] obpc kernel: ACPI: DTPR 0x000000005E7A6000 000088 (v01 ASUS   NUC15CR  0000001D      00000000)
[    1.110072] obpc kernel: ACPI: SSDT 0x000000005E7A0000 0053DB (v02 ASUS   NUC15CR  0000001D INTL 20210930)
[    1.110078] obpc kernel: ACPI: SSDT 0x000000005E79F000 000D03 (v02 ASUS   NUC15CR  0000001D INTL 20210930)
[    1.110084] obpc kernel: ACPI: FIDT 0x000000005E72C000 00009C (v01 ASUS   NUC15CR  0000001D AMI  00010013)
[    1.110091] obpc kernel: ACPI: SSDT 0x000000005E7B7000 00038C (v02 ASUS   NUC15CR  0000001D INTL 20210930)
[    1.110096] obpc kernel: ACPI: SSDT 0x000000005E729000 00247E (v02 ASUS   NUC15CR  0000001D INTL 20210930)
[    1.110101] obpc kernel: ACPI: SSDT 0x000000005E71F000 009ADA (v02 ASUS   NUC15CR  00001000 INTL 20210930)
[    1.110107] obpc kernel: ACPI: HPET 0x000000005E7B6000 000038 (v01 ASUS   NUC15CR  0000001D AMI  01000013)
[    1.110111] obpc kernel: ACPI: APIC 0x000000005E71E000 000358 (v05 ASUS   NUC15CR  0000001D AMI  01000013)
[    1.110116] obpc kernel: ACPI: MCFG 0x000000005E71D000 00003C (v01 ASUS   NUC15CR  0000001D AMI  01000013)
[    1.110121] obpc kernel: ACPI: SSDT 0x000000005E710000 00C39C (v02 ASUS   NUC15CR  0000001D INTL 20210930)
[    1.110125] obpc kernel: ACPI: SSDT 0x000000005E70E000 00147F (v02 ASUS   NUC15CR  0000001D INTL 20210930)
[    1.110130] obpc kernel: ACPI: SSDT 0x000000005E70A000 0038A4 (v02 ASUS   NUC15CR  0000001D INTL 20210930)
[    1.110134] obpc kernel: ACPI: UEFI 0x000000005E809000 000048 (v01 ASUS   NUC15CR  0000001D AMI  01000013)
[    1.110139] obpc kernel: ACPI: NHLT 0x000000005E709000 0002E3 (v00 ASUS   NUC15CR  0000001D AMI  01000013)
[    1.110144] obpc kernel: ACPI: LPIT 0x000000005E708000 0000CC (v01 ASUS   NUC15CR  0000001D AMI  01000013)
[    1.110150] obpc kernel: ACPI: WDAT 0x000000005E706000 000134 (v01 ASUS   NUC15CR  0000001D AMI  01000013)
[    1.110154] obpc kernel: ACPI: SSDT 0x000000005E705000 000CA6 (v02 ASUS   NUC15CR  0000001D INTL 20210930)
[    1.110160] obpc kernel: ACPI: SSDT 0x000000005E6FF000 005E42 (v02 ASUS   NUC15CR  0000001D INTL 20210930)
[    1.110165] obpc kernel: ACPI: DBGP 0x000000005E6FE000 000034 (v01 ASUS   NUC15CR  0000001D AMI  01000013)
[    1.110171] obpc kernel: ACPI: DBG2 0x000000005E6FD000 000054 (v00 ASUS   NUC15CR  0000001D AMI  01000013)
[    1.110176] obpc kernel: ACPI: SSDT 0x000000005E6FB000 001AFE (v02 ASUS   NUC15CR  0000001D INTL 20210930)
[    1.110182] obpc kernel: ACPI: DMAR 0x000000005E6FA000 000098 (v01 ASUS   NUC15CR  0000001D AMI  01000013)
[    1.110186] obpc kernel: ACPI: FPDT 0x000000005E6F9000 000044 (v01 ASUS   NUC15CR  0000001D AMI  01000013)
[    1.110192] obpc kernel: ACPI: SSDT 0x000000005E6F7000 001092 (v02 ASUS   NUC15CR  0000001D INTL 20210930)
[    1.110199] obpc kernel: ACPI: SSDT 0x000000005E6F4000 00281A (v02 ASUS   NUC15CR  0000001D INTL 20210930)
[    1.110204] obpc kernel: ACPI: SSDT 0x000000005E6F1000 0028D3 (v02 ASUS   NUC15CR  0000001D INTL 20210930)
[    1.110210] obpc kernel: ACPI: BGRT 0x000000005E6F0000 000038 (v01 ASUS   NUC15CR  0000001D AMI  00010013)
[    1.110214] obpc kernel: ACPI: SSDT 0x000000005E6EE000 0011A0 (v02 ASUS   NUC15CR  0000001D INTL 20210930)
[    1.110221] obpc kernel: ACPI: PHAT 0x000000005E6ED000 000810 (v01 ASUS   NUC15CR  0000001D MSFT 0100000D)
[    1.110225] obpc kernel: ACPI: TPM2 0x000000005E6EC000 00004C (v04 ASUS   NUC15CR  0000001D AMI  00000000)
[    1.110229] obpc kernel: ACPI: WSMT 0x000000005E707000 000028 (v01 ASUS   NUC15CR  0000001D AMI  00010013)
[    1.110235] obpc kernel: ACPI: Reserving FACP table memory at [mem 0x5e79e000-0x5e79e113]
[    1.110239] obpc kernel: ACPI: Reserving DSDT table memory at [mem 0x5e72d000-0x5e79de46]
[    1.110245] obpc kernel: ACPI: Reserving FACS table memory at [mem 0x5e939000-0x5e93903f]
[    1.110248] obpc kernel: ACPI: Reserving SSDT table memory at [mem 0x5e7b5000-0x5e7b576f]
[    1.110254] obpc kernel: ACPI: Reserving SSDT table memory at [mem 0x5e7b4000-0x5e7b45fa]
[    1.110258] obpc kernel: ACPI: Reserving SSDT table memory at [mem 0x5e7b3000-0x5e7b31aa]
[    1.110261] obpc kernel: ACPI: Reserving SSDT table memory at [mem 0x5e7b2000-0x5e7b2393]
[    1.110267] obpc kernel: ACPI: Reserving SSDT table memory at [mem 0x5e7b0000-0x5e7b1bae]
[    1.110271] obpc kernel: ACPI: Reserving SSDT table memory at [mem 0x5e7ae000-0x5e7af61f]
[    1.110275] obpc kernel: ACPI: Reserving SSDT table memory at [mem 0x5e7ac000-0x5e7ad348]
[    1.110278] obpc kernel: ACPI: Reserving SSDT table memory at [mem 0x5e7ab000-0x5e7abfba]
[    1.110282] obpc kernel: ACPI: Reserving SSDT table memory at [mem 0x5e7a7000-0x5e7aabc7]
[    1.110288] obpc kernel: ACPI: Reserving DTPR table memory at [mem 0x5e7a6000-0x5e7a6087]
[    1.110292] obpc kernel: ACPI: Reserving SSDT table memory at [mem 0x5e7a0000-0x5e7a53da]
[    1.110295] obpc kernel: ACPI: Reserving SSDT table memory at [mem 0x5e79f000-0x5e79fd02]
[    1.110299] obpc kernel: ACPI: Reserving FIDT table memory at [mem 0x5e72c000-0x5e72c09b]
[    1.110305] obpc kernel: ACPI: Reserving SSDT table memory at [mem 0x5e7b7000-0x5e7b738b]
[    1.110309] obpc kernel: ACPI: Reserving SSDT table memory at [mem 0x5e729000-0x5e72b47d]
[    1.110312] obpc kernel: ACPI: Reserving SSDT table memory at [mem 0x5e71f000-0x5e728ad9]
[    1.110317] obpc kernel: ACPI: Reserving HPET table memory at [mem 0x5e7b6000-0x5e7b6037]
[    1.110322] obpc kernel: ACPI: Reserving APIC table memory at [mem 0x5e71e000-0x5e71e357]
[    1.110327] obpc kernel: ACPI: Reserving MCFG table memory at [mem 0x5e71d000-0x5e71d03b]
[    1.110331] obpc kernel: ACPI: Reserving SSDT table memory at [mem 0x5e710000-0x5e71c39b]
[    1.110335] obpc kernel: ACPI: Reserving SSDT table memory at [mem 0x5e70e000-0x5e70f47e]
[    1.110339] obpc kernel: ACPI: Reserving SSDT table memory at [mem 0x5e70a000-0x5e70d8a3]
[    1.110344] obpc kernel: ACPI: Reserving UEFI table memory at [mem 0x5e809000-0x5e809047]
[    1.110348] obpc kernel: ACPI: Reserving NHLT table memory at [mem 0x5e709000-0x5e7092e2]
[    1.110351] obpc kernel: ACPI: Reserving LPIT table memory at [mem 0x5e708000-0x5e7080cb]
[    1.110356] obpc kernel: ACPI: Reserving WDAT table memory at [mem 0x5e706000-0x5e706133]
[    1.110360] obpc kernel: ACPI: Reserving SSDT table memory at [mem 0x5e705000-0x5e705ca5]
[    1.110363] obpc kernel: ACPI: Reserving SSDT table memory at [mem 0x5e6ff000-0x5e704e41]
[    1.110367] obpc kernel: ACPI: Reserving DBGP table memory at [mem 0x5e6fe000-0x5e6fe033]
[    1.110372] obpc kernel: ACPI: Reserving DBG2 table memory at [mem 0x5e6fd000-0x5e6fd053]
[    1.110375] obpc kernel: ACPI: Reserving SSDT table memory at [mem 0x5e6fb000-0x5e6fcafd]
[    1.110378] obpc kernel: ACPI: Reserving DMAR table memory at [mem 0x5e6fa000-0x5e6fa097]
[    1.110381] obpc kernel: ACPI: Reserving FPDT table memory at [mem 0x5e6f9000-0x5e6f9043]
[    1.110384] obpc kernel: ACPI: Reserving SSDT table memory at [mem 0x5e6f7000-0x5e6f8091]
[    1.110389] obpc kernel: ACPI: Reserving SSDT table memory at [mem 0x5e6f4000-0x5e6f6819]
[    1.110392] obpc kernel: ACPI: Reserving SSDT table memory at [mem 0x5e6f1000-0x5e6f38d2]
[    1.110395] obpc kernel: ACPI: Reserving BGRT table memory at [mem 0x5e6f0000-0x5e6f0037]
[    1.110399] obpc kernel: ACPI: Reserving SSDT table memory at [mem 0x5e6ee000-0x5e6ef19f]
[    1.110404] obpc kernel: ACPI: Reserving PHAT table memory at [mem 0x5e6ed000-0x5e6ed80f]
[    1.110407] obpc kernel: ACPI: Reserving TPM2 table memory at [mem 0x5e6ec000-0x5e6ec04b]
[    1.110410] obpc kernel: ACPI: Reserving WSMT table memory at [mem 0x5e707000-0x5e707027]
[    1.110416] obpc kernel: APIC: Switched APIC routing to: cluster x2apic
[    1.110421] obpc kernel: No NUMA configuration found
[    1.110428] obpc kernel: Faking a node at [mem 0x0000000000000000-0x000000207fffffff]
[    1.110434] obpc kernel: NODE_DATA(0) allocated [mem 0x207ffd5280-0x207fffffff]
[    1.110438] obpc kernel: crashkernel reserved: 0x000000002d000000 - 0x000000003d000000 (256 MB)
[    1.110444] obpc kernel: Zone ranges:
[    1.110449] obpc kernel:   DMA      [mem 0x0000000000001000-0x0000000000ffffff]
[    1.110454] obpc kernel:   DMA32    [mem 0x0000000001000000-0x00000000ffffffff]
[    1.110458] obpc kernel:   Normal   [mem 0x0000000100000000-0x000000207fffffff]
[    1.110462] obpc kernel:   Device   empty
[    1.110467] obpc kernel: Movable zone start for each node
[    1.110470] obpc kernel: Early memory node ranges
[    1.110475] obpc kernel:   node   0: [mem 0x0000000000001000-0x000000000009efff]
[    1.110478] obpc kernel:   node   0: [mem 0x0000000000100000-0x00000000545f1fff]
[    1.110481] obpc kernel:   node   0: [mem 0x0000000063fff000-0x0000000063ffffff]
[    1.110486] obpc kernel:   node   0: [mem 0x0000000100000000-0x000000207fffffff]
[    1.110491] obpc kernel: Initmem setup node 0 [mem 0x0000000000001000-0x000000207fffffff]
[    1.110495] obpc kernel: On node 0, zone DMA: 1 pages in unavailable ranges
[    1.110500] obpc kernel: On node 0, zone DMA: 97 pages in unavailable ranges
[    1.110507] obpc kernel: On node 0, zone DMA32: 31245 pages in unavailable ranges
[    1.110512] obpc kernel: On node 0, zone Normal: 16384 pages in unavailable ranges
[    1.110517] obpc kernel: ACPI: PM-Timer IO Port: 0x1808
[    1.110523] obpc kernel: ACPI: X2APIC_NMI (uid[0xffffffff] high level lint[0x1])
[    1.110529] obpc kernel: IOAPIC[0]: apic_id 2, version 32, address 0xfec00000, GSI 0-119
[    1.110535] obpc kernel: ACPI: INT_SRC_OVR (bus 0 bus_irq 0 global_irq 2 dfl dfl)
[    1.110539] obpc kernel: ACPI: INT_SRC_OVR (bus 0 bus_irq 9 global_irq 9 high level)
[    1.110545] obpc kernel: ACPI: Using ACPI (MADT) for SMP configuration information
[    1.110548] obpc kernel: ACPI: HPET id: 0x8086a201 base: 0xfed00000
[    1.110554] obpc kernel: e820: update [mem 0x483a2000-0x483d0fff] usable ==> reserved
[    1.110559] obpc kernel: TSC deadline timer available
[    1.110566] obpc kernel: CPU topo: Max. logical packages:   1
[    1.110571] obpc kernel: CPU topo: Max. logical nodes:      1
[    1.110577] obpc kernel: CPU topo: Num. nodes per package:  1
[    1.110580] obpc kernel: CPU topo: Max. logical dies:       1
[    1.110585] obpc kernel: CPU topo: Max. dies per package:   1
[    1.110590] obpc kernel: CPU topo: Max. threads per core:   1
[    1.110595] obpc kernel: CPU topo: Num. cores per package:    16
[    1.110599] obpc kernel: CPU topo: Num. threads per package:  16
[    1.110605] obpc kernel: CPU topo: Allowing 16 present CPUs plus 0 hotplug CPUs
[    1.110609] obpc kernel: PM: hibernation: Registered nosave memory: [mem 0x00000000-0x00000fff]
[    1.110612] obpc kernel: PM: hibernation: Registered nosave memory: [mem 0x0009f000-0x000fffff]
[    1.110618] obpc kernel: PM: hibernation: Registered nosave memory: [mem 0x483a2000-0x483d0fff]
[    1.110623] obpc kernel: PM: hibernation: Registered nosave memory: [mem 0x50df1000-0x50df1fff]
[    1.110628] obpc kernel: PM: hibernation: Registered nosave memory: [mem 0x545f2000-0x63ffefff]
[    1.110632] obpc kernel: PM: hibernation: Registered nosave memory: [mem 0x64000000-0xffffffff]
[    1.110637] obpc kernel: [mem 0x78800000-0xfdffffff] available for PCI devices
[    1.110642] obpc kernel: Booting paravirtualized kernel on bare hardware
[    1.110646] obpc kernel: clocksource: refined-jiffies: mask: 0xffffffff max_cycles: 0xffffffff, max_idle_ns: 1910969940391419 ns
[    1.110652] obpc kernel: setup_percpu: NR_CPUS:8192 nr_cpumask_bits:16 nr_cpu_ids:16 nr_node_ids:1
[    1.110658] obpc kernel: percpu: Embedded 84 pages/cpu s221184 r8192 d114688 u524288
[    1.110663] obpc kernel: pcpu-alloc: s221184 r8192 d114688 u524288 alloc=1*2097152
[    1.110669] obpc kernel: pcpu-alloc: [0] 00 01 02 03 [0] 04 05 06 07 
[    1.110673] obpc kernel: pcpu-alloc: [0] 08 09 10 11 [0] 12 13 14 15 
[    1.110680] obpc kernel: Kernel command line: BOOT_IMAGE=(hd0,gpt5)/vmlinuz-6.19.14-200.fc43.x86_64 root=UUID=34e34fc2-47b6-41bd-b739-8a1c79788cb2 ro rootflags=subvol=root rhgb quiet module_blacklist=nouveau,nova_core rd.driver.blacklist=nouveau,nova_core modprobe.blacklist=nouveau,nova_core pcie_aspm.policy=performance thunderbolt.clx=0 pcie_port_pm=off pci=realloc=off,pcie_bus_perf,hpmmioprefsize=256M,resource_alignment=35@0000:03:00.0 crashkernel=256M iommu=off intel_iommu=off thunderbolt.dyndbg=+pflm thunderbolt.host_reset=false
[    1.110695] obpc kernel: DMAR: IOMMU disabled
[    1.110702] obpc kernel: Unknown kernel command line parameters "rhgb", will be passed to user space.
[    1.110707] obpc kernel: printk: log buffer data + meta data: 262144 + 917504 = 1179648 bytes
[    1.110714] obpc kernel: Dentry cache hash table entries: 8388608 (order: 14, 67108864 bytes, linear)
[    1.110721] obpc kernel: Inode-cache hash table entries: 4194304 (order: 13, 33554432 bytes, linear)
[    1.110724] obpc kernel: Fallback order for Node 0: 0 
[    1.110730] obpc kernel: Built 1 zonelists, mobility grouping on.  Total pages: 33375633
[    1.110733] obpc kernel: Policy zone: Normal
[    1.110737] obpc kernel: mem auto-init: stack:all(zero), heap alloc:on, heap free:off
[    1.110742] obpc kernel: SLUB: HWalign=64, Order=0-3, MinObjects=0, CPUs=16, Nodes=1
[    1.110747] obpc kernel: ftrace: allocating 63440 entries in 248 pages
[    1.110754] obpc kernel: ftrace: allocated 248 pages with 5 groups
[    1.110758] obpc kernel: Dynamic Preempt: lazy
[    1.110764] obpc kernel: rcu: Preemptible hierarchical RCU implementation.
[    1.110769] obpc kernel: rcu:         RCU event tracing is enabled.
[    1.110775] obpc kernel: rcu:         RCU restricting CPUs from NR_CPUS=8192 to nr_cpu_ids=16.
[    1.110778] obpc kernel:         Trampoline variant of Tasks RCU enabled.
[    1.110785] obpc kernel:         Rude variant of Tasks RCU enabled.
[    1.110790] obpc kernel:         Tracing variant of Tasks RCU enabled.
[    1.110794] obpc kernel: rcu: RCU calculated value of scheduler-enlistment delay is 100 jiffies.
[    1.110798] obpc kernel: rcu: Adjusting geometry for rcu_fanout_leaf=16, nr_cpu_ids=16
[    1.110802] obpc kernel: RCU Tasks: Setting shift to 4 and lim to 1 rcu_task_cb_adjust=1 rcu_task_cpu_ids=16.
[    1.110805] obpc kernel: RCU Tasks Rude: Setting shift to 4 and lim to 1 rcu_task_cb_adjust=1 rcu_task_cpu_ids=16.
[    1.110811] obpc kernel: RCU Tasks Trace: Setting shift to 4 and lim to 1 rcu_task_cb_adjust=1 rcu_task_cpu_ids=16.
[    1.110818] obpc kernel: NR_IRQS: 524544, nr_irqs: 2184, preallocated irqs: 16
[    1.110821] obpc kernel: rcu: srcu_init: Setting srcu_struct sizes based on contention.
[    1.110827] obpc kernel: kfence: initialized - using 2097152 bytes for 255 objects at 0x(____ptrval____)-0x(____ptrval____)
[    1.110833] obpc kernel: Console: colour dummy device 80x25
[    1.110838] obpc kernel: printk: legacy console [tty0] enabled
[    1.110842] obpc kernel: ACPI: Core revision 20250807
[    1.110847] obpc kernel: hpet: HPET dysfunctional in PC10. Force disabled.
[    1.110853] obpc kernel: APIC: Switch to symmetric I/O mode setup
[    1.110859] obpc kernel: DMAR: Host address width 42
[    1.110864] obpc kernel: DMAR: DRHD base: 0x000000fc800000 flags: 0x0
[    1.110868] obpc kernel: DMAR: dmar0: reg_base_addr fc800000 ver 7:0 cap c9de008cee690462 ecap 12ca9a00f0ef5e
[    1.110871] obpc kernel: DMAR: DRHD base: 0x000000fc801000 flags: 0x1
[    1.110878] obpc kernel: DMAR: dmar1: reg_base_addr fc801000 ver 7:0 cap c9de008cee690462 ecap 12ca9a00f0efde
[    1.110884] obpc kernel: DMAR: SATC flags: 0x1
[    1.110890] obpc kernel: DMAR-IR: IOAPIC id 2 under DRHD base  0xfc801000 IOMMU 1
[    1.110894] obpc kernel: DMAR-IR: HPET id 0 under DRHD base 0xfc801000
[    1.110898] obpc kernel: DMAR-IR: Queued invalidation will be enabled to support x2apic and Intr-remapping.
[    1.110901] obpc kernel: DMAR-IR: Enabled IRQ remapping in x2apic mode
[    1.110907] obpc kernel: clocksource: tsc-early: mask: 0xffffffffffffffff max_cycles: 0x6a464ae9873, max_idle_ns: 881590529744 ns
[    1.110912] obpc kernel: Calibrating delay loop (skipped), value calculated using timer frequency.. 7372.80 BogoMIPS (lpj=3686400)
[    1.110916] obpc kernel: CPU0: Thermal monitoring enabled (TM1)
[    1.110923] obpc kernel: x86/cpu: User Mode Instruction Prevention (UMIP) activated
[    1.110930] obpc kernel: CET detected: Indirect Branch Tracking enabled
[    1.110933] obpc kernel: Last level iTLB entries: 4KB 0, 2MB 0, 4MB 0
[    1.110936] obpc kernel: Last level dTLB entries: 4KB 0, 2MB 0, 4MB 0, 1GB 0
[    1.110939] obpc kernel: process: using mwait in idle threads
[    1.110946] obpc kernel: mitigations: Enabled attack vectors: user_kernel, user_user, guest_host, guest_guest, SMT mitigations: auto
[    1.110951] obpc kernel: Speculative Store Bypass: Mitigation: Speculative Store Bypass disabled via prctl
[    1.110956] obpc kernel: Spectre V2 : Mitigation: Enhanced / Automatic IBRS
[    1.110962] obpc kernel: VMSCAPE: Mitigation: IBPB before exit to userspace
[    1.110966] obpc kernel: Spectre V1 : Mitigation: usercopy/swapgs barriers and __user pointer sanitization
[    1.110971] obpc kernel: Spectre V2 : mitigation: Enabling conditional Indirect Branch Prediction Barrier
[    1.110974] obpc kernel: x86/fpu: Supporting XSAVE feature 0x001: 'x87 floating point registers'
[    1.110977] obpc kernel: x86/fpu: Supporting XSAVE feature 0x002: 'SSE registers'
[    1.110983] obpc kernel: x86/fpu: Supporting XSAVE feature 0x004: 'AVX registers'
[    1.110986] obpc kernel: x86/fpu: Supporting XSAVE feature 0x200: 'Protection Keys User registers'
[    1.110991] obpc kernel: x86/fpu: Supporting XSAVE feature 0x800: 'Control-flow User registers'
[    1.110995] obpc kernel: x86/fpu: Supporting XSAVE feature 0x1000: 'Control-flow Kernel registers (KVM only)'
[    1.110998] obpc kernel: x86/fpu: xstate_offset[2]:  576, xstate_sizes[2]:  256
[    1.111006] obpc kernel: x86/fpu: xstate_offset[9]:  832, xstate_sizes[9]:    8
[    1.111009] obpc kernel: x86/fpu: xstate_offset[11]:  840, xstate_sizes[11]:   16
[    1.111013] obpc kernel: x86/fpu: xstate_offset[12]:  856, xstate_sizes[12]:   24
[    1.111018] obpc kernel: x86/fpu: Enabled xstate features 0x1a07, context size is 880 bytes, using 'compacted' format.
[    1.111021] obpc kernel: Freeing SMP alternatives memory: 56K
[    1.111026] obpc kernel: pid_max: default: 32768 minimum: 301
[    1.111029] obpc kernel: Yama: becoming mindful.
[    1.111033] obpc kernel: SELinux:  Initializing.
[    1.111036] obpc kernel: LSM support for eBPF active
[    1.111039] obpc kernel: landlock: Up and running.
[    1.111043] obpc kernel: Mount-cache hash table entries: 131072 (order: 8, 1048576 bytes, linear)
[    1.111047] obpc kernel: Mountpoint-cache hash table entries: 131072 (order: 8, 1048576 bytes, linear)
[    1.111050] obpc kernel: smpboot: CPU0: Intel(R) Core(TM) Ultra 9 285H (family: 0x6, model: 0xc5, stepping: 0x2)
[    1.111054] obpc kernel: Performance Events: XSAVE Architectural LBR, PEBS fmt5+-baseline,  AnyThread deprecated, ArrowLake-H Hybrid events, 32-deep LBR, full-width counters, Intel PMU driver.
[    1.111059] obpc kernel: core: cpu_core PMU driver: 
[    1.111063] obpc kernel: ... version:                   5
[    1.111066] obpc kernel: ... bit width:                 48
[    1.111069] obpc kernel: ... generic counters:          10
[    1.111073] obpc kernel: ... generic bitmap:            00000000000003ff
[    1.111078] obpc kernel: ... fixed-purpose counters:    4
[    1.111081] obpc kernel: ... fixed-purpose bitmap:      000000000000000f
[    1.111084] obpc kernel: ... value mask:                0000ffffffffffff
[    1.111088] obpc kernel: ... max period:                00007fffffffffff
[    1.111091] obpc kernel: ... global_ctrl mask:          0001000f000003ff
[    1.111094] obpc kernel: signal: max sigframe size: 3632
[    1.111097] obpc kernel: Estimated ratio of average max frequency by base frequency (times 1024): 1411
[    1.111101] obpc kernel: rcu: Hierarchical SRCU implementation.
[    1.111104] obpc kernel: rcu:         Max phase no-delay instances is 400.
[    1.111107] obpc kernel: Timer migration: 2 hierarchy levels; 8 children per group; 2 crossnode level
[    1.111111] obpc kernel: NMI watchdog: Enabled. Permanently consumes one hw-PMU counter.
[    1.111114] obpc kernel: smp: Bringing up secondary CPUs ...
[    1.111117] obpc kernel: smpboot: x86: Booting SMP configuration:
[    1.111121] obpc kernel: .... node  #0, CPUs:        #1  #2  #3  #4  #5  #6  #7  #8  #9 #10 #11 #12 #13 #14 #15
[    1.111125] obpc kernel: core: The event 0x5d0 is not supported as an auto-counter reload event.
[    1.111129] obpc kernel: core: cpu_atom PMU driver: 
[    1.111132] obpc kernel: ... version:                   5
[    1.111135] obpc kernel: ... bit width:                 48
[    1.111138] obpc kernel: ... generic counters:          8
[    1.111141] obpc kernel: ... generic bitmap:            00000000000000ff
[    1.111144] obpc kernel: ... fixed-purpose counters:    6
[    1.111147] obpc kernel: ... fixed-purpose bitmap:      0000000000000077
[    1.111150] obpc kernel: ... value mask:                0000ffffffffffff
[    1.111152] obpc kernel: ... max period:                00007fffffffffff
[    1.111156] obpc kernel: ... global_ctrl mask:          00000077000000ff
[    1.111159] obpc kernel: core: cpu_lowpower PMU driver: 
[    1.111162] obpc kernel: ... version:                   5
[    1.111165] obpc kernel: ... bit width:                 48
[    1.111168] obpc kernel: ... generic counters:          8
[    1.111171] obpc kernel: ... generic bitmap:            00000000000000ff
[    1.111174] obpc kernel: ... fixed-purpose counters:    3
[    1.111178] obpc kernel: ... fixed-purpose bitmap:      0000000000000007
[    1.111181] obpc kernel: ... value mask:                0000ffffffffffff
[    1.111184] obpc kernel: ... max period:                00007fffffffffff
[    1.111186] obpc kernel: ... global_ctrl mask:          00000007000000ff
[    1.111191] obpc kernel: smp: Brought up 1 node, 16 CPUs
[    1.111196] obpc kernel: smpboot: Total of 16 processors activated (117964.80 BogoMIPS)
[    1.111200] obpc kernel: Memory: 130695072K/133502532K available (22601K kernel code, 4588K rwdata, 17852K rodata, 5200K init, 5788K bss, 2777556K reserved, 0K cma-reserved)
[    1.111204] obpc kernel: devtmpfs: initialized
[    1.111210] obpc kernel: x86/mm: Memory block size: 2048MB
[    1.111216] obpc kernel: ACPI: PM: Registering ACPI NVS region [mem 0x5e7b8000-0x5e93efff] (1601536 bytes)
[    1.111220] obpc kernel: clocksource: jiffies: mask: 0xffffffff max_cycles: 0xffffffff, max_idle_ns: 1911260446275000 ns
[    1.111224] obpc kernel: posixtimers hash table entries: 8192 (order: 5, 131072 bytes, linear)
[    1.111228] obpc kernel: futex hash table entries: 4096 (262144 bytes on 1 NUMA nodes, total 256 KiB, linear).
[    1.111231] obpc kernel: PM: RTC time: 11:43:25, date: 2026-05-08
[    1.111234] obpc kernel: NET: Registered PF_NETLINK/PF_ROUTE protocol family
[    1.111237] obpc kernel: DMA: preallocated 4096 KiB GFP_KERNEL pool for atomic allocations
[    1.111241] obpc kernel: DMA: preallocated 4096 KiB GFP_KERNEL|GFP_DMA pool for atomic allocations
[    1.111245] obpc kernel: DMA: preallocated 4096 KiB GFP_KERNEL|GFP_DMA32 pool for atomic allocations
[    1.111250] obpc kernel: audit: initializing netlink subsys (disabled)
[    1.111254] obpc kernel: audit: type=2000 audit(1778240605.012:1): state=initialized audit_enabled=0 res=1
[    1.111259] obpc kernel: thermal_sys: Registered thermal governor 'fair_share'
[    1.111263] obpc kernel: thermal_sys: Registered thermal governor 'bang_bang'
[    1.111266] obpc kernel: thermal_sys: Registered thermal governor 'step_wise'
[    1.111269] obpc kernel: thermal_sys: Registered thermal governor 'user_space'
[    1.111274] obpc kernel: cpuidle: using governor menu
[    1.111277] obpc kernel: efi: Freeing EFI boot services memory: 202076K
[    1.111281] obpc kernel: acpiphp: ACPI Hot Plug PCI Controller Driver version: 0.5
[    1.111286] obpc kernel: PCI: ECAM [mem 0xc0000000-0xcfffffff] (base 0xc0000000) for domain 0000 [bus 00-ff]
[    1.111291] obpc kernel: PCI: Using configuration type 1 for base access
[    1.111297] obpc kernel: kprobes: kprobe jump-optimization is enabled. All kprobes are optimized if possible.
[    1.111304] obpc kernel: HugeTLB: registered 1.00 GiB page size, pre-allocated 0 pages
[    1.111307] obpc kernel: HugeTLB: 16380 KiB vmemmap can be freed for a 1.00 GiB page
[    1.111310] obpc kernel: HugeTLB: registered 2.00 MiB page size, pre-allocated 0 pages
[    1.111315] obpc kernel: HugeTLB: 28 KiB vmemmap can be freed for a 2.00 MiB page
[    1.111318] obpc kernel: raid6: skipped pq benchmark and selected avx2x4
[    1.111322] obpc kernel: raid6: using avx2x2 recovery algorithm
[    1.111326] obpc kernel: ACPI: Added _OSI(Module Device)
[    1.111329] obpc kernel: ACPI: Added _OSI(Processor Device)
[    1.111332] obpc kernel: ACPI: Added _OSI(Processor Aggregator Device)
[    1.111337] obpc kernel: ACPI: 25 ACPI AML tables successfully acquired and loaded
[    1.111342] obpc kernel: ACPI: USB4 _OSC: OS supports USB3+ DisplayPort+ PCIe+ XDomain+
[    1.111348] obpc kernel: ACPI: USB4 _OSC: OS controls USB3+ DisplayPort+ PCIe+ XDomain+
[    1.111352] obpc kernel: ACPI: EC: EC started
[    1.111357] obpc kernel: ACPI: EC: interrupt blocked
[    1.111361] obpc kernel: ACPI: EC: EC_CMD/EC_SC=0x66, EC_DATA=0x62
[    1.111365] obpc kernel: ACPI: \_SB_.PC00.LPCB.H_EC: Boot DSDT EC used to handle transactions
[    1.111369] obpc kernel: ACPI: Interpreter enabled
[    1.111374] obpc kernel: ACPI: PM: (supports S0 S3 S4 S5)
[    1.111379] obpc kernel: ACPI: Using IOAPIC for interrupt routing
[    1.111383] obpc kernel: PCI: Using host bridge windows from ACPI; if necessary, use "pci=nocrs" and report a bug
[    1.111387] obpc kernel: PCI: Ignoring E820 reservations for host bridge windows
[    1.111390] obpc kernel: ACPI: Enabled 13 GPEs in block 00 to 7F
[    1.111395] obpc kernel: ACPI: Enabled 8 GPEs in block 80 to DF
[    1.111398] obpc kernel: ACPI: \_SB_.PC00.RP04.PXP_: New power resource
[    1.111402] obpc kernel: ACPI: \_SB_.PC00.RP05.PXP_: New power resource
[    1.111406] obpc kernel: ACPI: \_SB_.PC00.RP11.PXP_: New power resource
[    1.111410] obpc kernel: ACPI: \_SB_.PC00.RP12.PXP_: New power resource
[    1.111415] obpc kernel: ACPI: \_SB_.PC00.XHCI.RHUB.HS10.BTRT: New power resource
[    1.111421] obpc kernel: ACPI: \_SB_.PC00.XHCI.RHUB.HS10.DBTR: New power resource
[    1.111425] obpc kernel: ACPI: \_SB_.PC00.PAUD: New power resource
[    1.111429] obpc kernel: ACPI: \_SB_.PC00.CNVW.WRST: New power resource
[    1.111432] obpc kernel: ACPI: \_SB_.PC00.TBT0: New power resource
[    1.111437] obpc kernel: ACPI: \_SB_.PC00.TBT1: New power resource
[    1.111440] obpc kernel: ACPI: \_SB_.PC00.D3C_: New power resource
[    1.111445] obpc kernel: ACPI: \_TZ_.FN00: New power resource
[    1.111450] obpc kernel: ACPI: \_TZ_.FN01: New power resource
[    1.111455] obpc kernel: ACPI: \_TZ_.FN02: New power resource
[    1.111460] obpc kernel: ACPI: \_TZ_.FN03: New power resource
[    1.111463] obpc kernel: ACPI: \_TZ_.FN04: New power resource
[    1.111468] obpc kernel: ACPI: \PIN_: New power resource
[    1.111472] obpc kernel: ACPI: PCI Root Bridge [PC00] (domain 0000 [bus 00-fe])
[    1.111611] obpc kernel: acpi PNP0A08:00: _OSC: OS supports [ExtendedConfig ASPM ClockPM Segments MSI EDR HPX-Type3]
[    1.111691] obpc kernel: acpi PNP0A08:00: _OSC: OS now controls [PCIeHotplug SHPCHotplug PME AER PCIeCapability LTR DPC]
[    1.111696] obpc kernel: PCI host bridge to bus 0000:00
[    1.111777] obpc kernel: pci_bus 0000:00: root bus resource [io  0x0000-0x0cf7 window]
[    1.111841] obpc kernel: pci_bus 0000:00: root bus resource [io  0x0d00-0xffff window]
[    1.111907] obpc kernel: pci_bus 0000:00: root bus resource [mem 0x000a0000-0x000bffff window]
[    1.111970] obpc kernel: pci_bus 0000:00: root bus resource [mem 0x80000000-0xbfffffff window]
[    1.112041] obpc kernel: pci_bus 0000:00: root bus resource [mem 0x4000000000-0x3ffbfffffff window]
[    1.112106] obpc kernel: pci_bus 0000:00: root bus resource [bus 00-fe]
[    1.112190] obpc kernel: pci 0000:00:00.0: [8086:7d06] type 00 class 0x060000 conventional PCI endpoint
[    1.112269] obpc kernel: pci 0000:00:01.0: [8086:7ecc] type 01 class 0x060400 PCIe Root Port
[    1.112338] obpc kernel: pci 0000:00:01.0: PCI bridge to [bus 01]
[    1.112409] obpc kernel: pci 0000:00:01.0:   bridge window [mem 0x90300000-0x903fffff]
[    1.112478] obpc kernel: pci 0000:00:01.0: PME# supported from D0 D3hot D3cold
[    1.112546] obpc kernel: pci 0000:00:01.0: PTM enabled (root), 4ns granularity
[    1.112624] obpc kernel: pci 0000:00:02.0: [8086:7d51] type 00 class 0x030000 PCIe Root Complex Integrated Endpoint
[    1.112694] obpc kernel: pci 0000:00:02.0: BAR 0 [mem 0x5837000000-0x5837ffffff 64bit pref]
[    1.112768] obpc kernel: pci 0000:00:02.0: BAR 2 [mem 0x5020000000-0x502fffffff 64bit pref]
[    1.112841] obpc kernel: pci 0000:00:02.0: DMAR: Skip IOMMU disabling for graphics
[    1.112912] obpc kernel: pci 0000:00:02.0: Video device with shadowed ROM at [mem 0x000c0000-0x000dffff]
[    1.112982] obpc kernel: pci 0000:00:02.0: PME# supported from D0 D3hot
[    1.113056] obpc kernel: pci 0000:00:02.0: VF BAR 0 [mem 0x5830000000-0x5830ffffff 64bit pref]
[    1.113127] obpc kernel: pci 0000:00:02.0: VF BAR 0 [mem 0x5830000000-0x5836ffffff 64bit pref]: contains BAR 0 for 7 VFs
[    1.113203] obpc kernel: pci 0000:00:04.0: [8086:7d03] type 00 class 0x118000 conventional PCI endpoint
[    1.113273] obpc kernel: pci 0000:00:04.0: BAR 0 [mem 0x58402c0000-0x58402dffff 64bit]
[    1.113350] obpc kernel: pci 0000:00:07.0: [8086:7ec4] type 01 class 0x060400 PCIe Root Port
[    1.113423] obpc kernel: pci 0000:00:07.0: PCI bridge to [bus 02-2b]
[    1.113494] obpc kernel: pci 0000:00:07.0:   bridge window [io  0x3000-0x3fff]
[    1.113564] obpc kernel: pci 0000:00:07.0:   bridge window [mem 0x80000000-0x89efffff]
[    1.113631] obpc kernel: pci 0000:00:07.0:   bridge window [mem 0x4000000000-0x5013ffffff 64bit pref]
[    1.113698] obpc kernel: pci 0000:00:07.0: PME# supported from D0 D3hot D3cold
[    1.113766] obpc kernel: pci 0000:00:07.0: PTM enabled (root), 4ns granularity
[    1.113842] obpc kernel: pci 0000:00:07.2: [8086:7ec6] type 01 class 0x060400 PCIe Root Port
[    1.113914] obpc kernel: pci 0000:00:07.2: PCI bridge to [bus 2c-55]
[    1.113983] obpc kernel: pci 0000:00:07.2:   bridge window [mem 0x8a000000-0x8fffffff]
[    1.114055] obpc kernel: pci 0000:00:07.2:   bridge window [mem 0x5030000000-0x582fffffff 64bit pref]
[    1.114123] obpc kernel: pci 0000:00:07.2: PME# supported from D0 D3hot D3cold
[    1.114193] obpc kernel: pci 0000:00:07.2: PTM enabled (root), 4ns granularity
[    1.114270] obpc kernel: pci 0000:00:08.0: [8086:774c] type 00 class 0x088000 conventional PCI endpoint
[    1.114342] obpc kernel: pci 0000:00:08.0: BAR 0 [mem 0x5840322000-0x5840322fff 64bit]
[    1.114415] obpc kernel: pci 0000:00:0a.0: [8086:7d0d] type 00 class 0x118000 PCIe Root Complex Integrated Endpoint
[    1.114487] obpc kernel: pci 0000:00:0a.0: BAR 0 [mem 0x5840280000-0x58402bffff 64bit]
[    1.114558] obpc kernel: pci 0000:00:0a.0: enabling Extended Tags
[    1.114633] obpc kernel: pci 0000:00:0b.0: [8086:7d1d] type 00 class 0x120000 PCIe Root Complex Integrated Endpoint
[    1.114702] obpc kernel: pci 0000:00:0b.0: BAR 0 [mem 0x5838000000-0x583fffffff 64bit]
[    1.114771] obpc kernel: pci 0000:00:0b.0: BAR 4 [mem 0x5840321000-0x5840321fff 64bit]
[    1.114846] obpc kernel: pci 0000:00:0d.0: [8086:7ec0] type 00 class 0x0c0330 conventional PCI endpoint
[    1.114914] obpc kernel: pci 0000:00:0d.0: BAR 0 [mem 0x5840300000-0x584030ffff 64bit]
[    1.114983] obpc kernel: pci 0000:00:0d.0: PME# supported from D3hot D3cold
[    1.115061] obpc kernel: pci 0000:00:0d.2: [8086:7ec2] type 00 class 0x0c0340 conventional PCI endpoint
[    1.115131] obpc kernel: pci 0000:00:0d.2: BAR 0 [mem 0x5840240000-0x584027ffff 64bit]
[    1.115200] obpc kernel: pci 0000:00:0d.2: BAR 2 [mem 0x5840320000-0x5840320fff 64bit]
[    1.115269] obpc kernel: pci 0000:00:0d.2: supports D1 D2
[    1.115337] obpc kernel: pci 0000:00:0d.2: PME# supported from D0 D1 D2 D3hot D3cold
[    1.115409] obpc kernel: pci 0000:00:0d.3: [8086:7ec3] type 00 class 0x0c0340 conventional PCI endpoint
[    1.115487] obpc kernel: pci 0000:00:0d.3: BAR 0 [mem 0x5840200000-0x584023ffff 64bit]
[    1.115561] obpc kernel: pci 0000:00:0d.3: BAR 2 [mem 0x584031f000-0x584031ffff 64bit]
[    1.115633] obpc kernel: pci 0000:00:0d.3: supports D1 D2
[    1.115705] obpc kernel: pci 0000:00:0d.3: PME# supported from D0 D1 D2 D3hot D3cold
[    1.115786] obpc kernel: pci 0000:00:12.0: [8086:7745] type 00 class 0x070000 conventional PCI endpoint
[    1.115856] obpc kernel: pci 0000:00:12.0: BAR 0 [mem 0x58402f0000-0x58402fffff 64bit]
[    1.115923] obpc kernel: pci 0000:00:12.0: PME# supported from D0 D3hot
[    1.115995] obpc kernel: pci 0000:00:14.0: [8086:777d] type 00 class 0x0c0330 conventional PCI endpoint
[    1.116069] obpc kernel: pci 0000:00:14.0: BAR 0 [mem 0x58402e0000-0x58402effff 64bit]
[    1.116138] obpc kernel: pci 0000:00:14.0: PME# supported from D3hot D3cold
[    1.116213] obpc kernel: pci 0000:00:14.2: [8086:777f] type 00 class 0x050000 conventional PCI endpoint
[    1.116280] obpc kernel: pci 0000:00:14.2: BAR 0 [mem 0x5840318000-0x584031bfff 64bit]
[    1.116348] obpc kernel: pci 0000:00:14.2: BAR 2 [mem 0x584031e000-0x584031efff 64bit]
[    1.116423] obpc kernel: pci 0000:00:14.3: [8086:7740] type 00 class 0x028000 PCIe Root Complex Integrated Endpoint
[    1.116493] obpc kernel: pci 0000:00:14.3: BAR 0 [mem 0x5840314000-0x5840317fff 64bit]
[    1.116561] obpc kernel: pci 0000:00:14.3: enabling Extended Tags
[    1.116627] obpc kernel: pci 0000:00:14.3: PME# supported from D0 D3hot D3cold
[    1.116714] obpc kernel: pci 0000:00:16.0: [8086:7770] type 00 class 0x078000 conventional PCI endpoint
[    1.116786] obpc kernel: pci 0000:00:16.0: BAR 0 [mem 0x584031d000-0x584031dfff 64bit]
[    1.116861] obpc kernel: pci 0000:00:16.0: PME# supported from D3hot
[    1.116936] obpc kernel: pci 0000:00:1c.0: [8086:773c] type 01 class 0x060400 PCIe Root Port
[    1.117011] obpc kernel: pci 0000:00:1c.0: PCI bridge to [bus 56]
[    1.117081] obpc kernel: pci 0000:00:1c.0:   bridge window [mem 0x90000000-0x902fffff]
[    1.117150] obpc kernel: pci 0000:00:1c.0: PME# supported from D0 D3hot D3cold
[    1.117220] obpc kernel: pci 0000:00:1c.0: PTM enabled (root), 4ns granularity
[    1.117297] obpc kernel: pci 0000:00:1f.0: [8086:7702] type 00 class 0x060100 conventional PCI endpoint
[    1.117370] obpc kernel: pci 0000:00:1f.3: [8086:7728] type 00 class 0x040100 conventional PCI endpoint
[    1.117440] obpc kernel: pci 0000:00:1f.3: BAR 0 [mem 0x5840310000-0x5840313fff 64bit]
[    1.117507] obpc kernel: pci 0000:00:1f.3: BAR 4 [mem 0x5840000000-0x58401fffff 64bit]
[    1.117578] obpc kernel: pci 0000:00:1f.3: PME# supported from D3hot D3cold
[    1.117649] obpc kernel: pci 0000:00:1f.4: [8086:7722] type 00 class 0x0c0500 conventional PCI endpoint
[    1.117717] obpc kernel: pci 0000:00:1f.4: BAR 0 [mem 0x584031c000-0x584031c0ff 64bit]
[    1.117783] obpc kernel: pci 0000:00:1f.4: BAR 4 [io  0xefa0-0xefbf]
[    1.117859] obpc kernel: pci 0000:00:1f.5: [8086:7723] type 00 class 0x0c8000 conventional PCI endpoint
[    1.117927] obpc kernel: pci 0000:00:1f.5: BAR 0 [mem 0xfe010000-0xfe010fff]
[    1.118005] obpc kernel: pci 0000:01:00.0: [144d:a80c] type 00 class 0x010802 PCIe Endpoint
[    1.118076] obpc kernel: pci 0000:01:00.0: BAR 0 [mem 0x90300000-0x90303fff 64bit]
[    1.118145] obpc kernel: pci 0000:00:01.0: PCI bridge to [bus 01]
[    1.118222] obpc kernel: pci 0000:02:00.0: [8086:5786] type 01 class 0x060400 PCIe Switch Upstream Port
[    1.118291] obpc kernel: pci 0000:02:00.0: PCI bridge to [bus 03-2b]
[    1.118363] obpc kernel: pci 0000:02:00.0:   bridge window [io  0x3000-0x3fff]
[    1.118436] obpc kernel: pci 0000:02:00.0:   bridge window [mem 0x80000000-0x89efffff]
[    1.118506] obpc kernel: pci 0000:02:00.0:   bridge window [mem 0x4000000000-0x5013ffffff 64bit pref]
[    1.118583] obpc kernel: pci 0000:02:00.0: enabling Extended Tags
[    1.118659] obpc kernel: pci 0000:02:00.0: supports D1 D2
[    1.118736] obpc kernel: pci 0000:02:00.0: PME# supported from D0 D1 D2 D3hot D3cold
[    1.118808] obpc kernel: pci 0000:02:00.0: PTM enabled, 4ns granularity
[    1.118889] obpc kernel: pci 0000:00:07.0: PCI bridge to [bus 02-2b]
[    1.118969] obpc kernel: pci 0000:03:00.0: [8086:5786] type 01 class 0x060400 PCIe Switch Downstream Port
[    1.119050] obpc kernel: pci 0000:03:00.0: PCI bridge to [bus 04]
[    1.119125] obpc kernel: pci 0000:03:00.0:   bridge window [io  0x3000-0x3fff]
[    1.119197] obpc kernel: pci 0000:03:00.0:   bridge window [mem 0x80000000-0x840fffff]
[    1.119269] obpc kernel: pci 0000:03:00.0:   bridge window [mem 0x4000000000-0x48140fffff 64bit pref]
[    1.119341] obpc kernel: pci 0000:03:00.0: enabling Extended Tags
[    1.119415] obpc kernel: pci 0000:03:00.0: supports D1 D2
[    1.119490] obpc kernel: pci 0000:03:00.0: PME# supported from D0 D1 D2 D3hot D3cold
[    1.119571] obpc kernel: pci 0000:03:01.0: [8086:5786] type 01 class 0x060400 PCIe Switch Downstream Port
[    1.119646] obpc kernel: pci 0000:03:01.0: PCI bridge to [bus 05-11]
[    1.119719] obpc kernel: pci 0000:03:01.0:   bridge window [mem 0x88000000-0x89efffff]
[    1.119792] obpc kernel: pci 0000:03:01.0:   bridge window [mem 0x4d69600000-0x5013ffffff 64bit pref]
[    1.119865] obpc kernel: pci 0000:03:01.0: enabling Extended Tags
[    1.119937] obpc kernel: pci 0000:03:01.0: supports D1 D2
[    1.120074] obpc kernel: pci 0000:03:01.0: PME# supported from D0 D1 D2 D3hot D3cold
[    1.120156] obpc kernel: pci 0000:03:02.0: [8086:5786] type 01 class 0x060400 PCIe Switch Downstream Port
[    1.120232] obpc kernel: pci 0000:03:02.0: PCI bridge to [bus 12-1e]
[    1.120308] obpc kernel: pci 0000:03:02.0:   bridge window [mem 0x86100000-0x87ffffff]
[    1.120381] obpc kernel: pci 0000:03:02.0:   bridge window [mem 0x4abec00000-0x4d695fffff 64bit pref]
[    1.120456] obpc kernel: pci 0000:03:02.0: enabling Extended Tags
[    1.120529] obpc kernel: pci 0000:03:02.0: supports D1 D2
[    1.120604] obpc kernel: pci 0000:03:02.0: PME# supported from D0 D1 D2 D3hot D3cold
[    1.120681] obpc kernel: pci 0000:03:03.0: [8086:5786] type 01 class 0x060400 PCIe Switch Downstream Port
[    1.120756] obpc kernel: pci 0000:03:03.0: PCI bridge to [bus 1f-2b]
[    1.120831] obpc kernel: pci 0000:03:03.0:   bridge window [mem 0x84200000-0x860fffff]
[    1.120906] obpc kernel: pci 0000:03:03.0:   bridge window [mem 0x4814200000-0x4abebfffff 64bit pref]
[    1.120978] obpc kernel: pci 0000:03:03.0: enabling Extended Tags
[    1.121055] obpc kernel: pci 0000:03:03.0: supports D1 D2
[    1.121131] obpc kernel: pci 0000:03:03.0: PME# supported from D0 D1 D2 D3hot D3cold
[    1.121201] obpc kernel: pci 0000:02:00.0: PCI bridge to [bus 03-2b]
[    1.121283] obpc kernel: pci 0000:04:00.0: [10de:2b85] type 00 class 0x030000 PCIe Legacy Endpoint
[    1.121360] obpc kernel: pci 0000:04:00.0: BAR 0 [mem 0x80000000-0x83ffffff]
[    1.121435] obpc kernel: pci 0000:04:00.0: BAR 1 [mem 0x4000000000-0x47ffffffff 64bit pref]
[    1.121510] obpc kernel: pci 0000:04:00.0: BAR 3 [mem 0x4812000000-0x4813ffffff 64bit pref]
[    1.121588] obpc kernel: pci 0000:04:00.0: BAR 5 [io  0x3000-0x307f]
[    1.121665] obpc kernel: pci 0000:04:00.0: ROM [mem 0x84000000-0x8407ffff pref]
[    1.121741] obpc kernel: pci 0000:04:00.0: Enabling HDA controller
[    1.121819] obpc kernel: pci 0000:04:00.0: PME# supported from D0 D3hot
[    1.121895] obpc kernel: pci 0000:04:00.0: VF BAR 0 [mem 0x4814000000-0x481403ffff 64bit pref]
[    1.121969] obpc kernel: pci 0000:04:00.0: VF BAR 0 [mem 0x4814000000-0x481403ffff 64bit pref]: contains BAR 0 for 1 VFs
[    1.122050] obpc kernel: pci 0000:04:00.0: VF BAR 2 [mem 0x4800000000-0x480fffffff 64bit pref]
[    1.122126] obpc kernel: pci 0000:04:00.0: VF BAR 2 [mem 0x4800000000-0x480fffffff 64bit pref]: contains BAR 2 for 1 VFs
[    1.122208] obpc kernel: pci 0000:04:00.0: VF BAR 4 [mem 0x4810000000-0x4811ffffff 64bit pref]
[    1.122284] obpc kernel: pci 0000:04:00.0: VF BAR 4 [mem 0x4810000000-0x4811ffffff 64bit pref]: contains BAR 4 for 1 VFs
[    1.122361] obpc kernel: pci 0000:04:00.0: 8.000 Gb/s available PCIe bandwidth, limited by 2.5 GT/s PCIe x4 link at 0000:00:07.0 (capable of 504.112 Gb/s with 32.0 GT/s PCIe x16 link)
[    1.122442] obpc kernel: pci 0000:04:00.1: [10de:22e8] type 00 class 0x040300 PCIe Endpoint
[    1.122519] obpc kernel: pci 0000:04:00.1: BAR 0 [mem 0x84080000-0x84083fff]
[    1.122592] obpc kernel: pci 0000:03:00.0: PCI bridge to [bus 04]
[    1.122666] obpc kernel: pci 0000:03:01.0: PCI bridge to [bus 05-11]
[    1.122739] obpc kernel: pci 0000:03:02.0: PCI bridge to [bus 12-1e]
[    1.122814] obpc kernel: pci 0000:03:03.0: PCI bridge to [bus 1f-2b]
[    1.122881] obpc kernel: pci 0000:00:07.2: PCI bridge to [bus 2c-55]
[    1.122957] obpc kernel: pci 0000:56:00.0: [8086:125c] type 00 class 0x020000 PCIe Endpoint
[    1.123042] obpc kernel: pci 0000:56:00.0: BAR 0 [mem 0x90100000-0x901fffff]
[    1.123114] obpc kernel: pci 0000:56:00.0: BAR 3 [mem 0x90200000-0x90203fff]
[    1.123184] obpc kernel: pci 0000:56:00.0: ROM [mem 0x90000000-0x900fffff pref]
[    1.123253] obpc kernel: pci 0000:56:00.0: PME# supported from D0 D3hot D3cold
[    1.123324] obpc kernel: pci 0000:00:1c.0: PCI bridge to [bus 56]
[    1.123392] obpc kernel: pci 0000:00:01.0: Max Payload Size set to  256/ 256 (was  256), Max Read Rq  128
[    1.123465] obpc kernel: pci 0000:01:00.0: Max Payload Size set to  256/ 512 (was  256), Max Read Rq  256
[    1.123536] obpc kernel: pci 0000:00:07.0: Max Payload Size set to  128/ 128 (was  128), Max Read Rq  128
[    1.123608] obpc kernel: pci 0000:02:00.0: Max Payload Size set to  128/ 256 (was  128), Max Read Rq  128
[    1.123684] obpc kernel: pci 0000:03:00.0: Max Payload Size set to  128/ 256 (was  128), Max Read Rq  128
[    1.123760] obpc kernel: pci 0000:04:00.0: Max Payload Size set to  128/ 256 (was  128), Max Read Rq  128
[    1.123836] obpc kernel: pci 0000:04:00.1: Max Payload Size set to  128/ 256 (was  128), Max Read Rq  128
[    1.123909] obpc kernel: pci 0000:03:01.0: Max Payload Size set to  128/ 256 (was  128), Max Read Rq  128
[    1.123983] obpc kernel: pci 0000:03:02.0: Max Payload Size set to  128/ 256 (was  128), Max Read Rq  128
[    1.124059] obpc kernel: pci 0000:03:03.0: Max Payload Size set to  128/ 256 (was  128), Max Read Rq  128
[    1.124125] obpc kernel: pci 0000:00:07.2: Max Payload Size set to  128/ 128 (was  128), Max Read Rq  128
[    1.124192] obpc kernel: pci 0000:00:1c.0: Max Payload Size set to  256/ 256 (was  256), Max Read Rq  128
[    1.124263] obpc kernel: pci 0000:56:00.0: Max Payload Size set to  256/ 512 (was  256), Max Read Rq  256
[    1.124270] obpc kernel: ACPI: PCI: Interrupt link LNKA configured for IRQ 0
[    1.124276] obpc kernel: ACPI: PCI: Interrupt link LNKB configured for IRQ 1
[    1.124281] obpc kernel: ACPI: PCI: Interrupt link LNKC configured for IRQ 0
[    1.124285] obpc kernel: ACPI: PCI: Interrupt link LNKD configured for IRQ 0
[    1.124289] obpc kernel: ACPI: PCI: Interrupt link LNKE configured for IRQ 0
[    1.124292] obpc kernel: ACPI: PCI: Interrupt link LNKF configured for IRQ 0
[    1.124297] obpc kernel: ACPI: PCI: Interrupt link LNKG configured for IRQ 0
[    1.124301] obpc kernel: ACPI: PCI: Interrupt link LNKH configured for IRQ 0
[    1.124305] obpc kernel: ACPI: \_SB_.PEPD: Duplicate LPS0 _DSM functions (mask: 0x1)
[    1.124310] obpc kernel: Low-power S0 idle used by default for system suspend
[    1.124315] obpc kernel: ACPI: EC: interrupt unblocked
[    1.124318] obpc kernel: ACPI: EC: event unblocked
[    1.124323] obpc kernel: ACPI: EC: EC_CMD/EC_SC=0x66, EC_DATA=0x62
[    1.124326] obpc kernel: ACPI: EC: GPE=0x6e
[    1.124331] obpc kernel: ACPI: \_SB_.PC00.LPCB.H_EC: Boot DSDT EC initialization complete
[    1.124337] obpc kernel: ACPI: \_SB_.PC00.LPCB.H_EC: EC: Used to handle transactions and events
[    1.124340] obpc kernel: iommu: Default domain type: Translated
[    1.124346] obpc kernel: iommu: DMA domain TLB invalidation policy: lazy mode
[    1.124351] obpc kernel: SCSI subsystem initialized
[    1.124355] obpc kernel: libata version 3.00 loaded.
[    1.124359] obpc kernel: ACPI: bus type USB registered
[    1.124362] obpc kernel: usbcore: registered new interface driver usbfs
[    1.124366] obpc kernel: usbcore: registered new interface driver hub
[    1.124369] obpc kernel: usbcore: registered new device driver usb
[    1.124372] obpc kernel: pps_core: LinuxPPS API ver. 1 registered
[    1.124375] obpc kernel: pps_core: Software ver. 5.3.6 - Copyright 2005-2007 Rodolfo Giometti <giometti@linux.it>
[    1.124378] obpc kernel: PTP clock support registered
[    1.124381] obpc kernel: EDAC MC: Ver: 3.0.0
[    1.124385] obpc kernel: efivars: Registered efivars operations
[    1.124390] obpc kernel: NetLabel: Initializing
[    1.124394] obpc kernel: NetLabel:  domain hash size = 128
[    1.124397] obpc kernel: NetLabel:  protocols = UNLABELED CIPSOv4 CALIPSO
[    1.124400] obpc kernel: NetLabel:  unlabeled traffic allowed by default
[    1.124404] obpc kernel: mctp: management component transport protocol core
[    1.124407] obpc kernel: NET: Registered PF_MCTP protocol family
[    1.124412] obpc kernel: PCI: Using ACPI for IRQ routing
[    1.124415] obpc kernel: PCI: pci_cache_line_size set to 64 bytes
[    1.124484] obpc kernel: pci 0000:00:1f.5: BAR 0 [mem 0xfe010000-0xfe010fff]: can't claim; no compatible bridge window
[    1.124561] obpc kernel: pci 0000:04:00.0: BAR 0 [mem 0x80000000-0x83ffffff]: can't claim; no compatible bridge window
[    1.124637] obpc kernel: pci 0000:04:00.0: BAR 1 [mem 0x4000000000-0x47ffffffff 64bit pref]: can't claim; no compatible bridge window
[    1.124712] obpc kernel: pci 0000:04:00.0: BAR 3 [mem 0x4812000000-0x4813ffffff 64bit pref]: can't claim; no compatible bridge window
[    1.124786] obpc kernel: pci 0000:04:00.0: VF BAR 0 [mem 0x4814000000-0x481403ffff 64bit pref]: can't claim; no compatible bridge window
[    1.124863] obpc kernel: pci 0000:04:00.0: VF BAR 2 [mem 0x4800000000-0x480fffffff 64bit pref]: can't claim; no compatible bridge window
[    1.124937] obpc kernel: pci 0000:04:00.0: VF BAR 4 [mem 0x4810000000-0x4811ffffff 64bit pref]: can't claim; no compatible bridge window
[    1.125016] obpc kernel: pci 0000:04:00.1: BAR 0 [mem 0x84080000-0x84083fff]: can't claim; no compatible bridge window
[    1.125022] obpc kernel: e820: reserve RAM buffer [mem 0x0009f000-0x0009ffff]
[    1.125027] obpc kernel: e820: reserve RAM buffer [mem 0x483a2000-0x4bffffff]
[    1.125031] obpc kernel: e820: reserve RAM buffer [mem 0x50df1000-0x53ffffff]
[    1.125034] obpc kernel: e820: reserve RAM buffer [mem 0x545f2000-0x57ffffff]
[    1.125102] obpc kernel: pci 0000:00:02.0: vgaarb: setting as boot VGA device
[    1.125172] obpc kernel: pci 0000:00:02.0: vgaarb: bridge control possible
[    1.125239] obpc kernel: pci 0000:00:02.0: vgaarb: VGA device added: decodes=io+mem,owns=io+mem,locks=none
[    1.125313] obpc kernel: pci 0000:04:00.0: vgaarb: bridge control possible
[    1.125387] obpc kernel: pci 0000:04:00.0: vgaarb: VGA device added: decodes=io+mem,owns=none,locks=none
[    1.125392] obpc kernel: vgaarb: loaded
[    1.125395] obpc kernel: Monitor-Mwait will be used to enter C-1 state
[    1.125401] obpc kernel: Monitor-Mwait will be used to enter C-2 state
[    1.125405] obpc kernel: Monitor-Mwait will be used to enter C-3 state
[    1.125408] obpc kernel: clocksource: Switched to clocksource tsc-early
[    1.125413] obpc kernel: VFS: Disk quotas dquot_6.6.0
[    1.125418] obpc kernel: VFS: Dquot-cache hash table entries: 512 (order 0, 4096 bytes)
[    1.125421] obpc kernel: pnp: PnP ACPI init
[    1.125496] obpc kernel: system 00:01: [io  0x0680-0x069f] has been reserved
[    1.125563] obpc kernel: system 00:01: [io  0x164e-0x164f] has been reserved
[    1.125632] obpc kernel: system 00:02: [io  0x1854-0x1857] has been reserved
[    1.125701] obpc kernel: system 00:03: [mem 0xfedc0000-0xfedc7fff] has been reserved
[    1.125765] obpc kernel: system 00:03: [mem 0x00000000-0x00000fff] could not be reserved
[    1.125829] obpc kernel: system 00:03: [mem 0x00000000-0x00000fff] could not be reserved
[    1.125892] obpc kernel: system 00:03: [mem 0xc0000000-0xcfffffff] has been reserved
[    1.125954] obpc kernel: system 00:03: [mem 0xfed20000-0xfed7ffff] could not be reserved
[    1.126019] obpc kernel: system 00:03: [mem 0xfc800000-0xfc81ffff] could not be reserved
[    1.126081] obpc kernel: system 00:03: [mem 0xfed45000-0xfed8ffff] could not be reserved
[    1.126143] obpc kernel: system 00:03: [mem 0xfee00000-0xfeefffff] could not be reserved
[    1.126213] obpc kernel: system 00:04: [io  0x2000-0x20fe] has been reserved
[    1.126220] obpc kernel: pnp: PnP ACPI: found 6 devices
[    1.126223] obpc kernel: clocksource: acpi_pm: mask: 0xffffff max_cycles: 0xffffff, max_idle_ns: 2085701024 ns
[    1.126227] obpc kernel: NET: Registered PF_INET protocol family
[    1.126230] obpc kernel: IP idents hash table entries: 262144 (order: 9, 2097152 bytes, linear)
[    1.126234] obpc kernel: tcp_listen_portaddr_hash hash table entries: 65536 (order: 8, 1048576 bytes, linear)
[    1.126238] obpc kernel: Table-perturb hash table entries: 65536 (order: 6, 262144 bytes, linear)
[    1.126241] obpc kernel: TCP established hash table entries: 524288 (order: 10, 4194304 bytes, linear)
[    1.126246] obpc kernel: TCP bind hash table entries: 65536 (order: 9, 2097152 bytes, linear)
[    1.126251] obpc kernel: TCP: Hash tables configured (established 524288 bind 65536)
[    1.126255] obpc kernel: MPTCP token hash table entries: 65536 (order: 9, 1572864 bytes, linear)
[    1.126260] obpc kernel: UDP hash table entries: 65536 (order: 10, 4194304 bytes, linear)
[    1.126265] obpc kernel: UDP-Lite hash table entries: 65536 (order: 10, 4194304 bytes, linear)
[    1.126270] obpc kernel: NET: Registered PF_UNIX/PF_LOCAL protocol family
[    1.126275] obpc kernel: NET: Registered PF_XDP protocol family
[    1.126350] obpc kernel: pci 0000:04:00.0: ROM [mem 0x84000000-0x8407ffff pref]: can't claim; no compatible bridge window
[    1.126426] obpc kernel: pci 0000:03:00.0: bridge window [mem 0x800000000-0x1001ffffff 64bit pref] to [bus 04] add_size 12100000 add_align 800000000
[    1.126501] obpc kernel: pci 0000:03:01.0: bridge window [io  0x1000-0x0fff] to [bus 05-11] add_size 1000
[    1.126575] obpc kernel: pci 0000:03:02.0: bridge window [io  0x1000-0x0fff] to [bus 12-1e] add_size 1000
[    1.126650] obpc kernel: pci 0000:03:03.0: bridge window [io  0x1000-0x0fff] to [bus 1f-2b] add_size 1000
[    1.126718] obpc kernel: pci 0000:00:07.2: bridge window [io  0x1000-0x0fff] to [bus 2c-55] add_size 1000
[    1.126786] obpc kernel: pci 0000:00:07.2: bridge window [io  0x4000-0x4fff]: assigned
[    1.126852] obpc kernel: pci 0000:00:1f.5: BAR 0 [mem 0x89f00000-0x89f00fff]: assigned
[    1.126919] obpc kernel: pci 0000:00:01.0: PCI bridge to [bus 01]
[    1.126988] obpc kernel: pci 0000:00:01.0:   bridge window [mem 0x90300000-0x903fffff]
[    1.127063] obpc kernel: pci 0000:03:00.0: bridge window [mem 0x4000000000-0x48140fffff 64bit pref]: assigned
[    1.127137] obpc kernel: pci 0000:03:00.0: bridge window [mem 0x80000000-0x840fffff]: assigned
[    1.127210] obpc kernel: pci 0000:03:01.0: bridge window [io  size 0x1000]: can't assign; no space
[    1.127282] obpc kernel: pci 0000:03:01.0: bridge window [io  size 0x1000]: failed to assign
[    1.127356] obpc kernel: pci 0000:03:02.0: bridge window [io  size 0x1000]: can't assign; no space
[    1.127428] obpc kernel: pci 0000:03:02.0: bridge window [io  size 0x1000]: failed to assign
[    1.127501] obpc kernel: pci 0000:03:03.0: bridge window [io  size 0x1000]: can't assign; no space
[    1.127573] obpc kernel: pci 0000:03:03.0: bridge window [io  size 0x1000]: failed to assign
[    1.127646] obpc kernel: pci 0000:03:03.0: bridge window [io  size 0x1000]: can't assign; no space
[    1.127719] obpc kernel: pci 0000:03:03.0: bridge window [io  size 0x1000]: failed to assign
[    1.127792] obpc kernel: pci 0000:03:02.0: bridge window [io  size 0x1000]: can't assign; no space
[    1.127866] obpc kernel: pci 0000:03:02.0: bridge window [io  size 0x1000]: failed to assign
[    1.127940] obpc kernel: pci 0000:03:01.0: bridge window [io  size 0x1000]: can't assign; no space
[    1.128022] obpc kernel: pci 0000:03:01.0: bridge window [io  size 0x1000]: failed to assign
[    1.128098] obpc kernel: pci 0000:04:00.0: BAR 1 [mem 0x4000000000-0x47ffffffff 64bit pref]: assigned
[    1.128176] obpc kernel: pci 0000:04:00.0: VF BAR 2 [mem 0x4800000000-0x480fffffff 64bit pref]: assigned
[    1.128252] obpc kernel: pci 0000:04:00.0: BAR 0 [mem 0x80000000-0x83ffffff]: assigned
[    1.128329] obpc kernel: pci 0000:04:00.0: BAR 3 [mem 0x4810000000-0x4811ffffff 64bit pref]: assigned
[    1.128404] obpc kernel: pci 0000:04:00.0: VF BAR 4 [mem 0x4812000000-0x4813ffffff 64bit pref]: assigned
[    1.128479] obpc kernel: pci 0000:04:00.0: ROM [mem 0x84000000-0x8407ffff pref]: assigned
[    1.128555] obpc kernel: pci 0000:04:00.0: VF BAR 0 [mem 0x4814000000-0x481403ffff 64bit pref]: assigned
[    1.128629] obpc kernel: pci 0000:04:00.1: BAR 0 [mem 0x84080000-0x84083fff]: assigned
[    1.128704] obpc kernel: pci 0000:03:00.0: PCI bridge to [bus 04]
[    1.128776] obpc kernel: pci 0000:03:00.0:   bridge window [io  0x3000-0x3fff]
[    1.128849] obpc kernel: pci 0000:03:00.0:   bridge window [mem 0x80000000-0x840fffff]
[    1.128921] obpc kernel: pci 0000:03:00.0:   bridge window [mem 0x4000000000-0x48140fffff 64bit pref]
[    1.128993] obpc kernel: pci 0000:03:01.0: PCI bridge to [bus 05-11]
[    1.129067] obpc kernel: pci 0000:03:01.0:   bridge window [mem 0x88000000-0x89efffff]
[    1.129141] obpc kernel: pci 0000:03:01.0:   bridge window [mem 0x4d69600000-0x5013ffffff 64bit pref]
[    1.129217] obpc kernel: pci 0000:03:02.0: PCI bridge to [bus 12-1e]
[    1.129289] obpc kernel: pci 0000:03:02.0:   bridge window [mem 0x86100000-0x87ffffff]
[    1.129363] obpc kernel: pci 0000:03:02.0:   bridge window [mem 0x4abec00000-0x4d695fffff 64bit pref]
[    1.129435] obpc kernel: pci 0000:03:03.0: PCI bridge to [bus 1f-2b]
[    1.129508] obpc kernel: pci 0000:03:03.0:   bridge window [mem 0x84200000-0x860fffff]
[    1.129579] obpc kernel: pci 0000:03:03.0:   bridge window [mem 0x4814200000-0x4abebfffff 64bit pref]
[    1.129649] obpc kernel: pci 0000:02:00.0: PCI bridge to [bus 03-2b]
[    1.129719] obpc kernel: pci 0000:02:00.0:   bridge window [io  0x3000-0x3fff]
[    1.129789] obpc kernel: pci 0000:02:00.0:   bridge window [mem 0x80000000-0x89efffff]
[    1.129860] obpc kernel: pci 0000:02:00.0:   bridge window [mem 0x4000000000-0x5013ffffff 64bit pref]
[    1.129927] obpc kernel: pci 0000:00:07.0: PCI bridge to [bus 02-2b]
[    1.129995] obpc kernel: pci 0000:00:07.0:   bridge window [io  0x3000-0x3fff]
[    1.130063] obpc kernel: pci 0000:00:07.0:   bridge window [mem 0x80000000-0x89efffff]
[    1.130130] obpc kernel: pci 0000:00:07.0:   bridge window [mem 0x4000000000-0x5013ffffff 64bit pref]
[    1.130198] obpc kernel: pci 0000:00:07.2: PCI bridge to [bus 2c-55]
[    1.130265] obpc kernel: pci 0000:00:07.2:   bridge window [io  0x4000-0x4fff]
[    1.130332] obpc kernel: pci 0000:00:07.2:   bridge window [mem 0x8a000000-0x8fffffff]
[    1.130398] obpc kernel: pci 0000:00:07.2:   bridge window [mem 0x5030000000-0x582fffffff 64bit pref]
[    1.130465] obpc kernel: pci 0000:00:1c.0: PCI bridge to [bus 56]
[    1.130532] obpc kernel: pci 0000:00:1c.0:   bridge window [mem 0x90000000-0x902fffff]
[    1.130598] obpc kernel: pci_bus 0000:00: resource 4 [io  0x0000-0x0cf7 window]
[    1.130665] obpc kernel: pci_bus 0000:00: resource 5 [io  0x0d00-0xffff window]
[    1.130730] obpc kernel: pci_bus 0000:00: resource 6 [mem 0x000a0000-0x000bffff window]
[    1.130793] obpc kernel: pci_bus 0000:00: resource 7 [mem 0x80000000-0xbfffffff window]
[    1.130859] obpc kernel: pci_bus 0000:00: resource 8 [mem 0x4000000000-0x3ffbfffffff window]
[    1.130930] obpc kernel: pci_bus 0000:01: resource 1 [mem 0x90300000-0x903fffff]
[    1.131005] obpc kernel: pci_bus 0000:02: resource 0 [io  0x3000-0x3fff]
[    1.131071] obpc kernel: pci_bus 0000:02: resource 1 [mem 0x80000000-0x89efffff]
[    1.131138] obpc kernel: pci_bus 0000:02: resource 2 [mem 0x4000000000-0x5013ffffff 64bit pref]
[    1.131214] obpc kernel: pci_bus 0000:03: resource 0 [io  0x3000-0x3fff]
[    1.131283] obpc kernel: pci_bus 0000:03: resource 1 [mem 0x80000000-0x89efffff]
[    1.131352] obpc kernel: pci_bus 0000:03: resource 2 [mem 0x4000000000-0x5013ffffff 64bit pref]
[    1.131428] obpc kernel: pci_bus 0000:04: resource 0 [io  0x3000-0x3fff]
[    1.131503] obpc kernel: pci_bus 0000:04: resource 1 [mem 0x80000000-0x840fffff]
[    1.131574] obpc kernel: pci_bus 0000:04: resource 2 [mem 0x4000000000-0x48140fffff 64bit pref]
[    1.131653] obpc kernel: pci_bus 0000:05: resource 0 [io  size 0x1000]
[    1.131726] obpc kernel: pci_bus 0000:05: resource 1 [mem 0x88000000-0x89efffff]
[    1.131805] obpc kernel: pci_bus 0000:05: resource 2 [mem 0x4d69600000-0x5013ffffff 64bit pref]
[    1.131881] obpc kernel: pci_bus 0000:12: resource 0 [io  size 0x1000]
[    1.131955] obpc kernel: pci_bus 0000:12: resource 1 [mem 0x86100000-0x87ffffff]
[    1.132043] obpc kernel: pci_bus 0000:12: resource 2 [mem 0x4abec00000-0x4d695fffff 64bit pref]
[    1.132121] obpc kernel: pci_bus 0000:1f: resource 0 [io  size 0x1000]
[    1.132191] obpc kernel: pci_bus 0000:1f: resource 1 [mem 0x84200000-0x860fffff]
[    1.132264] obpc kernel: pci_bus 0000:1f: resource 2 [mem 0x4814200000-0x4abebfffff 64bit pref]
[    1.132336] obpc kernel: pci_bus 0000:2c: resource 0 [io  0x4000-0x4fff]
[    1.132403] obpc kernel: pci_bus 0000:2c: resource 1 [mem 0x8a000000-0x8fffffff]
[    1.132467] obpc kernel: pci_bus 0000:2c: resource 2 [mem 0x5030000000-0x582fffffff 64bit pref]
[    1.132538] obpc kernel: pci_bus 0000:56: resource 1 [mem 0x90000000-0x902fffff]
[    1.132617] obpc kernel: pci 0000:04:00.1: extending delay after power-on from D3hot to 20 msec
[    1.132693] obpc kernel: pci 0000:04:00.1: D0 power state depends on 0000:04:00.0
[    1.132698] obpc kernel: PCI: CLS 64 bytes, default 64
[    1.132702] obpc kernel: clocksource: tsc: mask: 0xffffffffffffffff max_cycles: 0x6a464ae9873, max_idle_ns: 881590529744 ns
[    1.132705] obpc kernel: clocksource: Switched to clocksource tsc
[    1.132781] obpc kernel: platform rtc_cmos: registered platform RTC device (no PNP device found)
[    1.132788] obpc kernel: Trying to unpack rootfs image as initramfs...
[    1.132791] obpc kernel: Initialise system trusted keyrings
[    1.132795] obpc kernel: Key type blacklist registered
[    1.132798] obpc kernel: workingset: timestamp_bits=36 max_order=25 bucket_order=0
[    1.132803] obpc kernel: integrity: Platform Keyring initialized
[    1.132807] obpc kernel: integrity: Machine keyring initialized
[    1.132810] obpc kernel: cryptd: max_cpu_qlen set to 1000
[    1.132814] obpc kernel: NET: Registered PF_ALG protocol family
[    1.132818] obpc kernel: xor: automatically using best checksumming function   avx       
[    1.132822] obpc kernel: Key type asymmetric registered
[    1.132825] obpc kernel: Asymmetric key parser 'x509' registered
[    1.132828] obpc kernel: Block layer SCSI generic (bsg) driver version 0.4 loaded (major 244)
[    1.132832] obpc kernel: io scheduler mq-deadline registered
[    1.132835] obpc kernel: io scheduler kyber registered
[    1.132840] obpc kernel: io scheduler bfq registered
[    1.132843] obpc kernel: atomic64_test: passed for x86-64 platform with CX8 and with SSE
[    1.132911] obpc kernel: pcieport 0000:00:01.0: PME: Signaling with IRQ 120
[    1.132979] obpc kernel: pcieport 0000:00:01.0: AER: enabled with IRQ 120
[    1.133048] obpc kernel: pcieport 0000:00:07.0: PME: Signaling with IRQ 121
[    1.133117] obpc kernel: pcieport 0000:00:07.0: AER: enabled with IRQ 121
[    1.133184] obpc kernel: pcieport 0000:00:07.0: pciehp: Slot #12 AttnBtn- PwrCtrl- MRL- AttnInd- PwrInd- HotPlug+ Surprise+ Interlock- NoCompl+ IbPresDis- LLActRep+
[    1.133253] obpc kernel: pcieport 0000:00:07.2: PME: Signaling with IRQ 122
[    1.133320] obpc kernel: pcieport 0000:00:07.2: AER: enabled with IRQ 122
[    1.133387] obpc kernel: pcieport 0000:00:07.2: pciehp: Slot #14 AttnBtn- PwrCtrl- MRL- AttnInd- PwrInd- HotPlug+ Surprise+ Interlock- NoCompl+ IbPresDis- LLActRep+
[    1.133454] obpc kernel: pcieport 0000:00:1c.0: PME: Signaling with IRQ 123
[    1.133523] obpc kernel: pcieport 0000:00:1c.0: AER: enabled with IRQ 123
[    1.133596] obpc kernel: pcieport 0000:03:00.0: enabling device (0001 -> 0003)
[    1.133670] obpc kernel: pcieport 0000:03:01.0: pciehp: Slot #1 AttnBtn- PwrCtrl- MRL- AttnInd- PwrInd- HotPlug+ Surprise+ Interlock- NoCompl+ IbPresDis- LLActRep+
[    1.133742] obpc kernel: pcieport 0000:03:02.0: pciehp: Slot #2 AttnBtn- PwrCtrl- MRL- AttnInd- PwrInd- HotPlug+ Surprise+ Interlock- NoCompl+ IbPresDis- LLActRep+
[    1.133816] obpc kernel: pcieport 0000:03:03.0: pciehp: Slot #3 AttnBtn- PwrCtrl- MRL- AttnInd- PwrInd- HotPlug+ Surprise+ Interlock- NoCompl+ IbPresDis- LLActRep+
[    1.133821] obpc kernel: input: Sleep Button as /devices/LNXSYSTM:00/LNXSYBUS:00/PNP0C0E:00/input/input0
[    1.133824] obpc kernel: ACPI: button: Sleep Button [SLPB]
[    1.133828] obpc kernel: input: Power Button as /devices/LNXSYSTM:00/LNXSYBUS:00/PNP0C0C:00/input/input1
[    1.133833] obpc kernel: ACPI: button: Power Button [PWRB]
[    1.133836] obpc kernel: input: Power Button as /devices/LNXSYSTM:00/LNXPWRBN:00/input/input2
[    1.133839] obpc kernel: ACPI: button: Power Button [PWRF]
[    1.133843] obpc kernel: ACPI: thermal: [Firmware Bug]: Invalid critical threshold (-274000)
[    1.133932] obpc kernel: thermal LNXTHERM:00: registered as thermal_zone0
[    1.133937] obpc kernel: ACPI: thermal: Thermal Zone [TZ0] (40 C)
[    1.134015] obpc kernel: thermal LNXTHERM:01: registered as thermal_zone1
[    1.134020] obpc kernel: ACPI: thermal: Thermal Zone [TZ00] (84 C)
[    1.134025] obpc kernel: Serial: 8250/16550 driver, 32 ports, IRQ sharing enabled
[    1.134093] obpc kernel: serial 0000:00:12.0: enabling device (0000 -> 0002)
[    1.134098] obpc kernel: hpet_acpi_add: no address or irqs in _CRS
[    1.134104] obpc kernel: Non-volatile memory driver v1.3
[    1.134109] obpc kernel: Linux agpgart interface v0.103
[    1.134112] obpc kernel: ACPI: bus type drm_connector registered
[    1.134116] obpc kernel: CAN device driver interface
[    1.134184] obpc kernel: xhci_hcd 0000:00:0d.0: xHCI Host Controller
[    1.134251] obpc kernel: xhci_hcd 0000:00:0d.0: new USB bus registered, assigned bus number 1
[    1.134322] obpc kernel: xhci_hcd 0000:00:0d.0: hcc params 0x20007fc1 hci version 0x120 quirks 0x0000000200009810
[    1.134389] obpc kernel: xhci_hcd 0000:00:0d.0: xHCI Host Controller
[    1.134455] obpc kernel: xhci_hcd 0000:00:0d.0: new USB bus registered, assigned bus number 2
[    1.134521] obpc kernel: xhci_hcd 0000:00:0d.0: Host supports USB 3.2 Enhanced SuperSpeed
[    1.134592] obpc kernel: usb usb1: New USB device found, idVendor=1d6b, idProduct=0002, bcdDevice= 6.19
[    1.134652] obpc kernel: usb usb1: New USB device strings: Mfr=3, Product=2, SerialNumber=1
[    1.134709] obpc kernel: usb usb1: Product: xHCI Host Controller
[    1.134767] obpc kernel: usb usb1: Manufacturer: Linux 6.19.14-200.fc43.x86_64 xhci-hcd
[    1.134823] obpc kernel: usb usb1: SerialNumber: 0000:00:0d.0
[    1.134907] obpc kernel: hub 1-0:1.0: USB hub found
[    1.134985] obpc kernel: hub 1-0:1.0: 1 port detected
[    1.135049] obpc kernel: usb usb2: New USB device found, idVendor=1d6b, idProduct=0003, bcdDevice= 6.19
[    1.135108] obpc kernel: usb usb2: New USB device strings: Mfr=3, Product=2, SerialNumber=1
[    1.135162] obpc kernel: usb usb2: Product: xHCI Host Controller
[    1.135218] obpc kernel: usb usb2: Manufacturer: Linux 6.19.14-200.fc43.x86_64 xhci-hcd
[    1.135273] obpc kernel: usb usb2: SerialNumber: 0000:00:0d.0
[    1.135352] obpc kernel: hub 2-0:1.0: USB hub found
[    1.135427] obpc kernel: hub 2-0:1.0: 4 ports detected
[    1.135497] obpc kernel: xhci_hcd 0000:00:14.0: xHCI Host Controller
[    1.135567] obpc kernel: xhci_hcd 0000:00:14.0: new USB bus registered, assigned bus number 3
[    1.135634] obpc kernel: xhci_hcd 0000:00:14.0: hcc params 0x20007fc1 hci version 0x120 quirks 0x0000000200009810
[    1.135704] obpc kernel: xhci_hcd 0000:00:14.0: xHCI Host Controller
[    1.135771] obpc kernel: xhci_hcd 0000:00:14.0: new USB bus registered, assigned bus number 4
[    1.135838] obpc kernel: xhci_hcd 0000:00:14.0: Host supports USB 3.2 Enhanced SuperSpeed
[    1.135899] obpc kernel: usb usb3: New USB device found, idVendor=1d6b, idProduct=0002, bcdDevice= 6.19
[    1.135956] obpc kernel: usb usb3: New USB device strings: Mfr=3, Product=2, SerialNumber=1
[    1.136180] obpc kernel: usb usb3: Product: xHCI Host Controller
[    1.136396] obpc kernel: usb usb3: Manufacturer: Linux 6.19.14-200.fc43.x86_64 xhci-hcd
[    1.136525] obpc kernel: usb usb3: SerialNumber: 0000:00:14.0
[    1.136683] obpc kernel: hub 3-0:1.0: USB hub found
[    1.136818] obpc kernel: hub 3-0:1.0: 12 ports detected
[    1.136928] obpc kernel: usb usb4: New USB device found, idVendor=1d6b, idProduct=0003, bcdDevice= 6.19
[    1.137035] obpc kernel: usb usb4: New USB device strings: Mfr=3, Product=2, SerialNumber=1
[    1.137131] obpc kernel: usb usb4: Product: xHCI Host Controller
[    1.137234] obpc kernel: usb usb4: Manufacturer: Linux 6.19.14-200.fc43.x86_64 xhci-hcd
[    1.137329] obpc kernel: usb usb4: SerialNumber: 0000:00:14.0
[    1.137459] obpc kernel: hub 4-0:1.0: USB hub found
[    1.137587] obpc kernel: hub 4-0:1.0: 2 ports detected
[    1.137597] obpc kernel: usbcore: registered new interface driver usbserial_generic
[    1.137606] obpc kernel: usbserial: USB Serial support registered for generic
[    1.137614] obpc kernel: i8042: PNP: No PS/2 controller found.
[    1.137621] obpc kernel: mousedev: PS/2 mouse device common for all mice
[    1.137731] obpc kernel: rtc_cmos rtc_cmos: RTC can wake from S4
[    1.137836] obpc kernel: rtc_cmos rtc_cmos: registered as rtc0
[    1.137938] obpc kernel: rtc_cmos rtc_cmos: setting system clock to 2026-05-08T11:43:25 UTC (1778240605)
[    1.138045] obpc kernel: rtc_cmos rtc_cmos: alarms up to one month, y3k, 114 bytes nvram
[    1.138054] obpc kernel: device-mapper: core: CONFIG_IMA_DISABLE_HTABLE is disabled. Duplicate IMA measurements will not be recorded in the IMA log.
[    1.138062] obpc kernel: device-mapper: uevent: version 1.0.3
[    1.138073] obpc kernel: device-mapper: ioctl: 4.50.0-ioctl (2025-04-28) initialised: dm-devel@lists.linux.dev
[    1.138081] obpc kernel: intel_pstate: Intel P-state driver initializing
[    1.138088] obpc kernel: Hybrid CPU capacity scaling enabled
[    1.138253] obpc kernel: processor cpu0: EM: created perf domain
[    1.138403] obpc kernel: processor cpu1: EM: created perf domain
[    1.138553] obpc kernel: processor cpu2: EM: created perf domain
[    1.138694] obpc kernel: processor cpu3: EM: created perf domain
[    1.138839] obpc kernel: processor cpu4: EM: created perf domain
[    1.138978] obpc kernel: processor cpu5: EM: created perf domain
[    1.139124] obpc kernel: processor cpu6: EM: created perf domain
[    1.139266] obpc kernel: processor cpu7: EM: created perf domain
[    1.139415] obpc kernel: processor cpu8: EM: created perf domain
[    1.139558] obpc kernel: processor cpu9: EM: created perf domain
[    1.139701] obpc kernel: processor cpu10: EM: created perf domain
[    1.139842] obpc kernel: processor cpu11: EM: created perf domain
[    1.139983] obpc kernel: processor cpu12: EM: created perf domain
[    1.140127] obpc kernel: processor cpu13: EM: created perf domain
[    1.140273] obpc kernel: processor cpu14: EM: created perf domain
[    1.140416] obpc kernel: processor cpu15: EM: created perf domain
[    1.140426] obpc kernel: intel_pstate: HWP enabled
[    1.140538] obpc kernel: simple-framebuffer simple-framebuffer.0: [drm] Registered 1 planes with drm panic
[    1.140552] obpc kernel: [drm] Initialized simpledrm 1.0.0 for simple-framebuffer.0 on minor 0
[    1.140560] obpc kernel: fbcon: Deferring console take-over
[    1.140665] obpc kernel: simple-framebuffer simple-framebuffer.0: [drm] fb0: simpledrmdrmfb frame buffer device
[    1.140677] obpc kernel: hid: raw HID events driver (C) Jiri Kosina
[    1.140685] obpc kernel: usbcore: registered new interface driver usbhid
[    1.140692] obpc kernel: usbhid: USB HID core driver
[    1.140700] obpc kernel: drop_monitor: Initializing network drop monitor service
[    1.140707] obpc kernel: Initializing XFRM netlink socket
[    1.140715] obpc kernel: NET: Registered PF_INET6 protocol family
[    1.140725] obpc kernel: Segment Routing with IPv6
[    1.140735] obpc kernel: RPL Segment Routing with IPv6
[    1.140746] obpc kernel: In-situ OAM (IOAM) with IPv6
[    1.140756] obpc kernel: mip6: Mobile IPv6
[    1.140763] obpc kernel: NET: Registered PF_PACKET protocol family
[    1.140770] obpc kernel: can: controller area network core
[    1.140778] obpc kernel: NET: Registered PF_CAN protocol family
[    1.140785] obpc kernel: ENERGY_PERF_BIAS: Set to 'normal', was 'performance'
[    1.140793] obpc kernel: microcode: Current revision: 0x0000011b
[    1.140800] obpc kernel: IPI shorthand broadcast: enabled
[    1.140808] obpc kernel: sched_clock: Marking stable (872000707, 6120897)->(897873057, -19751453)
[    1.140816] obpc kernel: registered taskstats version 1
[    1.140828] obpc kernel: Loading compiled-in X.509 certificates
[    1.140836] obpc kernel: Loaded X.509 cert 'Fedora kernel signing key: 88b80e08bfa3c7a8597e235adbf6de56f0ca4439'
[    1.140843] obpc kernel: Freeing initrd memory: 51468K
[    1.140854] obpc kernel: Loaded X.509 cert 'Fedora IMA CA: a8a00c31663f853f9c6ff2564872e378af026b28'
[    1.140861] obpc kernel: Demotion targets for Node 0: null
[    1.140869] obpc kernel: page_owner is disabled
[    1.140879] obpc kernel: Key type .fscrypt registered
[    1.140887] obpc kernel: Key type fscrypt-provisioning registered
[    1.140894] obpc kernel: Btrfs loaded, zoned=yes, fsverity=yes
[    1.140903] obpc kernel: Key type big_key registered
[    1.140911] obpc kernel: Key type trusted registered
[    1.140918] obpc kernel: Key type encrypted registered
[    1.140925] obpc kernel: Loading compiled-in module X.509 certificates
[    1.140933] obpc kernel: Loaded X.509 cert 'Fedora kernel signing key: 88b80e08bfa3c7a8597e235adbf6de56f0ca4439'
[    1.140943] obpc kernel: ima: Allocated hash algorithm: sha256
[    1.140951] obpc kernel: ima: No architecture policies found
[    1.140958] obpc kernel: evm: Initialising EVM extended attributes:
[    1.140965] obpc kernel: evm: security.selinux
[    1.140974] obpc kernel: evm: security.SMACK64 (disabled)
[    1.140981] obpc kernel: evm: security.SMACK64EXEC (disabled)
[    1.140989] obpc kernel: evm: security.SMACK64TRANSMUTE (disabled)
[    1.140996] obpc kernel: evm: security.SMACK64MMAP (disabled)
[    1.141006] obpc kernel: evm: security.apparmor (disabled)
[    1.141013] obpc kernel: evm: security.ima
[    1.141020] obpc kernel: evm: security.capability
[    1.141027] obpc kernel: evm: HMAC attrs: 0x1
[    1.141034] obpc kernel: integrity: Loading X.509 certificate: UEFI:db
[    1.141042] obpc kernel: integrity: Loaded X.509 cert 'ASUS UEFI SW Key Certificate: b0fa6680874410ba479208b6268c10e4'
[    1.141052] obpc kernel: integrity: Loading X.509 certificate: UEFI:db
[    1.141059] obpc kernel: integrity: Loaded X.509 cert 'Microsoft Corporation UEFI CA 2011: 13adbf4309bd82709c8cd54f316ed522988a1bd4'
[    1.141067] obpc kernel: integrity: Loading X.509 certificate: UEFI:db
[    1.141074] obpc kernel: integrity: Loaded X.509 cert 'Microsoft Windows Production PCA 2011: a92902398e16c49778cd90f99e4f9ae17c55af53'
[    1.141081] obpc kernel: integrity: Loading X.509 certificate: UEFI:db
[    1.141090] obpc kernel: integrity: Loaded X.509 cert 'Microsoft Corporation: Windows UEFI CA 2023: aefc5fbbbe055d8f8daa585473499417ab5a5272'
[    1.141111] obpc kernel: integrity: Loading X.509 certificate: UEFI:db
[    1.141120] obpc kernel: integrity: Loaded X.509 cert 'Microsoft Option ROM UEFI CA 2023: 514fbf937fa46fb57bf07af8bed84b3b864b1711'
[    1.141127] obpc kernel: integrity: Loading X.509 certificate: UEFI:db
[    1.141134] obpc kernel: integrity: Loaded X.509 cert 'Microsoft UEFI CA 2023: 81aa6b3244c935bce0d6628af39827421e32497d'
[    1.141141] obpc kernel: alg: No test for 842 (842-scomp)
[    1.141149] obpc kernel: PM:   Magic number: 10:444:731
[    1.141156] obpc kernel: RAS: Correctable Errors collector initialized.
[    1.141163] obpc kernel: clk: Disabling unused clocks
[    1.141170] obpc kernel: PM: genpd: Disabling unused power domains
[    1.141182] obpc kernel: Freeing unused decrypted memory: 2028K
[    1.141190] obpc kernel: Freeing unused kernel image (initmem) memory: 5200K
[    1.141197] obpc kernel: Write protecting the kernel read-only data: 43008k
[    1.141205] obpc kernel: Freeing unused kernel image (text/rodata gap) memory: 1972K
[    1.141212] obpc kernel: Freeing unused kernel image (rodata/data gap) memory: 580K
[    1.141222] obpc kernel: x86/mm: Checked W+X mappings: passed, no W+X pages found.
[    1.141230] obpc kernel: Run /init as init process
[    1.141237] obpc kernel:   with arguments:
[    1.141245] obpc kernel:     /init
[    1.141254] obpc kernel:     rhgb
[    1.141261] obpc kernel:   with environment:
[    1.141268] obpc kernel:     HOME=/
[    1.141275] obpc kernel:     TERM=linux
[    1.141284] obpc systemd[1]: Successfully made /usr/ read-only.
[    1.141297] obpc systemd[1]: systemd 258.7-1.fc43 running in system mode (+PAM +AUDIT +SELINUX -APPARMOR +IMA +IPE +SMACK +SECCOMP -GCRYPT +GNUTLS +OPENSSL +ACL +BLKID +CURL +ELFUTILS +FIDO2 +IDN2 -IDN -IPTC +KMOD +LIBCRYPTSETUP +LIBCRYPTSETUP_PLUGINS +LIBFDISK +PCRE2 +PWQUALITY +P11KIT +QRENCODE +TPM2 +BZIP2 +LZ4 +XZ +ZLIB +ZSTD +BPF_FRAMEWORK +BTF +XKBCOMMON +UTMP +SYSVINIT +LIBARCHIVE)
[    1.141307] obpc systemd[1]: Detected architecture x86-64.
[    1.141315] obpc systemd[1]: Running in initrd.
[    1.141327] obpc systemd[1]: Hostname set to <obpc>.
[    1.141337] obpc systemd[1]: bpf-restrict-fs: LSM BPF program attached
[    1.141346] obpc systemd[1]: Queued start job for default target initrd.target.
[    1.141356] obpc systemd[1]: Expecting device dev-disk-by\x2duuid-34e34fc2\x2d47b6\x2d41bd\x2db739\x2d8a1c79788cb2.device - /dev/disk/by-uuid/34e34fc2-47b6-41bd-b739-8a1c79788cb2...
[    1.141365] obpc systemd[1]: Reached target initrd-usr-fs.target - Initrd /usr File System.
[    1.141373] obpc systemd[1]: Reached target slices.target - Slice Units.
[    1.141381] obpc systemd[1]: Reached target swap.target - Swaps.
[    1.141392] obpc systemd[1]: Reached target timers.target - Timer Units.
[    1.141403] obpc systemd[1]: Listening on systemd-journald-dev-log.socket - Journal Socket (/dev/log).
[    1.141413] obpc systemd[1]: Listening on systemd-journald.socket - Journal Sockets.
[    1.141422] obpc systemd[1]: Listening on systemd-udevd-control.socket - udev Control Socket.
[    1.141430] obpc systemd[1]: Listening on systemd-udevd-kernel.socket - udev Kernel Socket.
[    1.141438] obpc systemd[1]: Reached target sockets.target - Socket Units.
