[    1.072286] obpc kernel: Linux version 6.19.14-200.fc43.x86_64 (mockbuild@3d94b060593f4389857ed0a29daa3c69) (gcc (GCC) 15.2.1 20260123 (Red Hat 15.2.1-7), GNU ld version 2.45.1-4.fc43) #1 SMP PREEMPT_DYNAMIC Thu Apr 23 17:34:07 UTC 2026
[    1.072316] obpc kernel: Command line: BOOT_IMAGE=(hd0,gpt5)/vmlinuz-6.19.14-200.fc43.x86_64 root=UUID=34e34fc2-47b6-41bd-b739-8a1c79788cb2 ro rootflags=subvol=root rhgb quiet module_blacklist=nouveau,nova_core rd.driver.blacklist=nouveau,nova_core modprobe.blacklist=nouveau,nova_core pcie_aspm.policy=performance thunderbolt.clx=0 pcie_port_pm=off pci=realloc=off,pcie_bus_perf,hpmmioprefsize=256M,resource_alignment=35@0000:03:00.0 crashkernel=256M iommu=off intel_iommu=off thunderbolt.dyndbg=+pflm thunderbolt.host_reset=false
[    1.072431] obpc kernel: x86/tme: not enabled by BIOS
[    1.072436] obpc kernel: x86/split lock detection: #AC: crashing the kernel on kernel split_locks and warning on user-space split_locks
[    1.072441] obpc kernel: BIOS-provided physical RAM map:
[    1.072445] obpc kernel: BIOS-e820: [mem 0x0000000000000000-0x000000000009efff] usable
[    1.072450] obpc kernel: BIOS-e820: [mem 0x000000000009f000-0x00000000000fffff] reserved
[    1.072454] obpc kernel: BIOS-e820: [mem 0x0000000000100000-0x00000000545f1fff] usable
[    1.072458] obpc kernel: BIOS-e820: [mem 0x00000000545f2000-0x000000005e6b5fff] reserved
[    1.072461] obpc kernel: BIOS-e820: [mem 0x000000005e6b6000-0x000000005e7b7fff] ACPI data
[    1.072465] obpc kernel: BIOS-e820: [mem 0x000000005e7b8000-0x000000005e93efff] ACPI NVS
[    1.072468] obpc kernel: BIOS-e820: [mem 0x000000005e93f000-0x0000000063ffefff] reserved
[    1.072472] obpc kernel: BIOS-e820: [mem 0x0000000063fff000-0x0000000063ffffff] usable
[    1.072477] obpc kernel: BIOS-e820: [mem 0x0000000064000000-0x00000000787fffff] reserved
[    1.072481] obpc kernel: BIOS-e820: [mem 0x00000000c0000000-0x00000000cfffffff] reserved
[    1.072486] obpc kernel: BIOS-e820: [mem 0x00000000fe000000-0x00000000fe010fff] reserved
[    1.072490] obpc kernel: BIOS-e820: [mem 0x00000000fe410000-0x00000000fe410fff] reserved
[    1.072494] obpc kernel: BIOS-e820: [mem 0x00000000fec00000-0x00000000fec00fff] reserved
[    1.072498] obpc kernel: BIOS-e820: [mem 0x00000000fed00000-0x00000000fed00fff] reserved
[    1.072502] obpc kernel: BIOS-e820: [mem 0x00000000fed20000-0x00000000fed7ffff] reserved
[    1.072506] obpc kernel: BIOS-e820: [mem 0x00000000fee00000-0x00000000fee00fff] reserved
[    1.072510] obpc kernel: BIOS-e820: [mem 0x00000000ff000000-0x00000000ffffffff] reserved
[    1.072514] obpc kernel: BIOS-e820: [mem 0x0000000100000000-0x000000207fffffff] usable
[    1.072519] obpc kernel: NX (Execute Disable) protection: active
[    1.072523] obpc kernel: APIC: Static calls initialized
[    1.072527] obpc kernel: efi: EFI v2.9 by American Megatrends
[    1.072532] obpc kernel: efi: ACPI=0x5e8b6000 ACPI 2.0=0x5e8b6014 TPMFinalLog=0x5e822000 SMBIOS=0x62b8d000 SMBIOS 3.0=0x62b8c000 MEMATTR=0x482f6018 ESRT=0x50df1e98 MOKvar=0x63c2e000 RNG=0x5e6eb018 TPMEventLog=0x5e6e0018 
[    1.072537] obpc kernel: random: crng init done
[    1.072541] obpc kernel: efi: Remove mem79: MMIO range=[0xc0000000-0xcfffffff] (256MB) from e820 map
[    1.072545] obpc kernel: e820: remove [mem 0xc0000000-0xcfffffff] reserved
[    1.072551] obpc kernel: efi: Not removing mem80: MMIO range=[0xfe000000-0xfe010fff] (68KB) from e820 map
[    1.072555] obpc kernel: efi: Not removing mem81: MMIO range=[0xfe410000-0xfe410fff] (4KB) from e820 map
[    1.072559] obpc kernel: efi: Not removing mem82: MMIO range=[0xfec00000-0xfec00fff] (4KB) from e820 map
[    1.072563] obpc kernel: efi: Not removing mem83: MMIO range=[0xfed00000-0xfed00fff] (4KB) from e820 map
[    1.072568] obpc kernel: efi: Not removing mem85: MMIO range=[0xfee00000-0xfee00fff] (4KB) from e820 map
[    1.072572] obpc kernel: efi: Remove mem86: MMIO range=[0xff000000-0xffffffff] (16MB) from e820 map
[    1.072576] obpc kernel: e820: remove [mem 0xff000000-0xffffffff] reserved
[    1.072580] obpc kernel: secureboot: Secure boot disabled
[    1.072583] obpc kernel: SMBIOS 3.8.0 present.
[    1.072587] obpc kernel: DMI: ASUSTeK COMPUTER INC. NUC15CRSU9/NUC15CRSU9, BIOS CRARL579.0029.2026.0115.1719 01/15/2026
[    1.072593] obpc kernel: DMI: Memory slots populated: 2/2
[    1.072597] obpc kernel: tsc: Detected 3700.000 MHz processor
[    1.072601] obpc kernel: tsc: Detected 3686.400 MHz TSC
[    1.072606] obpc kernel: e820: update [mem 0x00000000-0x00000fff] usable ==> reserved
[    1.072613] obpc kernel: e820: remove [mem 0x000a0000-0x000fffff] usable
[    1.072620] obpc kernel: last_pfn = 0x2080000 max_arch_pfn = 0x400000000
[    1.072626] obpc kernel: total RAM covered: 259839M
[    1.072634] obpc kernel:  gran_size: 64K         chunk_size: 64K         num_reg: 10          lose cover RAM: 129022M
[    1.072640] obpc kernel:  gran_size: 64K         chunk_size: 128K         num_reg: 10          lose cover RAM: 129022M
[    1.072647] obpc kernel:  gran_size: 64K         chunk_size: 256K         num_reg: 10          lose cover RAM: 129022M
[    1.072653] obpc kernel:  gran_size: 64K         chunk_size: 512K         num_reg: 10          lose cover RAM: 129022M
[    1.072658] obpc kernel:  gran_size: 64K         chunk_size: 1M         num_reg: 10          lose cover RAM: 129022M
[    1.072663] obpc kernel:  gran_size: 64K         chunk_size: 2M         num_reg: 10          lose cover RAM: 129022M
[    1.072670] obpc kernel:  gran_size: 64K         chunk_size: 4M         num_reg: 10          lose cover RAM: 129022M
[    1.072674] obpc kernel:  gran_size: 64K         chunk_size: 8M         num_reg: 10          lose cover RAM: 129022M
[    1.072679] obpc kernel:  gran_size: 64K         chunk_size: 16M         num_reg: 10          lose cover RAM: 129022M
[    1.072685] obpc kernel:  gran_size: 64K         chunk_size: 32M         num_reg: 10          lose cover RAM: 129022M
[    1.072688] obpc kernel:  gran_size: 64K         chunk_size: 64M         num_reg: 10          lose cover RAM: 129022M
[    1.072694] obpc kernel:  gran_size: 64K         chunk_size: 128M         num_reg: 10          lose cover RAM: 129022M
[    1.072697] obpc kernel:  gran_size: 64K         chunk_size: 256M         num_reg: 10          lose cover RAM: 129022M
[    1.072704] obpc kernel:  gran_size: 64K         chunk_size: 512M         num_reg: 10          lose cover RAM: 129020M
[    1.072707] obpc kernel:  gran_size: 64K         chunk_size: 1G         num_reg: 10          lose cover RAM: 129020M
[    1.072712] obpc kernel:  gran_size: 64K         chunk_size: 2G         num_reg: 10          lose cover RAM: 129020M
[    1.072719] obpc kernel:  gran_size: 128K         chunk_size: 128K         num_reg: 10          lose cover RAM: 129022M
[    1.072722] obpc kernel:  gran_size: 128K         chunk_size: 256K         num_reg: 10          lose cover RAM: 129022M
[    1.072728] obpc kernel:  gran_size: 128K         chunk_size: 512K         num_reg: 10          lose cover RAM: 129022M
[    1.072732] obpc kernel:  gran_size: 128K         chunk_size: 1M         num_reg: 10          lose cover RAM: 129022M
[    1.072739] obpc kernel:  gran_size: 128K         chunk_size: 2M         num_reg: 10          lose cover RAM: 129022M
[    1.072742] obpc kernel:  gran_size: 128K         chunk_size: 4M         num_reg: 10          lose cover RAM: 129022M
[    1.072748] obpc kernel:  gran_size: 128K         chunk_size: 8M         num_reg: 10          lose cover RAM: 129022M
[    1.072752] obpc kernel:  gran_size: 128K         chunk_size: 16M         num_reg: 10          lose cover RAM: 129022M
[    1.072756] obpc kernel:  gran_size: 128K         chunk_size: 32M         num_reg: 10          lose cover RAM: 129022M
[    1.072763] obpc kernel:  gran_size: 128K         chunk_size: 64M         num_reg: 10          lose cover RAM: 129022M
[    1.072768] obpc kernel:  gran_size: 128K         chunk_size: 128M         num_reg: 10          lose cover RAM: 129022M
[    1.072775] obpc kernel:  gran_size: 128K         chunk_size: 256M         num_reg: 10          lose cover RAM: 129022M
[    1.072778] obpc kernel:  gran_size: 128K         chunk_size: 512M         num_reg: 10          lose cover RAM: 129020M
[    1.072785] obpc kernel:  gran_size: 128K         chunk_size: 1G         num_reg: 10          lose cover RAM: 129020M
[    1.072788] obpc kernel:  gran_size: 128K         chunk_size: 2G         num_reg: 10          lose cover RAM: 129020M
[    1.072792] obpc kernel:  gran_size: 256K         chunk_size: 256K         num_reg: 10          lose cover RAM: 129022M
[    1.072799] obpc kernel:  gran_size: 256K         chunk_size: 512K         num_reg: 10          lose cover RAM: 129022M
[    1.072804] obpc kernel:  gran_size: 256K         chunk_size: 1M         num_reg: 10          lose cover RAM: 129022M
[    1.072810] obpc kernel:  gran_size: 256K         chunk_size: 2M         num_reg: 10          lose cover RAM: 129022M
[    1.072815] obpc kernel:  gran_size: 256K         chunk_size: 4M         num_reg: 10          lose cover RAM: 129022M
[    1.072822] obpc kernel:  gran_size: 256K         chunk_size: 8M         num_reg: 10          lose cover RAM: 129022M
[    1.072826] obpc kernel:  gran_size: 256K         chunk_size: 16M         num_reg: 10          lose cover RAM: 129022M
[    1.072831] obpc kernel:  gran_size: 256K         chunk_size: 32M         num_reg: 10          lose cover RAM: 129022M
[    1.072836] obpc kernel:  gran_size: 256K         chunk_size: 64M         num_reg: 10          lose cover RAM: 129022M
[    1.072841] obpc kernel:  gran_size: 256K         chunk_size: 128M         num_reg: 10          lose cover RAM: 129022M
[    1.072847] obpc kernel:  gran_size: 256K         chunk_size: 256M         num_reg: 10          lose cover RAM: 129022M
[    1.072852] obpc kernel:  gran_size: 256K         chunk_size: 512M         num_reg: 10          lose cover RAM: 129020M
[    1.072857] obpc kernel:  gran_size: 256K         chunk_size: 1G         num_reg: 10          lose cover RAM: 129020M
[    1.072861] obpc kernel:  gran_size: 256K         chunk_size: 2G         num_reg: 10          lose cover RAM: 129020M
[    1.072867] obpc kernel:  gran_size: 512K         chunk_size: 512K         num_reg: 10          lose cover RAM: 129022M
[    1.072871] obpc kernel:  gran_size: 512K         chunk_size: 1M         num_reg: 10          lose cover RAM: 129022M
[    1.072876] obpc kernel:  gran_size: 512K         chunk_size: 2M         num_reg: 10          lose cover RAM: 129022M
[    1.072883] obpc kernel:  gran_size: 512K         chunk_size: 4M         num_reg: 10          lose cover RAM: 129022M
[    1.072887] obpc kernel:  gran_size: 512K         chunk_size: 8M         num_reg: 10          lose cover RAM: 129022M
[    1.072893] obpc kernel:  gran_size: 512K         chunk_size: 16M         num_reg: 10          lose cover RAM: 129022M
[    1.072898] obpc kernel:  gran_size: 512K         chunk_size: 32M         num_reg: 10          lose cover RAM: 129022M
[    1.072904] obpc kernel:  gran_size: 512K         chunk_size: 64M         num_reg: 10          lose cover RAM: 129022M
[    1.072908] obpc kernel:  gran_size: 512K         chunk_size: 128M         num_reg: 10          lose cover RAM: 129022M
[    1.072912] obpc kernel:  gran_size: 512K         chunk_size: 256M         num_reg: 10          lose cover RAM: 129022M
[    1.072918] obpc kernel:  gran_size: 512K         chunk_size: 512M         num_reg: 10          lose cover RAM: 129020M
[    1.072922] obpc kernel:  gran_size: 512K         chunk_size: 1G         num_reg: 10          lose cover RAM: 129020M
[    1.072928] obpc kernel:  gran_size: 512K         chunk_size: 2G         num_reg: 10          lose cover RAM: 129020M
[    1.072933] obpc kernel:  gran_size: 1M         chunk_size: 1M         num_reg: 10          lose cover RAM: 129022M
[    1.072939] obpc kernel:  gran_size: 1M         chunk_size: 2M         num_reg: 10          lose cover RAM: 129022M
[    1.072943] obpc kernel:  gran_size: 1M         chunk_size: 4M         num_reg: 10          lose cover RAM: 129022M
[    1.072948] obpc kernel:  gran_size: 1M         chunk_size: 8M         num_reg: 10          lose cover RAM: 129022M
[    1.072952] obpc kernel:  gran_size: 1M         chunk_size: 16M         num_reg: 10          lose cover RAM: 129022M
[    1.072957] obpc kernel:  gran_size: 1M         chunk_size: 32M         num_reg: 10          lose cover RAM: 129022M
[    1.072962] obpc kernel:  gran_size: 1M         chunk_size: 64M         num_reg: 10          lose cover RAM: 129022M
[    1.072966] obpc kernel:  gran_size: 1M         chunk_size: 128M         num_reg: 10          lose cover RAM: 129022M
[    1.072970] obpc kernel:  gran_size: 1M         chunk_size: 256M         num_reg: 10          lose cover RAM: 129022M
[    1.072974] obpc kernel:  gran_size: 1M         chunk_size: 512M         num_reg: 10          lose cover RAM: 129020M
[    1.072980] obpc kernel:  gran_size: 1M         chunk_size: 1G         num_reg: 10          lose cover RAM: 129020M
[    1.072985] obpc kernel:  gran_size: 1M         chunk_size: 2G         num_reg: 10          lose cover RAM: 129020M
[    1.072990] obpc kernel:  gran_size: 2M         chunk_size: 2M         num_reg: 10          lose cover RAM: 129022M
[    1.072997] obpc kernel:  gran_size: 2M         chunk_size: 4M         num_reg: 10          lose cover RAM: 129022M
[    1.073006] obpc kernel:  gran_size: 2M         chunk_size: 8M         num_reg: 10          lose cover RAM: 129022M
[    1.073011] obpc kernel:  gran_size: 2M         chunk_size: 16M         num_reg: 10          lose cover RAM: 129022M
[    1.073015] obpc kernel:  gran_size: 2M         chunk_size: 32M         num_reg: 10          lose cover RAM: 129022M
[    1.073020] obpc kernel:  gran_size: 2M         chunk_size: 64M         num_reg: 10          lose cover RAM: 129022M
[    1.073025] obpc kernel:  gran_size: 2M         chunk_size: 128M         num_reg: 10          lose cover RAM: 129022M
[    1.073030] obpc kernel:  gran_size: 2M         chunk_size: 256M         num_reg: 10          lose cover RAM: 129022M
[    1.073036] obpc kernel:  gran_size: 2M         chunk_size: 512M         num_reg: 10          lose cover RAM: 129020M
[    1.073040] obpc kernel:  gran_size: 2M         chunk_size: 1G         num_reg: 10          lose cover RAM: 129020M
[    1.073045] obpc kernel:  gran_size: 2M         chunk_size: 2G         num_reg: 10          lose cover RAM: 129020M
[    1.073048] obpc kernel:  gran_size: 4M         chunk_size: 4M         num_reg: 10          lose cover RAM: 129022M
[    1.073053] obpc kernel:  gran_size: 4M         chunk_size: 8M         num_reg: 10          lose cover RAM: 129022M
[    1.073060] obpc kernel:  gran_size: 4M         chunk_size: 16M         num_reg: 10          lose cover RAM: 129022M
[    1.073064] obpc kernel:  gran_size: 4M         chunk_size: 32M         num_reg: 10          lose cover RAM: 129022M
[    1.073071] obpc kernel:  gran_size: 4M         chunk_size: 64M         num_reg: 10          lose cover RAM: 129022M
[    1.073075] obpc kernel:  gran_size: 4M         chunk_size: 128M         num_reg: 10          lose cover RAM: 129022M
[    1.073082] obpc kernel:  gran_size: 4M         chunk_size: 256M         num_reg: 10          lose cover RAM: 129022M
[    1.073087] obpc kernel:  gran_size: 4M         chunk_size: 512M         num_reg: 10          lose cover RAM: 129020M
[    1.073092] obpc kernel:  gran_size: 4M         chunk_size: 1G         num_reg: 10          lose cover RAM: 129020M
[    1.073099] obpc kernel:  gran_size: 4M         chunk_size: 2G         num_reg: 10          lose cover RAM: 129020M
[    1.073102] obpc kernel:  gran_size: 8M         chunk_size: 8M         num_reg: 10          lose cover RAM: 129022M
[    1.073107] obpc kernel:  gran_size: 8M         chunk_size: 16M         num_reg: 10          lose cover RAM: 129022M
[    1.073112] obpc kernel:  gran_size: 8M         chunk_size: 32M         num_reg: 10          lose cover RAM: 129022M
[    1.073119] obpc kernel:  gran_size: 8M         chunk_size: 64M         num_reg: 10          lose cover RAM: 129022M
[    1.073123] obpc kernel:  gran_size: 8M         chunk_size: 128M         num_reg: 10          lose cover RAM: 129022M
[    1.073126] obpc kernel:  gran_size: 8M         chunk_size: 256M         num_reg: 10          lose cover RAM: 129022M
[    1.073132] obpc kernel:  gran_size: 8M         chunk_size: 512M         num_reg: 10          lose cover RAM: 129020M
[    1.073135] obpc kernel:  gran_size: 8M         chunk_size: 1G         num_reg: 10          lose cover RAM: 129020M
[    1.073140] obpc kernel:  gran_size: 8M         chunk_size: 2G         num_reg: 10          lose cover RAM: 129020M
[    1.073145] obpc kernel:  gran_size: 16M         chunk_size: 16M         num_reg: 10          lose cover RAM: 129022M
[    1.073152] obpc kernel:  gran_size: 16M         chunk_size: 32M         num_reg: 10          lose cover RAM: 129022M
[    1.073155] obpc kernel:  gran_size: 16M         chunk_size: 64M         num_reg: 10          lose cover RAM: 129022M
[    1.073159] obpc kernel:  gran_size: 16M         chunk_size: 128M         num_reg: 10          lose cover RAM: 129022M
[    1.073165] obpc kernel:  gran_size: 16M         chunk_size: 256M         num_reg: 10          lose cover RAM: 129022M
[    1.073169] obpc kernel:  gran_size: 16M         chunk_size: 512M         num_reg: 10          lose cover RAM: 129020M
[    1.073175] obpc kernel:  gran_size: 16M         chunk_size: 1G         num_reg: 10          lose cover RAM: 129020M
[    1.073180] obpc kernel:  gran_size: 16M         chunk_size: 2G         num_reg: 10          lose cover RAM: 129020M
[    1.073185] obpc kernel:  gran_size: 32M         chunk_size: 32M         num_reg: 10          lose cover RAM: 129022M
[    1.073190] obpc kernel:  gran_size: 32M         chunk_size: 64M         num_reg: 10          lose cover RAM: 129022M
[    1.073195] obpc kernel:  gran_size: 32M         chunk_size: 128M         num_reg: 10          lose cover RAM: 129022M
[    1.073199] obpc kernel:  gran_size: 32M         chunk_size: 256M         num_reg: 10          lose cover RAM: 129022M
[    1.073202] obpc kernel:  gran_size: 32M         chunk_size: 512M         num_reg: 10          lose cover RAM: 129020M
[    1.073209] obpc kernel:  gran_size: 32M         chunk_size: 1G         num_reg: 10          lose cover RAM: 129020M
[    1.073214] obpc kernel:  gran_size: 32M         chunk_size: 2G         num_reg: 10          lose cover RAM: 129020M
[    1.073219] obpc kernel:  gran_size: 64M         chunk_size: 64M         num_reg: 10          lose cover RAM: 129022M
[    1.073224] obpc kernel:  gran_size: 64M         chunk_size: 128M         num_reg: 10          lose cover RAM: 129022M
[    1.073228] obpc kernel:  gran_size: 64M         chunk_size: 256M         num_reg: 10          lose cover RAM: 129022M
[    1.073235] obpc kernel:  gran_size: 64M         chunk_size: 512M         num_reg: 10          lose cover RAM: 129020M
[    1.073239] obpc kernel:  gran_size: 64M         chunk_size: 1G         num_reg: 10          lose cover RAM: 129020M
[    1.073247] obpc kernel:  gran_size: 64M         chunk_size: 2G         num_reg: 10          lose cover RAM: 129020M
[    1.073251] obpc kernel:  gran_size: 128M         chunk_size: 128M         num_reg: 10          lose cover RAM: 129022M
[    1.073256] obpc kernel:  gran_size: 128M         chunk_size: 256M         num_reg: 10          lose cover RAM: 129022M
[    1.073260] obpc kernel:  gran_size: 128M         chunk_size: 512M         num_reg: 10          lose cover RAM: 129020M
[    1.073266] obpc kernel:  gran_size: 128M         chunk_size: 1G         num_reg: 10          lose cover RAM: 129020M
[    1.073269] obpc kernel:  gran_size: 128M         chunk_size: 2G         num_reg: 10          lose cover RAM: 129020M
[    1.073273] obpc kernel:  gran_size: 256M         chunk_size: 256M         num_reg: 10          lose cover RAM: 129022M
[    1.073279] obpc kernel:  gran_size: 256M         chunk_size: 512M         num_reg: 10          lose cover RAM: 129020M
[    1.073282] obpc kernel:  gran_size: 256M         chunk_size: 1G         num_reg: 10          lose cover RAM: 129020M
[    1.073286] obpc kernel:  gran_size: 256M         chunk_size: 2G         num_reg: 10          lose cover RAM: 129020M
[    1.073291] obpc kernel:  gran_size: 512M         chunk_size: 512M         num_reg: 10          lose cover RAM: 129276M
[    1.073298] obpc kernel:  gran_size: 512M         chunk_size: 1G         num_reg: 10          lose cover RAM: 129276M
[    1.073301] obpc kernel:  gran_size: 512M         chunk_size: 2G         num_reg: 10          lose cover RAM: 129276M
[    1.073307] obpc kernel:  gran_size: 1G         chunk_size: 1G         num_reg: 10          lose cover RAM: 129784M
[    1.073310] obpc kernel:  gran_size: 1G         chunk_size: 2G         num_reg: 10          lose cover RAM: 129784M
[    1.073314] obpc kernel:  gran_size: 2G         chunk_size: 2G         num_reg: 10          lose cover RAM: 130800M
[    1.073320] obpc kernel: mtrr_cleanup: can not find optimal value
[    1.073324] obpc kernel: please specify mtrr_gran_size/mtrr_chunk_size
[    1.073331] obpc kernel: MTRR map: 8 entries (3 fixed + 5 variable; max 23), built from 10 variable MTRRs
[    1.073335] obpc kernel: x86/PAT: Configuration [0-7]: WB  WC  UC- UC  WB  WP  UC- WT  
[    1.073342] obpc kernel: e820: update [mem 0x70000000-0xffffffff] usable ==> reserved
[    1.073349] obpc kernel: e820: update [mem 0x2080000000-0x20800fffff] usable ==> reserved
[    1.073355] obpc kernel: x2apic: enabled by BIOS, switching to x2apic ops
[    1.073360] obpc kernel: last_pfn = 0x64000 max_arch_pfn = 0x400000000
[    1.073367] obpc kernel: esrt: Reserving ESRT space from 0x0000000050df1e98 to 0x0000000050df1fe8.
[    1.073373] obpc kernel: e820: update [mem 0x50df1000-0x50df1fff] usable ==> reserved
[    1.073378] obpc kernel: Using GB pages for direct mapping
[    1.073384] obpc kernel: secureboot: Secure boot disabled
[    1.073389] obpc kernel: RAMDISK: [mem 0x3d22c000-0x4046efff]
[    1.073396] obpc kernel: ACPI: Early table checksum verification disabled
[    1.073401] obpc kernel: ACPI: RSDP 0x000000005E8B6014 000024 (v02 ASUS  )
[    1.073405] obpc kernel: ACPI: XSDT 0x000000005E852728 000174 (v01 ASUS   NUC15CR  0000001D AMI  01000013)
[    1.073411] obpc kernel: ACPI: FACP 0x000000005E79E000 000114 (v06 ASUS   NUC15CR  0000001D AMI  01000013)
[    1.073416] obpc kernel: ACPI: DSDT 0x000000005E72D000 070E47 (v02 ASUS   NUC15CR  0000001D INTL 20210930)
[    1.073421] obpc kernel: ACPI: FACS 0x000000005E939000 000040
[    1.073426] obpc kernel: ACPI: SSDT 0x000000005E7B5000 000770 (v02 ASUS   NUC15CR  0000001D INTL 20210930)
[    1.073432] obpc kernel: ACPI: SSDT 0x000000005E7B4000 0005FB (v02 ASUS   NUC15CR  0000001D INTL 20210930)
[    1.073435] obpc kernel: ACPI: SSDT 0x000000005E7B3000 0001AB (v02 ASUS   NUC15CR  0000001D INTL 20210930)
[    1.073441] obpc kernel: ACPI: SSDT 0x000000005E7B2000 000394 (v02 ASUS   NUC15CR  0000001D INTL 20210930)
[    1.073445] obpc kernel: ACPI: SSDT 0x000000005E7B0000 001BAF (v02 ASUS   NUC15CR  0000001D INTL 20210930)
[    1.073449] obpc kernel: ACPI: SSDT 0x000000005E7AE000 001620 (v02 ASUS   NUC15CR  0000001D INTL 20210930)
[    1.073455] obpc kernel: ACPI: SSDT 0x000000005E7AC000 001349 (v02 ASUS   NUC15CR  0000001D INTL 20210930)
[    1.073459] obpc kernel: ACPI: SSDT 0x000000005E7AB000 000FBB (v02 ASUS   NUC15CR  0000001D INTL 20210930)
[    1.073464] obpc kernel: ACPI: SSDT 0x000000005E7A7000 003BC8 (v02 ASUS   NUC15CR  0000001D INTL 20210930)
[    1.073469] obpc kernel: ACPI: DTPR 0x000000005E7A6000 000088 (v01 ASUS   NUC15CR  0000001D      00000000)
[    1.073475] obpc kernel: ACPI: SSDT 0x000000005E7A0000 0053DB (v02 ASUS   NUC15CR  0000001D INTL 20210930)
[    1.073482] obpc kernel: ACPI: SSDT 0x000000005E79F000 000D03 (v02 ASUS   NUC15CR  0000001D INTL 20210930)
[    1.073488] obpc kernel: ACPI: FIDT 0x000000005E72C000 00009C (v01 ASUS   NUC15CR  0000001D AMI  00010013)
[    1.073494] obpc kernel: ACPI: SSDT 0x000000005E7B7000 00038C (v02 ASUS   NUC15CR  0000001D INTL 20210930)
[    1.073498] obpc kernel: ACPI: SSDT 0x000000005E729000 00247E (v02 ASUS   NUC15CR  0000001D INTL 20210930)
[    1.073505] obpc kernel: ACPI: SSDT 0x000000005E71F000 009ADA (v02 ASUS   NUC15CR  00001000 INTL 20210930)
[    1.073509] obpc kernel: ACPI: HPET 0x000000005E7B6000 000038 (v01 ASUS   NUC15CR  0000001D AMI  01000013)
[    1.073514] obpc kernel: ACPI: APIC 0x000000005E71E000 000358 (v05 ASUS   NUC15CR  0000001D AMI  01000013)
[    1.073519] obpc kernel: ACPI: MCFG 0x000000005E71D000 00003C (v01 ASUS   NUC15CR  0000001D AMI  01000013)
[    1.073525] obpc kernel: ACPI: SSDT 0x000000005E710000 00C39C (v02 ASUS   NUC15CR  0000001D INTL 20210930)
[    1.073529] obpc kernel: ACPI: SSDT 0x000000005E70E000 00147F (v02 ASUS   NUC15CR  0000001D INTL 20210930)
[    1.073535] obpc kernel: ACPI: SSDT 0x000000005E70A000 0038A4 (v02 ASUS   NUC15CR  0000001D INTL 20210930)
[    1.073540] obpc kernel: ACPI: UEFI 0x000000005E809000 000048 (v01 ASUS   NUC15CR  0000001D AMI  01000013)
[    1.073546] obpc kernel: ACPI: NHLT 0x000000005E709000 0002E3 (v00 ASUS   NUC15CR  0000001D AMI  01000013)
[    1.073550] obpc kernel: ACPI: LPIT 0x000000005E708000 0000CC (v01 ASUS   NUC15CR  0000001D AMI  01000013)
[    1.073556] obpc kernel: ACPI: WDAT 0x000000005E706000 000134 (v01 ASUS   NUC15CR  0000001D AMI  01000013)
[    1.073560] obpc kernel: ACPI: SSDT 0x000000005E705000 000CA6 (v02 ASUS   NUC15CR  0000001D INTL 20210930)
[    1.073567] obpc kernel: ACPI: SSDT 0x000000005E6FF000 005E42 (v02 ASUS   NUC15CR  0000001D INTL 20210930)
[    1.073573] obpc kernel: ACPI: DBGP 0x000000005E6FE000 000034 (v01 ASUS   NUC15CR  0000001D AMI  01000013)
[    1.073577] obpc kernel: ACPI: DBG2 0x000000005E6FD000 000054 (v00 ASUS   NUC15CR  0000001D AMI  01000013)
[    1.073584] obpc kernel: ACPI: SSDT 0x000000005E6FB000 001AFE (v02 ASUS   NUC15CR  0000001D INTL 20210930)
[    1.073588] obpc kernel: ACPI: DMAR 0x000000005E6FA000 000098 (v01 ASUS   NUC15CR  0000001D AMI  01000013)
[    1.073594] obpc kernel: ACPI: FPDT 0x000000005E6F9000 000044 (v01 ASUS   NUC15CR  0000001D AMI  01000013)
[    1.073601] obpc kernel: ACPI: SSDT 0x000000005E6F7000 001092 (v02 ASUS   NUC15CR  0000001D INTL 20210930)
[    1.073607] obpc kernel: ACPI: SSDT 0x000000005E6F4000 00281A (v02 ASUS   NUC15CR  0000001D INTL 20210930)
[    1.073614] obpc kernel: ACPI: SSDT 0x000000005E6F1000 0028D3 (v02 ASUS   NUC15CR  0000001D INTL 20210930)
[    1.073618] obpc kernel: ACPI: BGRT 0x000000005E6F0000 000038 (v01 ASUS   NUC15CR  0000001D AMI  00010013)
[    1.073626] obpc kernel: ACPI: SSDT 0x000000005E6EE000 0011A0 (v02 ASUS   NUC15CR  0000001D INTL 20210930)
[    1.073631] obpc kernel: ACPI: PHAT 0x000000005E6ED000 000810 (v01 ASUS   NUC15CR  0000001D MSFT 0100000D)
[    1.073637] obpc kernel: ACPI: TPM2 0x000000005E6EC000 00004C (v04 ASUS   NUC15CR  0000001D AMI  00000000)
[    1.073641] obpc kernel: ACPI: WSMT 0x000000005E707000 000028 (v01 ASUS   NUC15CR  0000001D AMI  00010013)
[    1.073647] obpc kernel: ACPI: Reserving FACP table memory at [mem 0x5e79e000-0x5e79e113]
[    1.073652] obpc kernel: ACPI: Reserving DSDT table memory at [mem 0x5e72d000-0x5e79de46]
[    1.073657] obpc kernel: ACPI: Reserving FACS table memory at [mem 0x5e939000-0x5e93903f]
[    1.073662] obpc kernel: ACPI: Reserving SSDT table memory at [mem 0x5e7b5000-0x5e7b576f]
[    1.073666] obpc kernel: ACPI: Reserving SSDT table memory at [mem 0x5e7b4000-0x5e7b45fa]
[    1.073671] obpc kernel: ACPI: Reserving SSDT table memory at [mem 0x5e7b3000-0x5e7b31aa]
[    1.073677] obpc kernel: ACPI: Reserving SSDT table memory at [mem 0x5e7b2000-0x5e7b2393]
[    1.073681] obpc kernel: ACPI: Reserving SSDT table memory at [mem 0x5e7b0000-0x5e7b1bae]
[    1.073686] obpc kernel: ACPI: Reserving SSDT table memory at [mem 0x5e7ae000-0x5e7af61f]
[    1.073690] obpc kernel: ACPI: Reserving SSDT table memory at [mem 0x5e7ac000-0x5e7ad348]
[    1.073693] obpc kernel: ACPI: Reserving SSDT table memory at [mem 0x5e7ab000-0x5e7abfba]
[    1.073697] obpc kernel: ACPI: Reserving SSDT table memory at [mem 0x5e7a7000-0x5e7aabc7]
[    1.073701] obpc kernel: ACPI: Reserving DTPR table memory at [mem 0x5e7a6000-0x5e7a6087]
[    1.073705] obpc kernel: ACPI: Reserving SSDT table memory at [mem 0x5e7a0000-0x5e7a53da]
[    1.073711] obpc kernel: ACPI: Reserving SSDT table memory at [mem 0x5e79f000-0x5e79fd02]
[    1.073715] obpc kernel: ACPI: Reserving FIDT table memory at [mem 0x5e72c000-0x5e72c09b]
[    1.073719] obpc kernel: ACPI: Reserving SSDT table memory at [mem 0x5e7b7000-0x5e7b738b]
[    1.073724] obpc kernel: ACPI: Reserving SSDT table memory at [mem 0x5e729000-0x5e72b47d]
[    1.073730] obpc kernel: ACPI: Reserving SSDT table memory at [mem 0x5e71f000-0x5e728ad9]
[    1.073733] obpc kernel: ACPI: Reserving HPET table memory at [mem 0x5e7b6000-0x5e7b6037]
[    1.073736] obpc kernel: ACPI: Reserving APIC table memory at [mem 0x5e71e000-0x5e71e357]
[    1.073741] obpc kernel: ACPI: Reserving MCFG table memory at [mem 0x5e71d000-0x5e71d03b]
[    1.073745] obpc kernel: ACPI: Reserving SSDT table memory at [mem 0x5e710000-0x5e71c39b]
[    1.073748] obpc kernel: ACPI: Reserving SSDT table memory at [mem 0x5e70e000-0x5e70f47e]
[    1.073751] obpc kernel: ACPI: Reserving SSDT table memory at [mem 0x5e70a000-0x5e70d8a3]
[    1.073755] obpc kernel: ACPI: Reserving UEFI table memory at [mem 0x5e809000-0x5e809047]
[    1.073760] obpc kernel: ACPI: Reserving NHLT table memory at [mem 0x5e709000-0x5e7092e2]
[    1.073763] obpc kernel: ACPI: Reserving LPIT table memory at [mem 0x5e708000-0x5e7080cb]
[    1.073767] obpc kernel: ACPI: Reserving WDAT table memory at [mem 0x5e706000-0x5e706133]
[    1.073771] obpc kernel: ACPI: Reserving SSDT table memory at [mem 0x5e705000-0x5e705ca5]
[    1.073776] obpc kernel: ACPI: Reserving SSDT table memory at [mem 0x5e6ff000-0x5e704e41]
[    1.073780] obpc kernel: ACPI: Reserving DBGP table memory at [mem 0x5e6fe000-0x5e6fe033]
[    1.073784] obpc kernel: ACPI: Reserving DBG2 table memory at [mem 0x5e6fd000-0x5e6fd053]
[    1.073790] obpc kernel: ACPI: Reserving SSDT table memory at [mem 0x5e6fb000-0x5e6fcafd]
[    1.073793] obpc kernel: ACPI: Reserving DMAR table memory at [mem 0x5e6fa000-0x5e6fa097]
[    1.073796] obpc kernel: ACPI: Reserving FPDT table memory at [mem 0x5e6f9000-0x5e6f9043]
[    1.073799] obpc kernel: ACPI: Reserving SSDT table memory at [mem 0x5e6f7000-0x5e6f8091]
[    1.073805] obpc kernel: ACPI: Reserving SSDT table memory at [mem 0x5e6f4000-0x5e6f6819]
[    1.073808] obpc kernel: ACPI: Reserving SSDT table memory at [mem 0x5e6f1000-0x5e6f38d2]
[    1.073812] obpc kernel: ACPI: Reserving BGRT table memory at [mem 0x5e6f0000-0x5e6f0037]
[    1.073815] obpc kernel: ACPI: Reserving SSDT table memory at [mem 0x5e6ee000-0x5e6ef19f]
[    1.073820] obpc kernel: ACPI: Reserving PHAT table memory at [mem 0x5e6ed000-0x5e6ed80f]
[    1.073825] obpc kernel: ACPI: Reserving TPM2 table memory at [mem 0x5e6ec000-0x5e6ec04b]
[    1.073830] obpc kernel: ACPI: Reserving WSMT table memory at [mem 0x5e707000-0x5e707027]
[    1.073834] obpc kernel: APIC: Switched APIC routing to: cluster x2apic
[    1.073839] obpc kernel: No NUMA configuration found
[    1.073843] obpc kernel: Faking a node at [mem 0x0000000000000000-0x000000207fffffff]
[    1.073846] obpc kernel: NODE_DATA(0) allocated [mem 0x207ffd5280-0x207fffffff]
[    1.073850] obpc kernel: crashkernel reserved: 0x000000002d000000 - 0x000000003d000000 (256 MB)
[    1.073854] obpc kernel: Zone ranges:
[    1.073859] obpc kernel:   DMA      [mem 0x0000000000001000-0x0000000000ffffff]
[    1.073862] obpc kernel:   DMA32    [mem 0x0000000001000000-0x00000000ffffffff]
[    1.073867] obpc kernel:   Normal   [mem 0x0000000100000000-0x000000207fffffff]
[    1.073873] obpc kernel:   Device   empty
[    1.073876] obpc kernel: Movable zone start for each node
[    1.073881] obpc kernel: Early memory node ranges
[    1.073885] obpc kernel:   node   0: [mem 0x0000000000001000-0x000000000009efff]
[    1.073890] obpc kernel:   node   0: [mem 0x0000000000100000-0x00000000545f1fff]
[    1.073894] obpc kernel:   node   0: [mem 0x0000000063fff000-0x0000000063ffffff]
[    1.073897] obpc kernel:   node   0: [mem 0x0000000100000000-0x000000207fffffff]
[    1.073900] obpc kernel: Initmem setup node 0 [mem 0x0000000000001000-0x000000207fffffff]
[    1.073905] obpc kernel: On node 0, zone DMA: 1 pages in unavailable ranges
[    1.073912] obpc kernel: On node 0, zone DMA: 97 pages in unavailable ranges
[    1.073916] obpc kernel: On node 0, zone DMA32: 31245 pages in unavailable ranges
[    1.073921] obpc kernel: On node 0, zone Normal: 16384 pages in unavailable ranges
[    1.073927] obpc kernel: ACPI: PM-Timer IO Port: 0x1808
[    1.073932] obpc kernel: ACPI: X2APIC_NMI (uid[0xffffffff] high level lint[0x1])
[    1.073939] obpc kernel: IOAPIC[0]: apic_id 2, version 32, address 0xfec00000, GSI 0-119
[    1.073945] obpc kernel: ACPI: INT_SRC_OVR (bus 0 bus_irq 0 global_irq 2 dfl dfl)
[    1.073948] obpc kernel: ACPI: INT_SRC_OVR (bus 0 bus_irq 9 global_irq 9 high level)
[    1.073953] obpc kernel: ACPI: Using ACPI (MADT) for SMP configuration information
[    1.073959] obpc kernel: ACPI: HPET id: 0x8086a201 base: 0xfed00000
[    1.073962] obpc kernel: e820: update [mem 0x483a2000-0x483d0fff] usable ==> reserved
[    1.073968] obpc kernel: TSC deadline timer available
[    1.073972] obpc kernel: CPU topo: Max. logical packages:   1
[    1.073975] obpc kernel: CPU topo: Max. logical nodes:      1
[    1.073981] obpc kernel: CPU topo: Num. nodes per package:  1
[    1.073985] obpc kernel: CPU topo: Max. logical dies:       1
[    1.073990] obpc kernel: CPU topo: Max. dies per package:   1
[    1.073993] obpc kernel: CPU topo: Max. threads per core:   1
[    1.073997] obpc kernel: CPU topo: Num. cores per package:    16
[    1.074005] obpc kernel: CPU topo: Num. threads per package:  16
[    1.074011] obpc kernel: CPU topo: Allowing 16 present CPUs plus 0 hotplug CPUs
[    1.074014] obpc kernel: PM: hibernation: Registered nosave memory: [mem 0x00000000-0x00000fff]
[    1.074019] obpc kernel: PM: hibernation: Registered nosave memory: [mem 0x0009f000-0x000fffff]
[    1.074024] obpc kernel: PM: hibernation: Registered nosave memory: [mem 0x483a2000-0x483d0fff]
[    1.074028] obpc kernel: PM: hibernation: Registered nosave memory: [mem 0x50df1000-0x50df1fff]
[    1.074034] obpc kernel: PM: hibernation: Registered nosave memory: [mem 0x545f2000-0x63ffefff]
[    1.074039] obpc kernel: PM: hibernation: Registered nosave memory: [mem 0x64000000-0xffffffff]
[    1.074042] obpc kernel: [mem 0x78800000-0xfdffffff] available for PCI devices
[    1.074047] obpc kernel: Booting paravirtualized kernel on bare hardware
[    1.074052] obpc kernel: clocksource: refined-jiffies: mask: 0xffffffff max_cycles: 0xffffffff, max_idle_ns: 1910969940391419 ns
[    1.074059] obpc kernel: setup_percpu: NR_CPUS:8192 nr_cpumask_bits:16 nr_cpu_ids:16 nr_node_ids:1
[    1.074062] obpc kernel: percpu: Embedded 84 pages/cpu s221184 r8192 d114688 u524288
[    1.074066] obpc kernel: pcpu-alloc: s221184 r8192 d114688 u524288 alloc=1*2097152
[    1.074071] obpc kernel: pcpu-alloc: [0] 00 01 02 03 [0] 04 05 06 07 
[    1.074077] obpc kernel: pcpu-alloc: [0] 08 09 10 11 [0] 12 13 14 15 
[    1.074082] obpc kernel: Kernel command line: BOOT_IMAGE=(hd0,gpt5)/vmlinuz-6.19.14-200.fc43.x86_64 root=UUID=34e34fc2-47b6-41bd-b739-8a1c79788cb2 ro rootflags=subvol=root rhgb quiet module_blacklist=nouveau,nova_core rd.driver.blacklist=nouveau,nova_core modprobe.blacklist=nouveau,nova_core pcie_aspm.policy=performance thunderbolt.clx=0 pcie_port_pm=off pci=realloc=off,pcie_bus_perf,hpmmioprefsize=256M,resource_alignment=35@0000:03:00.0 crashkernel=256M iommu=off intel_iommu=off thunderbolt.dyndbg=+pflm thunderbolt.host_reset=false
[    1.074094] obpc kernel: DMAR: IOMMU disabled
[    1.074099] obpc kernel: Unknown kernel command line parameters "rhgb", will be passed to user space.
[    1.074105] obpc kernel: printk: log buffer data + meta data: 262144 + 917504 = 1179648 bytes
[    1.074111] obpc kernel: Dentry cache hash table entries: 8388608 (order: 14, 67108864 bytes, linear)
[    1.074117] obpc kernel: Inode-cache hash table entries: 4194304 (order: 13, 33554432 bytes, linear)
[    1.074124] obpc kernel: Fallback order for Node 0: 0 
[    1.074127] obpc kernel: Built 1 zonelists, mobility grouping on.  Total pages: 33375633
[    1.074132] obpc kernel: Policy zone: Normal
[    1.074135] obpc kernel: mem auto-init: stack:all(zero), heap alloc:on, heap free:off
[    1.074139] obpc kernel: SLUB: HWalign=64, Order=0-3, MinObjects=0, CPUs=16, Nodes=1
[    1.074144] obpc kernel: ftrace: allocating 63440 entries in 248 pages
[    1.074151] obpc kernel: ftrace: allocated 248 pages with 5 groups
[    1.074156] obpc kernel: Dynamic Preempt: lazy
[    1.074162] obpc kernel: rcu: Preemptible hierarchical RCU implementation.
[    1.074166] obpc kernel: rcu:         RCU event tracing is enabled.
[    1.074171] obpc kernel: rcu:         RCU restricting CPUs from NR_CPUS=8192 to nr_cpu_ids=16.
[    1.074176] obpc kernel:         Trampoline variant of Tasks RCU enabled.
[    1.074181] obpc kernel:         Rude variant of Tasks RCU enabled.
[    1.074185] obpc kernel:         Tracing variant of Tasks RCU enabled.
[    1.074188] obpc kernel: rcu: RCU calculated value of scheduler-enlistment delay is 100 jiffies.
[    1.074194] obpc kernel: rcu: Adjusting geometry for rcu_fanout_leaf=16, nr_cpu_ids=16
[    1.074197] obpc kernel: RCU Tasks: Setting shift to 4 and lim to 1 rcu_task_cb_adjust=1 rcu_task_cpu_ids=16.
[    1.074200] obpc kernel: RCU Tasks Rude: Setting shift to 4 and lim to 1 rcu_task_cb_adjust=1 rcu_task_cpu_ids=16.
[    1.074206] obpc kernel: RCU Tasks Trace: Setting shift to 4 and lim to 1 rcu_task_cb_adjust=1 rcu_task_cpu_ids=16.
[    1.074212] obpc kernel: NR_IRQS: 524544, nr_irqs: 2184, preallocated irqs: 16
[    1.074216] obpc kernel: rcu: srcu_init: Setting srcu_struct sizes based on contention.
[    1.074223] obpc kernel: kfence: initialized - using 2097152 bytes for 255 objects at 0x(____ptrval____)-0x(____ptrval____)
[    1.074228] obpc kernel: Console: colour dummy device 80x25
[    1.074233] obpc kernel: printk: legacy console [tty0] enabled
[    1.074238] obpc kernel: ACPI: Core revision 20250807
[    1.074243] obpc kernel: hpet: HPET dysfunctional in PC10. Force disabled.
[    1.074248] obpc kernel: APIC: Switch to symmetric I/O mode setup
[    1.074252] obpc kernel: DMAR: Host address width 42
[    1.074257] obpc kernel: DMAR: DRHD base: 0x000000fc800000 flags: 0x0
[    1.074260] obpc kernel: DMAR: dmar0: reg_base_addr fc800000 ver 7:0 cap c9de008cee690462 ecap 12ca9a00f0ef5e
[    1.074266] obpc kernel: DMAR: DRHD base: 0x000000fc801000 flags: 0x1
[    1.074271] obpc kernel: DMAR: dmar1: reg_base_addr fc801000 ver 7:0 cap c9de008cee690462 ecap 12ca9a00f0efde
[    1.074276] obpc kernel: DMAR: SATC flags: 0x1
[    1.074280] obpc kernel: DMAR-IR: IOAPIC id 2 under DRHD base  0xfc801000 IOMMU 1
[    1.074285] obpc kernel: DMAR-IR: HPET id 0 under DRHD base 0xfc801000
[    1.074289] obpc kernel: DMAR-IR: Queued invalidation will be enabled to support x2apic and Intr-remapping.
[    1.074293] obpc kernel: DMAR-IR: Enabled IRQ remapping in x2apic mode
[    1.074297] obpc kernel: clocksource: tsc-early: mask: 0xffffffffffffffff max_cycles: 0x6a464ae9873, max_idle_ns: 881590529744 ns
[    1.074302] obpc kernel: Calibrating delay loop (skipped), value calculated using timer frequency.. 7372.80 BogoMIPS (lpj=3686400)
[    1.074305] obpc kernel: CPU0: Thermal monitoring enabled (TM1)
[    1.074312] obpc kernel: x86/cpu: User Mode Instruction Prevention (UMIP) activated
[    1.074316] obpc kernel: CET detected: Indirect Branch Tracking enabled
[    1.074322] obpc kernel: Last level iTLB entries: 4KB 0, 2MB 0, 4MB 0
[    1.074328] obpc kernel: Last level dTLB entries: 4KB 0, 2MB 0, 4MB 0, 1GB 0
[    1.074332] obpc kernel: process: using mwait in idle threads
[    1.074335] obpc kernel: mitigations: Enabled attack vectors: user_kernel, user_user, guest_host, guest_guest, SMT mitigations: auto
[    1.074341] obpc kernel: Speculative Store Bypass: Mitigation: Speculative Store Bypass disabled via prctl
[    1.074348] obpc kernel: Spectre V2 : Mitigation: Enhanced / Automatic IBRS
[    1.074351] obpc kernel: VMSCAPE: Mitigation: IBPB before exit to userspace
[    1.074358] obpc kernel: Spectre V1 : Mitigation: usercopy/swapgs barriers and __user pointer sanitization
[    1.074362] obpc kernel: Spectre V2 : mitigation: Enabling conditional Indirect Branch Prediction Barrier
[    1.074365] obpc kernel: x86/fpu: Supporting XSAVE feature 0x001: 'x87 floating point registers'
[    1.074370] obpc kernel: x86/fpu: Supporting XSAVE feature 0x002: 'SSE registers'
[    1.074375] obpc kernel: x86/fpu: Supporting XSAVE feature 0x004: 'AVX registers'
[    1.074380] obpc kernel: x86/fpu: Supporting XSAVE feature 0x200: 'Protection Keys User registers'
[    1.074383] obpc kernel: x86/fpu: Supporting XSAVE feature 0x800: 'Control-flow User registers'
[    1.074386] obpc kernel: x86/fpu: Supporting XSAVE feature 0x1000: 'Control-flow Kernel registers (KVM only)'
[    1.074392] obpc kernel: x86/fpu: xstate_offset[2]:  576, xstate_sizes[2]:  256
[    1.074396] obpc kernel: x86/fpu: xstate_offset[9]:  832, xstate_sizes[9]:    8
[    1.074401] obpc kernel: x86/fpu: xstate_offset[11]:  840, xstate_sizes[11]:   16
[    1.074405] obpc kernel: x86/fpu: xstate_offset[12]:  856, xstate_sizes[12]:   24
[    1.074408] obpc kernel: x86/fpu: Enabled xstate features 0x1a07, context size is 880 bytes, using 'compacted' format.
[    1.074412] obpc kernel: Freeing SMP alternatives memory: 56K
[    1.074418] obpc kernel: pid_max: default: 32768 minimum: 301
[    1.074422] obpc kernel: Yama: becoming mindful.
[    1.074425] obpc kernel: SELinux:  Initializing.
[    1.074428] obpc kernel: LSM support for eBPF active
[    1.074431] obpc kernel: landlock: Up and running.
[    1.074434] obpc kernel: Mount-cache hash table entries: 131072 (order: 8, 1048576 bytes, linear)
[    1.074438] obpc kernel: Mountpoint-cache hash table entries: 131072 (order: 8, 1048576 bytes, linear)
[    1.074441] obpc kernel: smpboot: CPU0: Intel(R) Core(TM) Ultra 9 285H (family: 0x6, model: 0xc5, stepping: 0x2)
[    1.074446] obpc kernel: Performance Events: XSAVE Architectural LBR, PEBS fmt5+-baseline,  AnyThread deprecated, ArrowLake-H Hybrid events, 32-deep LBR, full-width counters, Intel PMU driver.
[    1.074451] obpc kernel: core: cpu_core PMU driver: 
[    1.074454] obpc kernel: ... version:                   5
[    1.074458] obpc kernel: ... bit width:                 48
[    1.074461] obpc kernel: ... generic counters:          10
[    1.074464] obpc kernel: ... generic bitmap:            00000000000003ff
[    1.074467] obpc kernel: ... fixed-purpose counters:    4
[    1.074471] obpc kernel: ... fixed-purpose bitmap:      000000000000000f
[    1.074474] obpc kernel: ... value mask:                0000ffffffffffff
[    1.074477] obpc kernel: ... max period:                00007fffffffffff
[    1.074480] obpc kernel: ... global_ctrl mask:          0001000f000003ff
[    1.074483] obpc kernel: signal: max sigframe size: 3632
[    1.074488] obpc kernel: Estimated ratio of average max frequency by base frequency (times 1024): 1411
[    1.074492] obpc kernel: rcu: Hierarchical SRCU implementation.
[    1.074495] obpc kernel: rcu:         Max phase no-delay instances is 400.
[    1.074498] obpc kernel: Timer migration: 2 hierarchy levels; 8 children per group; 2 crossnode level
[    1.074502] obpc kernel: NMI watchdog: Enabled. Permanently consumes one hw-PMU counter.
[    1.074505] obpc kernel: smp: Bringing up secondary CPUs ...
[    1.074511] obpc kernel: smpboot: x86: Booting SMP configuration:
[    1.074515] obpc kernel: .... node  #0, CPUs:        #1  #2  #3  #4  #5  #6  #7  #8  #9 #10 #11 #12 #13 #14 #15
[    1.074520] obpc kernel: core: The event 0x5d0 is not supported as an auto-counter reload event.
[    1.074524] obpc kernel: core: cpu_atom PMU driver: 
[    1.074527] obpc kernel: ... version:                   5
[    1.074530] obpc kernel: ... bit width:                 48
[    1.074533] obpc kernel: ... generic counters:          8
[    1.074536] obpc kernel: ... generic bitmap:            00000000000000ff
[    1.074539] obpc kernel: ... fixed-purpose counters:    6
[    1.074542] obpc kernel: ... fixed-purpose bitmap:      0000000000000077
[    1.074546] obpc kernel: ... value mask:                0000ffffffffffff
[    1.074549] obpc kernel: ... max period:                00007fffffffffff
[    1.074552] obpc kernel: ... global_ctrl mask:          00000077000000ff
[    1.074556] obpc kernel: core: cpu_lowpower PMU driver: 
[    1.074559] obpc kernel: ... version:                   5
[    1.074562] obpc kernel: ... bit width:                 48
[    1.074565] obpc kernel: ... generic counters:          8
[    1.074568] obpc kernel: ... generic bitmap:            00000000000000ff
[    1.074570] obpc kernel: ... fixed-purpose counters:    3
[    1.074573] obpc kernel: ... fixed-purpose bitmap:      0000000000000007
[    1.074578] obpc kernel: ... value mask:                0000ffffffffffff
[    1.074580] obpc kernel: ... max period:                00007fffffffffff
[    1.074583] obpc kernel: ... global_ctrl mask:          00000007000000ff
[    1.074587] obpc kernel: smp: Brought up 1 node, 16 CPUs
[    1.074591] obpc kernel: smpboot: Total of 16 processors activated (117964.80 BogoMIPS)
[    1.074594] obpc kernel: Memory: 130695100K/133502532K available (22601K kernel code, 4588K rwdata, 17852K rodata, 5200K init, 5788K bss, 2777556K reserved, 0K cma-reserved)
[    1.074600] obpc kernel: devtmpfs: initialized
[    1.074605] obpc kernel: x86/mm: Memory block size: 2048MB
[    1.074609] obpc kernel: ACPI: PM: Registering ACPI NVS region [mem 0x5e7b8000-0x5e93efff] (1601536 bytes)
[    1.074613] obpc kernel: clocksource: jiffies: mask: 0xffffffff max_cycles: 0xffffffff, max_idle_ns: 1911260446275000 ns
[    1.074617] obpc kernel: posixtimers hash table entries: 8192 (order: 5, 131072 bytes, linear)
[    1.074621] obpc kernel: futex hash table entries: 4096 (262144 bytes on 1 NUMA nodes, total 256 KiB, linear).
[    1.074625] obpc kernel: PM: RTC time: 11:11:22, date: 2026-05-08
[    1.074631] obpc kernel: NET: Registered PF_NETLINK/PF_ROUTE protocol family
[    1.074637] obpc kernel: DMA: preallocated 4096 KiB GFP_KERNEL pool for atomic allocations
[    1.074642] obpc kernel: DMA: preallocated 4096 KiB GFP_KERNEL|GFP_DMA pool for atomic allocations
[    1.074647] obpc kernel: DMA: preallocated 4096 KiB GFP_KERNEL|GFP_DMA32 pool for atomic allocations
[    1.074651] obpc kernel: audit: initializing netlink subsys (disabled)
[    1.074658] obpc kernel: audit: type=2000 audit(1778238682.012:1): state=initialized audit_enabled=0 res=1
[    1.074664] obpc kernel: thermal_sys: Registered thermal governor 'fair_share'
[    1.074669] obpc kernel: thermal_sys: Registered thermal governor 'bang_bang'
[    1.074672] obpc kernel: thermal_sys: Registered thermal governor 'step_wise'
[    1.074675] obpc kernel: thermal_sys: Registered thermal governor 'user_space'
[    1.074678] obpc kernel: cpuidle: using governor menu
[    1.074681] obpc kernel: efi: Freeing EFI boot services memory: 202076K
[    1.074686] obpc kernel: acpiphp: ACPI Hot Plug PCI Controller Driver version: 0.5
[    1.074690] obpc kernel: PCI: ECAM [mem 0xc0000000-0xcfffffff] (base 0xc0000000) for domain 0000 [bus 00-ff]
[    1.074695] obpc kernel: PCI: Using configuration type 1 for base access
[    1.074699] obpc kernel: kprobes: kprobe jump-optimization is enabled. All kprobes are optimized if possible.
[    1.074704] obpc kernel: HugeTLB: registered 1.00 GiB page size, pre-allocated 0 pages
[    1.074707] obpc kernel: HugeTLB: 16380 KiB vmemmap can be freed for a 1.00 GiB page
[    1.074710] obpc kernel: HugeTLB: registered 2.00 MiB page size, pre-allocated 0 pages
[    1.074715] obpc kernel: HugeTLB: 28 KiB vmemmap can be freed for a 2.00 MiB page
[    1.074718] obpc kernel: raid6: skipped pq benchmark and selected avx2x4
[    1.074721] obpc kernel: raid6: using avx2x2 recovery algorithm
[    1.074725] obpc kernel: ACPI: Added _OSI(Module Device)
[    1.074728] obpc kernel: ACPI: Added _OSI(Processor Device)
[    1.074732] obpc kernel: ACPI: Added _OSI(Processor Aggregator Device)
[    1.074736] obpc kernel: ACPI: 25 ACPI AML tables successfully acquired and loaded
[    1.074742] obpc kernel: ACPI: USB4 _OSC: OS supports USB3+ DisplayPort+ PCIe+ XDomain+
[    1.074748] obpc kernel: ACPI: USB4 _OSC: OS controls USB3+ DisplayPort+ PCIe+ XDomain+
[    1.074753] obpc kernel: ACPI: EC: EC started
[    1.074758] obpc kernel: ACPI: EC: interrupt blocked
[    1.074761] obpc kernel: ACPI: EC: EC_CMD/EC_SC=0x66, EC_DATA=0x62
[    1.074766] obpc kernel: ACPI: \_SB_.PC00.LPCB.H_EC: Boot DSDT EC used to handle transactions
[    1.074770] obpc kernel: ACPI: Interpreter enabled
[    1.074774] obpc kernel: ACPI: PM: (supports S0 S3 S4 S5)
[    1.074778] obpc kernel: ACPI: Using IOAPIC for interrupt routing
[    1.074784] obpc kernel: PCI: Using host bridge windows from ACPI; if necessary, use "pci=nocrs" and report a bug
[    1.074787] obpc kernel: PCI: Ignoring E820 reservations for host bridge windows
[    1.074791] obpc kernel: ACPI: Enabled 13 GPEs in block 00 to 7F
[    1.074797] obpc kernel: ACPI: Enabled 8 GPEs in block 80 to DF
[    1.074802] obpc kernel: ACPI: \_SB_.PC00.RP04.PXP_: New power resource
[    1.074806] obpc kernel: ACPI: \_SB_.PC00.RP05.PXP_: New power resource
[    1.074811] obpc kernel: ACPI: \_SB_.PC00.RP11.PXP_: New power resource
[    1.074815] obpc kernel: ACPI: \_SB_.PC00.RP12.PXP_: New power resource
[    1.074822] obpc kernel: ACPI: \_SB_.PC00.XHCI.RHUB.HS10.BTRT: New power resource
[    1.074826] obpc kernel: ACPI: \_SB_.PC00.XHCI.RHUB.HS10.DBTR: New power resource
[    1.074831] obpc kernel: ACPI: \_SB_.PC00.PAUD: New power resource
[    1.074837] obpc kernel: ACPI: \_SB_.PC00.CNVW.WRST: New power resource
[    1.074842] obpc kernel: ACPI: \_SB_.PC00.TBT0: New power resource
[    1.074846] obpc kernel: ACPI: \_SB_.PC00.TBT1: New power resource
[    1.074851] obpc kernel: ACPI: \_SB_.PC00.D3C_: New power resource
[    1.074858] obpc kernel: ACPI: \_TZ_.FN00: New power resource
[    1.074862] obpc kernel: ACPI: \_TZ_.FN01: New power resource
[    1.074868] obpc kernel: ACPI: \_TZ_.FN02: New power resource
[    1.074871] obpc kernel: ACPI: \_TZ_.FN03: New power resource
[    1.074876] obpc kernel: ACPI: \_TZ_.FN04: New power resource
[    1.074880] obpc kernel: ACPI: \PIN_: New power resource
[    1.074886] obpc kernel: ACPI: PCI Root Bridge [PC00] (domain 0000 [bus 00-fe])
[    1.075023] obpc kernel: acpi PNP0A08:00: _OSC: OS supports [ExtendedConfig ASPM ClockPM Segments MSI EDR HPX-Type3]
[    1.075100] obpc kernel: acpi PNP0A08:00: _OSC: OS now controls [PCIeHotplug SHPCHotplug PME AER PCIeCapability LTR DPC]
[    1.075108] obpc kernel: PCI host bridge to bus 0000:00
[    1.075182] obpc kernel: pci_bus 0000:00: root bus resource [io  0x0000-0x0cf7 window]
[    1.075245] obpc kernel: pci_bus 0000:00: root bus resource [io  0x0d00-0xffff window]
[    1.075308] obpc kernel: pci_bus 0000:00: root bus resource [mem 0x000a0000-0x000bffff window]
[    1.075368] obpc kernel: pci_bus 0000:00: root bus resource [mem 0x80000000-0xbfffffff window]
[    1.075427] obpc kernel: pci_bus 0000:00: root bus resource [mem 0x4000000000-0x3ffbfffffff window]
[    1.075487] obpc kernel: pci_bus 0000:00: root bus resource [bus 00-fe]
[    1.075570] obpc kernel: pci 0000:00:00.0: [8086:7d06] type 00 class 0x060000 conventional PCI endpoint
[    1.075647] obpc kernel: pci 0000:00:01.0: [8086:7ecc] type 01 class 0x060400 PCIe Root Port
[    1.075717] obpc kernel: pci 0000:00:01.0: PCI bridge to [bus 01]
[    1.075785] obpc kernel: pci 0000:00:01.0:   bridge window [mem 0x90300000-0x903fffff]
[    1.075853] obpc kernel: pci 0000:00:01.0: PME# supported from D0 D3hot D3cold
[    1.075918] obpc kernel: pci 0000:00:01.0: PTM enabled (root), 4ns granularity
[    1.075990] obpc kernel: pci 0000:00:02.0: [8086:7d51] type 00 class 0x030000 PCIe Root Complex Integrated Endpoint
[    1.076066] obpc kernel: pci 0000:00:02.0: BAR 0 [mem 0x5837000000-0x5837ffffff 64bit pref]
[    1.076134] obpc kernel: pci 0000:00:02.0: BAR 2 [mem 0x5020000000-0x502fffffff 64bit pref]
[    1.076203] obpc kernel: pci 0000:00:02.0: DMAR: Skip IOMMU disabling for graphics
[    1.076269] obpc kernel: pci 0000:00:02.0: Video device with shadowed ROM at [mem 0x000c0000-0x000dffff]
[    1.076336] obpc kernel: pci 0000:00:02.0: PME# supported from D0 D3hot
[    1.076402] obpc kernel: pci 0000:00:02.0: VF BAR 0 [mem 0x5830000000-0x5830ffffff 64bit pref]
[    1.076470] obpc kernel: pci 0000:00:02.0: VF BAR 0 [mem 0x5830000000-0x5836ffffff 64bit pref]: contains BAR 0 for 7 VFs
[    1.076546] obpc kernel: pci 0000:00:04.0: [8086:7d03] type 00 class 0x118000 conventional PCI endpoint
[    1.076617] obpc kernel: pci 0000:00:04.0: BAR 0 [mem 0x58402c0000-0x58402dffff 64bit]
[    1.076693] obpc kernel: pci 0000:00:07.0: [8086:7ec4] type 01 class 0x060400 PCIe Root Port
[    1.076759] obpc kernel: pci 0000:00:07.0: PCI bridge to [bus 02-2b]
[    1.076827] obpc kernel: pci 0000:00:07.0:   bridge window [mem 0x8a000000-0x8fffffff]
[    1.076897] obpc kernel: pci 0000:00:07.0:   bridge window [mem 0x5030000000-0x582fffffff 64bit pref]
[    1.076964] obpc kernel: pci 0000:00:07.0: PME# supported from D0 D3hot D3cold
[    1.077033] obpc kernel: pci 0000:00:07.0: PTM enabled (root), 4ns granularity
[    1.077105] obpc kernel: pci 0000:00:07.2: [8086:7ec6] type 01 class 0x060400 PCIe Root Port
[    1.077172] obpc kernel: pci 0000:00:07.2: PCI bridge to [bus 2c-55]
[    1.077237] obpc kernel: pci 0000:00:07.2:   bridge window [io  0x3000-0x3fff]
[    1.077306] obpc kernel: pci 0000:00:07.2:   bridge window [mem 0x80000000-0x89efffff]
[    1.077372] obpc kernel: pci 0000:00:07.2:   bridge window [mem 0x4000000000-0x5013ffffff 64bit pref]
[    1.077438] obpc kernel: pci 0000:00:07.2: PME# supported from D0 D3hot D3cold
[    1.077502] obpc kernel: pci 0000:00:07.2: PTM enabled (root), 4ns granularity
[    1.077571] obpc kernel: pci 0000:00:08.0: [8086:774c] type 00 class 0x088000 conventional PCI endpoint
[    1.077639] obpc kernel: pci 0000:00:08.0: BAR 0 [mem 0x5840322000-0x5840322fff 64bit]
[    1.077710] obpc kernel: pci 0000:00:0a.0: [8086:7d0d] type 00 class 0x118000 PCIe Root Complex Integrated Endpoint
[    1.077782] obpc kernel: pci 0000:00:0a.0: BAR 0 [mem 0x5840280000-0x58402bffff 64bit]
[    1.077849] obpc kernel: pci 0000:00:0a.0: enabling Extended Tags
[    1.077918] obpc kernel: pci 0000:00:0b.0: [8086:7d1d] type 00 class 0x120000 PCIe Root Complex Integrated Endpoint
[    1.077983] obpc kernel: pci 0000:00:0b.0: BAR 0 [mem 0x5838000000-0x583fffffff 64bit]
[    1.078051] obpc kernel: pci 0000:00:0b.0: BAR 4 [mem 0x5840321000-0x5840321fff 64bit]
[    1.078124] obpc kernel: pci 0000:00:0d.0: [8086:7ec0] type 00 class 0x0c0330 conventional PCI endpoint
[    1.078189] obpc kernel: pci 0000:00:0d.0: BAR 0 [mem 0x5840300000-0x584030ffff 64bit]
[    1.078257] obpc kernel: pci 0000:00:0d.0: PME# supported from D3hot D3cold
[    1.078329] obpc kernel: pci 0000:00:0d.2: [8086:7ec2] type 00 class 0x0c0340 conventional PCI endpoint
[    1.078397] obpc kernel: pci 0000:00:0d.2: BAR 0 [mem 0x5840240000-0x584027ffff 64bit]
[    1.078462] obpc kernel: pci 0000:00:0d.2: BAR 2 [mem 0x5840320000-0x5840320fff 64bit]
[    1.078527] obpc kernel: pci 0000:00:0d.2: supports D1 D2
[    1.078593] obpc kernel: pci 0000:00:0d.2: PME# supported from D0 D1 D2 D3hot D3cold
[    1.078663] obpc kernel: pci 0000:00:0d.3: [8086:7ec3] type 00 class 0x0c0340 conventional PCI endpoint
[    1.078732] obpc kernel: pci 0000:00:0d.3: BAR 0 [mem 0x5840200000-0x584023ffff 64bit]
[    1.078803] obpc kernel: pci 0000:00:0d.3: BAR 2 [mem 0x584031f000-0x584031ffff 64bit]
[    1.078875] obpc kernel: pci 0000:00:0d.3: supports D1 D2
[    1.078944] obpc kernel: pci 0000:00:0d.3: PME# supported from D0 D1 D2 D3hot D3cold
[    1.079031] obpc kernel: pci 0000:00:12.0: [8086:7745] type 00 class 0x070000 conventional PCI endpoint
[    1.079105] obpc kernel: pci 0000:00:12.0: BAR 0 [mem 0x58402f0000-0x58402fffff 64bit]
[    1.079169] obpc kernel: pci 0000:00:12.0: PME# supported from D0 D3hot
[    1.079242] obpc kernel: pci 0000:00:14.0: [8086:777d] type 00 class 0x0c0330 conventional PCI endpoint
[    1.079308] obpc kernel: pci 0000:00:14.0: BAR 0 [mem 0x58402e0000-0x58402effff 64bit]
[    1.079372] obpc kernel: pci 0000:00:14.0: PME# supported from D3hot D3cold
[    1.079442] obpc kernel: pci 0000:00:14.2: [8086:777f] type 00 class 0x050000 conventional PCI endpoint
[    1.079510] obpc kernel: pci 0000:00:14.2: BAR 0 [mem 0x5840318000-0x584031bfff 64bit]
[    1.079573] obpc kernel: pci 0000:00:14.2: BAR 2 [mem 0x584031e000-0x584031efff 64bit]
[    1.079643] obpc kernel: pci 0000:00:14.3: [8086:7740] type 00 class 0x028000 PCIe Root Complex Integrated Endpoint
[    1.079707] obpc kernel: pci 0000:00:14.3: BAR 0 [mem 0x5840314000-0x5840317fff 64bit]
[    1.079772] obpc kernel: pci 0000:00:14.3: enabling Extended Tags
[    1.079837] obpc kernel: pci 0000:00:14.3: PME# supported from D0 D3hot D3cold
[    1.079906] obpc kernel: pci 0000:00:16.0: [8086:7770] type 00 class 0x078000 conventional PCI endpoint
[    1.079981] obpc kernel: pci 0000:00:16.0: BAR 0 [mem 0x584031d000-0x584031dfff 64bit]
[    1.080064] obpc kernel: pci 0000:00:16.0: PME# supported from D3hot
[    1.080142] obpc kernel: pci 0000:00:1c.0: [8086:773c] type 01 class 0x060400 PCIe Root Port
[    1.080211] obpc kernel: pci 0000:00:1c.0: PCI bridge to [bus 56]
[    1.080276] obpc kernel: pci 0000:00:1c.0:   bridge window [mem 0x90000000-0x902fffff]
[    1.080343] obpc kernel: pci 0000:00:1c.0: PME# supported from D0 D3hot D3cold
[    1.080410] obpc kernel: pci 0000:00:1c.0: PTM enabled (root), 4ns granularity
[    1.080481] obpc kernel: pci 0000:00:1f.0: [8086:7702] type 00 class 0x060100 conventional PCI endpoint
[    1.080552] obpc kernel: pci 0000:00:1f.3: [8086:7728] type 00 class 0x040100 conventional PCI endpoint
[    1.080619] obpc kernel: pci 0000:00:1f.3: BAR 0 [mem 0x5840310000-0x5840313fff 64bit]
[    1.080683] obpc kernel: pci 0000:00:1f.3: BAR 4 [mem 0x5840000000-0x58401fffff 64bit]
[    1.080749] obpc kernel: pci 0000:00:1f.3: PME# supported from D3hot D3cold
[    1.080819] obpc kernel: pci 0000:00:1f.4: [8086:7722] type 00 class 0x0c0500 conventional PCI endpoint
[    1.080885] obpc kernel: pci 0000:00:1f.4: BAR 0 [mem 0x584031c000-0x584031c0ff 64bit]
[    1.080950] obpc kernel: pci 0000:00:1f.4: BAR 4 [io  0xefa0-0xefbf]
[    1.081024] obpc kernel: pci 0000:00:1f.5: [8086:7723] type 00 class 0x0c8000 conventional PCI endpoint
[    1.081089] obpc kernel: pci 0000:00:1f.5: BAR 0 [mem 0xfe010000-0xfe010fff]
[    1.081163] obpc kernel: pci 0000:01:00.0: [144d:a80c] type 00 class 0x010802 PCIe Endpoint
[    1.081233] obpc kernel: pci 0000:01:00.0: BAR 0 [mem 0x90300000-0x90303fff 64bit]
[    1.081298] obpc kernel: pci 0000:00:01.0: PCI bridge to [bus 01]
[    1.081364] obpc kernel: pci 0000:00:07.0: PCI bridge to [bus 02-2b]
[    1.081440] obpc kernel: pci 0000:2c:00.0: [8086:5786] type 01 class 0x060400 PCIe Switch Upstream Port
[    1.081511] obpc kernel: pci 0000:2c:00.0: PCI bridge to [bus 2d-55]
[    1.081580] obpc kernel: pci 0000:2c:00.0:   bridge window [io  0x3000-0x3fff]
[    1.081652] obpc kernel: pci 0000:2c:00.0:   bridge window [mem 0x80000000-0x89efffff]
[    1.081720] obpc kernel: pci 0000:2c:00.0:   bridge window [mem 0x4000000000-0x5013ffffff 64bit pref]
[    1.081791] obpc kernel: pci 0000:2c:00.0: enabling Extended Tags
[    1.081866] obpc kernel: pci 0000:2c:00.0: supports D1 D2
[    1.081937] obpc kernel: pci 0000:2c:00.0: PME# supported from D0 D1 D2 D3hot D3cold
[    1.082012] obpc kernel: pci 0000:2c:00.0: PTM enabled, 4ns granularity
[    1.082080] obpc kernel: pci 0000:00:07.2: PCI bridge to [bus 2c-55]
[    1.082167] obpc kernel: pci 0000:2d:00.0: [8086:5786] type 01 class 0x060400 PCIe Switch Downstream Port
[    1.082241] obpc kernel: pci 0000:2d:00.0: PCI bridge to [bus 2e]
[    1.082312] obpc kernel: pci 0000:2d:00.0:   bridge window [io  0x3000-0x3fff]
[    1.082382] obpc kernel: pci 0000:2d:00.0:   bridge window [mem 0x80000000-0x840fffff]
[    1.082456] obpc kernel: pci 0000:2d:00.0:   bridge window [mem 0x4000000000-0x48140fffff 64bit pref]
[    1.082526] obpc kernel: pci 0000:2d:00.0: enabling Extended Tags
[    1.082596] obpc kernel: pci 0000:2d:00.0: supports D1 D2
[    1.082672] obpc kernel: pci 0000:2d:00.0: PME# supported from D0 D1 D2 D3hot D3cold
[    1.082747] obpc kernel: pci 0000:2d:01.0: [8086:5786] type 01 class 0x060400 PCIe Switch Downstream Port
[    1.082818] obpc kernel: pci 0000:2d:01.0: PCI bridge to [bus 2f-3b]
[    1.082890] obpc kernel: pci 0000:2d:01.0:   bridge window [mem 0x88000000-0x89efffff]
[    1.082960] obpc kernel: pci 0000:2d:01.0:   bridge window [mem 0x4d69600000-0x5013ffffff 64bit pref]
[    1.083036] obpc kernel: pci 0000:2d:01.0: enabling Extended Tags
[    1.083108] obpc kernel: pci 0000:2d:01.0: supports D1 D2
[    1.083179] obpc kernel: pci 0000:2d:01.0: PME# supported from D0 D1 D2 D3hot D3cold
[    1.083258] obpc kernel: pci 0000:2d:02.0: [8086:5786] type 01 class 0x060400 PCIe Switch Downstream Port
[    1.083329] obpc kernel: pci 0000:2d:02.0: PCI bridge to [bus 3c-48]
[    1.083398] obpc kernel: pci 0000:2d:02.0:   bridge window [mem 0x86100000-0x87ffffff]
[    1.083471] obpc kernel: pci 0000:2d:02.0:   bridge window [mem 0x4abec00000-0x4d695fffff 64bit pref]
[    1.083543] obpc kernel: pci 0000:2d:02.0: enabling Extended Tags
[    1.083613] obpc kernel: pci 0000:2d:02.0: supports D1 D2
[    1.083684] obpc kernel: pci 0000:2d:02.0: PME# supported from D0 D1 D2 D3hot D3cold
[    1.083762] obpc kernel: pci 0000:2d:03.0: [8086:5786] type 01 class 0x060400 PCIe Switch Downstream Port
[    1.083837] obpc kernel: pci 0000:2d:03.0: PCI bridge to [bus 49-55]
[    1.083909] obpc kernel: pci 0000:2d:03.0:   bridge window [mem 0x84200000-0x860fffff]
[    1.083983] obpc kernel: pci 0000:2d:03.0:   bridge window [mem 0x4814200000-0x4abebfffff 64bit pref]
[    1.084057] obpc kernel: pci 0000:2d:03.0: enabling Extended Tags
[    1.084126] obpc kernel: pci 0000:2d:03.0: supports D1 D2
[    1.084199] obpc kernel: pci 0000:2d:03.0: PME# supported from D0 D1 D2 D3hot D3cold
[    1.084268] obpc kernel: pci 0000:2c:00.0: PCI bridge to [bus 2d-55]
[    1.084351] obpc kernel: pci 0000:2e:00.0: [10de:2b85] type 00 class 0x030000 PCIe Legacy Endpoint
[    1.084426] obpc kernel: pci 0000:2e:00.0: BAR 0 [mem 0x80000000-0x83ffffff]
[    1.084498] obpc kernel: pci 0000:2e:00.0: BAR 1 [mem 0x4000000000-0x47ffffffff 64bit pref]
[    1.084572] obpc kernel: pci 0000:2e:00.0: BAR 3 [mem 0x4812000000-0x4813ffffff 64bit pref]
[    1.084644] obpc kernel: pci 0000:2e:00.0: BAR 5 [io  0x3000-0x307f]
[    1.084717] obpc kernel: pci 0000:2e:00.0: ROM [mem 0x84000000-0x8407ffff pref]
[    1.084789] obpc kernel: pci 0000:2e:00.0: Enabling HDA controller
[    1.084862] obpc kernel: pci 0000:2e:00.0: PME# supported from D0 D3hot
[    1.084935] obpc kernel: pci 0000:2e:00.0: VF BAR 0 [mem 0x4814000000-0x481403ffff 64bit pref]
[    1.085068] obpc kernel: pci 0000:2e:00.0: VF BAR 0 [mem 0x4814000000-0x481403ffff 64bit pref]: contains BAR 0 for 1 VFs
[    1.085147] obpc kernel: pci 0000:2e:00.0: VF BAR 2 [mem 0x4800000000-0x480fffffff 64bit pref]
[    1.085221] obpc kernel: pci 0000:2e:00.0: VF BAR 2 [mem 0x4800000000-0x480fffffff 64bit pref]: contains BAR 2 for 1 VFs
[    1.085294] obpc kernel: pci 0000:2e:00.0: VF BAR 4 [mem 0x4810000000-0x4811ffffff 64bit pref]
[    1.085366] obpc kernel: pci 0000:2e:00.0: VF BAR 4 [mem 0x4810000000-0x4811ffffff 64bit pref]: contains BAR 4 for 1 VFs
[    1.085437] obpc kernel: pci 0000:2e:00.0: 8.000 Gb/s available PCIe bandwidth, limited by 2.5 GT/s PCIe x4 link at 0000:00:07.2 (capable of 504.112 Gb/s with 32.0 GT/s PCIe x16 link)
[    1.085516] obpc kernel: pci 0000:2e:00.1: [10de:22e8] type 00 class 0x040300 PCIe Endpoint
[    1.085588] obpc kernel: pci 0000:2e:00.1: BAR 0 [mem 0x84080000-0x84083fff]
[    1.085658] obpc kernel: pci 0000:2d:00.0: PCI bridge to [bus 2e]
[    1.085728] obpc kernel: pci 0000:2d:01.0: PCI bridge to [bus 2f-3b]
[    1.085798] obpc kernel: pci 0000:2d:02.0: PCI bridge to [bus 3c-48]
[    1.085870] obpc kernel: pci 0000:2d:03.0: PCI bridge to [bus 49-55]
[    1.085944] obpc kernel: pci 0000:56:00.0: [8086:125c] type 00 class 0x020000 PCIe Endpoint
[    1.086014] obpc kernel: pci 0000:56:00.0: BAR 0 [mem 0x90100000-0x901fffff]
[    1.086083] obpc kernel: pci 0000:56:00.0: BAR 3 [mem 0x90200000-0x90203fff]
[    1.086150] obpc kernel: pci 0000:56:00.0: ROM [mem 0x90000000-0x900fffff pref]
[    1.086216] obpc kernel: pci 0000:56:00.0: PME# supported from D0 D3hot D3cold
[    1.086282] obpc kernel: pci 0000:00:1c.0: PCI bridge to [bus 56]
[    1.086348] obpc kernel: pci 0000:00:01.0: Max Payload Size set to  256/ 256 (was  256), Max Read Rq  128
[    1.086416] obpc kernel: pci 0000:01:00.0: Max Payload Size set to  256/ 512 (was  256), Max Read Rq  256
[    1.086482] obpc kernel: pci 0000:00:07.0: Max Payload Size set to  128/ 128 (was  128), Max Read Rq  128
[    1.086550] obpc kernel: pci 0000:00:07.2: Max Payload Size set to  128/ 128 (was  128), Max Read Rq  128
[    1.086621] obpc kernel: pci 0000:2c:00.0: Max Payload Size set to  128/ 256 (was  128), Max Read Rq  128
[    1.086693] obpc kernel: pci 0000:2d:00.0: Max Payload Size set to  128/ 256 (was  128), Max Read Rq  128
[    1.086765] obpc kernel: pci 0000:2e:00.0: Max Payload Size set to  128/ 256 (was  128), Max Read Rq  128
[    1.086840] obpc kernel: pci 0000:2e:00.1: Max Payload Size set to  128/ 256 (was  128), Max Read Rq  128
[    1.086910] obpc kernel: pci 0000:2d:01.0: Max Payload Size set to  128/ 256 (was  128), Max Read Rq  128
[    1.086982] obpc kernel: pci 0000:2d:02.0: Max Payload Size set to  128/ 256 (was  128), Max Read Rq  128
[    1.087063] obpc kernel: pci 0000:2d:03.0: Max Payload Size set to  128/ 256 (was  128), Max Read Rq  128
[    1.087133] obpc kernel: pci 0000:00:1c.0: Max Payload Size set to  256/ 256 (was  256), Max Read Rq  128
[    1.087202] obpc kernel: pci 0000:56:00.0: Max Payload Size set to  256/ 512 (was  256), Max Read Rq  256
[    1.087207] obpc kernel: ACPI: PCI: Interrupt link LNKA configured for IRQ 0
[    1.087212] obpc kernel: ACPI: PCI: Interrupt link LNKB configured for IRQ 1
[    1.087217] obpc kernel: ACPI: PCI: Interrupt link LNKC configured for IRQ 0
[    1.087223] obpc kernel: ACPI: PCI: Interrupt link LNKD configured for IRQ 0
[    1.087226] obpc kernel: ACPI: PCI: Interrupt link LNKE configured for IRQ 0
[    1.087229] obpc kernel: ACPI: PCI: Interrupt link LNKF configured for IRQ 0
[    1.087233] obpc kernel: ACPI: PCI: Interrupt link LNKG configured for IRQ 0
[    1.087238] obpc kernel: ACPI: PCI: Interrupt link LNKH configured for IRQ 0
[    1.087245] obpc kernel: ACPI: \_SB_.PEPD: Duplicate LPS0 _DSM functions (mask: 0x1)
[    1.087248] obpc kernel: Low-power S0 idle used by default for system suspend
[    1.087254] obpc kernel: ACPI: EC: interrupt unblocked
[    1.087257] obpc kernel: ACPI: EC: event unblocked
[    1.087263] obpc kernel: ACPI: EC: EC_CMD/EC_SC=0x66, EC_DATA=0x62
[    1.087268] obpc kernel: ACPI: EC: GPE=0x6e
[    1.087271] obpc kernel: ACPI: \_SB_.PC00.LPCB.H_EC: Boot DSDT EC initialization complete
[    1.087275] obpc kernel: ACPI: \_SB_.PC00.LPCB.H_EC: EC: Used to handle transactions and events
[    1.087278] obpc kernel: iommu: Default domain type: Translated
[    1.087281] obpc kernel: iommu: DMA domain TLB invalidation policy: lazy mode
[    1.087286] obpc kernel: SCSI subsystem initialized
[    1.087292] obpc kernel: libata version 3.00 loaded.
[    1.087295] obpc kernel: ACPI: bus type USB registered
[    1.087299] obpc kernel: usbcore: registered new interface driver usbfs
[    1.087302] obpc kernel: usbcore: registered new interface driver hub
[    1.087306] obpc kernel: usbcore: registered new device driver usb
[    1.087309] obpc kernel: pps_core: LinuxPPS API ver. 1 registered
[    1.087314] obpc kernel: pps_core: Software ver. 5.3.6 - Copyright 2005-2007 Rodolfo Giometti <giometti@linux.it>
[    1.087317] obpc kernel: PTP clock support registered
[    1.087322] obpc kernel: EDAC MC: Ver: 3.0.0
[    1.087329] obpc kernel: efivars: Registered efivars operations
[    1.087332] obpc kernel: NetLabel: Initializing
[    1.087336] obpc kernel: NetLabel:  domain hash size = 128
[    1.087341] obpc kernel: NetLabel:  protocols = UNLABELED CIPSOv4 CALIPSO
[    1.087344] obpc kernel: NetLabel:  unlabeled traffic allowed by default
[    1.087347] obpc kernel: mctp: management component transport protocol core
[    1.087351] obpc kernel: NET: Registered PF_MCTP protocol family
[    1.087356] obpc kernel: PCI: Using ACPI for IRQ routing
[    1.087360] obpc kernel: PCI: pci_cache_line_size set to 64 bytes
[    1.087426] obpc kernel: pci 0000:00:1f.5: BAR 0 [mem 0xfe010000-0xfe010fff]: can't claim; no compatible bridge window
[    1.087431] obpc kernel: e820: reserve RAM buffer [mem 0x0009f000-0x0009ffff]
[    1.087436] obpc kernel: e820: reserve RAM buffer [mem 0x483a2000-0x4bffffff]
[    1.087442] obpc kernel: e820: reserve RAM buffer [mem 0x50df1000-0x53ffffff]
[    1.087445] obpc kernel: e820: reserve RAM buffer [mem 0x545f2000-0x57ffffff]
[    1.087510] obpc kernel: pci 0000:00:02.0: vgaarb: setting as boot VGA device
[    1.087575] obpc kernel: pci 0000:00:02.0: vgaarb: bridge control possible
[    1.087639] obpc kernel: pci 0000:00:02.0: vgaarb: VGA device added: decodes=io+mem,owns=io+mem,locks=none
[    1.087711] obpc kernel: pci 0000:2e:00.0: vgaarb: bridge control possible
[    1.087784] obpc kernel: pci 0000:2e:00.0: vgaarb: VGA device added: decodes=io+mem,owns=none,locks=none
[    1.087788] obpc kernel: vgaarb: loaded
[    1.087792] obpc kernel: Monitor-Mwait will be used to enter C-1 state
[    1.087795] obpc kernel: Monitor-Mwait will be used to enter C-2 state
[    1.087800] obpc kernel: Monitor-Mwait will be used to enter C-3 state
[    1.087803] obpc kernel: clocksource: Switched to clocksource tsc-early
[    1.087807] obpc kernel: VFS: Disk quotas dquot_6.6.0
[    1.087812] obpc kernel: VFS: Dquot-cache hash table entries: 512 (order 0, 4096 bytes)
[    1.087816] obpc kernel: pnp: PnP ACPI init
[    1.087890] obpc kernel: system 00:01: [io  0x0680-0x069f] has been reserved
[    1.087953] obpc kernel: system 00:01: [io  0x164e-0x164f] has been reserved
[    1.088024] obpc kernel: system 00:02: [io  0x1854-0x1857] has been reserved
[    1.088092] obpc kernel: system 00:03: [mem 0xfedc0000-0xfedc7fff] has been reserved
[    1.088156] obpc kernel: system 00:03: [mem 0x00000000-0x00000fff] could not be reserved
[    1.088216] obpc kernel: system 00:03: [mem 0x00000000-0x00000fff] could not be reserved
[    1.088280] obpc kernel: system 00:03: [mem 0xc0000000-0xcfffffff] has been reserved
[    1.088342] obpc kernel: system 00:03: [mem 0xfed20000-0xfed7ffff] could not be reserved
[    1.088402] obpc kernel: system 00:03: [mem 0xfc800000-0xfc81ffff] could not be reserved
[    1.088466] obpc kernel: system 00:03: [mem 0xfed45000-0xfed8ffff] could not be reserved
[    1.088526] obpc kernel: system 00:03: [mem 0xfee00000-0xfeefffff] could not be reserved
[    1.088594] obpc kernel: system 00:04: [io  0x2000-0x20fe] has been reserved
[    1.088602] obpc kernel: pnp: PnP ACPI: found 6 devices
[    1.088607] obpc kernel: clocksource: acpi_pm: mask: 0xffffff max_cycles: 0xffffff, max_idle_ns: 2085701024 ns
[    1.088610] obpc kernel: NET: Registered PF_INET protocol family
[    1.088614] obpc kernel: IP idents hash table entries: 262144 (order: 9, 2097152 bytes, linear)
[    1.088617] obpc kernel: tcp_listen_portaddr_hash hash table entries: 65536 (order: 8, 1048576 bytes, linear)
[    1.088621] obpc kernel: Table-perturb hash table entries: 65536 (order: 6, 262144 bytes, linear)
[    1.088625] obpc kernel: TCP established hash table entries: 524288 (order: 10, 4194304 bytes, linear)
[    1.088629] obpc kernel: TCP bind hash table entries: 65536 (order: 9, 2097152 bytes, linear)
[    1.088634] obpc kernel: TCP: Hash tables configured (established 524288 bind 65536)
[    1.088637] obpc kernel: MPTCP token hash table entries: 65536 (order: 9, 1572864 bytes, linear)
[    1.088641] obpc kernel: UDP hash table entries: 65536 (order: 10, 4194304 bytes, linear)
[    1.088645] obpc kernel: UDP-Lite hash table entries: 65536 (order: 10, 4194304 bytes, linear)
[    1.088648] obpc kernel: NET: Registered PF_UNIX/PF_LOCAL protocol family
[    1.088654] obpc kernel: NET: Registered PF_XDP protocol family
[    1.088720] obpc kernel: pci 0000:00:07.0: bridge window [io  0x1000-0x0fff] to [bus 02-2b] add_size 1000
[    1.088793] obpc kernel: pci 0000:2d:01.0: bridge window [io  0x1000-0x0fff] to [bus 2f-3b] add_size 1000
[    1.088864] obpc kernel: pci 0000:2d:02.0: bridge window [io  0x1000-0x0fff] to [bus 3c-48] add_size 1000
[    1.088936] obpc kernel: pci 0000:2d:03.0: bridge window [io  0x1000-0x0fff] to [bus 49-55] add_size 1000
[    1.089018] obpc kernel: pci 0000:00:07.0: bridge window [io  0x4000-0x4fff]: assigned
[    1.089084] obpc kernel: pci 0000:00:1f.5: BAR 0 [mem 0x89f00000-0x89f00fff]: assigned
[    1.089149] obpc kernel: pci 0000:00:01.0: PCI bridge to [bus 01]
[    1.089214] obpc kernel: pci 0000:00:01.0:   bridge window [mem 0x90300000-0x903fffff]
[    1.089277] obpc kernel: pci 0000:00:07.0: PCI bridge to [bus 02-2b]
[    1.089343] obpc kernel: pci 0000:00:07.0:   bridge window [io  0x4000-0x4fff]
[    1.089409] obpc kernel: pci 0000:00:07.0:   bridge window [mem 0x8a000000-0x8fffffff]
[    1.089474] obpc kernel: pci 0000:00:07.0:   bridge window [mem 0x5030000000-0x582fffffff 64bit pref]
[    1.089546] obpc kernel: pci 0000:2d:01.0: bridge window [io  size 0x1000]: can't assign; no space
[    1.089616] obpc kernel: pci 0000:2d:01.0: bridge window [io  size 0x1000]: failed to assign
[    1.089685] obpc kernel: pci 0000:2d:02.0: bridge window [io  size 0x1000]: can't assign; no space
[    1.089753] obpc kernel: pci 0000:2d:02.0: bridge window [io  size 0x1000]: failed to assign
[    1.089823] obpc kernel: pci 0000:2d:03.0: bridge window [io  size 0x1000]: can't assign; no space
[    1.089892] obpc kernel: pci 0000:2d:03.0: bridge window [io  size 0x1000]: failed to assign
[    1.089961] obpc kernel: pci 0000:2d:03.0: bridge window [io  size 0x1000]: can't assign; no space
[    1.090037] obpc kernel: pci 0000:2d:03.0: bridge window [io  size 0x1000]: failed to assign
[    1.090110] obpc kernel: pci 0000:2d:02.0: bridge window [io  size 0x1000]: can't assign; no space
[    1.090180] obpc kernel: pci 0000:2d:02.0: bridge window [io  size 0x1000]: failed to assign
[    1.090252] obpc kernel: pci 0000:2d:01.0: bridge window [io  size 0x1000]: can't assign; no space
[    1.090321] obpc kernel: pci 0000:2d:01.0: bridge window [io  size 0x1000]: failed to assign
[    1.090391] obpc kernel: pci 0000:2d:00.0: PCI bridge to [bus 2e]
[    1.090459] obpc kernel: pci 0000:2d:00.0:   bridge window [io  0x3000-0x3fff]
[    1.090529] obpc kernel: pci 0000:2d:00.0:   bridge window [mem 0x80000000-0x840fffff]
[    1.090598] obpc kernel: pci 0000:2d:00.0:   bridge window [mem 0x4000000000-0x48140fffff 64bit pref]
[    1.090668] obpc kernel: pci 0000:2d:01.0: PCI bridge to [bus 2f-3b]
[    1.090738] obpc kernel: pci 0000:2d:01.0:   bridge window [mem 0x88000000-0x89efffff]
[    1.090808] obpc kernel: pci 0000:2d:01.0:   bridge window [mem 0x4d69600000-0x5013ffffff 64bit pref]
[    1.090877] obpc kernel: pci 0000:2d:02.0: PCI bridge to [bus 3c-48]
[    1.090947] obpc kernel: pci 0000:2d:02.0:   bridge window [mem 0x86100000-0x87ffffff]
[    1.091019] obpc kernel: pci 0000:2d:02.0:   bridge window [mem 0x4abec00000-0x4d695fffff 64bit pref]
[    1.091089] obpc kernel: pci 0000:2d:03.0: PCI bridge to [bus 49-55]
[    1.091158] obpc kernel: pci 0000:2d:03.0:   bridge window [mem 0x84200000-0x860fffff]
[    1.091230] obpc kernel: pci 0000:2d:03.0:   bridge window [mem 0x4814200000-0x4abebfffff 64bit pref]
[    1.091296] obpc kernel: pci 0000:2c:00.0: PCI bridge to [bus 2d-55]
[    1.091364] obpc kernel: pci 0000:2c:00.0:   bridge window [io  0x3000-0x3fff]
[    1.091430] obpc kernel: pci 0000:2c:00.0:   bridge window [mem 0x80000000-0x89efffff]
[    1.091499] obpc kernel: pci 0000:2c:00.0:   bridge window [mem 0x4000000000-0x5013ffffff 64bit pref]
[    1.091564] obpc kernel: pci 0000:00:07.2: PCI bridge to [bus 2c-55]
[    1.091630] obpc kernel: pci 0000:00:07.2:   bridge window [io  0x3000-0x3fff]
[    1.091695] obpc kernel: pci 0000:00:07.2:   bridge window [mem 0x80000000-0x89efffff]
[    1.091758] obpc kernel: pci 0000:00:07.2:   bridge window [mem 0x4000000000-0x5013ffffff 64bit pref]
[    1.091823] obpc kernel: pci 0000:00:1c.0: PCI bridge to [bus 56]
[    1.091887] obpc kernel: pci 0000:00:1c.0:   bridge window [mem 0x90000000-0x902fffff]
[    1.091949] obpc kernel: pci_bus 0000:00: resource 4 [io  0x0000-0x0cf7 window]
[    1.092023] obpc kernel: pci_bus 0000:00: resource 5 [io  0x0d00-0xffff window]
[    1.092084] obpc kernel: pci_bus 0000:00: resource 6 [mem 0x000a0000-0x000bffff window]
[    1.092143] obpc kernel: pci_bus 0000:00: resource 7 [mem 0x80000000-0xbfffffff window]
[    1.092204] obpc kernel: pci_bus 0000:00: resource 8 [mem 0x4000000000-0x3ffbfffffff window]
[    1.092275] obpc kernel: pci_bus 0000:01: resource 1 [mem 0x90300000-0x903fffff]
[    1.092345] obpc kernel: pci_bus 0000:02: resource 0 [io  0x4000-0x4fff]
[    1.092410] obpc kernel: pci_bus 0000:02: resource 1 [mem 0x8a000000-0x8fffffff]
[    1.092473] obpc kernel: pci_bus 0000:02: resource 2 [mem 0x5030000000-0x582fffffff 64bit pref]
[    1.092539] obpc kernel: pci_bus 0000:2c: resource 0 [io  0x3000-0x3fff]
[    1.092601] obpc kernel: pci_bus 0000:2c: resource 1 [mem 0x80000000-0x89efffff]
[    1.092663] obpc kernel: pci_bus 0000:2c: resource 2 [mem 0x4000000000-0x5013ffffff 64bit pref]
[    1.092733] obpc kernel: pci_bus 0000:2d: resource 0 [io  0x3000-0x3fff]
[    1.092801] obpc kernel: pci_bus 0000:2d: resource 1 [mem 0x80000000-0x89efffff]
[    1.092866] obpc kernel: pci_bus 0000:2d: resource 2 [mem 0x4000000000-0x5013ffffff 64bit pref]
[    1.092942] obpc kernel: pci_bus 0000:2e: resource 0 [io  0x3000-0x3fff]
[    1.093013] obpc kernel: pci_bus 0000:2e: resource 1 [mem 0x80000000-0x840fffff]
[    1.093081] obpc kernel: pci_bus 0000:2e: resource 2 [mem 0x4000000000-0x48140fffff 64bit pref]
[    1.093159] obpc kernel: pci_bus 0000:2f: resource 0 [io  size 0x1000]
[    1.093231] obpc kernel: pci_bus 0000:2f: resource 1 [mem 0x88000000-0x89efffff]
[    1.093299] obpc kernel: pci_bus 0000:2f: resource 2 [mem 0x4d69600000-0x5013ffffff 64bit pref]
[    1.093374] obpc kernel: pci_bus 0000:3c: resource 0 [io  size 0x1000]
[    1.093444] obpc kernel: pci_bus 0000:3c: resource 1 [mem 0x86100000-0x87ffffff]
[    1.093512] obpc kernel: pci_bus 0000:3c: resource 2 [mem 0x4abec00000-0x4d695fffff 64bit pref]
[    1.093585] obpc kernel: pci_bus 0000:49: resource 0 [io  size 0x1000]
[    1.093653] obpc kernel: pci_bus 0000:49: resource 1 [mem 0x84200000-0x860fffff]
[    1.093720] obpc kernel: pci_bus 0000:49: resource 2 [mem 0x4814200000-0x4abebfffff 64bit pref]
[    1.093789] obpc kernel: pci_bus 0000:56: resource 1 [mem 0x90000000-0x902fffff]
[    1.093866] obpc kernel: pci 0000:2e:00.1: extending delay after power-on from D3hot to 20 msec
[    1.093940] obpc kernel: pci 0000:2e:00.1: D0 power state depends on 0000:2e:00.0
[    1.093947] obpc kernel: PCI: CLS 64 bytes, default 64
[    1.093951] obpc kernel: clocksource: tsc: mask: 0xffffffffffffffff max_cycles: 0x6a464ae9873, max_idle_ns: 881590529744 ns
[    1.093954] obpc kernel: clocksource: Switched to clocksource tsc
[    1.094030] obpc kernel: platform rtc_cmos: registered platform RTC device (no PNP device found)
[    1.094039] obpc kernel: Trying to unpack rootfs image as initramfs...
[    1.094042] obpc kernel: Initialise system trusted keyrings
[    1.094046] obpc kernel: Key type blacklist registered
[    1.094051] obpc kernel: workingset: timestamp_bits=36 max_order=25 bucket_order=0
[    1.094054] obpc kernel: integrity: Platform Keyring initialized
[    1.094058] obpc kernel: integrity: Machine keyring initialized
[    1.094061] obpc kernel: cryptd: max_cpu_qlen set to 1000
[    1.094065] obpc kernel: NET: Registered PF_ALG protocol family
[    1.094068] obpc kernel: xor: automatically using best checksumming function   avx       
[    1.094072] obpc kernel: Key type asymmetric registered
[    1.094075] obpc kernel: Asymmetric key parser 'x509' registered
[    1.094079] obpc kernel: Block layer SCSI generic (bsg) driver version 0.4 loaded (major 244)
[    1.094083] obpc kernel: io scheduler mq-deadline registered
[    1.094087] obpc kernel: io scheduler kyber registered
[    1.094092] obpc kernel: io scheduler bfq registered
[    1.094095] obpc kernel: atomic64_test: passed for x86-64 platform with CX8 and with SSE
[    1.094161] obpc kernel: pcieport 0000:00:01.0: PME: Signaling with IRQ 120
[    1.094228] obpc kernel: pcieport 0000:00:01.0: AER: enabled with IRQ 120
[    1.094293] obpc kernel: pcieport 0000:00:07.0: PME: Signaling with IRQ 121
[    1.094361] obpc kernel: pcieport 0000:00:07.0: AER: enabled with IRQ 121
[    1.094426] obpc kernel: pcieport 0000:00:07.0: pciehp: Slot #12 AttnBtn- PwrCtrl- MRL- AttnInd- PwrInd- HotPlug+ Surprise+ Interlock- NoCompl+ IbPresDis- LLActRep+
[    1.094492] obpc kernel: pcieport 0000:00:07.2: PME: Signaling with IRQ 122
[    1.094556] obpc kernel: pcieport 0000:00:07.2: AER: enabled with IRQ 122
[    1.094621] obpc kernel: pcieport 0000:00:07.2: pciehp: Slot #14 AttnBtn- PwrCtrl- MRL- AttnInd- PwrInd- HotPlug+ Surprise+ Interlock- NoCompl+ IbPresDis- LLActRep+
[    1.094685] obpc kernel: pcieport 0000:00:1c.0: PME: Signaling with IRQ 123
[    1.094751] obpc kernel: pcieport 0000:00:1c.0: AER: enabled with IRQ 123
[    1.094822] obpc kernel: pcieport 0000:2d:01.0: pciehp: Slot #1 AttnBtn- PwrCtrl- MRL- AttnInd- PwrInd- HotPlug+ Surprise+ Interlock- NoCompl+ IbPresDis- LLActRep+
[    1.094893] obpc kernel: pcieport 0000:2d:02.0: pciehp: Slot #2 AttnBtn- PwrCtrl- MRL- AttnInd- PwrInd- HotPlug+ Surprise+ Interlock- NoCompl+ IbPresDis- LLActRep+
[    1.094965] obpc kernel: pcieport 0000:2d:03.0: pciehp: Slot #3 AttnBtn- PwrCtrl- MRL- AttnInd- PwrInd- HotPlug+ Surprise+ Interlock- NoCompl+ IbPresDis- LLActRep+
[    1.094971] obpc kernel: input: Sleep Button as /devices/LNXSYSTM:00/LNXSYBUS:00/PNP0C0E:00/input/input0
[    1.094975] obpc kernel: ACPI: button: Sleep Button [SLPB]
[    1.094979] obpc kernel: input: Power Button as /devices/LNXSYSTM:00/LNXSYBUS:00/PNP0C0C:00/input/input1
[    1.094982] obpc kernel: ACPI: button: Power Button [PWRB]
[    1.094986] obpc kernel: input: Power Button as /devices/LNXSYSTM:00/LNXPWRBN:00/input/input2
[    1.094989] obpc kernel: ACPI: button: Power Button [PWRF]
[    1.094993] obpc kernel: ACPI: thermal: [Firmware Bug]: Invalid critical threshold (-274000)
[    1.095084] obpc kernel: thermal LNXTHERM:00: registered as thermal_zone0
[    1.095092] obpc kernel: ACPI: thermal: Thermal Zone [TZ0] (40 C)
[    1.095167] obpc kernel: thermal LNXTHERM:01: registered as thermal_zone1
[    1.095173] obpc kernel: ACPI: thermal: Thermal Zone [TZ00] (74 C)
[    1.095178] obpc kernel: Serial: 8250/16550 driver, 32 ports, IRQ sharing enabled
[    1.095247] obpc kernel: serial 0000:00:12.0: enabling device (0000 -> 0002)
[    1.095252] obpc kernel: hpet_acpi_add: no address or irqs in _CRS
[    1.095256] obpc kernel: Non-volatile memory driver v1.3
[    1.095260] obpc kernel: Linux agpgart interface v0.103
[    1.095265] obpc kernel: ACPI: bus type drm_connector registered
[    1.095270] obpc kernel: CAN device driver interface
[    1.095339] obpc kernel: xhci_hcd 0000:00:0d.0: xHCI Host Controller
[    1.095406] obpc kernel: xhci_hcd 0000:00:0d.0: new USB bus registered, assigned bus number 1
[    1.095472] obpc kernel: xhci_hcd 0000:00:0d.0: hcc params 0x20007fc1 hci version 0x120 quirks 0x0000000200009810
[    1.095539] obpc kernel: xhci_hcd 0000:00:0d.0: xHCI Host Controller
[    1.095608] obpc kernel: xhci_hcd 0000:00:0d.0: new USB bus registered, assigned bus number 2
[    1.095673] obpc kernel: xhci_hcd 0000:00:0d.0: Host supports USB 3.2 Enhanced SuperSpeed
[    1.095742] obpc kernel: usb usb1: New USB device found, idVendor=1d6b, idProduct=0002, bcdDevice= 6.19
[    1.095799] obpc kernel: usb usb1: New USB device strings: Mfr=3, Product=2, SerialNumber=1
[    1.095854] obpc kernel: usb usb1: Product: xHCI Host Controller
[    1.095907] obpc kernel: usb usb1: Manufacturer: Linux 6.19.14-200.fc43.x86_64 xhci-hcd
[    1.095962] obpc kernel: usb usb1: SerialNumber: 0000:00:0d.0
[    1.096046] obpc kernel: hub 1-0:1.0: USB hub found
[    1.096119] obpc kernel: hub 1-0:1.0: 1 port detected
[    1.096183] obpc kernel: usb usb2: New USB device found, idVendor=1d6b, idProduct=0003, bcdDevice= 6.19
[    1.096237] obpc kernel: usb usb2: New USB device strings: Mfr=3, Product=2, SerialNumber=1
[    1.096291] obpc kernel: usb usb2: Product: xHCI Host Controller
[    1.096346] obpc kernel: usb usb2: Manufacturer: Linux 6.19.14-200.fc43.x86_64 xhci-hcd
[    1.096398] obpc kernel: usb usb2: SerialNumber: 0000:00:0d.0
[    1.096475] obpc kernel: hub 2-0:1.0: USB hub found
[    1.096546] obpc kernel: hub 2-0:1.0: 4 ports detected
[    1.096615] obpc kernel: xhci_hcd 0000:00:14.0: xHCI Host Controller
[    1.096683] obpc kernel: xhci_hcd 0000:00:14.0: new USB bus registered, assigned bus number 3
[    1.096747] obpc kernel: xhci_hcd 0000:00:14.0: hcc params 0x20007fc1 hci version 0x120 quirks 0x0000000200009810
[    1.096814] obpc kernel: xhci_hcd 0000:00:14.0: xHCI Host Controller
[    1.096878] obpc kernel: xhci_hcd 0000:00:14.0: new USB bus registered, assigned bus number 4
[    1.096943] obpc kernel: xhci_hcd 0000:00:14.0: Host supports USB 3.2 Enhanced SuperSpeed
[    1.097023] obpc kernel: usb usb3: New USB device found, idVendor=1d6b, idProduct=0002, bcdDevice= 6.19
[    1.097080] obpc kernel: usb usb3: New USB device strings: Mfr=3, Product=2, SerialNumber=1
[    1.097138] obpc kernel: usb usb3: Product: xHCI Host Controller
[    1.097192] obpc kernel: usb usb3: Manufacturer: Linux 6.19.14-200.fc43.x86_64 xhci-hcd
[    1.097245] obpc kernel: usb usb3: SerialNumber: 0000:00:14.0
[    1.097323] obpc kernel: hub 3-0:1.0: USB hub found
[    1.097395] obpc kernel: hub 3-0:1.0: 12 ports detected
[    1.097455] obpc kernel: usb usb4: New USB device found, idVendor=1d6b, idProduct=0003, bcdDevice= 6.19
[    1.097511] obpc kernel: usb usb4: New USB device strings: Mfr=3, Product=2, SerialNumber=1
[    1.097564] obpc kernel: usb usb4: Product: xHCI Host Controller
[    1.097618] obpc kernel: usb usb4: Manufacturer: Linux 6.19.14-200.fc43.x86_64 xhci-hcd
[    1.097670] obpc kernel: usb usb4: SerialNumber: 0000:00:14.0
[    1.097746] obpc kernel: hub 4-0:1.0: USB hub found
[    1.097817] obpc kernel: hub 4-0:1.0: 2 ports detected
[    1.097822] obpc kernel: usbcore: registered new interface driver usbserial_generic
[    1.097827] obpc kernel: usbserial: USB Serial support registered for generic
[    1.097831] obpc kernel: i8042: PNP: No PS/2 controller found.
[    1.097836] obpc kernel: mousedev: PS/2 mouse device common for all mice
[    1.097901] obpc kernel: rtc_cmos rtc_cmos: RTC can wake from S4
[    1.097962] obpc kernel: rtc_cmos rtc_cmos: registered as rtc0
[    1.098026] obpc kernel: rtc_cmos rtc_cmos: setting system clock to 2026-05-08T11:11:22 UTC (1778238682)
[    1.098086] obpc kernel: rtc_cmos rtc_cmos: alarms up to one month, y3k, 114 bytes nvram
[    1.098091] obpc kernel: device-mapper: core: CONFIG_IMA_DISABLE_HTABLE is disabled. Duplicate IMA measurements will not be recorded in the IMA log.
[    1.098095] obpc kernel: device-mapper: uevent: version 1.0.3
[    1.098099] obpc kernel: device-mapper: ioctl: 4.50.0-ioctl (2025-04-28) initialised: dm-devel@lists.linux.dev
[    1.098102] obpc kernel: intel_pstate: Intel P-state driver initializing
[    1.098108] obpc kernel: Hybrid CPU capacity scaling enabled
[    1.098203] obpc kernel: processor cpu0: EM: created perf domain
[    1.098289] obpc kernel: processor cpu1: EM: created perf domain
[    1.098374] obpc kernel: processor cpu2: EM: created perf domain
[    1.098457] obpc kernel: processor cpu3: EM: created perf domain
[    1.098540] obpc kernel: processor cpu4: EM: created perf domain
[    1.098623] obpc kernel: processor cpu5: EM: created perf domain
[    1.098711] obpc kernel: processor cpu6: EM: created perf domain
[    1.098794] obpc kernel: processor cpu7: EM: created perf domain
[    1.098877] obpc kernel: processor cpu8: EM: created perf domain
[    1.098963] obpc kernel: processor cpu9: EM: created perf domain
[    1.099053] obpc kernel: processor cpu10: EM: created perf domain
[    1.099137] obpc kernel: processor cpu11: EM: created perf domain
[    1.099223] obpc kernel: processor cpu12: EM: created perf domain
[    1.099306] obpc kernel: processor cpu13: EM: created perf domain
[    1.099388] obpc kernel: processor cpu14: EM: created perf domain
[    1.099473] obpc kernel: processor cpu15: EM: created perf domain
[    1.099481] obpc kernel: intel_pstate: HWP enabled
[    1.099551] obpc kernel: simple-framebuffer simple-framebuffer.0: [drm] Registered 1 planes with drm panic
[    1.099558] obpc kernel: [drm] Initialized simpledrm 1.0.0 for simple-framebuffer.0 on minor 0
[    1.099562] obpc kernel: fbcon: Deferring console take-over
[    1.099623] obpc kernel: simple-framebuffer simple-framebuffer.0: [drm] fb0: simpledrmdrmfb frame buffer device
[    1.099628] obpc kernel: hid: raw HID events driver (C) Jiri Kosina
[    1.099632] obpc kernel: usbcore: registered new interface driver usbhid
[    1.099635] obpc kernel: usbhid: USB HID core driver
[    1.099639] obpc kernel: drop_monitor: Initializing network drop monitor service
[    1.099643] obpc kernel: Initializing XFRM netlink socket
[    1.099646] obpc kernel: NET: Registered PF_INET6 protocol family
[    1.099651] obpc kernel: Segment Routing with IPv6
[    1.099656] obpc kernel: RPL Segment Routing with IPv6
[    1.099660] obpc kernel: In-situ OAM (IOAM) with IPv6
[    1.099663] obpc kernel: mip6: Mobile IPv6
[    1.099668] obpc kernel: NET: Registered PF_PACKET protocol family
[    1.099671] obpc kernel: can: controller area network core
[    1.099674] obpc kernel: NET: Registered PF_CAN protocol family
[    1.099678] obpc kernel: ENERGY_PERF_BIAS: Set to 'normal', was 'performance'
[    1.099682] obpc kernel: microcode: Current revision: 0x0000011b
[    1.099686] obpc kernel: IPI shorthand broadcast: enabled
[    1.099690] obpc kernel: sched_clock: Marking stable (867000626, 6135750)->(893253728, -20117352)
[    1.099693] obpc kernel: registered taskstats version 1
[    1.099697] obpc kernel: Loading compiled-in X.509 certificates
[    1.099701] obpc kernel: Loaded X.509 cert 'Fedora kernel signing key: 88b80e08bfa3c7a8597e235adbf6de56f0ca4439'
[    1.099705] obpc kernel: Freeing initrd memory: 51468K
[    1.099709] obpc kernel: Loaded X.509 cert 'Fedora IMA CA: a8a00c31663f853f9c6ff2564872e378af026b28'
[    1.099713] obpc kernel: Demotion targets for Node 0: null
[    1.099717] obpc kernel: page_owner is disabled
[    1.099722] obpc kernel: Key type .fscrypt registered
[    1.099725] obpc kernel: Key type fscrypt-provisioning registered
[    1.099729] obpc kernel: Btrfs loaded, zoned=yes, fsverity=yes
[    1.099733] obpc kernel: Key type big_key registered
[    1.099736] obpc kernel: Key type trusted registered
[    1.099740] obpc kernel: Key type encrypted registered
[    1.099743] obpc kernel: Loading compiled-in module X.509 certificates
[    1.099747] obpc kernel: Loaded X.509 cert 'Fedora kernel signing key: 88b80e08bfa3c7a8597e235adbf6de56f0ca4439'
[    1.099752] obpc kernel: ima: Allocated hash algorithm: sha256
[    1.099757] obpc kernel: ima: No architecture policies found
[    1.099761] obpc kernel: evm: Initialising EVM extended attributes:
[    1.099764] obpc kernel: evm: security.selinux
[    1.099768] obpc kernel: evm: security.SMACK64 (disabled)
[    1.099773] obpc kernel: evm: security.SMACK64EXEC (disabled)
[    1.099776] obpc kernel: evm: security.SMACK64TRANSMUTE (disabled)
[    1.099780] obpc kernel: evm: security.SMACK64MMAP (disabled)
[    1.099783] obpc kernel: evm: security.apparmor (disabled)
[    1.099787] obpc kernel: evm: security.ima
[    1.099791] obpc kernel: evm: security.capability
[    1.099794] obpc kernel: evm: HMAC attrs: 0x1
[    1.099798] obpc kernel: integrity: Loading X.509 certificate: UEFI:db
[    1.099801] obpc kernel: integrity: Loaded X.509 cert 'ASUS UEFI SW Key Certificate: b0fa6680874410ba479208b6268c10e4'
[    1.099805] obpc kernel: integrity: Loading X.509 certificate: UEFI:db
[    1.099809] obpc kernel: integrity: Loaded X.509 cert 'Microsoft Corporation UEFI CA 2011: 13adbf4309bd82709c8cd54f316ed522988a1bd4'
[    1.099812] obpc kernel: integrity: Loading X.509 certificate: UEFI:db
[    1.099816] obpc kernel: integrity: Loaded X.509 cert 'Microsoft Windows Production PCA 2011: a92902398e16c49778cd90f99e4f9ae17c55af53'
[    1.099819] obpc kernel: integrity: Loading X.509 certificate: UEFI:db
[    1.099824] obpc kernel: integrity: Loaded X.509 cert 'Microsoft Corporation: Windows UEFI CA 2023: aefc5fbbbe055d8f8daa585473499417ab5a5272'
[    1.099827] obpc kernel: integrity: Loading X.509 certificate: UEFI:db
[    1.099831] obpc kernel: integrity: Loaded X.509 cert 'Microsoft Option ROM UEFI CA 2023: 514fbf937fa46fb57bf07af8bed84b3b864b1711'
[    1.099834] obpc kernel: integrity: Loading X.509 certificate: UEFI:db
[    1.099838] obpc kernel: integrity: Loaded X.509 cert 'Microsoft UEFI CA 2023: 81aa6b3244c935bce0d6628af39827421e32497d'
[    1.099841] obpc kernel: alg: No test for 842 (842-scomp)
[    1.099844] obpc kernel: PM:   Magic number: 10:376:175
[    1.099926] obpc kernel: acpi device:38: hash matches
[    1.100007] obpc kernel: acpi device:0b: hash matches
[    1.100055] obpc kernel: RAS: Correctable Errors collector initialized.
[    1.100071] obpc kernel: clk: Disabling unused clocks
[    1.100081] obpc kernel: PM: genpd: Disabling unused power domains
[    1.100100] obpc kernel: Freeing unused decrypted memory: 2028K
[    1.100110] obpc kernel: Freeing unused kernel image (initmem) memory: 5200K
[    1.100120] obpc kernel: Write protecting the kernel read-only data: 43008k
[    1.100129] obpc kernel: Freeing unused kernel image (text/rodata gap) memory: 1972K
[    1.100139] obpc kernel: Freeing unused kernel image (rodata/data gap) memory: 580K
[    1.100150] obpc kernel: x86/mm: Checked W+X mappings: passed, no W+X pages found.
[    1.100158] obpc kernel: Run /init as init process
[    1.100165] obpc kernel:   with arguments:
[    1.100173] obpc kernel:     /init
[    1.100197] obpc kernel:     rhgb
[    1.100208] obpc kernel:   with environment:
[    1.100215] obpc kernel:     HOME=/
[    1.100223] obpc kernel:     TERM=linux
[    1.100236] obpc systemd[1]: Successfully made /usr/ read-only.
[    1.100249] obpc systemd[1]: systemd 258.7-1.fc43 running in system mode (+PAM +AUDIT +SELINUX -APPARMOR +IMA +IPE +SMACK +SECCOMP -GCRYPT +GNUTLS +OPENSSL +ACL +BLKID +CURL +ELFUTILS +FIDO2 +IDN2 -IDN -IPTC +KMOD +LIBCRYPTSETUP +LIBCRYPTSETUP_PLUGINS +LIBFDISK +PCRE2 +PWQUALITY +P11KIT +QRENCODE +TPM2 +BZIP2 +LZ4 +XZ +ZLIB +ZSTD +BPF_FRAMEWORK +BTF +XKBCOMMON +UTMP +SYSVINIT +LIBARCHIVE)
[    1.100259] obpc systemd[1]: Detected architecture x86-64.
[    1.100267] obpc systemd[1]: Running in initrd.
[    1.100275] obpc systemd[1]: Hostname set to <obpc>.
[    1.100285] obpc systemd[1]: bpf-restrict-fs: LSM BPF program attached
[    1.100294] obpc systemd[1]: Queued start job for default target initrd.target.
[    1.100304] obpc systemd[1]: Expecting device dev-disk-by\x2duuid-34e34fc2\x2d47b6\x2d41bd\x2db739\x2d8a1c79788cb2.device - /dev/disk/by-uuid/34e34fc2-47b6-41bd-b739-8a1c79788cb2...
[    1.100312] obpc systemd[1]: Reached target initrd-usr-fs.target - Initrd /usr File System.
[    1.100321] obpc systemd[1]: Reached target slices.target - Slice Units.
[    1.100332] obpc systemd[1]: Reached target swap.target - Swaps.
[    1.100340] obpc systemd[1]: Reached target timers.target - Timer Units.
[    1.100348] obpc systemd[1]: Listening on systemd-journald-dev-log.socket - Journal Socket (/dev/log).
[    1.100357] obpc systemd[1]: Listening on systemd-journald.socket - Journal Sockets.
[    1.100367] obpc systemd[1]: Listening on systemd-udevd-control.socket - udev Control Socket.
[    1.100374] obpc systemd[1]: Listening on systemd-udevd-kernel.socket - udev Kernel Socket.
[    1.100383] obpc systemd[1]: Reached target sockets.target - Socket Units.
[    1.100391] obpc systemd[1]: Starting kmod-static-nodes.service - Create List of Static Device Nodes...
[    1.100400] obpc systemd[1]: memstrack.service - Memstrack Anylazing Service skipped, no trigger condition checks were met.
[    1.100408] obpc systemd[1]: Starting systemd-journald.service - Journal Service...
[    1.100416] obpc systemd[1]: Starting systemd-modules-load.service - Load Kernel Modules...
[    1.100427] obpc systemd[1]: systemd-pcrphase-initrd.service - TPM PCR Barrier (initrd) skipped, unmet condition check ConditionSecurity=measured-uki
[    1.100435] obpc systemd[1]: Starting systemd-vconsole-setup.service - Virtual Console Setup...
[    1.100443] obpc systemd[1]: Finished kmod-static-nodes.service - Create List of Static Device Nodes.
[    1.100451] obpc systemd[1]: Starting systemd-tmpfiles-setup-dev-early.service - Create Static Device Nodes in /dev gracefully...
[    1.100512] obpc systemd-journald[308]: Collecting audit messages is disabled.
[    1.100541] obpc systemd[1]: Finished systemd-tmpfiles-setup-dev-early.service - Create Static Device Nodes in /dev gracefully.
[    1.100549] obpc systemd[1]: Starting systemd-sysusers.service - Create System Users...
[    1.100558] obpc systemd[1]: Finished systemd-sysusers.service - Create System Users.
[    1.100567] obpc systemd[1]: Starting systemd-tmpfiles-setup-dev.service - Create Static Device Nodes in /dev...
[    1.100575] obpc kernel: fuse: init (API version 7.45)
[    1.100586] obpc kernel: i2c_dev: i2c /dev entries driver
[    1.100594] obpc systemd[1]: Finished systemd-modules-load.service - Load Kernel Modules.
[    1.100605] obpc systemd[1]: Starting systemd-sysctl.service - Apply Kernel Variables...
[    1.100613] obpc systemd[1]: Finished systemd-tmpfiles-setup-dev.service - Create Static Device Nodes in /dev.
[    1.100621] obpc systemd[1]: Reached target local-fs-pre.target - Preparation for Local File Systems.
[    1.100629] obpc systemd[1]: Reached target local-fs.target - Local File Systems.
[    1.100638] obpc systemd[1]: Finished systemd-sysctl.service - Apply Kernel Variables.
[    1.100646] obpc systemd[1]: Finished systemd-vconsole-setup.service - Virtual Console Setup.
