[    1.263206] obpc kernel: Linux version 6.19.14-200.fc43.x86_64 (mockbuild@3d94b060593f4389857ed0a29daa3c69) (gcc (GCC) 15.2.1 20260123 (Red Hat 15.2.1-7), GNU ld version 2.45.1-4.fc43) #1 SMP PREEMPT_DYNAMIC Thu Apr 23 17:34:07 UTC 2026
[    1.263237] obpc kernel: Command line: BOOT_IMAGE=(hd0,gpt5)/vmlinuz-6.19.14-200.fc43.x86_64 root=UUID=34e34fc2-47b6-41bd-b739-8a1c79788cb2 ro rootflags=subvol=root rhgb quiet module_blacklist=nouveau,nova_core rd.driver.blacklist=nouveau,nova_core modprobe.blacklist=nouveau,nova_core pcie_aspm.policy=performance thunderbolt.clx=0 pcie_port_pm=off pci=realloc=off,pcie_bus_perf,hpmmioprefsize=256M,resource_alignment=35@0000:03:00.0 crashkernel=256M iommu=off intel_iommu=off thunderbolt.dyndbg=+pflm thunderbolt.host_reset=true
[    1.263346] obpc kernel: x86/tme: not enabled by BIOS
[    1.263351] obpc kernel: x86/split lock detection: #AC: crashing the kernel on kernel split_locks and warning on user-space split_locks
[    1.263356] obpc kernel: BIOS-provided physical RAM map:
[    1.263359] obpc kernel: BIOS-e820: [mem 0x0000000000000000-0x000000000009efff] usable
[    1.263364] obpc kernel: BIOS-e820: [mem 0x000000000009f000-0x00000000000fffff] reserved
[    1.263369] obpc kernel: BIOS-e820: [mem 0x0000000000100000-0x00000000545f1fff] usable
[    1.263373] obpc kernel: BIOS-e820: [mem 0x00000000545f2000-0x000000005e6b5fff] reserved
[    1.263377] obpc kernel: BIOS-e820: [mem 0x000000005e6b6000-0x000000005e7b7fff] ACPI data
[    1.263382] obpc kernel: BIOS-e820: [mem 0x000000005e7b8000-0x000000005e93efff] ACPI NVS
[    1.263386] obpc kernel: BIOS-e820: [mem 0x000000005e93f000-0x0000000063ffefff] reserved
[    1.263390] obpc kernel: BIOS-e820: [mem 0x0000000063fff000-0x0000000063ffffff] usable
[    1.263393] obpc kernel: BIOS-e820: [mem 0x0000000064000000-0x00000000787fffff] reserved
[    1.263399] obpc kernel: BIOS-e820: [mem 0x00000000c0000000-0x00000000cfffffff] reserved
[    1.263403] obpc kernel: BIOS-e820: [mem 0x00000000fe000000-0x00000000fe010fff] reserved
[    1.263407] obpc kernel: BIOS-e820: [mem 0x00000000fe410000-0x00000000fe410fff] reserved
[    1.263411] obpc kernel: BIOS-e820: [mem 0x00000000fec00000-0x00000000fec00fff] reserved
[    1.263416] obpc kernel: BIOS-e820: [mem 0x00000000fed00000-0x00000000fed00fff] reserved
[    1.263420] obpc kernel: BIOS-e820: [mem 0x00000000fed20000-0x00000000fed7ffff] reserved
[    1.263424] obpc kernel: BIOS-e820: [mem 0x00000000fee00000-0x00000000fee00fff] reserved
[    1.263428] obpc kernel: BIOS-e820: [mem 0x00000000ff000000-0x00000000ffffffff] reserved
[    1.263432] obpc kernel: BIOS-e820: [mem 0x0000000100000000-0x000000207fffffff] usable
[    1.263437] obpc kernel: NX (Execute Disable) protection: active
[    1.263441] obpc kernel: APIC: Static calls initialized
[    1.263445] obpc kernel: efi: EFI v2.9 by American Megatrends
[    1.263450] obpc kernel: efi: ACPI=0x5e8b6000 ACPI 2.0=0x5e8b6014 TPMFinalLog=0x5e822000 SMBIOS=0x62b8d000 SMBIOS 3.0=0x62b8c000 MEMATTR=0x482f6018 ESRT=0x50df1e98 MOKvar=0x63c2e000 RNG=0x5e6eb018 TPMEventLog=0x5e6e0018 
[    1.263455] obpc kernel: random: crng init done
[    1.263458] obpc kernel: efi: Remove mem79: MMIO range=[0xc0000000-0xcfffffff] (256MB) from e820 map
[    1.263462] obpc kernel: e820: remove [mem 0xc0000000-0xcfffffff] reserved
[    1.263467] obpc kernel: efi: Not removing mem80: MMIO range=[0xfe000000-0xfe010fff] (68KB) from e820 map
[    1.263471] obpc kernel: efi: Not removing mem81: MMIO range=[0xfe410000-0xfe410fff] (4KB) from e820 map
[    1.263475] obpc kernel: efi: Not removing mem82: MMIO range=[0xfec00000-0xfec00fff] (4KB) from e820 map
[    1.263479] obpc kernel: efi: Not removing mem83: MMIO range=[0xfed00000-0xfed00fff] (4KB) from e820 map
[    1.263484] obpc kernel: efi: Not removing mem85: MMIO range=[0xfee00000-0xfee00fff] (4KB) from e820 map
[    1.263488] obpc kernel: efi: Remove mem86: MMIO range=[0xff000000-0xffffffff] (16MB) from e820 map
[    1.263492] obpc kernel: e820: remove [mem 0xff000000-0xffffffff] reserved
[    1.263496] obpc kernel: secureboot: Secure boot disabled
[    1.263500] obpc kernel: SMBIOS 3.8.0 present.
[    1.263505] obpc kernel: DMI: ASUSTeK COMPUTER INC. NUC15CRSU9/NUC15CRSU9, BIOS CRARL579.0029.2026.0115.1719 01/15/2026
[    1.263511] obpc kernel: DMI: Memory slots populated: 2/2
[    1.263515] obpc kernel: tsc: Detected 3700.000 MHz processor
[    1.263518] obpc kernel: tsc: Detected 3686.400 MHz TSC
[    1.263522] obpc kernel: e820: update [mem 0x00000000-0x00000fff] usable ==> reserved
[    1.263530] obpc kernel: e820: remove [mem 0x000a0000-0x000fffff] usable
[    1.263537] obpc kernel: last_pfn = 0x2080000 max_arch_pfn = 0x400000000
[    1.263543] obpc kernel: total RAM covered: 259839M
[    1.263551] obpc kernel:  gran_size: 64K         chunk_size: 64K         num_reg: 10          lose cover RAM: 129022M
[    1.263557] obpc kernel:  gran_size: 64K         chunk_size: 128K         num_reg: 10          lose cover RAM: 129022M
[    1.263563] obpc kernel:  gran_size: 64K         chunk_size: 256K         num_reg: 10          lose cover RAM: 129022M
[    1.263570] obpc kernel:  gran_size: 64K         chunk_size: 512K         num_reg: 10          lose cover RAM: 129022M
[    1.263574] obpc kernel:  gran_size: 64K         chunk_size: 1M         num_reg: 10          lose cover RAM: 129022M
[    1.263582] obpc kernel:  gran_size: 64K         chunk_size: 2M         num_reg: 10          lose cover RAM: 129022M
[    1.263586] obpc kernel:  gran_size: 64K         chunk_size: 4M         num_reg: 10          lose cover RAM: 129022M
[    1.263593] obpc kernel:  gran_size: 64K         chunk_size: 8M         num_reg: 10          lose cover RAM: 129022M
[    1.263596] obpc kernel:  gran_size: 64K         chunk_size: 16M         num_reg: 10          lose cover RAM: 129022M
[    1.263602] obpc kernel:  gran_size: 64K         chunk_size: 32M         num_reg: 10          lose cover RAM: 129022M
[    1.263605] obpc kernel:  gran_size: 64K         chunk_size: 64M         num_reg: 10          lose cover RAM: 129022M
[    1.263609] obpc kernel:  gran_size: 64K         chunk_size: 128M         num_reg: 10          lose cover RAM: 129022M
[    1.263616] obpc kernel:  gran_size: 64K         chunk_size: 256M         num_reg: 10          lose cover RAM: 129022M
[    1.263620] obpc kernel:  gran_size: 64K         chunk_size: 512M         num_reg: 10          lose cover RAM: 129020M
[    1.263627] obpc kernel:  gran_size: 64K         chunk_size: 1G         num_reg: 10          lose cover RAM: 129020M
[    1.263632] obpc kernel:  gran_size: 64K         chunk_size: 2G         num_reg: 10          lose cover RAM: 129020M
[    1.263637] obpc kernel:  gran_size: 128K         chunk_size: 128K         num_reg: 10          lose cover RAM: 129022M
[    1.263643] obpc kernel:  gran_size: 128K         chunk_size: 256K         num_reg: 10          lose cover RAM: 129022M
[    1.263647] obpc kernel:  gran_size: 128K         chunk_size: 512K         num_reg: 10          lose cover RAM: 129022M
[    1.263653] obpc kernel:  gran_size: 128K         chunk_size: 1M         num_reg: 10          lose cover RAM: 129022M
[    1.263657] obpc kernel:  gran_size: 128K         chunk_size: 2M         num_reg: 10          lose cover RAM: 129022M
[    1.263664] obpc kernel:  gran_size: 128K         chunk_size: 4M         num_reg: 10          lose cover RAM: 129022M
[    1.263669] obpc kernel:  gran_size: 128K         chunk_size: 8M         num_reg: 10          lose cover RAM: 129022M
[    1.263674] obpc kernel:  gran_size: 128K         chunk_size: 16M         num_reg: 10          lose cover RAM: 129022M
[    1.263679] obpc kernel:  gran_size: 128K         chunk_size: 32M         num_reg: 10          lose cover RAM: 129022M
[    1.263683] obpc kernel:  gran_size: 128K         chunk_size: 64M         num_reg: 10          lose cover RAM: 129022M
[    1.263691] obpc kernel:  gran_size: 128K         chunk_size: 128M         num_reg: 10          lose cover RAM: 129022M
[    1.263695] obpc kernel:  gran_size: 128K         chunk_size: 256M         num_reg: 10          lose cover RAM: 129022M
[    1.263701] obpc kernel:  gran_size: 128K         chunk_size: 512M         num_reg: 10          lose cover RAM: 129020M
[    1.263706] obpc kernel:  gran_size: 128K         chunk_size: 1G         num_reg: 10          lose cover RAM: 129020M
[    1.263713] obpc kernel:  gran_size: 128K         chunk_size: 2G         num_reg: 10          lose cover RAM: 129020M
[    1.263717] obpc kernel:  gran_size: 256K         chunk_size: 256K         num_reg: 10          lose cover RAM: 129022M
[    1.263722] obpc kernel:  gran_size: 256K         chunk_size: 512K         num_reg: 10          lose cover RAM: 129022M
[    1.263727] obpc kernel:  gran_size: 256K         chunk_size: 1M         num_reg: 10          lose cover RAM: 129022M
[    1.263732] obpc kernel:  gran_size: 256K         chunk_size: 2M         num_reg: 10          lose cover RAM: 129022M
[    1.263738] obpc kernel:  gran_size: 256K         chunk_size: 4M         num_reg: 10          lose cover RAM: 129022M
[    1.263742] obpc kernel:  gran_size: 256K         chunk_size: 8M         num_reg: 10          lose cover RAM: 129022M
[    1.263749] obpc kernel:  gran_size: 256K         chunk_size: 16M         num_reg: 10          lose cover RAM: 129022M
[    1.263754] obpc kernel:  gran_size: 256K         chunk_size: 32M         num_reg: 10          lose cover RAM: 129022M
[    1.263758] obpc kernel:  gran_size: 256K         chunk_size: 64M         num_reg: 10          lose cover RAM: 129022M
[    1.263763] obpc kernel:  gran_size: 256K         chunk_size: 128M         num_reg: 10          lose cover RAM: 129022M
[    1.263768] obpc kernel:  gran_size: 256K         chunk_size: 256M         num_reg: 10          lose cover RAM: 129022M
[    1.263774] obpc kernel:  gran_size: 256K         chunk_size: 512M         num_reg: 10          lose cover RAM: 129020M
[    1.263779] obpc kernel:  gran_size: 256K         chunk_size: 1G         num_reg: 10          lose cover RAM: 129020M
[    1.263782] obpc kernel:  gran_size: 256K         chunk_size: 2G         num_reg: 10          lose cover RAM: 129020M
[    1.263789] obpc kernel:  gran_size: 512K         chunk_size: 512K         num_reg: 10          lose cover RAM: 129022M
[    1.263793] obpc kernel:  gran_size: 512K         chunk_size: 1M         num_reg: 10          lose cover RAM: 129022M
[    1.263800] obpc kernel:  gran_size: 512K         chunk_size: 2M         num_reg: 10          lose cover RAM: 129022M
[    1.263805] obpc kernel:  gran_size: 512K         chunk_size: 4M         num_reg: 10          lose cover RAM: 129022M
[    1.263811] obpc kernel:  gran_size: 512K         chunk_size: 8M         num_reg: 10          lose cover RAM: 129022M
[    1.263816] obpc kernel:  gran_size: 512K         chunk_size: 16M         num_reg: 10          lose cover RAM: 129022M
[    1.263820] obpc kernel:  gran_size: 512K         chunk_size: 32M         num_reg: 10          lose cover RAM: 129022M
[    1.263826] obpc kernel:  gran_size: 512K         chunk_size: 64M         num_reg: 10          lose cover RAM: 129022M
[    1.263830] obpc kernel:  gran_size: 512K         chunk_size: 128M         num_reg: 10          lose cover RAM: 129022M
[    1.263836] obpc kernel:  gran_size: 512K         chunk_size: 256M         num_reg: 10          lose cover RAM: 129022M
[    1.263839] obpc kernel:  gran_size: 512K         chunk_size: 512M         num_reg: 10          lose cover RAM: 129020M
[    1.263845] obpc kernel:  gran_size: 512K         chunk_size: 1G         num_reg: 10          lose cover RAM: 129020M
[    1.263848] obpc kernel:  gran_size: 512K         chunk_size: 2G         num_reg: 10          lose cover RAM: 129020M
[    1.263853] obpc kernel:  gran_size: 1M         chunk_size: 1M         num_reg: 10          lose cover RAM: 129022M
[    1.263860] obpc kernel:  gran_size: 1M         chunk_size: 2M         num_reg: 10          lose cover RAM: 129022M
[    1.263864] obpc kernel:  gran_size: 1M         chunk_size: 4M         num_reg: 10          lose cover RAM: 129022M
[    1.263871] obpc kernel:  gran_size: 1M         chunk_size: 8M         num_reg: 10          lose cover RAM: 129022M
[    1.263876] obpc kernel:  gran_size: 1M         chunk_size: 16M         num_reg: 10          lose cover RAM: 129022M
[    1.263880] obpc kernel:  gran_size: 1M         chunk_size: 32M         num_reg: 10          lose cover RAM: 129022M
[    1.263885] obpc kernel:  gran_size: 1M         chunk_size: 64M         num_reg: 10          lose cover RAM: 129022M
[    1.263889] obpc kernel:  gran_size: 1M         chunk_size: 128M         num_reg: 10          lose cover RAM: 129022M
[    1.263896] obpc kernel:  gran_size: 1M         chunk_size: 256M         num_reg: 10          lose cover RAM: 129022M
[    1.263901] obpc kernel:  gran_size: 1M         chunk_size: 512M         num_reg: 10          lose cover RAM: 129020M
[    1.263908] obpc kernel:  gran_size: 1M         chunk_size: 1G         num_reg: 10          lose cover RAM: 129020M
[    1.263911] obpc kernel:  gran_size: 1M         chunk_size: 2G         num_reg: 10          lose cover RAM: 129020M
[    1.263918] obpc kernel:  gran_size: 2M         chunk_size: 2M         num_reg: 10          lose cover RAM: 129022M
[    1.263925] obpc kernel:  gran_size: 2M         chunk_size: 4M         num_reg: 10          lose cover RAM: 129022M
[    1.263929] obpc kernel:  gran_size: 2M         chunk_size: 8M         num_reg: 10          lose cover RAM: 129022M
[    1.263935] obpc kernel:  gran_size: 2M         chunk_size: 16M         num_reg: 10          lose cover RAM: 129022M
[    1.263939] obpc kernel:  gran_size: 2M         chunk_size: 32M         num_reg: 10          lose cover RAM: 129022M
[    1.263945] obpc kernel:  gran_size: 2M         chunk_size: 64M         num_reg: 10          lose cover RAM: 129022M
[    1.263949] obpc kernel:  gran_size: 2M         chunk_size: 128M         num_reg: 10          lose cover RAM: 129022M
[    1.263956] obpc kernel:  gran_size: 2M         chunk_size: 256M         num_reg: 10          lose cover RAM: 129022M
[    1.263960] obpc kernel:  gran_size: 2M         chunk_size: 512M         num_reg: 10          lose cover RAM: 129020M
[    1.263968] obpc kernel:  gran_size: 2M         chunk_size: 1G         num_reg: 10          lose cover RAM: 129020M
[    1.263972] obpc kernel:  gran_size: 2M         chunk_size: 2G         num_reg: 10          lose cover RAM: 129020M
[    1.263975] obpc kernel:  gran_size: 4M         chunk_size: 4M         num_reg: 10          lose cover RAM: 129022M
[    1.263981] obpc kernel:  gran_size: 4M         chunk_size: 8M         num_reg: 10          lose cover RAM: 129022M
[    1.263985] obpc kernel:  gran_size: 4M         chunk_size: 16M         num_reg: 10          lose cover RAM: 129022M
[    1.263991] obpc kernel:  gran_size: 4M         chunk_size: 32M         num_reg: 10          lose cover RAM: 129022M
[    1.263994] obpc kernel:  gran_size: 4M         chunk_size: 64M         num_reg: 10          lose cover RAM: 129022M
[    1.263999] obpc kernel:  gran_size: 4M         chunk_size: 128M         num_reg: 10          lose cover RAM: 129022M
[    1.264009] obpc kernel:  gran_size: 4M         chunk_size: 256M         num_reg: 10          lose cover RAM: 129022M
[    1.264012] obpc kernel:  gran_size: 4M         chunk_size: 512M         num_reg: 10          lose cover RAM: 129020M
[    1.264019] obpc kernel:  gran_size: 4M         chunk_size: 1G         num_reg: 10          lose cover RAM: 129020M
[    1.264023] obpc kernel:  gran_size: 4M         chunk_size: 2G         num_reg: 10          lose cover RAM: 129020M
[    1.264029] obpc kernel:  gran_size: 8M         chunk_size: 8M         num_reg: 10          lose cover RAM: 129022M
[    1.264033] obpc kernel:  gran_size: 8M         chunk_size: 16M         num_reg: 10          lose cover RAM: 129022M
[    1.264038] obpc kernel:  gran_size: 8M         chunk_size: 32M         num_reg: 10          lose cover RAM: 129022M
[    1.264044] obpc kernel:  gran_size: 8M         chunk_size: 64M         num_reg: 10          lose cover RAM: 129022M
[    1.264049] obpc kernel:  gran_size: 8M         chunk_size: 128M         num_reg: 10          lose cover RAM: 129022M
[    1.264056] obpc kernel:  gran_size: 8M         chunk_size: 256M         num_reg: 10          lose cover RAM: 129022M
[    1.264060] obpc kernel:  gran_size: 8M         chunk_size: 512M         num_reg: 10          lose cover RAM: 129020M
[    1.264066] obpc kernel:  gran_size: 8M         chunk_size: 1G         num_reg: 10          lose cover RAM: 129020M
[    1.264071] obpc kernel:  gran_size: 8M         chunk_size: 2G         num_reg: 10          lose cover RAM: 129020M
[    1.264075] obpc kernel:  gran_size: 16M         chunk_size: 16M         num_reg: 10          lose cover RAM: 129022M
[    1.264080] obpc kernel:  gran_size: 16M         chunk_size: 32M         num_reg: 10          lose cover RAM: 129022M
[    1.264085] obpc kernel:  gran_size: 16M         chunk_size: 64M         num_reg: 10          lose cover RAM: 129022M
[    1.264092] obpc kernel:  gran_size: 16M         chunk_size: 128M         num_reg: 10          lose cover RAM: 129022M
[    1.264095] obpc kernel:  gran_size: 16M         chunk_size: 256M         num_reg: 10          lose cover RAM: 129022M
[    1.264101] obpc kernel:  gran_size: 16M         chunk_size: 512M         num_reg: 10          lose cover RAM: 129020M
[    1.264105] obpc kernel:  gran_size: 16M         chunk_size: 1G         num_reg: 10          lose cover RAM: 129020M
[    1.264109] obpc kernel:  gran_size: 16M         chunk_size: 2G         num_reg: 10          lose cover RAM: 129020M
[    1.264114] obpc kernel:  gran_size: 32M         chunk_size: 32M         num_reg: 10          lose cover RAM: 129022M
[    1.264117] obpc kernel:  gran_size: 32M         chunk_size: 64M         num_reg: 10          lose cover RAM: 129022M
[    1.264122] obpc kernel:  gran_size: 32M         chunk_size: 128M         num_reg: 10          lose cover RAM: 129022M
[    1.264126] obpc kernel:  gran_size: 32M         chunk_size: 256M         num_reg: 10          lose cover RAM: 129022M
[    1.264132] obpc kernel:  gran_size: 32M         chunk_size: 512M         num_reg: 10          lose cover RAM: 129020M
[    1.264136] obpc kernel:  gran_size: 32M         chunk_size: 1G         num_reg: 10          lose cover RAM: 129020M
[    1.264141] obpc kernel:  gran_size: 32M         chunk_size: 2G         num_reg: 10          lose cover RAM: 129020M
[    1.264145] obpc kernel:  gran_size: 64M         chunk_size: 64M         num_reg: 10          lose cover RAM: 129022M
[    1.264150] obpc kernel:  gran_size: 64M         chunk_size: 128M         num_reg: 10          lose cover RAM: 129022M
[    1.264156] obpc kernel:  gran_size: 64M         chunk_size: 256M         num_reg: 10          lose cover RAM: 129022M
[    1.264159] obpc kernel:  gran_size: 64M         chunk_size: 512M         num_reg: 10          lose cover RAM: 129020M
[    1.264163] obpc kernel:  gran_size: 64M         chunk_size: 1G         num_reg: 10          lose cover RAM: 129020M
[    1.264169] obpc kernel:  gran_size: 64M         chunk_size: 2G         num_reg: 10          lose cover RAM: 129020M
[    1.264173] obpc kernel:  gran_size: 128M         chunk_size: 128M         num_reg: 10          lose cover RAM: 129022M
[    1.264178] obpc kernel:  gran_size: 128M         chunk_size: 256M         num_reg: 10          lose cover RAM: 129022M
[    1.264183] obpc kernel:  gran_size: 128M         chunk_size: 512M         num_reg: 10          lose cover RAM: 129020M
[    1.264187] obpc kernel:  gran_size: 128M         chunk_size: 1G         num_reg: 10          lose cover RAM: 129020M
[    1.264190] obpc kernel:  gran_size: 128M         chunk_size: 2G         num_reg: 10          lose cover RAM: 129020M
[    1.264197] obpc kernel:  gran_size: 256M         chunk_size: 256M         num_reg: 10          lose cover RAM: 129022M
[    1.264202] obpc kernel:  gran_size: 256M         chunk_size: 512M         num_reg: 10          lose cover RAM: 129020M
[    1.264206] obpc kernel:  gran_size: 256M         chunk_size: 1G         num_reg: 10          lose cover RAM: 129020M
[    1.264211] obpc kernel:  gran_size: 256M         chunk_size: 2G         num_reg: 10          lose cover RAM: 129020M
[    1.264215] obpc kernel:  gran_size: 512M         chunk_size: 512M         num_reg: 10          lose cover RAM: 129276M
[    1.264223] obpc kernel:  gran_size: 512M         chunk_size: 1G         num_reg: 10          lose cover RAM: 129276M
[    1.264227] obpc kernel:  gran_size: 512M         chunk_size: 2G         num_reg: 10          lose cover RAM: 129276M
[    1.264231] obpc kernel:  gran_size: 1G         chunk_size: 1G         num_reg: 10          lose cover RAM: 129784M
[    1.264235] obpc kernel:  gran_size: 1G         chunk_size: 2G         num_reg: 10          lose cover RAM: 129784M
[    1.264240] obpc kernel:  gran_size: 2G         chunk_size: 2G         num_reg: 10          lose cover RAM: 130800M
[    1.264244] obpc kernel: mtrr_cleanup: can not find optimal value
[    1.264249] obpc kernel: please specify mtrr_gran_size/mtrr_chunk_size
[    1.264255] obpc kernel: MTRR map: 8 entries (3 fixed + 5 variable; max 23), built from 10 variable MTRRs
[    1.264259] obpc kernel: x86/PAT: Configuration [0-7]: WB  WC  UC- UC  WB  WP  UC- WT  
[    1.264264] obpc kernel: e820: update [mem 0x70000000-0xffffffff] usable ==> reserved
[    1.264270] obpc kernel: e820: update [mem 0x2080000000-0x20800fffff] usable ==> reserved
[    1.264275] obpc kernel: x2apic: enabled by BIOS, switching to x2apic ops
[    1.264279] obpc kernel: last_pfn = 0x64000 max_arch_pfn = 0x400000000
[    1.264286] obpc kernel: esrt: Reserving ESRT space from 0x0000000050df1e98 to 0x0000000050df1fe8.
[    1.264293] obpc kernel: e820: update [mem 0x50df1000-0x50df1fff] usable ==> reserved
[    1.264298] obpc kernel: Using GB pages for direct mapping
[    1.264305] obpc kernel: secureboot: Secure boot disabled
[    1.264309] obpc kernel: RAMDISK: [mem 0x3d22e000-0x4046ffff]
[    1.264316] obpc kernel: ACPI: Early table checksum verification disabled
[    1.264323] obpc kernel: ACPI: RSDP 0x000000005E8B6014 000024 (v02 ASUS  )
[    1.264329] obpc kernel: ACPI: XSDT 0x000000005E852728 000174 (v01 ASUS   NUC15CR  0000001D AMI  01000013)
[    1.264335] obpc kernel: ACPI: FACP 0x000000005E79E000 000114 (v06 ASUS   NUC15CR  0000001D AMI  01000013)
[    1.264338] obpc kernel: ACPI: DSDT 0x000000005E72D000 070E47 (v02 ASUS   NUC15CR  0000001D INTL 20210930)
[    1.264344] obpc kernel: ACPI: FACS 0x000000005E939000 000040
[    1.264351] obpc kernel: ACPI: SSDT 0x000000005E7B5000 000770 (v02 ASUS   NUC15CR  0000001D INTL 20210930)
[    1.264355] obpc kernel: ACPI: SSDT 0x000000005E7B4000 0005FB (v02 ASUS   NUC15CR  0000001D INTL 20210930)
[    1.264361] obpc kernel: ACPI: SSDT 0x000000005E7B3000 0001AB (v02 ASUS   NUC15CR  0000001D INTL 20210930)
[    1.264368] obpc kernel: ACPI: SSDT 0x000000005E7B2000 000394 (v02 ASUS   NUC15CR  0000001D INTL 20210930)
[    1.264374] obpc kernel: ACPI: SSDT 0x000000005E7B0000 001BAF (v02 ASUS   NUC15CR  0000001D INTL 20210930)
[    1.264378] obpc kernel: ACPI: SSDT 0x000000005E7AE000 001620 (v02 ASUS   NUC15CR  0000001D INTL 20210930)
[    1.264385] obpc kernel: ACPI: SSDT 0x000000005E7AC000 001349 (v02 ASUS   NUC15CR  0000001D INTL 20210930)
[    1.264390] obpc kernel: ACPI: SSDT 0x000000005E7AB000 000FBB (v02 ASUS   NUC15CR  0000001D INTL 20210930)
[    1.264396] obpc kernel: ACPI: SSDT 0x000000005E7A7000 003BC8 (v02 ASUS   NUC15CR  0000001D INTL 20210930)
[    1.264402] obpc kernel: ACPI: DTPR 0x000000005E7A6000 000088 (v01 ASUS   NUC15CR  0000001D      00000000)
[    1.264407] obpc kernel: ACPI: SSDT 0x000000005E7A0000 0053DB (v02 ASUS   NUC15CR  0000001D INTL 20210930)
[    1.264412] obpc kernel: ACPI: SSDT 0x000000005E79F000 000D03 (v02 ASUS   NUC15CR  0000001D INTL 20210930)
[    1.264417] obpc kernel: ACPI: FIDT 0x000000005E72C000 00009C (v01 ASUS   NUC15CR  0000001D AMI  00010013)
[    1.264421] obpc kernel: ACPI: SSDT 0x000000005E7B7000 00038C (v02 ASUS   NUC15CR  0000001D INTL 20210930)
[    1.264425] obpc kernel: ACPI: SSDT 0x000000005E729000 00247E (v02 ASUS   NUC15CR  0000001D INTL 20210930)
[    1.264432] obpc kernel: ACPI: SSDT 0x000000005E71F000 009ADA (v02 ASUS   NUC15CR  00001000 INTL 20210930)
[    1.264437] obpc kernel: ACPI: HPET 0x000000005E7B6000 000038 (v01 ASUS   NUC15CR  0000001D AMI  01000013)
[    1.264442] obpc kernel: ACPI: APIC 0x000000005E71E000 000358 (v05 ASUS   NUC15CR  0000001D AMI  01000013)
[    1.264448] obpc kernel: ACPI: MCFG 0x000000005E71D000 00003C (v01 ASUS   NUC15CR  0000001D AMI  01000013)
[    1.264451] obpc kernel: ACPI: SSDT 0x000000005E710000 00C39C (v02 ASUS   NUC15CR  0000001D INTL 20210930)
[    1.264457] obpc kernel: ACPI: SSDT 0x000000005E70E000 00147F (v02 ASUS   NUC15CR  0000001D INTL 20210930)
[    1.264462] obpc kernel: ACPI: SSDT 0x000000005E70A000 0038A4 (v02 ASUS   NUC15CR  0000001D INTL 20210930)
[    1.264469] obpc kernel: ACPI: UEFI 0x000000005E809000 000048 (v01 ASUS   NUC15CR  0000001D AMI  01000013)
[    1.264474] obpc kernel: ACPI: NHLT 0x000000005E709000 0002E3 (v00 ASUS   NUC15CR  0000001D AMI  01000013)
[    1.264478] obpc kernel: ACPI: LPIT 0x000000005E708000 0000CC (v01 ASUS   NUC15CR  0000001D AMI  01000013)
[    1.264484] obpc kernel: ACPI: WDAT 0x000000005E706000 000134 (v01 ASUS   NUC15CR  0000001D AMI  01000013)
[    1.264491] obpc kernel: ACPI: SSDT 0x000000005E705000 000CA6 (v02 ASUS   NUC15CR  0000001D INTL 20210930)
[    1.264494] obpc kernel: ACPI: SSDT 0x000000005E6FF000 005E42 (v02 ASUS   NUC15CR  0000001D INTL 20210930)
[    1.264498] obpc kernel: ACPI: DBGP 0x000000005E6FE000 000034 (v01 ASUS   NUC15CR  0000001D AMI  01000013)
[    1.264505] obpc kernel: ACPI: DBG2 0x000000005E6FD000 000054 (v00 ASUS   NUC15CR  0000001D AMI  01000013)
[    1.264509] obpc kernel: ACPI: SSDT 0x000000005E6FB000 001AFE (v02 ASUS   NUC15CR  0000001D INTL 20210930)
[    1.264515] obpc kernel: ACPI: DMAR 0x000000005E6FA000 000098 (v01 ASUS   NUC15CR  0000001D AMI  01000013)
[    1.264519] obpc kernel: ACPI: FPDT 0x000000005E6F9000 000044 (v01 ASUS   NUC15CR  0000001D AMI  01000013)
[    1.264525] obpc kernel: ACPI: SSDT 0x000000005E6F7000 001092 (v02 ASUS   NUC15CR  0000001D INTL 20210930)
[    1.264531] obpc kernel: ACPI: SSDT 0x000000005E6F4000 00281A (v02 ASUS   NUC15CR  0000001D INTL 20210930)
[    1.264538] obpc kernel: ACPI: SSDT 0x000000005E6F1000 0028D3 (v02 ASUS   NUC15CR  0000001D INTL 20210930)
[    1.264542] obpc kernel: ACPI: BGRT 0x000000005E6F0000 000038 (v01 ASUS   NUC15CR  0000001D AMI  00010013)
[    1.264548] obpc kernel: ACPI: SSDT 0x000000005E6EE000 0011A0 (v02 ASUS   NUC15CR  0000001D INTL 20210930)
[    1.264552] obpc kernel: ACPI: PHAT 0x000000005E6ED000 000810 (v01 ASUS   NUC15CR  0000001D MSFT 0100000D)
[    1.264559] obpc kernel: ACPI: TPM2 0x000000005E6EC000 00004C (v04 ASUS   NUC15CR  0000001D AMI  00000000)
[    1.264564] obpc kernel: ACPI: WSMT 0x000000005E707000 000028 (v01 ASUS   NUC15CR  0000001D AMI  00010013)
[    1.264570] obpc kernel: ACPI: Reserving FACP table memory at [mem 0x5e79e000-0x5e79e113]
[    1.264573] obpc kernel: ACPI: Reserving DSDT table memory at [mem 0x5e72d000-0x5e79de46]
[    1.264578] obpc kernel: ACPI: Reserving FACS table memory at [mem 0x5e939000-0x5e93903f]
[    1.264581] obpc kernel: ACPI: Reserving SSDT table memory at [mem 0x5e7b5000-0x5e7b576f]
[    1.264584] obpc kernel: ACPI: Reserving SSDT table memory at [mem 0x5e7b4000-0x5e7b45fa]
[    1.264588] obpc kernel: ACPI: Reserving SSDT table memory at [mem 0x5e7b3000-0x5e7b31aa]
[    1.264591] obpc kernel: ACPI: Reserving SSDT table memory at [mem 0x5e7b2000-0x5e7b2393]
[    1.264594] obpc kernel: ACPI: Reserving SSDT table memory at [mem 0x5e7b0000-0x5e7b1bae]
[    1.264600] obpc kernel: ACPI: Reserving SSDT table memory at [mem 0x5e7ae000-0x5e7af61f]
[    1.264603] obpc kernel: ACPI: Reserving SSDT table memory at [mem 0x5e7ac000-0x5e7ad348]
[    1.264607] obpc kernel: ACPI: Reserving SSDT table memory at [mem 0x5e7ab000-0x5e7abfba]
[    1.264611] obpc kernel: ACPI: Reserving SSDT table memory at [mem 0x5e7a7000-0x5e7aabc7]
[    1.264614] obpc kernel: ACPI: Reserving DTPR table memory at [mem 0x5e7a6000-0x5e7a6087]
[    1.264618] obpc kernel: ACPI: Reserving SSDT table memory at [mem 0x5e7a0000-0x5e7a53da]
[    1.264622] obpc kernel: ACPI: Reserving SSDT table memory at [mem 0x5e79f000-0x5e79fd02]
[    1.264625] obpc kernel: ACPI: Reserving FIDT table memory at [mem 0x5e72c000-0x5e72c09b]
[    1.264629] obpc kernel: ACPI: Reserving SSDT table memory at [mem 0x5e7b7000-0x5e7b738b]
[    1.264635] obpc kernel: ACPI: Reserving SSDT table memory at [mem 0x5e729000-0x5e72b47d]
[    1.264639] obpc kernel: ACPI: Reserving SSDT table memory at [mem 0x5e71f000-0x5e728ad9]
[    1.264642] obpc kernel: ACPI: Reserving HPET table memory at [mem 0x5e7b6000-0x5e7b6037]
[    1.264645] obpc kernel: ACPI: Reserving APIC table memory at [mem 0x5e71e000-0x5e71e357]
[    1.264650] obpc kernel: ACPI: Reserving MCFG table memory at [mem 0x5e71d000-0x5e71d03b]
[    1.264655] obpc kernel: ACPI: Reserving SSDT table memory at [mem 0x5e710000-0x5e71c39b]
[    1.264657] obpc kernel: ACPI: Reserving SSDT table memory at [mem 0x5e70e000-0x5e70f47e]
[    1.264662] obpc kernel: ACPI: Reserving SSDT table memory at [mem 0x5e70a000-0x5e70d8a3]
[    1.264665] obpc kernel: ACPI: Reserving UEFI table memory at [mem 0x5e809000-0x5e809047]
[    1.264669] obpc kernel: ACPI: Reserving NHLT table memory at [mem 0x5e709000-0x5e7092e2]
[    1.264673] obpc kernel: ACPI: Reserving LPIT table memory at [mem 0x5e708000-0x5e7080cb]
[    1.264676] obpc kernel: ACPI: Reserving WDAT table memory at [mem 0x5e706000-0x5e706133]
[    1.264681] obpc kernel: ACPI: Reserving SSDT table memory at [mem 0x5e705000-0x5e705ca5]
[    1.264685] obpc kernel: ACPI: Reserving SSDT table memory at [mem 0x5e6ff000-0x5e704e41]
[    1.264689] obpc kernel: ACPI: Reserving DBGP table memory at [mem 0x5e6fe000-0x5e6fe033]
[    1.264693] obpc kernel: ACPI: Reserving DBG2 table memory at [mem 0x5e6fd000-0x5e6fd053]
[    1.264698] obpc kernel: ACPI: Reserving SSDT table memory at [mem 0x5e6fb000-0x5e6fcafd]
[    1.264701] obpc kernel: ACPI: Reserving DMAR table memory at [mem 0x5e6fa000-0x5e6fa097]
[    1.264705] obpc kernel: ACPI: Reserving FPDT table memory at [mem 0x5e6f9000-0x5e6f9043]
[    1.264709] obpc kernel: ACPI: Reserving SSDT table memory at [mem 0x5e6f7000-0x5e6f8091]
[    1.264714] obpc kernel: ACPI: Reserving SSDT table memory at [mem 0x5e6f4000-0x5e6f6819]
[    1.264717] obpc kernel: ACPI: Reserving SSDT table memory at [mem 0x5e6f1000-0x5e6f38d2]
[    1.264721] obpc kernel: ACPI: Reserving BGRT table memory at [mem 0x5e6f0000-0x5e6f0037]
[    1.264725] obpc kernel: ACPI: Reserving SSDT table memory at [mem 0x5e6ee000-0x5e6ef19f]
[    1.264731] obpc kernel: ACPI: Reserving PHAT table memory at [mem 0x5e6ed000-0x5e6ed80f]
[    1.264734] obpc kernel: ACPI: Reserving TPM2 table memory at [mem 0x5e6ec000-0x5e6ec04b]
[    1.264738] obpc kernel: ACPI: Reserving WSMT table memory at [mem 0x5e707000-0x5e707027]
[    1.264741] obpc kernel: APIC: Switched APIC routing to: cluster x2apic
[    1.264745] obpc kernel: No NUMA configuration found
[    1.264751] obpc kernel: Faking a node at [mem 0x0000000000000000-0x000000207fffffff]
[    1.264754] obpc kernel: NODE_DATA(0) allocated [mem 0x207ffd5280-0x207fffffff]
[    1.264759] obpc kernel: crashkernel reserved: 0x000000002d000000 - 0x000000003d000000 (256 MB)
[    1.264765] obpc kernel: Zone ranges:
[    1.264770] obpc kernel:   DMA      [mem 0x0000000000001000-0x0000000000ffffff]
[    1.264774] obpc kernel:   DMA32    [mem 0x0000000001000000-0x00000000ffffffff]
[    1.264779] obpc kernel:   Normal   [mem 0x0000000100000000-0x000000207fffffff]
[    1.264785] obpc kernel:   Device   empty
[    1.264788] obpc kernel: Movable zone start for each node
[    1.264792] obpc kernel: Early memory node ranges
[    1.264797] obpc kernel:   node   0: [mem 0x0000000000001000-0x000000000009efff]
[    1.264800] obpc kernel:   node   0: [mem 0x0000000000100000-0x00000000545f1fff]
[    1.264803] obpc kernel:   node   0: [mem 0x0000000063fff000-0x0000000063ffffff]
[    1.264808] obpc kernel:   node   0: [mem 0x0000000100000000-0x000000207fffffff]
[    1.264812] obpc kernel: Initmem setup node 0 [mem 0x0000000000001000-0x000000207fffffff]
[    1.264819] obpc kernel: On node 0, zone DMA: 1 pages in unavailable ranges
[    1.264823] obpc kernel: On node 0, zone DMA: 97 pages in unavailable ranges
[    1.264829] obpc kernel: On node 0, zone DMA32: 31245 pages in unavailable ranges
[    1.264835] obpc kernel: On node 0, zone Normal: 16384 pages in unavailable ranges
[    1.264841] obpc kernel: ACPI: PM-Timer IO Port: 0x1808
[    1.264847] obpc kernel: ACPI: X2APIC_NMI (uid[0xffffffff] high level lint[0x1])
[    1.264852] obpc kernel: IOAPIC[0]: apic_id 2, version 32, address 0xfec00000, GSI 0-119
[    1.264857] obpc kernel: ACPI: INT_SRC_OVR (bus 0 bus_irq 0 global_irq 2 dfl dfl)
[    1.264863] obpc kernel: ACPI: INT_SRC_OVR (bus 0 bus_irq 9 global_irq 9 high level)
[    1.264869] obpc kernel: ACPI: Using ACPI (MADT) for SMP configuration information
[    1.264874] obpc kernel: ACPI: HPET id: 0x8086a201 base: 0xfed00000
[    1.264879] obpc kernel: e820: update [mem 0x483a2000-0x483d0fff] usable ==> reserved
[    1.264885] obpc kernel: TSC deadline timer available
[    1.264888] obpc kernel: CPU topo: Max. logical packages:   1
[    1.264894] obpc kernel: CPU topo: Max. logical nodes:      1
[    1.264899] obpc kernel: CPU topo: Num. nodes per package:  1
[    1.264903] obpc kernel: CPU topo: Max. logical dies:       1
[    1.264908] obpc kernel: CPU topo: Max. dies per package:   1
[    1.264913] obpc kernel: CPU topo: Max. threads per core:   1
[    1.264917] obpc kernel: CPU topo: Num. cores per package:    16
[    1.264920] obpc kernel: CPU topo: Num. threads per package:  16
[    1.264928] obpc kernel: CPU topo: Allowing 16 present CPUs plus 0 hotplug CPUs
[    1.264932] obpc kernel: PM: hibernation: Registered nosave memory: [mem 0x00000000-0x00000fff]
[    1.264938] obpc kernel: PM: hibernation: Registered nosave memory: [mem 0x0009f000-0x000fffff]
[    1.264941] obpc kernel: PM: hibernation: Registered nosave memory: [mem 0x483a2000-0x483d0fff]
[    1.264947] obpc kernel: PM: hibernation: Registered nosave memory: [mem 0x50df1000-0x50df1fff]
[    1.264952] obpc kernel: PM: hibernation: Registered nosave memory: [mem 0x545f2000-0x63ffefff]
[    1.264956] obpc kernel: PM: hibernation: Registered nosave memory: [mem 0x64000000-0xffffffff]
[    1.264962] obpc kernel: [mem 0x78800000-0xfdffffff] available for PCI devices
[    1.264965] obpc kernel: Booting paravirtualized kernel on bare hardware
[    1.264968] obpc kernel: clocksource: refined-jiffies: mask: 0xffffffff max_cycles: 0xffffffff, max_idle_ns: 1910969940391419 ns
[    1.264974] obpc kernel: setup_percpu: NR_CPUS:8192 nr_cpumask_bits:16 nr_cpu_ids:16 nr_node_ids:1
[    1.264979] obpc kernel: percpu: Embedded 84 pages/cpu s221184 r8192 d114688 u524288
[    1.264985] obpc kernel: pcpu-alloc: s221184 r8192 d114688 u524288 alloc=1*2097152
[    1.264991] obpc kernel: pcpu-alloc: [0] 00 01 02 03 [0] 04 05 06 07 
[    1.264995] obpc kernel: pcpu-alloc: [0] 08 09 10 11 [0] 12 13 14 15 
[    1.264999] obpc kernel: Kernel command line: BOOT_IMAGE=(hd0,gpt5)/vmlinuz-6.19.14-200.fc43.x86_64 root=UUID=34e34fc2-47b6-41bd-b739-8a1c79788cb2 ro rootflags=subvol=root rhgb quiet module_blacklist=nouveau,nova_core rd.driver.blacklist=nouveau,nova_core modprobe.blacklist=nouveau,nova_core pcie_aspm.policy=performance thunderbolt.clx=0 pcie_port_pm=off pci=realloc=off,pcie_bus_perf,hpmmioprefsize=256M,resource_alignment=35@0000:03:00.0 crashkernel=256M iommu=off intel_iommu=off thunderbolt.dyndbg=+pflm thunderbolt.host_reset=true
[    1.265014] obpc kernel: DMAR: IOMMU disabled
[    1.265019] obpc kernel: Unknown kernel command line parameters "rhgb", will be passed to user space.
[    1.265025] obpc kernel: printk: log buffer data + meta data: 262144 + 917504 = 1179648 bytes
[    1.265029] obpc kernel: Dentry cache hash table entries: 8388608 (order: 14, 67108864 bytes, linear)
[    1.265034] obpc kernel: Inode-cache hash table entries: 4194304 (order: 13, 33554432 bytes, linear)
[    1.265037] obpc kernel: Fallback order for Node 0: 0 
[    1.265042] obpc kernel: Built 1 zonelists, mobility grouping on.  Total pages: 33375633
[    1.265047] obpc kernel: Policy zone: Normal
[    1.265051] obpc kernel: mem auto-init: stack:all(zero), heap alloc:on, heap free:off
[    1.265057] obpc kernel: SLUB: HWalign=64, Order=0-3, MinObjects=0, CPUs=16, Nodes=1
[    1.265060] obpc kernel: ftrace: allocating 63440 entries in 248 pages
[    1.265068] obpc kernel: ftrace: allocated 248 pages with 5 groups
[    1.265074] obpc kernel: Dynamic Preempt: lazy
[    1.265080] obpc kernel: rcu: Preemptible hierarchical RCU implementation.
[    1.265084] obpc kernel: rcu:         RCU event tracing is enabled.
[    1.265091] obpc kernel: rcu:         RCU restricting CPUs from NR_CPUS=8192 to nr_cpu_ids=16.
[    1.265094] obpc kernel:         Trampoline variant of Tasks RCU enabled.
[    1.265099] obpc kernel:         Rude variant of Tasks RCU enabled.
[    1.265103] obpc kernel:         Tracing variant of Tasks RCU enabled.
[    1.265109] obpc kernel: rcu: RCU calculated value of scheduler-enlistment delay is 100 jiffies.
[    1.265112] obpc kernel: rcu: Adjusting geometry for rcu_fanout_leaf=16, nr_cpu_ids=16
[    1.265117] obpc kernel: RCU Tasks: Setting shift to 4 and lim to 1 rcu_task_cb_adjust=1 rcu_task_cpu_ids=16.
[    1.265122] obpc kernel: RCU Tasks Rude: Setting shift to 4 and lim to 1 rcu_task_cb_adjust=1 rcu_task_cpu_ids=16.
[    1.265128] obpc kernel: RCU Tasks Trace: Setting shift to 4 and lim to 1 rcu_task_cb_adjust=1 rcu_task_cpu_ids=16.
[    1.265131] obpc kernel: NR_IRQS: 524544, nr_irqs: 2184, preallocated irqs: 16
[    1.265138] obpc kernel: rcu: srcu_init: Setting srcu_struct sizes based on contention.
[    1.265141] obpc kernel: kfence: initialized - using 2097152 bytes for 255 objects at 0x(____ptrval____)-0x(____ptrval____)
[    1.265147] obpc kernel: Console: colour dummy device 80x25
[    1.265154] obpc kernel: printk: legacy console [tty0] enabled
[    1.265158] obpc kernel: ACPI: Core revision 20250807
[    1.265163] obpc kernel: hpet: HPET dysfunctional in PC10. Force disabled.
[    1.265169] obpc kernel: APIC: Switch to symmetric I/O mode setup
[    1.265175] obpc kernel: DMAR: Host address width 42
[    1.265180] obpc kernel: DMAR: DRHD base: 0x000000fc800000 flags: 0x0
[    1.265185] obpc kernel: DMAR: dmar0: reg_base_addr fc800000 ver 7:0 cap c9de008cee690462 ecap 12ca9a00f0ef5e
[    1.265188] obpc kernel: DMAR: DRHD base: 0x000000fc801000 flags: 0x1
[    1.265194] obpc kernel: DMAR: dmar1: reg_base_addr fc801000 ver 7:0 cap c9de008cee690462 ecap 12ca9a00f0efde
[    1.265197] obpc kernel: DMAR: SATC flags: 0x1
[    1.265202] obpc kernel: DMAR-IR: IOAPIC id 2 under DRHD base  0xfc801000 IOMMU 1
[    1.265206] obpc kernel: DMAR-IR: HPET id 0 under DRHD base 0xfc801000
[    1.265211] obpc kernel: DMAR-IR: Queued invalidation will be enabled to support x2apic and Intr-remapping.
[    1.265214] obpc kernel: DMAR-IR: Enabled IRQ remapping in x2apic mode
[    1.265220] obpc kernel: clocksource: tsc-early: mask: 0xffffffffffffffff max_cycles: 0x6a464ae9873, max_idle_ns: 881590529744 ns
[    1.265223] obpc kernel: Calibrating delay loop (skipped), value calculated using timer frequency.. 7372.80 BogoMIPS (lpj=3686400)
[    1.265229] obpc kernel: CPU0: Thermal monitoring enabled (TM1)
[    1.265235] obpc kernel: x86/cpu: User Mode Instruction Prevention (UMIP) activated
[    1.265241] obpc kernel: CET detected: Indirect Branch Tracking enabled
[    1.265245] obpc kernel: Last level iTLB entries: 4KB 0, 2MB 0, 4MB 0
[    1.265249] obpc kernel: Last level dTLB entries: 4KB 0, 2MB 0, 4MB 0, 1GB 0
[    1.265253] obpc kernel: process: using mwait in idle threads
[    1.265256] obpc kernel: mitigations: Enabled attack vectors: user_kernel, user_user, guest_host, guest_guest, SMT mitigations: auto
[    1.265260] obpc kernel: Speculative Store Bypass: Mitigation: Speculative Store Bypass disabled via prctl
[    1.265265] obpc kernel: Spectre V2 : Mitigation: Enhanced / Automatic IBRS
[    1.265269] obpc kernel: VMSCAPE: Mitigation: IBPB before exit to userspace
[    1.265273] obpc kernel: Spectre V1 : Mitigation: usercopy/swapgs barriers and __user pointer sanitization
[    1.265277] obpc kernel: Spectre V2 : mitigation: Enabling conditional Indirect Branch Prediction Barrier
[    1.265281] obpc kernel: x86/fpu: Supporting XSAVE feature 0x001: 'x87 floating point registers'
[    1.265285] obpc kernel: x86/fpu: Supporting XSAVE feature 0x002: 'SSE registers'
[    1.265289] obpc kernel: x86/fpu: Supporting XSAVE feature 0x004: 'AVX registers'
[    1.265293] obpc kernel: x86/fpu: Supporting XSAVE feature 0x200: 'Protection Keys User registers'
[    1.265298] obpc kernel: x86/fpu: Supporting XSAVE feature 0x800: 'Control-flow User registers'
[    1.265302] obpc kernel: x86/fpu: Supporting XSAVE feature 0x1000: 'Control-flow Kernel registers (KVM only)'
[    1.265305] obpc kernel: x86/fpu: xstate_offset[2]:  576, xstate_sizes[2]:  256
[    1.265311] obpc kernel: x86/fpu: xstate_offset[9]:  832, xstate_sizes[9]:    8
[    1.265316] obpc kernel: x86/fpu: xstate_offset[11]:  840, xstate_sizes[11]:   16
[    1.265320] obpc kernel: x86/fpu: xstate_offset[12]:  856, xstate_sizes[12]:   24
[    1.265325] obpc kernel: x86/fpu: Enabled xstate features 0x1a07, context size is 880 bytes, using 'compacted' format.
[    1.265328] obpc kernel: Freeing SMP alternatives memory: 56K
[    1.265332] obpc kernel: pid_max: default: 32768 minimum: 301
[    1.265337] obpc kernel: Yama: becoming mindful.
[    1.265340] obpc kernel: SELinux:  Initializing.
[    1.265343] obpc kernel: LSM support for eBPF active
[    1.265346] obpc kernel: landlock: Up and running.
[    1.265350] obpc kernel: Mount-cache hash table entries: 131072 (order: 8, 1048576 bytes, linear)
[    1.265355] obpc kernel: Mountpoint-cache hash table entries: 131072 (order: 8, 1048576 bytes, linear)
[    1.265359] obpc kernel: smpboot: CPU0: Intel(R) Core(TM) Ultra 9 285H (family: 0x6, model: 0xc5, stepping: 0x2)
[    1.265363] obpc kernel: Performance Events: XSAVE Architectural LBR, PEBS fmt5+-baseline,  AnyThread deprecated, ArrowLake-H Hybrid events, 32-deep LBR, full-width counters, Intel PMU driver.
[    1.265367] obpc kernel: core: cpu_core PMU driver: 
[    1.265371] obpc kernel: ... version:                   5
[    1.265375] obpc kernel: ... bit width:                 48
[    1.265378] obpc kernel: ... generic counters:          10
[    1.265382] obpc kernel: ... generic bitmap:            00000000000003ff
[    1.265385] obpc kernel: ... fixed-purpose counters:    4
[    1.265390] obpc kernel: ... fixed-purpose bitmap:      000000000000000f
[    1.265394] obpc kernel: ... value mask:                0000ffffffffffff
[    1.265398] obpc kernel: ... max period:                00007fffffffffff
[    1.265401] obpc kernel: ... global_ctrl mask:          0001000f000003ff
[    1.265404] obpc kernel: signal: max sigframe size: 3632
[    1.265407] obpc kernel: Estimated ratio of average max frequency by base frequency (times 1024): 1411
[    1.265410] obpc kernel: rcu: Hierarchical SRCU implementation.
[    1.265413] obpc kernel: rcu:         Max phase no-delay instances is 400.
[    1.265417] obpc kernel: Timer migration: 2 hierarchy levels; 8 children per group; 2 crossnode level
[    1.265421] obpc kernel: NMI watchdog: Enabled. Permanently consumes one hw-PMU counter.
[    1.265425] obpc kernel: smp: Bringing up secondary CPUs ...
[    1.265430] obpc kernel: smpboot: x86: Booting SMP configuration:
[    1.265435] obpc kernel: .... node  #0, CPUs:        #1  #2  #3  #4  #5  #6  #7  #8  #9 #10 #11 #12 #13 #14 #15
[    1.265439] obpc kernel: core: The event 0x5d0 is not supported as an auto-counter reload event.
[    1.265445] obpc kernel: core: cpu_atom PMU driver: 
[    1.265449] obpc kernel: ... version:                   5
[    1.265452] obpc kernel: ... bit width:                 48
[    1.265454] obpc kernel: ... generic counters:          8
[    1.265458] obpc kernel: ... generic bitmap:            00000000000000ff
[    1.265461] obpc kernel: ... fixed-purpose counters:    6
[    1.265464] obpc kernel: ... fixed-purpose bitmap:      0000000000000077
[    1.265468] obpc kernel: ... value mask:                0000ffffffffffff
[    1.265472] obpc kernel: ... max period:                00007fffffffffff
[    1.265475] obpc kernel: ... global_ctrl mask:          00000077000000ff
[    1.265478] obpc kernel: core: cpu_lowpower PMU driver: 
[    1.265481] obpc kernel: ... version:                   5
[    1.265483] obpc kernel: ... bit width:                 48
[    1.265486] obpc kernel: ... generic counters:          8
[    1.265489] obpc kernel: ... generic bitmap:            00000000000000ff
[    1.265492] obpc kernel: ... fixed-purpose counters:    3
[    1.265495] obpc kernel: ... fixed-purpose bitmap:      0000000000000007
[    1.265498] obpc kernel: ... value mask:                0000ffffffffffff
[    1.265501] obpc kernel: ... max period:                00007fffffffffff
[    1.265503] obpc kernel: ... global_ctrl mask:          00000007000000ff
[    1.265508] obpc kernel: smp: Brought up 1 node, 16 CPUs
[    1.265512] obpc kernel: smpboot: Total of 16 processors activated (117964.80 BogoMIPS)
[    1.265516] obpc kernel: Memory: 130695264K/133502532K available (22601K kernel code, 4588K rwdata, 17852K rodata, 5200K init, 5788K bss, 2777556K reserved, 0K cma-reserved)
[    1.265519] obpc kernel: devtmpfs: initialized
[    1.265523] obpc kernel: x86/mm: Memory block size: 2048MB
[    1.265528] obpc kernel: ACPI: PM: Registering ACPI NVS region [mem 0x5e7b8000-0x5e93efff] (1601536 bytes)
[    1.265531] obpc kernel: clocksource: jiffies: mask: 0xffffffff max_cycles: 0xffffffff, max_idle_ns: 1911260446275000 ns
[    1.265536] obpc kernel: posixtimers hash table entries: 8192 (order: 5, 131072 bytes, linear)
[    1.265539] obpc kernel: futex hash table entries: 4096 (262144 bytes on 1 NUMA nodes, total 256 KiB, linear).
[    1.265542] obpc kernel: PM: RTC time: 10:48:17, date: 2026-05-08
[    1.265545] obpc kernel: NET: Registered PF_NETLINK/PF_ROUTE protocol family
[    1.265550] obpc kernel: DMA: preallocated 4096 KiB GFP_KERNEL pool for atomic allocations
[    1.265555] obpc kernel: DMA: preallocated 4096 KiB GFP_KERNEL|GFP_DMA pool for atomic allocations
[    1.265558] obpc kernel: DMA: preallocated 4096 KiB GFP_KERNEL|GFP_DMA32 pool for atomic allocations
[    1.265564] obpc kernel: audit: initializing netlink subsys (disabled)
[    1.265567] obpc kernel: audit: type=2000 audit(1778237297.012:1): state=initialized audit_enabled=0 res=1
[    1.265570] obpc kernel: thermal_sys: Registered thermal governor 'fair_share'
[    1.265575] obpc kernel: thermal_sys: Registered thermal governor 'bang_bang'
[    1.265578] obpc kernel: thermal_sys: Registered thermal governor 'step_wise'
[    1.265581] obpc kernel: thermal_sys: Registered thermal governor 'user_space'
[    1.265584] obpc kernel: cpuidle: using governor menu
[    1.265590] obpc kernel: efi: Freeing EFI boot services memory: 202088K
[    1.265596] obpc kernel: acpiphp: ACPI Hot Plug PCI Controller Driver version: 0.5
[    1.265600] obpc kernel: PCI: ECAM [mem 0xc0000000-0xcfffffff] (base 0xc0000000) for domain 0000 [bus 00-ff]
[    1.265605] obpc kernel: PCI: Using configuration type 1 for base access
[    1.265609] obpc kernel: kprobes: kprobe jump-optimization is enabled. All kprobes are optimized if possible.
[    1.265616] obpc kernel: HugeTLB: registered 1.00 GiB page size, pre-allocated 0 pages
[    1.265621] obpc kernel: HugeTLB: 16380 KiB vmemmap can be freed for a 1.00 GiB page
[    1.265625] obpc kernel: HugeTLB: registered 2.00 MiB page size, pre-allocated 0 pages
[    1.265629] obpc kernel: HugeTLB: 28 KiB vmemmap can be freed for a 2.00 MiB page
[    1.265632] obpc kernel: raid6: skipped pq benchmark and selected avx2x4
[    1.265637] obpc kernel: raid6: using avx2x2 recovery algorithm
[    1.265643] obpc kernel: ACPI: Added _OSI(Module Device)
[    1.265646] obpc kernel: ACPI: Added _OSI(Processor Device)
[    1.265652] obpc kernel: ACPI: Added _OSI(Processor Aggregator Device)
[    1.265656] obpc kernel: ACPI: 25 ACPI AML tables successfully acquired and loaded
[    1.265660] obpc kernel: ACPI: USB4 _OSC: OS supports USB3+ DisplayPort+ PCIe+ XDomain+
[    1.265664] obpc kernel: ACPI: USB4 _OSC: OS controls USB3+ DisplayPort+ PCIe+ XDomain+
[    1.265668] obpc kernel: ACPI: EC: EC started
[    1.265674] obpc kernel: ACPI: EC: interrupt blocked
[    1.265677] obpc kernel: ACPI: EC: EC_CMD/EC_SC=0x66, EC_DATA=0x62
[    1.265682] obpc kernel: ACPI: \_SB_.PC00.LPCB.H_EC: Boot DSDT EC used to handle transactions
[    1.265687] obpc kernel: ACPI: Interpreter enabled
[    1.265691] obpc kernel: ACPI: PM: (supports S0 S3 S4 S5)
[    1.265696] obpc kernel: ACPI: Using IOAPIC for interrupt routing
[    1.265701] obpc kernel: PCI: Using host bridge windows from ACPI; if necessary, use "pci=nocrs" and report a bug
[    1.265706] obpc kernel: PCI: Ignoring E820 reservations for host bridge windows
[    1.265712] obpc kernel: ACPI: Enabled 13 GPEs in block 00 to 7F
[    1.265715] obpc kernel: ACPI: Enabled 8 GPEs in block 80 to DF
[    1.265721] obpc kernel: ACPI: \_SB_.PC00.RP04.PXP_: New power resource
[    1.265726] obpc kernel: ACPI: \_SB_.PC00.RP05.PXP_: New power resource
[    1.265731] obpc kernel: ACPI: \_SB_.PC00.RP11.PXP_: New power resource
[    1.265735] obpc kernel: ACPI: \_SB_.PC00.RP12.PXP_: New power resource
[    1.265740] obpc kernel: ACPI: \_SB_.PC00.XHCI.RHUB.HS10.BTRT: New power resource
[    1.265746] obpc kernel: ACPI: \_SB_.PC00.XHCI.RHUB.HS10.DBTR: New power resource
[    1.265752] obpc kernel: ACPI: \_SB_.PC00.PAUD: New power resource
[    1.265756] obpc kernel: ACPI: \_SB_.PC00.CNVW.WRST: New power resource
[    1.265761] obpc kernel: ACPI: \_SB_.PC00.TBT0: New power resource
[    1.265766] obpc kernel: ACPI: \_SB_.PC00.TBT1: New power resource
[    1.265770] obpc kernel: ACPI: \_SB_.PC00.D3C_: New power resource
[    1.265775] obpc kernel: ACPI: \_TZ_.FN00: New power resource
[    1.265778] obpc kernel: ACPI: \_TZ_.FN01: New power resource
[    1.265782] obpc kernel: ACPI: \_TZ_.FN02: New power resource
[    1.265787] obpc kernel: ACPI: \_TZ_.FN03: New power resource
[    1.265792] obpc kernel: ACPI: \_TZ_.FN04: New power resource
[    1.265796] obpc kernel: ACPI: \PIN_: New power resource
[    1.265801] obpc kernel: ACPI: PCI Root Bridge [PC00] (domain 0000 [bus 00-fe])
[    1.265935] obpc kernel: acpi PNP0A08:00: _OSC: OS supports [ExtendedConfig ASPM ClockPM Segments MSI EDR HPX-Type3]
[    1.266011] obpc kernel: acpi PNP0A08:00: _OSC: OS now controls [PCIeHotplug SHPCHotplug PME AER PCIeCapability LTR DPC]
[    1.266018] obpc kernel: PCI host bridge to bus 0000:00
[    1.266091] obpc kernel: pci_bus 0000:00: root bus resource [io  0x0000-0x0cf7 window]
[    1.266154] obpc kernel: pci_bus 0000:00: root bus resource [io  0x0d00-0xffff window]
[    1.266214] obpc kernel: pci_bus 0000:00: root bus resource [mem 0x000a0000-0x000bffff window]
[    1.266277] obpc kernel: pci_bus 0000:00: root bus resource [mem 0x80000000-0xbfffffff window]
[    1.266343] obpc kernel: pci_bus 0000:00: root bus resource [mem 0x4000000000-0x3ffbfffffff window]
[    1.266406] obpc kernel: pci_bus 0000:00: root bus resource [bus 00-fe]
[    1.266493] obpc kernel: pci 0000:00:00.0: [8086:7d06] type 00 class 0x060000 conventional PCI endpoint
[    1.266572] obpc kernel: pci 0000:00:01.0: [8086:7ecc] type 01 class 0x060400 PCIe Root Port
[    1.266646] obpc kernel: pci 0000:00:01.0: PCI bridge to [bus 01]
[    1.266716] obpc kernel: pci 0000:00:01.0:   bridge window [mem 0x90300000-0x903fffff]
[    1.266782] obpc kernel: pci 0000:00:01.0: PME# supported from D0 D3hot D3cold
[    1.266853] obpc kernel: pci 0000:00:01.0: PTM enabled (root), 4ns granularity
[    1.266926] obpc kernel: pci 0000:00:02.0: [8086:7d51] type 00 class 0x030000 PCIe Root Complex Integrated Endpoint
[    1.266995] obpc kernel: pci 0000:00:02.0: BAR 0 [mem 0x5837000000-0x5837ffffff 64bit pref]
[    1.267068] obpc kernel: pci 0000:00:02.0: BAR 2 [mem 0x5020000000-0x502fffffff 64bit pref]
[    1.267134] obpc kernel: pci 0000:00:02.0: DMAR: Skip IOMMU disabling for graphics
[    1.267203] obpc kernel: pci 0000:00:02.0: Video device with shadowed ROM at [mem 0x000c0000-0x000dffff]
[    1.267269] obpc kernel: pci 0000:00:02.0: PME# supported from D0 D3hot
[    1.267336] obpc kernel: pci 0000:00:02.0: VF BAR 0 [mem 0x5830000000-0x5830ffffff 64bit pref]
[    1.267402] obpc kernel: pci 0000:00:02.0: VF BAR 0 [mem 0x5830000000-0x5836ffffff 64bit pref]: contains BAR 0 for 7 VFs
[    1.267473] obpc kernel: pci 0000:00:04.0: [8086:7d03] type 00 class 0x118000 conventional PCI endpoint
[    1.267540] obpc kernel: pci 0000:00:04.0: BAR 0 [mem 0x58402c0000-0x58402dffff 64bit]
[    1.267613] obpc kernel: pci 0000:00:07.0: [8086:7ec4] type 01 class 0x060400 PCIe Root Port
[    1.267681] obpc kernel: pci 0000:00:07.0: PCI bridge to [bus 02-2b]
[    1.267751] obpc kernel: pci 0000:00:07.0:   bridge window [io  0x3000-0x3fff]
[    1.267820] obpc kernel: pci 0000:00:07.0:   bridge window [mem 0x80000000-0x89efffff]
[    1.267889] obpc kernel: pci 0000:00:07.0:   bridge window [mem 0x4000000000-0x5013ffffff 64bit pref]
[    1.267958] obpc kernel: pci 0000:00:07.0: PME# supported from D0 D3hot D3cold
[    1.268027] obpc kernel: pci 0000:00:07.0: PTM enabled (root), 4ns granularity
[    1.268102] obpc kernel: pci 0000:00:07.2: [8086:7ec6] type 01 class 0x060400 PCIe Root Port
[    1.268170] obpc kernel: pci 0000:00:07.2: PCI bridge to [bus 2c-55]
[    1.268235] obpc kernel: pci 0000:00:07.2:   bridge window [mem 0x8a000000-0x8fffffff]
[    1.268302] obpc kernel: pci 0000:00:07.2:   bridge window [mem 0x5030000000-0x582fffffff 64bit pref]
[    1.268370] obpc kernel: pci 0000:00:07.2: PME# supported from D0 D3hot D3cold
[    1.268438] obpc kernel: pci 0000:00:07.2: PTM enabled (root), 4ns granularity
[    1.268511] obpc kernel: pci 0000:00:08.0: [8086:774c] type 00 class 0x088000 conventional PCI endpoint
[    1.268578] obpc kernel: pci 0000:00:08.0: BAR 0 [mem 0x5840322000-0x5840322fff 64bit]
[    1.268653] obpc kernel: pci 0000:00:0a.0: [8086:7d0d] type 00 class 0x118000 PCIe Root Complex Integrated Endpoint
[    1.268720] obpc kernel: pci 0000:00:0a.0: BAR 0 [mem 0x5840280000-0x58402bffff 64bit]
[    1.268790] obpc kernel: pci 0000:00:0a.0: enabling Extended Tags
[    1.268866] obpc kernel: pci 0000:00:0b.0: [8086:7d1d] type 00 class 0x120000 PCIe Root Complex Integrated Endpoint
[    1.268935] obpc kernel: pci 0000:00:0b.0: BAR 0 [mem 0x5838000000-0x583fffffff 64bit]
[    1.269029] obpc kernel: pci 0000:00:0b.0: BAR 4 [mem 0x5840321000-0x5840321fff 64bit]
[    1.269107] obpc kernel: pci 0000:00:0d.0: [8086:7ec0] type 00 class 0x0c0330 conventional PCI endpoint
[    1.269181] obpc kernel: pci 0000:00:0d.0: BAR 0 [mem 0x5840300000-0x584030ffff 64bit]
[    1.269249] obpc kernel: pci 0000:00:0d.0: PME# supported from D3hot D3cold
[    1.269318] obpc kernel: pci 0000:00:0d.2: [8086:7ec2] type 00 class 0x0c0340 conventional PCI endpoint
[    1.269387] obpc kernel: pci 0000:00:0d.2: BAR 0 [mem 0x5840240000-0x584027ffff 64bit]
[    1.269454] obpc kernel: pci 0000:00:0d.2: BAR 2 [mem 0x5840320000-0x5840320fff 64bit]
[    1.269519] obpc kernel: pci 0000:00:0d.2: supports D1 D2
[    1.269584] obpc kernel: pci 0000:00:0d.2: PME# supported from D0 D1 D2 D3hot D3cold
[    1.269652] obpc kernel: pci 0000:00:0d.3: [8086:7ec3] type 00 class 0x0c0340 conventional PCI endpoint
[    1.269717] obpc kernel: pci 0000:00:0d.3: BAR 0 [mem 0x5840200000-0x584023ffff 64bit]
[    1.269781] obpc kernel: pci 0000:00:0d.3: BAR 2 [mem 0x584031f000-0x584031ffff 64bit]
[    1.269844] obpc kernel: pci 0000:00:0d.3: supports D1 D2
[    1.269908] obpc kernel: pci 0000:00:0d.3: PME# supported from D0 D1 D2 D3hot D3cold
[    1.269980] obpc kernel: pci 0000:00:12.0: [8086:7745] type 00 class 0x070000 conventional PCI endpoint
[    1.270065] obpc kernel: pci 0000:00:12.0: BAR 0 [mem 0x58402f0000-0x58402fffff 64bit]
[    1.270135] obpc kernel: pci 0000:00:12.0: PME# supported from D0 D3hot
[    1.270210] obpc kernel: pci 0000:00:14.0: [8086:777d] type 00 class 0x0c0330 conventional PCI endpoint
[    1.270280] obpc kernel: pci 0000:00:14.0: BAR 0 [mem 0x58402e0000-0x58402effff 64bit]
[    1.270348] obpc kernel: pci 0000:00:14.0: PME# supported from D3hot D3cold
[    1.270422] obpc kernel: pci 0000:00:14.2: [8086:777f] type 00 class 0x050000 conventional PCI endpoint
[    1.270492] obpc kernel: pci 0000:00:14.2: BAR 0 [mem 0x5840318000-0x584031bfff 64bit]
[    1.270559] obpc kernel: pci 0000:00:14.2: BAR 2 [mem 0x584031e000-0x584031efff 64bit]
[    1.270635] obpc kernel: pci 0000:00:14.3: [8086:7740] type 00 class 0x028000 PCIe Root Complex Integrated Endpoint
[    1.270705] obpc kernel: pci 0000:00:14.3: BAR 0 [mem 0x5840314000-0x5840317fff 64bit]
[    1.270770] obpc kernel: pci 0000:00:14.3: enabling Extended Tags
[    1.270836] obpc kernel: pci 0000:00:14.3: PME# supported from D0 D3hot D3cold
[    1.270909] obpc kernel: pci 0000:00:16.0: [8086:7770] type 00 class 0x078000 conventional PCI endpoint
[    1.270977] obpc kernel: pci 0000:00:16.0: BAR 0 [mem 0x584031d000-0x584031dfff 64bit]
[    1.271045] obpc kernel: pci 0000:00:16.0: PME# supported from D3hot
[    1.271117] obpc kernel: pci 0000:00:1c.0: [8086:773c] type 01 class 0x060400 PCIe Root Port
[    1.271186] obpc kernel: pci 0000:00:1c.0: PCI bridge to [bus 56]
[    1.271253] obpc kernel: pci 0000:00:1c.0:   bridge window [mem 0x90000000-0x902fffff]
[    1.271319] obpc kernel: pci 0000:00:1c.0: PME# supported from D0 D3hot D3cold
[    1.271384] obpc kernel: pci 0000:00:1c.0: PTM enabled (root), 4ns granularity
[    1.271453] obpc kernel: pci 0000:00:1f.0: [8086:7702] type 00 class 0x060100 conventional PCI endpoint
[    1.271526] obpc kernel: pci 0000:00:1f.3: [8086:7728] type 00 class 0x040100 conventional PCI endpoint
[    1.271592] obpc kernel: pci 0000:00:1f.3: BAR 0 [mem 0x5840310000-0x5840313fff 64bit]
[    1.271658] obpc kernel: pci 0000:00:1f.3: BAR 4 [mem 0x5840000000-0x58401fffff 64bit]
[    1.271727] obpc kernel: pci 0000:00:1f.3: PME# supported from D3hot D3cold
[    1.271800] obpc kernel: pci 0000:00:1f.4: [8086:7722] type 00 class 0x0c0500 conventional PCI endpoint
[    1.271874] obpc kernel: pci 0000:00:1f.4: BAR 0 [mem 0x584031c000-0x584031c0ff 64bit]
[    1.271945] obpc kernel: pci 0000:00:1f.4: BAR 4 [io  0xefa0-0xefbf]
[    1.272022] obpc kernel: pci 0000:00:1f.5: [8086:7723] type 00 class 0x0c8000 conventional PCI endpoint
[    1.272094] obpc kernel: pci 0000:00:1f.5: BAR 0 [mem 0xfe010000-0xfe010fff]
[    1.272172] obpc kernel: pci 0000:01:00.0: [144d:a80c] type 00 class 0x010802 PCIe Endpoint
[    1.272247] obpc kernel: pci 0000:01:00.0: BAR 0 [mem 0x90300000-0x90303fff 64bit]
[    1.272318] obpc kernel: pci 0000:00:01.0: PCI bridge to [bus 01]
[    1.272394] obpc kernel: pci 0000:02:00.0: [8086:5786] type 01 class 0x060400 PCIe Switch Upstream Port
[    1.272465] obpc kernel: pci 0000:02:00.0: PCI bridge to [bus 03-2b]
[    1.272533] obpc kernel: pci 0000:02:00.0:   bridge window [io  0x3000-0x3fff]
[    1.272601] obpc kernel: pci 0000:02:00.0:   bridge window [mem 0x80000000-0x89efffff]
[    1.272669] obpc kernel: pci 0000:02:00.0:   bridge window [mem 0x4000000000-0x5013ffffff 64bit pref]
[    1.272739] obpc kernel: pci 0000:02:00.0: enabling Extended Tags
[    1.272811] obpc kernel: pci 0000:02:00.0: supports D1 D2
[    1.272880] obpc kernel: pci 0000:02:00.0: PME# supported from D0 D1 D2 D3hot D3cold
[    1.272948] obpc kernel: pci 0000:02:00.0: PTM enabled, 4ns granularity
[    1.273031] obpc kernel: pci 0000:00:07.0: PCI bridge to [bus 02-2b]
[    1.273110] obpc kernel: pci 0000:03:00.0: [8086:5786] type 01 class 0x060400 PCIe Switch Downstream Port
[    1.273182] obpc kernel: pci 0000:03:00.0: PCI bridge to [bus 04]
[    1.273255] obpc kernel: pci 0000:03:00.0:   bridge window [io  0x3000-0x3fff]
[    1.273329] obpc kernel: pci 0000:03:00.0:   bridge window [mem 0x80000000-0x840fffff]
[    1.273399] obpc kernel: pci 0000:03:00.0:   bridge window [mem 0x4000000000-0x48140fffff 64bit pref]
[    1.273472] obpc kernel: pci 0000:03:00.0: enabling Extended Tags
[    1.273545] obpc kernel: pci 0000:03:00.0: supports D1 D2
[    1.273617] obpc kernel: pci 0000:03:00.0: PME# supported from D0 D1 D2 D3hot D3cold
[    1.273698] obpc kernel: pci 0000:03:01.0: [8086:5786] type 01 class 0x060400 PCIe Switch Downstream Port
[    1.273771] obpc kernel: pci 0000:03:01.0: PCI bridge to [bus 05-11]
[    1.273844] obpc kernel: pci 0000:03:01.0:   bridge window [mem 0x88000000-0x89efffff]
[    1.273916] obpc kernel: pci 0000:03:01.0:   bridge window [mem 0x4d69600000-0x5013ffffff 64bit pref]
[    1.273986] obpc kernel: pci 0000:03:01.0: enabling Extended Tags
[    1.274061] obpc kernel: pci 0000:03:01.0: supports D1 D2
[    1.274134] obpc kernel: pci 0000:03:01.0: PME# supported from D0 D1 D2 D3hot D3cold
[    1.274214] obpc kernel: pci 0000:03:02.0: [8086:5786] type 01 class 0x060400 PCIe Switch Downstream Port
[    1.274285] obpc kernel: pci 0000:03:02.0: PCI bridge to [bus 12-1e]
[    1.274357] obpc kernel: pci 0000:03:02.0:   bridge window [mem 0x86100000-0x87ffffff]
[    1.274427] obpc kernel: pci 0000:03:02.0:   bridge window [mem 0x4abec00000-0x4d695fffff 64bit pref]
[    1.274500] obpc kernel: pci 0000:03:02.0: enabling Extended Tags
[    1.274572] obpc kernel: pci 0000:03:02.0: supports D1 D2
[    1.274644] obpc kernel: pci 0000:03:02.0: PME# supported from D0 D1 D2 D3hot D3cold
[    1.274726] obpc kernel: pci 0000:03:03.0: [8086:5786] type 01 class 0x060400 PCIe Switch Downstream Port
[    1.274798] obpc kernel: pci 0000:03:03.0: PCI bridge to [bus 1f-2b]
[    1.274872] obpc kernel: pci 0000:03:03.0:   bridge window [mem 0x84200000-0x860fffff]
[    1.274945] obpc kernel: pci 0000:03:03.0:   bridge window [mem 0x4814200000-0x4abebfffff 64bit pref]
[    1.275019] obpc kernel: pci 0000:03:03.0: enabling Extended Tags
[    1.275092] obpc kernel: pci 0000:03:03.0: supports D1 D2
[    1.275162] obpc kernel: pci 0000:03:03.0: PME# supported from D0 D1 D2 D3hot D3cold
[    1.275233] obpc kernel: pci 0000:02:00.0: PCI bridge to [bus 03-2b]
[    1.275313] obpc kernel: pci 0000:04:00.0: [10de:2b85] type 00 class 0x030000 PCIe Legacy Endpoint
[    1.275387] obpc kernel: pci 0000:04:00.0: BAR 0 [mem 0x80000000-0x83ffffff]
[    1.275463] obpc kernel: pci 0000:04:00.0: BAR 1 [mem 0x4000000000-0x47ffffffff 64bit pref]
[    1.275535] obpc kernel: pci 0000:04:00.0: BAR 3 [mem 0x4812000000-0x4813ffffff 64bit pref]
[    1.275607] obpc kernel: pci 0000:04:00.0: BAR 5 [io  0x3000-0x307f]
[    1.275683] obpc kernel: pci 0000:04:00.0: ROM [mem 0x84000000-0x8407ffff pref]
[    1.275758] obpc kernel: pci 0000:04:00.0: Enabling HDA controller
[    1.275831] obpc kernel: pci 0000:04:00.0: PME# supported from D0 D3hot
[    1.275903] obpc kernel: pci 0000:04:00.0: VF BAR 0 [mem 0x4814000000-0x481403ffff 64bit pref]
[    1.275977] obpc kernel: pci 0000:04:00.0: VF BAR 0 [mem 0x4814000000-0x481403ffff 64bit pref]: contains BAR 0 for 1 VFs
[    1.276052] obpc kernel: pci 0000:04:00.0: VF BAR 2 [mem 0x4800000000-0x480fffffff 64bit pref]
[    1.276124] obpc kernel: pci 0000:04:00.0: VF BAR 2 [mem 0x4800000000-0x480fffffff 64bit pref]: contains BAR 2 for 1 VFs
[    1.276195] obpc kernel: pci 0000:04:00.0: VF BAR 4 [mem 0x4810000000-0x4811ffffff 64bit pref]
[    1.276268] obpc kernel: pci 0000:04:00.0: VF BAR 4 [mem 0x4810000000-0x4811ffffff 64bit pref]: contains BAR 4 for 1 VFs
[    1.276342] obpc kernel: pci 0000:04:00.0: 8.000 Gb/s available PCIe bandwidth, limited by 2.5 GT/s PCIe x4 link at 0000:00:07.0 (capable of 504.112 Gb/s with 32.0 GT/s PCIe x16 link)
[    1.276421] obpc kernel: pci 0000:04:00.1: [10de:22e8] type 00 class 0x040300 PCIe Endpoint
[    1.276498] obpc kernel: pci 0000:04:00.1: BAR 0 [mem 0x84080000-0x84083fff]
[    1.276570] obpc kernel: pci 0000:03:00.0: PCI bridge to [bus 04]
[    1.276643] obpc kernel: pci 0000:03:01.0: PCI bridge to [bus 05-11]
[    1.276718] obpc kernel: pci 0000:03:02.0: PCI bridge to [bus 12-1e]
[    1.276789] obpc kernel: pci 0000:03:03.0: PCI bridge to [bus 1f-2b]
[    1.276857] obpc kernel: pci 0000:00:07.2: PCI bridge to [bus 2c-55]
[    1.276931] obpc kernel: pci 0000:56:00.0: [8086:125c] type 00 class 0x020000 PCIe Endpoint
[    1.277001] obpc kernel: pci 0000:56:00.0: BAR 0 [mem 0x90100000-0x901fffff]
[    1.277070] obpc kernel: pci 0000:56:00.0: BAR 3 [mem 0x90200000-0x90203fff]
[    1.277138] obpc kernel: pci 0000:56:00.0: ROM [mem 0x90000000-0x900fffff pref]
[    1.277212] obpc kernel: pci 0000:56:00.0: PME# supported from D0 D3hot D3cold
[    1.277281] obpc kernel: pci 0000:00:1c.0: PCI bridge to [bus 56]
[    1.277351] obpc kernel: pci 0000:00:01.0: Max Payload Size set to  256/ 256 (was  256), Max Read Rq  128
[    1.277425] obpc kernel: pci 0000:01:00.0: Max Payload Size set to  256/ 512 (was  256), Max Read Rq  256
[    1.277494] obpc kernel: pci 0000:00:07.0: Max Payload Size set to  128/ 128 (was  128), Max Read Rq  128
[    1.277563] obpc kernel: pci 0000:02:00.0: Max Payload Size set to  128/ 256 (was  128), Max Read Rq  128
[    1.277634] obpc kernel: pci 0000:03:00.0: Max Payload Size set to  128/ 256 (was  128), Max Read Rq  128
[    1.277707] obpc kernel: pci 0000:04:00.0: Max Payload Size set to  128/ 256 (was  128), Max Read Rq  128
[    1.277780] obpc kernel: pci 0000:04:00.1: Max Payload Size set to  128/ 256 (was  128), Max Read Rq  128
[    1.277852] obpc kernel: pci 0000:03:01.0: Max Payload Size set to  128/ 256 (was  128), Max Read Rq  128
[    1.277922] obpc kernel: pci 0000:03:02.0: Max Payload Size set to  128/ 256 (was  128), Max Read Rq  128
[    1.277992] obpc kernel: pci 0000:03:03.0: Max Payload Size set to  128/ 256 (was  128), Max Read Rq  128
[    1.278059] obpc kernel: pci 0000:00:07.2: Max Payload Size set to  128/ 128 (was  128), Max Read Rq  128
[    1.278129] obpc kernel: pci 0000:00:1c.0: Max Payload Size set to  256/ 256 (was  256), Max Read Rq  128
[    1.278198] obpc kernel: pci 0000:56:00.0: Max Payload Size set to  256/ 512 (was  256), Max Read Rq  256
[    1.278204] obpc kernel: ACPI: PCI: Interrupt link LNKA configured for IRQ 0
[    1.278209] obpc kernel: ACPI: PCI: Interrupt link LNKB configured for IRQ 1
[    1.278213] obpc kernel: ACPI: PCI: Interrupt link LNKC configured for IRQ 0
[    1.278218] obpc kernel: ACPI: PCI: Interrupt link LNKD configured for IRQ 0
[    1.278221] obpc kernel: ACPI: PCI: Interrupt link LNKE configured for IRQ 0
[    1.278225] obpc kernel: ACPI: PCI: Interrupt link LNKF configured for IRQ 0
[    1.278229] obpc kernel: ACPI: PCI: Interrupt link LNKG configured for IRQ 0
[    1.278233] obpc kernel: ACPI: PCI: Interrupt link LNKH configured for IRQ 0
[    1.278238] obpc kernel: ACPI: \_SB_.PEPD: Duplicate LPS0 _DSM functions (mask: 0x1)
[    1.278242] obpc kernel: Low-power S0 idle used by default for system suspend
[    1.278246] obpc kernel: ACPI: EC: interrupt unblocked
[    1.278249] obpc kernel: ACPI: EC: event unblocked
[    1.278254] obpc kernel: ACPI: EC: EC_CMD/EC_SC=0x66, EC_DATA=0x62
[    1.278259] obpc kernel: ACPI: EC: GPE=0x6e
[    1.278263] obpc kernel: ACPI: \_SB_.PC00.LPCB.H_EC: Boot DSDT EC initialization complete
[    1.278269] obpc kernel: ACPI: \_SB_.PC00.LPCB.H_EC: EC: Used to handle transactions and events
[    1.278272] obpc kernel: iommu: Default domain type: Translated
[    1.278276] obpc kernel: iommu: DMA domain TLB invalidation policy: lazy mode
[    1.278279] obpc kernel: SCSI subsystem initialized
[    1.278283] obpc kernel: libata version 3.00 loaded.
[    1.278289] obpc kernel: ACPI: bus type USB registered
[    1.278292] obpc kernel: usbcore: registered new interface driver usbfs
[    1.278296] obpc kernel: usbcore: registered new interface driver hub
[    1.278299] obpc kernel: usbcore: registered new device driver usb
[    1.278302] obpc kernel: pps_core: LinuxPPS API ver. 1 registered
[    1.278305] obpc kernel: pps_core: Software ver. 5.3.6 - Copyright 2005-2007 Rodolfo Giometti <giometti@linux.it>
[    1.278309] obpc kernel: PTP clock support registered
[    1.278314] obpc kernel: EDAC MC: Ver: 3.0.0
[    1.278318] obpc kernel: efivars: Registered efivars operations
[    1.278322] obpc kernel: NetLabel: Initializing
[    1.278326] obpc kernel: NetLabel:  domain hash size = 128
[    1.278329] obpc kernel: NetLabel:  protocols = UNLABELED CIPSOv4 CALIPSO
[    1.278333] obpc kernel: NetLabel:  unlabeled traffic allowed by default
[    1.278338] obpc kernel: mctp: management component transport protocol core
[    1.278343] obpc kernel: NET: Registered PF_MCTP protocol family
[    1.278348] obpc kernel: PCI: Using ACPI for IRQ routing
[    1.278353] obpc kernel: PCI: pci_cache_line_size set to 64 bytes
[    1.278419] obpc kernel: pci 0000:00:1f.5: BAR 0 [mem 0xfe010000-0xfe010fff]: can't claim; no compatible bridge window
[    1.278493] obpc kernel: pci 0000:04:00.0: BAR 0 [mem 0x80000000-0x83ffffff]: can't claim; no compatible bridge window
[    1.278565] obpc kernel: pci 0000:04:00.0: BAR 1 [mem 0x4000000000-0x47ffffffff 64bit pref]: can't claim; no compatible bridge window
[    1.278637] obpc kernel: pci 0000:04:00.0: BAR 3 [mem 0x4812000000-0x4813ffffff 64bit pref]: can't claim; no compatible bridge window
[    1.278709] obpc kernel: pci 0000:04:00.0: VF BAR 0 [mem 0x4814000000-0x481403ffff 64bit pref]: can't claim; no compatible bridge window
[    1.278785] obpc kernel: pci 0000:04:00.0: VF BAR 2 [mem 0x4800000000-0x480fffffff 64bit pref]: can't claim; no compatible bridge window
[    1.278860] obpc kernel: pci 0000:04:00.0: VF BAR 4 [mem 0x4810000000-0x4811ffffff 64bit pref]: can't claim; no compatible bridge window
[    1.278934] obpc kernel: pci 0000:04:00.1: BAR 0 [mem 0x84080000-0x84083fff]: can't claim; no compatible bridge window
[    1.278939] obpc kernel: e820: reserve RAM buffer [mem 0x0009f000-0x0009ffff]
[    1.278943] obpc kernel: e820: reserve RAM buffer [mem 0x483a2000-0x4bffffff]
[    1.278947] obpc kernel: e820: reserve RAM buffer [mem 0x50df1000-0x53ffffff]
[    1.278950] obpc kernel: e820: reserve RAM buffer [mem 0x545f2000-0x57ffffff]
[    1.279017] obpc kernel: pci 0000:00:02.0: vgaarb: setting as boot VGA device
[    1.279092] obpc kernel: pci 0000:00:02.0: vgaarb: bridge control possible
[    1.279156] obpc kernel: pci 0000:00:02.0: vgaarb: VGA device added: decodes=io+mem,owns=io+mem,locks=none
[    1.279230] obpc kernel: pci 0000:04:00.0: vgaarb: bridge control possible
[    1.279302] obpc kernel: pci 0000:04:00.0: vgaarb: VGA device added: decodes=io+mem,owns=none,locks=none
[    1.279307] obpc kernel: vgaarb: loaded
[    1.279310] obpc kernel: Monitor-Mwait will be used to enter C-1 state
[    1.279316] obpc kernel: Monitor-Mwait will be used to enter C-2 state
[    1.279320] obpc kernel: Monitor-Mwait will be used to enter C-3 state
[    1.279323] obpc kernel: clocksource: Switched to clocksource tsc-early
[    1.279326] obpc kernel: VFS: Disk quotas dquot_6.6.0
[    1.279330] obpc kernel: VFS: Dquot-cache hash table entries: 512 (order 0, 4096 bytes)
[    1.279334] obpc kernel: pnp: PnP ACPI init
[    1.279410] obpc kernel: system 00:01: [io  0x0680-0x069f] has been reserved
[    1.279477] obpc kernel: system 00:01: [io  0x164e-0x164f] has been reserved
[    1.279547] obpc kernel: system 00:02: [io  0x1854-0x1857] has been reserved
[    1.279616] obpc kernel: system 00:03: [mem 0xfedc0000-0xfedc7fff] has been reserved
[    1.279679] obpc kernel: system 00:03: [mem 0x00000000-0x00000fff] could not be reserved
[    1.279740] obpc kernel: system 00:03: [mem 0x00000000-0x00000fff] could not be reserved
[    1.279800] obpc kernel: system 00:03: [mem 0xc0000000-0xcfffffff] has been reserved
[    1.279861] obpc kernel: system 00:03: [mem 0xfed20000-0xfed7ffff] could not be reserved
[    1.279924] obpc kernel: system 00:03: [mem 0xfc800000-0xfc81ffff] could not be reserved
[    1.279988] obpc kernel: system 00:03: [mem 0xfed45000-0xfed8ffff] could not be reserved
[    1.280053] obpc kernel: system 00:03: [mem 0xfee00000-0xfeefffff] could not be reserved
[    1.280118] obpc kernel: system 00:04: [io  0x2000-0x20fe] has been reserved
[    1.280125] obpc kernel: pnp: PnP ACPI: found 6 devices
[    1.280128] obpc kernel: clocksource: acpi_pm: mask: 0xffffff max_cycles: 0xffffff, max_idle_ns: 2085701024 ns
[    1.280132] obpc kernel: NET: Registered PF_INET protocol family
[    1.280136] obpc kernel: IP idents hash table entries: 262144 (order: 9, 2097152 bytes, linear)
[    1.280140] obpc kernel: tcp_listen_portaddr_hash hash table entries: 65536 (order: 8, 1048576 bytes, linear)
[    1.280144] obpc kernel: Table-perturb hash table entries: 65536 (order: 6, 262144 bytes, linear)
[    1.280147] obpc kernel: TCP established hash table entries: 524288 (order: 10, 4194304 bytes, linear)
[    1.280151] obpc kernel: TCP bind hash table entries: 65536 (order: 9, 2097152 bytes, linear)
[    1.280155] obpc kernel: TCP: Hash tables configured (established 524288 bind 65536)
[    1.280160] obpc kernel: MPTCP token hash table entries: 65536 (order: 9, 1572864 bytes, linear)
[    1.280165] obpc kernel: UDP hash table entries: 65536 (order: 10, 4194304 bytes, linear)
[    1.280169] obpc kernel: UDP-Lite hash table entries: 65536 (order: 10, 4194304 bytes, linear)
[    1.280174] obpc kernel: NET: Registered PF_UNIX/PF_LOCAL protocol family
[    1.280177] obpc kernel: NET: Registered PF_XDP protocol family
[    1.280251] obpc kernel: pci 0000:04:00.0: ROM [mem 0x84000000-0x8407ffff pref]: can't claim; no compatible bridge window
[    1.280323] obpc kernel: pci 0000:03:00.0: bridge window [mem 0x800000000-0x1001ffffff 64bit pref] to [bus 04] add_size 12100000 add_align 800000000
[    1.280396] obpc kernel: pci 0000:03:01.0: bridge window [io  0x1000-0x0fff] to [bus 05-11] add_size 1000
[    1.280467] obpc kernel: pci 0000:03:02.0: bridge window [io  0x1000-0x0fff] to [bus 12-1e] add_size 1000
[    1.280539] obpc kernel: pci 0000:03:03.0: bridge window [io  0x1000-0x0fff] to [bus 1f-2b] add_size 1000
[    1.280605] obpc kernel: pci 0000:00:07.2: bridge window [io  0x1000-0x0fff] to [bus 2c-55] add_size 1000
[    1.280671] obpc kernel: pci 0000:00:07.2: bridge window [io  0x4000-0x4fff]: assigned
[    1.280735] obpc kernel: pci 0000:00:1f.5: BAR 0 [mem 0x89f00000-0x89f00fff]: assigned
[    1.280799] obpc kernel: pci 0000:00:01.0: PCI bridge to [bus 01]
[    1.280865] obpc kernel: pci 0000:00:01.0:   bridge window [mem 0x90300000-0x903fffff]
[    1.280936] obpc kernel: pci 0000:03:00.0: bridge window [mem 0x4000000000-0x48140fffff 64bit pref]: assigned
[    1.281016] obpc kernel: pci 0000:03:00.0: bridge window [mem 0x80000000-0x840fffff]: assigned
[    1.281088] obpc kernel: pci 0000:03:01.0: bridge window [io  size 0x1000]: can't assign; no space
[    1.281158] obpc kernel: pci 0000:03:01.0: bridge window [io  size 0x1000]: failed to assign
[    1.281228] obpc kernel: pci 0000:03:02.0: bridge window [io  size 0x1000]: can't assign; no space
[    1.281299] obpc kernel: pci 0000:03:02.0: bridge window [io  size 0x1000]: failed to assign
[    1.281371] obpc kernel: pci 0000:03:03.0: bridge window [io  size 0x1000]: can't assign; no space
[    1.281443] obpc kernel: pci 0000:03:03.0: bridge window [io  size 0x1000]: failed to assign
[    1.281512] obpc kernel: pci 0000:03:03.0: bridge window [io  size 0x1000]: can't assign; no space
[    1.281584] obpc kernel: pci 0000:03:03.0: bridge window [io  size 0x1000]: failed to assign
[    1.281654] obpc kernel: pci 0000:03:02.0: bridge window [io  size 0x1000]: can't assign; no space
[    1.281725] obpc kernel: pci 0000:03:02.0: bridge window [io  size 0x1000]: failed to assign
[    1.281795] obpc kernel: pci 0000:03:01.0: bridge window [io  size 0x1000]: can't assign; no space
[    1.281865] obpc kernel: pci 0000:03:01.0: bridge window [io  size 0x1000]: failed to assign
[    1.281939] obpc kernel: pci 0000:04:00.0: BAR 1 [mem 0x4000000000-0x47ffffffff 64bit pref]: assigned
[    1.282015] obpc kernel: pci 0000:04:00.0: VF BAR 2 [mem 0x4800000000-0x480fffffff 64bit pref]: assigned
[    1.282087] obpc kernel: pci 0000:04:00.0: BAR 0 [mem 0x80000000-0x83ffffff]: assigned
[    1.282158] obpc kernel: pci 0000:04:00.0: BAR 3 [mem 0x4810000000-0x4811ffffff 64bit pref]: assigned
[    1.282229] obpc kernel: pci 0000:04:00.0: VF BAR 4 [mem 0x4812000000-0x4813ffffff 64bit pref]: assigned
[    1.282301] obpc kernel: pci 0000:04:00.0: ROM [mem 0x84000000-0x8407ffff pref]: assigned
[    1.282372] obpc kernel: pci 0000:04:00.0: VF BAR 0 [mem 0x4814000000-0x481403ffff 64bit pref]: assigned
[    1.282445] obpc kernel: pci 0000:04:00.1: BAR 0 [mem 0x84080000-0x84083fff]: assigned
[    1.282515] obpc kernel: pci 0000:03:00.0: PCI bridge to [bus 04]
[    1.282586] obpc kernel: pci 0000:03:00.0:   bridge window [io  0x3000-0x3fff]
[    1.282656] obpc kernel: pci 0000:03:00.0:   bridge window [mem 0x80000000-0x840fffff]
[    1.282725] obpc kernel: pci 0000:03:00.0:   bridge window [mem 0x4000000000-0x48140fffff 64bit pref]
[    1.282795] obpc kernel: pci 0000:03:01.0: PCI bridge to [bus 05-11]
[    1.282865] obpc kernel: pci 0000:03:01.0:   bridge window [mem 0x88000000-0x89efffff]
[    1.282936] obpc kernel: pci 0000:03:01.0:   bridge window [mem 0x4d69600000-0x5013ffffff 64bit pref]
[    1.283007] obpc kernel: pci 0000:03:02.0: PCI bridge to [bus 12-1e]
[    1.283078] obpc kernel: pci 0000:03:02.0:   bridge window [mem 0x86100000-0x87ffffff]
[    1.283152] obpc kernel: pci 0000:03:02.0:   bridge window [mem 0x4abec00000-0x4d695fffff 64bit pref]
[    1.283222] obpc kernel: pci 0000:03:03.0: PCI bridge to [bus 1f-2b]
[    1.283293] obpc kernel: pci 0000:03:03.0:   bridge window [mem 0x84200000-0x860fffff]
[    1.283364] obpc kernel: pci 0000:03:03.0:   bridge window [mem 0x4814200000-0x4abebfffff 64bit pref]
[    1.283432] obpc kernel: pci 0000:02:00.0: PCI bridge to [bus 03-2b]
[    1.283500] obpc kernel: pci 0000:02:00.0:   bridge window [io  0x3000-0x3fff]
[    1.283567] obpc kernel: pci 0000:02:00.0:   bridge window [mem 0x80000000-0x89efffff]
[    1.283635] obpc kernel: pci 0000:02:00.0:   bridge window [mem 0x4000000000-0x5013ffffff 64bit pref]
[    1.283700] obpc kernel: pci 0000:00:07.0: PCI bridge to [bus 02-2b]
[    1.283765] obpc kernel: pci 0000:00:07.0:   bridge window [io  0x3000-0x3fff]
[    1.283831] obpc kernel: pci 0000:00:07.0:   bridge window [mem 0x80000000-0x89efffff]
[    1.283896] obpc kernel: pci 0000:00:07.0:   bridge window [mem 0x4000000000-0x5013ffffff 64bit pref]
[    1.283960] obpc kernel: pci 0000:00:07.2: PCI bridge to [bus 2c-55]
[    1.284026] obpc kernel: pci 0000:00:07.2:   bridge window [io  0x4000-0x4fff]
[    1.284090] obpc kernel: pci 0000:00:07.2:   bridge window [mem 0x8a000000-0x8fffffff]
[    1.284155] obpc kernel: pci 0000:00:07.2:   bridge window [mem 0x5030000000-0x582fffffff 64bit pref]
[    1.284219] obpc kernel: pci 0000:00:1c.0: PCI bridge to [bus 56]
[    1.284283] obpc kernel: pci 0000:00:1c.0:   bridge window [mem 0x90000000-0x902fffff]
[    1.284348] obpc kernel: pci_bus 0000:00: resource 4 [io  0x0000-0x0cf7 window]
[    1.284411] obpc kernel: pci_bus 0000:00: resource 5 [io  0x0d00-0xffff window]
[    1.284473] obpc kernel: pci_bus 0000:00: resource 6 [mem 0x000a0000-0x000bffff window]
[    1.284534] obpc kernel: pci_bus 0000:00: resource 7 [mem 0x80000000-0xbfffffff window]
[    1.284594] obpc kernel: pci_bus 0000:00: resource 8 [mem 0x4000000000-0x3ffbfffffff window]
[    1.284662] obpc kernel: pci_bus 0000:01: resource 1 [mem 0x90300000-0x903fffff]
[    1.284731] obpc kernel: pci_bus 0000:02: resource 0 [io  0x3000-0x3fff]
[    1.284794] obpc kernel: pci_bus 0000:02: resource 1 [mem 0x80000000-0x89efffff]
[    1.284856] obpc kernel: pci_bus 0000:02: resource 2 [mem 0x4000000000-0x5013ffffff 64bit pref]
[    1.284930] obpc kernel: pci_bus 0000:03: resource 0 [io  0x3000-0x3fff]
[    1.284995] obpc kernel: pci_bus 0000:03: resource 1 [mem 0x80000000-0x89efffff]
[    1.285063] obpc kernel: pci_bus 0000:03: resource 2 [mem 0x4000000000-0x5013ffffff 64bit pref]
[    1.285139] obpc kernel: pci_bus 0000:04: resource 0 [io  0x3000-0x3fff]
[    1.285207] obpc kernel: pci_bus 0000:04: resource 1 [mem 0x80000000-0x840fffff]
[    1.285274] obpc kernel: pci_bus 0000:04: resource 2 [mem 0x4000000000-0x48140fffff 64bit pref]
[    1.285348] obpc kernel: pci_bus 0000:05: resource 0 [io  size 0x1000]
[    1.285418] obpc kernel: pci_bus 0000:05: resource 1 [mem 0x88000000-0x89efffff]
[    1.285485] obpc kernel: pci_bus 0000:05: resource 2 [mem 0x4d69600000-0x5013ffffff 64bit pref]
[    1.285558] obpc kernel: pci_bus 0000:12: resource 0 [io  size 0x1000]
[    1.285626] obpc kernel: pci_bus 0000:12: resource 1 [mem 0x86100000-0x87ffffff]
[    1.285695] obpc kernel: pci_bus 0000:12: resource 2 [mem 0x4abec00000-0x4d695fffff 64bit pref]
[    1.285768] obpc kernel: pci_bus 0000:1f: resource 0 [io  size 0x1000]
[    1.285835] obpc kernel: pci_bus 0000:1f: resource 1 [mem 0x84200000-0x860fffff]
[    1.285903] obpc kernel: pci_bus 0000:1f: resource 2 [mem 0x4814200000-0x4abebfffff 64bit pref]
[    1.285971] obpc kernel: pci_bus 0000:2c: resource 0 [io  0x4000-0x4fff]
[    1.286038] obpc kernel: pci_bus 0000:2c: resource 1 [mem 0x8a000000-0x8fffffff]
[    1.286100] obpc kernel: pci_bus 0000:2c: resource 2 [mem 0x5030000000-0x582fffffff 64bit pref]
[    1.286167] obpc kernel: pci_bus 0000:56: resource 1 [mem 0x90000000-0x902fffff]
[    1.286241] obpc kernel: pci 0000:04:00.1: extending delay after power-on from D3hot to 20 msec
[    1.286314] obpc kernel: pci 0000:04:00.1: D0 power state depends on 0000:04:00.0
[    1.286320] obpc kernel: PCI: CLS 64 bytes, default 64
[    1.286324] obpc kernel: clocksource: tsc: mask: 0xffffffffffffffff max_cycles: 0x6a464ae9873, max_idle_ns: 881590529744 ns
[    1.286328] obpc kernel: Trying to unpack rootfs image as initramfs...
[    1.286332] obpc kernel: clocksource: Switched to clocksource tsc
[    1.286407] obpc kernel: platform rtc_cmos: registered platform RTC device (no PNP device found)
[    1.286414] obpc kernel: Initialise system trusted keyrings
[    1.286418] obpc kernel: Key type blacklist registered
[    1.286422] obpc kernel: workingset: timestamp_bits=36 max_order=25 bucket_order=0
[    1.286425] obpc kernel: integrity: Platform Keyring initialized
[    1.286430] obpc kernel: integrity: Machine keyring initialized
[    1.286434] obpc kernel: cryptd: max_cpu_qlen set to 1000
[    1.286438] obpc kernel: NET: Registered PF_ALG protocol family
[    1.286442] obpc kernel: xor: automatically using best checksumming function   avx       
[    1.286445] obpc kernel: Key type asymmetric registered
[    1.286449] obpc kernel: Asymmetric key parser 'x509' registered
[    1.286453] obpc kernel: Block layer SCSI generic (bsg) driver version 0.4 loaded (major 244)
[    1.286457] obpc kernel: io scheduler mq-deadline registered
[    1.286463] obpc kernel: io scheduler kyber registered
[    1.286466] obpc kernel: io scheduler bfq registered
[    1.286470] obpc kernel: atomic64_test: passed for x86-64 platform with CX8 and with SSE
[    1.286536] obpc kernel: pcieport 0000:00:01.0: PME: Signaling with IRQ 120
[    1.286603] obpc kernel: pcieport 0000:00:01.0: AER: enabled with IRQ 120
[    1.286668] obpc kernel: pcieport 0000:00:07.0: PME: Signaling with IRQ 121
[    1.286733] obpc kernel: pcieport 0000:00:07.0: AER: enabled with IRQ 121
[    1.286797] obpc kernel: pcieport 0000:00:07.0: pciehp: Slot #12 AttnBtn- PwrCtrl- MRL- AttnInd- PwrInd- HotPlug+ Surprise+ Interlock- NoCompl+ IbPresDis- LLActRep+
[    1.286865] obpc kernel: pcieport 0000:00:07.2: PME: Signaling with IRQ 122
[    1.286929] obpc kernel: pcieport 0000:00:07.2: AER: enabled with IRQ 122
[    1.286993] obpc kernel: pcieport 0000:00:07.2: pciehp: Slot #14 AttnBtn- PwrCtrl- MRL- AttnInd- PwrInd- HotPlug+ Surprise+ Interlock- NoCompl+ IbPresDis- LLActRep+
[    1.287060] obpc kernel: pcieport 0000:00:1c.0: PME: Signaling with IRQ 123
[    1.287124] obpc kernel: pcieport 0000:00:1c.0: AER: enabled with IRQ 123
[    1.287194] obpc kernel: pcieport 0000:03:00.0: enabling device (0001 -> 0003)
[    1.287264] obpc kernel: pcieport 0000:03:01.0: pciehp: Slot #1 AttnBtn- PwrCtrl- MRL- AttnInd- PwrInd- HotPlug+ Surprise+ Interlock- NoCompl+ IbPresDis- LLActRep+
[    1.287335] obpc kernel: pcieport 0000:03:02.0: pciehp: Slot #2 AttnBtn- PwrCtrl- MRL- AttnInd- PwrInd- HotPlug+ Surprise+ Interlock- NoCompl+ IbPresDis- LLActRep+
[    1.287407] obpc kernel: pcieport 0000:03:03.0: pciehp: Slot #3 AttnBtn- PwrCtrl- MRL- AttnInd- PwrInd- HotPlug+ Surprise+ Interlock- NoCompl+ IbPresDis- LLActRep+
[    1.287411] obpc kernel: input: Sleep Button as /devices/LNXSYSTM:00/LNXSYBUS:00/PNP0C0E:00/input/input0
[    1.287415] obpc kernel: ACPI: button: Sleep Button [SLPB]
[    1.287420] obpc kernel: input: Power Button as /devices/LNXSYSTM:00/LNXSYBUS:00/PNP0C0C:00/input/input1
[    1.287424] obpc kernel: ACPI: button: Power Button [PWRB]
[    1.287427] obpc kernel: input: Power Button as /devices/LNXSYSTM:00/LNXPWRBN:00/input/input2
[    1.287431] obpc kernel: ACPI: button: Power Button [PWRF]
[    1.287434] obpc kernel: ACPI: thermal: [Firmware Bug]: Invalid critical threshold (-274000)
[    1.287525] obpc kernel: thermal LNXTHERM:00: registered as thermal_zone0
[    1.287534] obpc kernel: ACPI: thermal: Thermal Zone [TZ0] (40 C)
[    1.287609] obpc kernel: thermal LNXTHERM:01: registered as thermal_zone1
[    1.287614] obpc kernel: ACPI: thermal: Thermal Zone [TZ00] (78 C)
[    1.287620] obpc kernel: Serial: 8250/16550 driver, 32 ports, IRQ sharing enabled
[    1.287687] obpc kernel: serial 0000:00:12.0: enabling device (0000 -> 0002)
[    1.287691] obpc kernel: hpet_acpi_add: no address or irqs in _CRS
[    1.287697] obpc kernel: Non-volatile memory driver v1.3
[    1.287701] obpc kernel: Linux agpgart interface v0.103
[    1.287705] obpc kernel: ACPI: bus type drm_connector registered
[    1.287709] obpc kernel: CAN device driver interface
[    1.287777] obpc kernel: xhci_hcd 0000:00:0d.0: xHCI Host Controller
[    1.287842] obpc kernel: xhci_hcd 0000:00:0d.0: new USB bus registered, assigned bus number 1
[    1.287907] obpc kernel: xhci_hcd 0000:00:0d.0: hcc params 0x20007fc1 hci version 0x120 quirks 0x0000000200009810
[    1.287971] obpc kernel: xhci_hcd 0000:00:0d.0: xHCI Host Controller
[    1.288043] obpc kernel: xhci_hcd 0000:00:0d.0: new USB bus registered, assigned bus number 2
[    1.288108] obpc kernel: xhci_hcd 0000:00:0d.0: Host supports USB 3.2 Enhanced SuperSpeed
[    1.288178] obpc kernel: usb usb1: New USB device found, idVendor=1d6b, idProduct=0002, bcdDevice= 6.19
[    1.288235] obpc kernel: usb usb1: New USB device strings: Mfr=3, Product=2, SerialNumber=1
[    1.288290] obpc kernel: usb usb1: Product: xHCI Host Controller
[    1.288343] obpc kernel: usb usb1: Manufacturer: Linux 6.19.14-200.fc43.x86_64 xhci-hcd
[    1.288396] obpc kernel: usb usb1: SerialNumber: 0000:00:0d.0
[    1.288482] obpc kernel: hub 1-0:1.0: USB hub found
[    1.288554] obpc kernel: hub 1-0:1.0: 1 port detected
[    1.288617] obpc kernel: usb usb2: New USB device found, idVendor=1d6b, idProduct=0003, bcdDevice= 6.19
[    1.288673] obpc kernel: usb usb2: New USB device strings: Mfr=3, Product=2, SerialNumber=1
[    1.288726] obpc kernel: usb usb2: Product: xHCI Host Controller
[    1.288779] obpc kernel: usb usb2: Manufacturer: Linux 6.19.14-200.fc43.x86_64 xhci-hcd
[    1.288833] obpc kernel: usb usb2: SerialNumber: 0000:00:0d.0
[    1.288909] obpc kernel: hub 2-0:1.0: USB hub found
[    1.288980] obpc kernel: hub 2-0:1.0: 4 ports detected
[    1.289053] obpc kernel: xhci_hcd 0000:00:14.0: xHCI Host Controller
[    1.289390] obpc kernel: xhci_hcd 0000:00:14.0: new USB bus registered, assigned bus number 3
[    1.289546] obpc kernel: xhci_hcd 0000:00:14.0: hcc params 0x20007fc1 hci version 0x120 quirks 0x0000000200009810
[    1.289681] obpc kernel: xhci_hcd 0000:00:14.0: xHCI Host Controller
[    1.289796] obpc kernel: xhci_hcd 0000:00:14.0: new USB bus registered, assigned bus number 4
[    1.289907] obpc kernel: xhci_hcd 0000:00:14.0: Host supports USB 3.2 Enhanced SuperSpeed
[    1.290034] obpc kernel: usb usb3: New USB device found, idVendor=1d6b, idProduct=0002, bcdDevice= 6.19
[    1.290141] obpc kernel: usb usb3: New USB device strings: Mfr=3, Product=2, SerialNumber=1
[    1.290237] obpc kernel: usb usb3: Product: xHCI Host Controller
[    1.290331] obpc kernel: usb usb3: Manufacturer: Linux 6.19.14-200.fc43.x86_64 xhci-hcd
[    1.290423] obpc kernel: usb usb3: SerialNumber: 0000:00:14.0
[    1.290560] obpc kernel: hub 3-0:1.0: USB hub found
[    1.290689] obpc kernel: hub 3-0:1.0: 12 ports detected
[    1.290793] obpc kernel: usb usb4: New USB device found, idVendor=1d6b, idProduct=0003, bcdDevice= 6.19
[    1.290894] obpc kernel: usb usb4: New USB device strings: Mfr=3, Product=2, SerialNumber=1
[    1.290987] obpc kernel: usb usb4: Product: xHCI Host Controller
[    1.291095] obpc kernel: usb usb4: Manufacturer: Linux 6.19.14-200.fc43.x86_64 xhci-hcd
[    1.291189] obpc kernel: usb usb4: SerialNumber: 0000:00:14.0
[    1.291318] obpc kernel: hub 4-0:1.0: USB hub found
[    1.291442] obpc kernel: hub 4-0:1.0: 2 ports detected
[    1.291452] obpc kernel: usbcore: registered new interface driver usbserial_generic
[    1.291460] obpc kernel: usbserial: USB Serial support registered for generic
[    1.291473] obpc kernel: i8042: PNP: No PS/2 controller found.
[    1.291481] obpc kernel: mousedev: PS/2 mouse device common for all mice
[    1.291593] obpc kernel: rtc_cmos rtc_cmos: RTC can wake from S4
[    1.291697] obpc kernel: rtc_cmos rtc_cmos: registered as rtc0
[    1.291798] obpc kernel: rtc_cmos rtc_cmos: setting system clock to 2026-05-08T10:48:17 UTC (1778237297)
[    1.291897] obpc kernel: rtc_cmos rtc_cmos: alarms up to one month, y3k, 114 bytes nvram
[    1.291907] obpc kernel: device-mapper: core: CONFIG_IMA_DISABLE_HTABLE is disabled. Duplicate IMA measurements will not be recorded in the IMA log.
[    1.291918] obpc kernel: device-mapper: uevent: version 1.0.3
[    1.291928] obpc kernel: device-mapper: ioctl: 4.50.0-ioctl (2025-04-28) initialised: dm-devel@lists.linux.dev
[    1.291936] obpc kernel: intel_pstate: Intel P-state driver initializing
[    1.291943] obpc kernel: Hybrid CPU capacity scaling enabled
[    1.292107] obpc kernel: processor cpu0: EM: created perf domain
[    1.292262] obpc kernel: processor cpu1: EM: created perf domain
[    1.292405] obpc kernel: processor cpu2: EM: created perf domain
[    1.292549] obpc kernel: processor cpu3: EM: created perf domain
[    1.292695] obpc kernel: processor cpu4: EM: created perf domain
[    1.292834] obpc kernel: processor cpu5: EM: created perf domain
[    1.292974] obpc kernel: processor cpu6: EM: created perf domain
[    1.293122] obpc kernel: processor cpu7: EM: created perf domain
[    1.293265] obpc kernel: processor cpu8: EM: created perf domain
[    1.293405] obpc kernel: processor cpu9: EM: created perf domain
[    1.293548] obpc kernel: processor cpu10: EM: created perf domain
[    1.293689] obpc kernel: processor cpu11: EM: created perf domain
[    1.293830] obpc kernel: processor cpu12: EM: created perf domain
[    1.293975] obpc kernel: processor cpu13: EM: created perf domain
[    1.294120] obpc kernel: processor cpu14: EM: created perf domain
[    1.294258] obpc kernel: processor cpu15: EM: created perf domain
[    1.294273] obpc kernel: intel_pstate: HWP enabled
[    1.294385] obpc kernel: simple-framebuffer simple-framebuffer.0: [drm] Registered 1 planes with drm panic
[    1.294399] obpc kernel: [drm] Initialized simpledrm 1.0.0 for simple-framebuffer.0 on minor 0
[    1.294410] obpc kernel: fbcon: Deferring console take-over
[    1.294510] obpc kernel: simple-framebuffer simple-framebuffer.0: [drm] fb0: simpledrmdrmfb frame buffer device
[    1.294523] obpc kernel: hid: raw HID events driver (C) Jiri Kosina
[    1.294531] obpc kernel: usbcore: registered new interface driver usbhid
[    1.294539] obpc kernel: usbhid: USB HID core driver
[    1.294549] obpc kernel: drop_monitor: Initializing network drop monitor service
[    1.294557] obpc kernel: Initializing XFRM netlink socket
[    1.294564] obpc kernel: NET: Registered PF_INET6 protocol family
[    1.294572] obpc kernel: Segment Routing with IPv6
[    1.294579] obpc kernel: RPL Segment Routing with IPv6
[    1.294587] obpc kernel: In-situ OAM (IOAM) with IPv6
[    1.294594] obpc kernel: mip6: Mobile IPv6
[    1.294602] obpc kernel: NET: Registered PF_PACKET protocol family
[    1.294615] obpc kernel: can: controller area network core
[    1.294625] obpc kernel: NET: Registered PF_CAN protocol family
[    1.294632] obpc kernel: ENERGY_PERF_BIAS: Set to 'normal', was 'performance'
[    1.294640] obpc kernel: microcode: Current revision: 0x0000011b
[    1.294648] obpc kernel: IPI shorthand broadcast: enabled
[    1.294655] obpc kernel: sched_clock: Marking stable (1028000596, 6136494)->(1054256096, -20119006)
[    1.294662] obpc kernel: registered taskstats version 1
[    1.294670] obpc kernel: Loading compiled-in X.509 certificates
[    1.294679] obpc kernel: Loaded X.509 cert 'Fedora kernel signing key: 88b80e08bfa3c7a8597e235adbf6de56f0ca4439'
[    1.294688] obpc kernel: Freeing initrd memory: 51464K
[    1.294696] obpc kernel: Loaded X.509 cert 'Fedora IMA CA: a8a00c31663f853f9c6ff2564872e378af026b28'
[    1.294704] obpc kernel: Demotion targets for Node 0: null
[    1.294711] obpc kernel: page_owner is disabled
[    1.294719] obpc kernel: Key type .fscrypt registered
[    1.294726] obpc kernel: Key type fscrypt-provisioning registered
[    1.294733] obpc kernel: Btrfs loaded, zoned=yes, fsverity=yes
[    1.294741] obpc kernel: Key type big_key registered
[    1.294748] obpc kernel: Key type trusted registered
[    1.294760] obpc kernel: Key type encrypted registered
[    1.294767] obpc kernel: Loading compiled-in module X.509 certificates
[    1.294775] obpc kernel: Loaded X.509 cert 'Fedora kernel signing key: 88b80e08bfa3c7a8597e235adbf6de56f0ca4439'
[    1.294783] obpc kernel: ima: Allocated hash algorithm: sha256
[    1.294790] obpc kernel: ima: No architecture policies found
[    1.294798] obpc kernel: evm: Initialising EVM extended attributes:
[    1.294805] obpc kernel: evm: security.selinux
[    1.294815] obpc kernel: evm: security.SMACK64 (disabled)
[    1.294822] obpc kernel: evm: security.SMACK64EXEC (disabled)
[    1.294830] obpc kernel: evm: security.SMACK64TRANSMUTE (disabled)
[    1.294842] obpc kernel: evm: security.SMACK64MMAP (disabled)
[    1.294849] obpc kernel: evm: security.apparmor (disabled)
[    1.294857] obpc kernel: evm: security.ima
[    1.294863] obpc kernel: evm: security.capability
[    1.294873] obpc kernel: evm: HMAC attrs: 0x1
[    1.294880] obpc kernel: integrity: Loading X.509 certificate: UEFI:db
[    1.294888] obpc kernel: integrity: Loaded X.509 cert 'ASUS UEFI SW Key Certificate: b0fa6680874410ba479208b6268c10e4'
[    1.294896] obpc kernel: integrity: Loading X.509 certificate: UEFI:db
[    1.294904] obpc kernel: integrity: Loaded X.509 cert 'Microsoft Corporation UEFI CA 2011: 13adbf4309bd82709c8cd54f316ed522988a1bd4'
[    1.294914] obpc kernel: integrity: Loading X.509 certificate: UEFI:db
[    1.294921] obpc kernel: integrity: Loaded X.509 cert 'Microsoft Windows Production PCA 2011: a92902398e16c49778cd90f99e4f9ae17c55af53'
[    1.294931] obpc kernel: integrity: Loading X.509 certificate: UEFI:db
[    1.294939] obpc kernel: integrity: Loaded X.509 cert 'Microsoft Corporation: Windows UEFI CA 2023: aefc5fbbbe055d8f8daa585473499417ab5a5272'
[    1.294959] obpc kernel: integrity: Loading X.509 certificate: UEFI:db
[    1.294968] obpc kernel: integrity: Loaded X.509 cert 'Microsoft Option ROM UEFI CA 2023: 514fbf937fa46fb57bf07af8bed84b3b864b1711'
[    1.294975] obpc kernel: integrity: Loading X.509 certificate: UEFI:db
[    1.294987] obpc kernel: integrity: Loaded X.509 cert 'Microsoft UEFI CA 2023: 81aa6b3244c935bce0d6628af39827421e32497d'
[    1.294995] obpc kernel: alg: No test for 842 (842-scomp)
[    1.295006] obpc kernel: PM:   Magic number: 10:441:830
[    1.295014] obpc kernel: RAS: Correctable Errors collector initialized.
[    1.295021] obpc kernel: clk: Disabling unused clocks
[    1.295029] obpc kernel: PM: genpd: Disabling unused power domains
[    1.295036] obpc kernel: Freeing unused decrypted memory: 2028K
[    1.295044] obpc kernel: Freeing unused kernel image (initmem) memory: 5200K
[    1.295051] obpc kernel: Write protecting the kernel read-only data: 43008k
[    1.295061] obpc kernel: Freeing unused kernel image (text/rodata gap) memory: 1972K
[    1.295069] obpc kernel: Freeing unused kernel image (rodata/data gap) memory: 580K
[    1.295079] obpc kernel: x86/mm: Checked W+X mappings: passed, no W+X pages found.
[    1.295089] obpc kernel: Run /init as init process
[    1.295096] obpc kernel:   with arguments:
[    1.295104] obpc kernel:     /init
[    1.295114] obpc kernel:     rhgb
[    1.295122] obpc kernel:   with environment:
[    1.295129] obpc kernel:     HOME=/
[    1.295139] obpc kernel:     TERM=linux
[    1.295147] obpc systemd[1]: Successfully made /usr/ read-only.
[    1.295160] obpc systemd[1]: systemd 258.7-1.fc43 running in system mode (+PAM +AUDIT +SELINUX -APPARMOR +IMA +IPE +SMACK +SECCOMP -GCRYPT +GNUTLS +OPENSSL +ACL +BLKID +CURL +ELFUTILS +FIDO2 +IDN2 -IDN -IPTC +KMOD +LIBCRYPTSETUP +LIBCRYPTSETUP_PLUGINS +LIBFDISK +PCRE2 +PWQUALITY +P11KIT +QRENCODE +TPM2 +BZIP2 +LZ4 +XZ +ZLIB +ZSTD +BPF_FRAMEWORK +BTF +XKBCOMMON +UTMP +SYSVINIT +LIBARCHIVE)
[    1.295169] obpc systemd[1]: Detected architecture x86-64.
[    1.295178] obpc systemd[1]: Running in initrd.
[    1.295186] obpc systemd[1]: Hostname set to <obpc>.
[    1.295194] obpc systemd[1]: bpf-restrict-fs: LSM BPF program attached
[    1.295205] obpc systemd[1]: Queued start job for default target initrd.target.
[    1.295217] obpc systemd[1]: Expecting device dev-disk-by\x2duuid-34e34fc2\x2d47b6\x2d41bd\x2db739\x2d8a1c79788cb2.device - /dev/disk/by-uuid/34e34fc2-47b6-41bd-b739-8a1c79788cb2...
[    1.295226] obpc systemd[1]: Reached target initrd-usr-fs.target - Initrd /usr File System.
[    1.295236] obpc systemd[1]: Reached target slices.target - Slice Units.
[    1.295245] obpc systemd[1]: Reached target swap.target - Swaps.
[    1.295253] obpc systemd[1]: Reached target timers.target - Timer Units.
[    1.295261] obpc systemd[1]: Listening on systemd-journald-dev-log.socket - Journal Socket (/dev/log).
[    1.295269] obpc systemd[1]: Listening on systemd-journald.socket - Journal Sockets.
[    1.295280] obpc systemd[1]: Listening on systemd-udevd-control.socket - udev Control Socket.
[    1.295288] obpc systemd[1]: Listening on systemd-udevd-kernel.socket - udev Kernel Socket.
[    1.295299] obpc systemd[1]: Reached target sockets.target - Socket Units.
