[    0.000000] Linux version 6.19.14-200.fc43.x86_64 (mockbuild@3d94b060593f4389857ed0a29daa3c69) (gcc (GCC) 15.2.1 20260123 (Red Hat 15.2.1-7), GNU ld version 2.45.1-4.fc43) #1 SMP PREEMPT_DYNAMIC Thu Apr 23 17:34:07 UTC 2026
[    0.000000] Command line: BOOT_IMAGE=(hd0,gpt5)/vmlinuz-6.19.14-200.fc43.x86_64 root=UUID=34e34fc2-47b6-41bd-b739-8a1c79788cb2 ro rootflags=subvol=root rhgb quiet module_blacklist=nouveau,nova_core rd.driver.blacklist=nouveau,nova_core modprobe.blacklist=nouveau,nova_core pcie_aspm.policy=performance thunderbolt.clx=0 pcie_port_pm=off pci=realloc=off,pcie_bus_perf,hpmmioprefsize=256M,resource_alignment=35@0000:03:00.0 crashkernel=256M iommu=off intel_iommu=off thunderbolt.dyndbg=+pflm thunderbolt.host_reset=false
[    0.000000] x86/tme: not enabled by BIOS
[    0.000000] x86/split lock detection: #AC: crashing the kernel on kernel split_locks and warning on user-space split_locks
[    0.000000] BIOS-provided physical RAM map:
[    0.000000] BIOS-e820: [mem 0x0000000000000000-0x000000000009efff] usable
[    0.000000] BIOS-e820: [mem 0x000000000009f000-0x00000000000fffff] reserved
[    0.000000] BIOS-e820: [mem 0x0000000000100000-0x00000000545f1fff] usable
[    0.000000] BIOS-e820: [mem 0x00000000545f2000-0x000000005e6b5fff] reserved
[    0.000000] BIOS-e820: [mem 0x000000005e6b6000-0x000000005e7b7fff] ACPI data
[    0.000000] BIOS-e820: [mem 0x000000005e7b8000-0x000000005e93efff] ACPI NVS
[    0.000000] BIOS-e820: [mem 0x000000005e93f000-0x0000000063ffefff] reserved
[    0.000000] BIOS-e820: [mem 0x0000000063fff000-0x0000000063ffffff] usable
[    0.000000] BIOS-e820: [mem 0x0000000064000000-0x00000000787fffff] reserved
[    0.000000] BIOS-e820: [mem 0x00000000c0000000-0x00000000cfffffff] reserved
[    0.000000] BIOS-e820: [mem 0x00000000fe000000-0x00000000fe010fff] reserved
[    0.000000] BIOS-e820: [mem 0x00000000fe410000-0x00000000fe410fff] reserved
[    0.000000] BIOS-e820: [mem 0x00000000fec00000-0x00000000fec00fff] reserved
[    0.000000] BIOS-e820: [mem 0x00000000fed00000-0x00000000fed00fff] reserved
[    0.000000] BIOS-e820: [mem 0x00000000fed20000-0x00000000fed7ffff] reserved
[    0.000000] BIOS-e820: [mem 0x00000000fee00000-0x00000000fee00fff] reserved
[    0.000000] BIOS-e820: [mem 0x00000000ff000000-0x00000000ffffffff] reserved
[    0.000000] BIOS-e820: [mem 0x0000000100000000-0x000000207fffffff] usable
[    0.000000] NX (Execute Disable) protection: active
[    0.000000] APIC: Static calls initialized
[    0.000000] efi: EFI v2.9 by American Megatrends
[    0.000000] efi: ACPI=0x5e8b6000 ACPI 2.0=0x5e8b6014 TPMFinalLog=0x5e822000 SMBIOS=0x62b8d000 SMBIOS 3.0=0x62b8c000 MEMATTR=0x482f6018 ESRT=0x50df1e98 MOKvar=0x63c2e000 RNG=0x5e6eb018 TPMEventLog=0x5e6e0018 
[    0.000000] random: crng init done
[    0.000000] efi: Remove mem79: MMIO range=[0xc0000000-0xcfffffff] (256MB) from e820 map
[    0.000000] e820: remove [mem 0xc0000000-0xcfffffff] reserved
[    0.000000] efi: Not removing mem80: MMIO range=[0xfe000000-0xfe010fff] (68KB) from e820 map
[    0.000000] efi: Not removing mem81: MMIO range=[0xfe410000-0xfe410fff] (4KB) from e820 map
[    0.000000] efi: Not removing mem82: MMIO range=[0xfec00000-0xfec00fff] (4KB) from e820 map
[    0.000000] efi: Not removing mem83: MMIO range=[0xfed00000-0xfed00fff] (4KB) from e820 map
[    0.000000] efi: Not removing mem85: MMIO range=[0xfee00000-0xfee00fff] (4KB) from e820 map
[    0.000000] efi: Remove mem86: MMIO range=[0xff000000-0xffffffff] (16MB) from e820 map
[    0.000000] e820: remove [mem 0xff000000-0xffffffff] reserved
[    0.000000] secureboot: Secure boot disabled
[    0.000000] SMBIOS 3.8.0 present.
[    0.000000] DMI: ASUSTeK COMPUTER INC. NUC15CRSU9/NUC15CRSU9, BIOS CRARL579.0029.2026.0115.1719 01/15/2026
[    0.000000] DMI: Memory slots populated: 2/2
[    0.000000] tsc: Detected 3700.000 MHz processor
[    0.000000] tsc: Detected 3686.400 MHz TSC
[    0.000006] e820: update [mem 0x00000000-0x00000fff] usable ==> reserved
[    0.000008] e820: remove [mem 0x000a0000-0x000fffff] usable
[    0.000011] last_pfn = 0x2080000 max_arch_pfn = 0x400000000
[    0.000015] total RAM covered: 259839M
[    0.000069]  gran_size: 64K 	chunk_size: 64K 	num_reg: 10  	lose cover RAM: 129022M
[    0.000070]  gran_size: 64K 	chunk_size: 128K 	num_reg: 10  	lose cover RAM: 129022M
[    0.000071]  gran_size: 64K 	chunk_size: 256K 	num_reg: 10  	lose cover RAM: 129022M
[    0.000071]  gran_size: 64K 	chunk_size: 512K 	num_reg: 10  	lose cover RAM: 129022M
[    0.000071]  gran_size: 64K 	chunk_size: 1M 	num_reg: 10  	lose cover RAM: 129022M
[    0.000072]  gran_size: 64K 	chunk_size: 2M 	num_reg: 10  	lose cover RAM: 129022M
[    0.000072]  gran_size: 64K 	chunk_size: 4M 	num_reg: 10  	lose cover RAM: 129022M
[    0.000073]  gran_size: 64K 	chunk_size: 8M 	num_reg: 10  	lose cover RAM: 129022M
[    0.000073]  gran_size: 64K 	chunk_size: 16M 	num_reg: 10  	lose cover RAM: 129022M
[    0.000074]  gran_size: 64K 	chunk_size: 32M 	num_reg: 10  	lose cover RAM: 129022M
[    0.000074]  gran_size: 64K 	chunk_size: 64M 	num_reg: 10  	lose cover RAM: 129022M
[    0.000075]  gran_size: 64K 	chunk_size: 128M 	num_reg: 10  	lose cover RAM: 129022M
[    0.000075]  gran_size: 64K 	chunk_size: 256M 	num_reg: 10  	lose cover RAM: 129022M
[    0.000075]  gran_size: 64K 	chunk_size: 512M 	num_reg: 10  	lose cover RAM: 129020M
[    0.000076]  gran_size: 64K 	chunk_size: 1G 	num_reg: 10  	lose cover RAM: 129020M
[    0.000076]  gran_size: 64K 	chunk_size: 2G 	num_reg: 10  	lose cover RAM: 129020M
[    0.000077]  gran_size: 128K 	chunk_size: 128K 	num_reg: 10  	lose cover RAM: 129022M
[    0.000077]  gran_size: 128K 	chunk_size: 256K 	num_reg: 10  	lose cover RAM: 129022M
[    0.000078]  gran_size: 128K 	chunk_size: 512K 	num_reg: 10  	lose cover RAM: 129022M
[    0.000078]  gran_size: 128K 	chunk_size: 1M 	num_reg: 10  	lose cover RAM: 129022M
[    0.000079]  gran_size: 128K 	chunk_size: 2M 	num_reg: 10  	lose cover RAM: 129022M
[    0.000079]  gran_size: 128K 	chunk_size: 4M 	num_reg: 10  	lose cover RAM: 129022M
[    0.000079]  gran_size: 128K 	chunk_size: 8M 	num_reg: 10  	lose cover RAM: 129022M
[    0.000080]  gran_size: 128K 	chunk_size: 16M 	num_reg: 10  	lose cover RAM: 129022M
[    0.000080]  gran_size: 128K 	chunk_size: 32M 	num_reg: 10  	lose cover RAM: 129022M
[    0.000081]  gran_size: 128K 	chunk_size: 64M 	num_reg: 10  	lose cover RAM: 129022M
[    0.000081]  gran_size: 128K 	chunk_size: 128M 	num_reg: 10  	lose cover RAM: 129022M
[    0.000081]  gran_size: 128K 	chunk_size: 256M 	num_reg: 10  	lose cover RAM: 129022M
[    0.000082]  gran_size: 128K 	chunk_size: 512M 	num_reg: 10  	lose cover RAM: 129020M
[    0.000082]  gran_size: 128K 	chunk_size: 1G 	num_reg: 10  	lose cover RAM: 129020M
[    0.000083]  gran_size: 128K 	chunk_size: 2G 	num_reg: 10  	lose cover RAM: 129020M
[    0.000083]  gran_size: 256K 	chunk_size: 256K 	num_reg: 10  	lose cover RAM: 129022M
[    0.000084]  gran_size: 256K 	chunk_size: 512K 	num_reg: 10  	lose cover RAM: 129022M
[    0.000084]  gran_size: 256K 	chunk_size: 1M 	num_reg: 10  	lose cover RAM: 129022M
[    0.000085]  gran_size: 256K 	chunk_size: 2M 	num_reg: 10  	lose cover RAM: 129022M
[    0.000085]  gran_size: 256K 	chunk_size: 4M 	num_reg: 10  	lose cover RAM: 129022M
[    0.000085]  gran_size: 256K 	chunk_size: 8M 	num_reg: 10  	lose cover RAM: 129022M
[    0.000086]  gran_size: 256K 	chunk_size: 16M 	num_reg: 10  	lose cover RAM: 129022M
[    0.000086]  gran_size: 256K 	chunk_size: 32M 	num_reg: 10  	lose cover RAM: 129022M
[    0.000087]  gran_size: 256K 	chunk_size: 64M 	num_reg: 10  	lose cover RAM: 129022M
[    0.000087]  gran_size: 256K 	chunk_size: 128M 	num_reg: 10  	lose cover RAM: 129022M
[    0.000088]  gran_size: 256K 	chunk_size: 256M 	num_reg: 10  	lose cover RAM: 129022M
[    0.000088]  gran_size: 256K 	chunk_size: 512M 	num_reg: 10  	lose cover RAM: 129020M
[    0.000088]  gran_size: 256K 	chunk_size: 1G 	num_reg: 10  	lose cover RAM: 129020M
[    0.000089]  gran_size: 256K 	chunk_size: 2G 	num_reg: 10  	lose cover RAM: 129020M
[    0.000089]  gran_size: 512K 	chunk_size: 512K 	num_reg: 10  	lose cover RAM: 129022M
[    0.000090]  gran_size: 512K 	chunk_size: 1M 	num_reg: 10  	lose cover RAM: 129022M
[    0.000090]  gran_size: 512K 	chunk_size: 2M 	num_reg: 10  	lose cover RAM: 129022M
[    0.000091]  gran_size: 512K 	chunk_size: 4M 	num_reg: 10  	lose cover RAM: 129022M
[    0.000091]  gran_size: 512K 	chunk_size: 8M 	num_reg: 10  	lose cover RAM: 129022M
[    0.000091]  gran_size: 512K 	chunk_size: 16M 	num_reg: 10  	lose cover RAM: 129022M
[    0.000092]  gran_size: 512K 	chunk_size: 32M 	num_reg: 10  	lose cover RAM: 129022M
[    0.000092]  gran_size: 512K 	chunk_size: 64M 	num_reg: 10  	lose cover RAM: 129022M
[    0.000093]  gran_size: 512K 	chunk_size: 128M 	num_reg: 10  	lose cover RAM: 129022M
[    0.000093]  gran_size: 512K 	chunk_size: 256M 	num_reg: 10  	lose cover RAM: 129022M
[    0.000094]  gran_size: 512K 	chunk_size: 512M 	num_reg: 10  	lose cover RAM: 129020M
[    0.000094]  gran_size: 512K 	chunk_size: 1G 	num_reg: 10  	lose cover RAM: 129020M
[    0.000095]  gran_size: 512K 	chunk_size: 2G 	num_reg: 10  	lose cover RAM: 129020M
[    0.000095]  gran_size: 1M 	chunk_size: 1M 	num_reg: 10  	lose cover RAM: 129022M
[    0.000095]  gran_size: 1M 	chunk_size: 2M 	num_reg: 10  	lose cover RAM: 129022M
[    0.000096]  gran_size: 1M 	chunk_size: 4M 	num_reg: 10  	lose cover RAM: 129022M
[    0.000096]  gran_size: 1M 	chunk_size: 8M 	num_reg: 10  	lose cover RAM: 129022M
[    0.000097]  gran_size: 1M 	chunk_size: 16M 	num_reg: 10  	lose cover RAM: 129022M
[    0.000097]  gran_size: 1M 	chunk_size: 32M 	num_reg: 10  	lose cover RAM: 129022M
[    0.000098]  gran_size: 1M 	chunk_size: 64M 	num_reg: 10  	lose cover RAM: 129022M
[    0.000098]  gran_size: 1M 	chunk_size: 128M 	num_reg: 10  	lose cover RAM: 129022M
[    0.000098]  gran_size: 1M 	chunk_size: 256M 	num_reg: 10  	lose cover RAM: 129022M
[    0.000099]  gran_size: 1M 	chunk_size: 512M 	num_reg: 10  	lose cover RAM: 129020M
[    0.000099]  gran_size: 1M 	chunk_size: 1G 	num_reg: 10  	lose cover RAM: 129020M
[    0.000100]  gran_size: 1M 	chunk_size: 2G 	num_reg: 10  	lose cover RAM: 129020M
[    0.000100]  gran_size: 2M 	chunk_size: 2M 	num_reg: 10  	lose cover RAM: 129022M
[    0.000101]  gran_size: 2M 	chunk_size: 4M 	num_reg: 10  	lose cover RAM: 129022M
[    0.000101]  gran_size: 2M 	chunk_size: 8M 	num_reg: 10  	lose cover RAM: 129022M
[    0.000101]  gran_size: 2M 	chunk_size: 16M 	num_reg: 10  	lose cover RAM: 129022M
[    0.000102]  gran_size: 2M 	chunk_size: 32M 	num_reg: 10  	lose cover RAM: 129022M
[    0.000102]  gran_size: 2M 	chunk_size: 64M 	num_reg: 10  	lose cover RAM: 129022M
[    0.000103]  gran_size: 2M 	chunk_size: 128M 	num_reg: 10  	lose cover RAM: 129022M
[    0.000103]  gran_size: 2M 	chunk_size: 256M 	num_reg: 10  	lose cover RAM: 129022M
[    0.000104]  gran_size: 2M 	chunk_size: 512M 	num_reg: 10  	lose cover RAM: 129020M
[    0.000104]  gran_size: 2M 	chunk_size: 1G 	num_reg: 10  	lose cover RAM: 129020M
[    0.000104]  gran_size: 2M 	chunk_size: 2G 	num_reg: 10  	lose cover RAM: 129020M
[    0.000105]  gran_size: 4M 	chunk_size: 4M 	num_reg: 10  	lose cover RAM: 129022M
[    0.000105]  gran_size: 4M 	chunk_size: 8M 	num_reg: 10  	lose cover RAM: 129022M
[    0.000106]  gran_size: 4M 	chunk_size: 16M 	num_reg: 10  	lose cover RAM: 129022M
[    0.000106]  gran_size: 4M 	chunk_size: 32M 	num_reg: 10  	lose cover RAM: 129022M
[    0.000107]  gran_size: 4M 	chunk_size: 64M 	num_reg: 10  	lose cover RAM: 129022M
[    0.000107]  gran_size: 4M 	chunk_size: 128M 	num_reg: 10  	lose cover RAM: 129022M
[    0.000107]  gran_size: 4M 	chunk_size: 256M 	num_reg: 10  	lose cover RAM: 129022M
[    0.000108]  gran_size: 4M 	chunk_size: 512M 	num_reg: 10  	lose cover RAM: 129020M
[    0.000108]  gran_size: 4M 	chunk_size: 1G 	num_reg: 10  	lose cover RAM: 129020M
[    0.000109]  gran_size: 4M 	chunk_size: 2G 	num_reg: 10  	lose cover RAM: 129020M
[    0.000109]  gran_size: 8M 	chunk_size: 8M 	num_reg: 10  	lose cover RAM: 129022M
[    0.000109]  gran_size: 8M 	chunk_size: 16M 	num_reg: 10  	lose cover RAM: 129022M
[    0.000110]  gran_size: 8M 	chunk_size: 32M 	num_reg: 10  	lose cover RAM: 129022M
[    0.000110]  gran_size: 8M 	chunk_size: 64M 	num_reg: 10  	lose cover RAM: 129022M
[    0.000111]  gran_size: 8M 	chunk_size: 128M 	num_reg: 10  	lose cover RAM: 129022M
[    0.000111]  gran_size: 8M 	chunk_size: 256M 	num_reg: 10  	lose cover RAM: 129022M
[    0.000112]  gran_size: 8M 	chunk_size: 512M 	num_reg: 10  	lose cover RAM: 129020M
[    0.000112]  gran_size: 8M 	chunk_size: 1G 	num_reg: 10  	lose cover RAM: 129020M
[    0.000112]  gran_size: 8M 	chunk_size: 2G 	num_reg: 10  	lose cover RAM: 129020M
[    0.000113]  gran_size: 16M 	chunk_size: 16M 	num_reg: 10  	lose cover RAM: 129022M
[    0.000113]  gran_size: 16M 	chunk_size: 32M 	num_reg: 10  	lose cover RAM: 129022M
[    0.000114]  gran_size: 16M 	chunk_size: 64M 	num_reg: 10  	lose cover RAM: 129022M
[    0.000114]  gran_size: 16M 	chunk_size: 128M 	num_reg: 10  	lose cover RAM: 129022M
[    0.000115]  gran_size: 16M 	chunk_size: 256M 	num_reg: 10  	lose cover RAM: 129022M
[    0.000115]  gran_size: 16M 	chunk_size: 512M 	num_reg: 10  	lose cover RAM: 129020M
[    0.000115]  gran_size: 16M 	chunk_size: 1G 	num_reg: 10  	lose cover RAM: 129020M
[    0.000116]  gran_size: 16M 	chunk_size: 2G 	num_reg: 10  	lose cover RAM: 129020M
[    0.000116]  gran_size: 32M 	chunk_size: 32M 	num_reg: 10  	lose cover RAM: 129022M
[    0.000117]  gran_size: 32M 	chunk_size: 64M 	num_reg: 10  	lose cover RAM: 129022M
[    0.000117]  gran_size: 32M 	chunk_size: 128M 	num_reg: 10  	lose cover RAM: 129022M
[    0.000118]  gran_size: 32M 	chunk_size: 256M 	num_reg: 10  	lose cover RAM: 129022M
[    0.000118]  gran_size: 32M 	chunk_size: 512M 	num_reg: 10  	lose cover RAM: 129020M
[    0.000118]  gran_size: 32M 	chunk_size: 1G 	num_reg: 10  	lose cover RAM: 129020M
[    0.000119]  gran_size: 32M 	chunk_size: 2G 	num_reg: 10  	lose cover RAM: 129020M
[    0.000119]  gran_size: 64M 	chunk_size: 64M 	num_reg: 10  	lose cover RAM: 129022M
[    0.000120]  gran_size: 64M 	chunk_size: 128M 	num_reg: 10  	lose cover RAM: 129022M
[    0.000120]  gran_size: 64M 	chunk_size: 256M 	num_reg: 10  	lose cover RAM: 129022M
[    0.000121]  gran_size: 64M 	chunk_size: 512M 	num_reg: 10  	lose cover RAM: 129020M
[    0.000121]  gran_size: 64M 	chunk_size: 1G 	num_reg: 10  	lose cover RAM: 129020M
[    0.000122]  gran_size: 64M 	chunk_size: 2G 	num_reg: 10  	lose cover RAM: 129020M
[    0.000122]  gran_size: 128M 	chunk_size: 128M 	num_reg: 10  	lose cover RAM: 129022M
[    0.000122]  gran_size: 128M 	chunk_size: 256M 	num_reg: 10  	lose cover RAM: 129022M
[    0.000123]  gran_size: 128M 	chunk_size: 512M 	num_reg: 10  	lose cover RAM: 129020M
[    0.000123]  gran_size: 128M 	chunk_size: 1G 	num_reg: 10  	lose cover RAM: 129020M
[    0.000124]  gran_size: 128M 	chunk_size: 2G 	num_reg: 10  	lose cover RAM: 129020M
[    0.000124]  gran_size: 256M 	chunk_size: 256M 	num_reg: 10  	lose cover RAM: 129022M
[    0.000125]  gran_size: 256M 	chunk_size: 512M 	num_reg: 10  	lose cover RAM: 129020M
[    0.000125]  gran_size: 256M 	chunk_size: 1G 	num_reg: 10  	lose cover RAM: 129020M
[    0.000126]  gran_size: 256M 	chunk_size: 2G 	num_reg: 10  	lose cover RAM: 129020M
[    0.000126]  gran_size: 512M 	chunk_size: 512M 	num_reg: 10  	lose cover RAM: 129276M
[    0.000126]  gran_size: 512M 	chunk_size: 1G 	num_reg: 10  	lose cover RAM: 129276M
[    0.000127]  gran_size: 512M 	chunk_size: 2G 	num_reg: 10  	lose cover RAM: 129276M
[    0.000127]  gran_size: 1G 	chunk_size: 1G 	num_reg: 10  	lose cover RAM: 129784M
[    0.000128]  gran_size: 1G 	chunk_size: 2G 	num_reg: 10  	lose cover RAM: 129784M
[    0.000128]  gran_size: 2G 	chunk_size: 2G 	num_reg: 10  	lose cover RAM: 130800M
[    0.000129] mtrr_cleanup: can not find optimal value
[    0.000129] please specify mtrr_gran_size/mtrr_chunk_size
[    0.000130] MTRR map: 8 entries (3 fixed + 5 variable; max 23), built from 10 variable MTRRs
[    0.000132] x86/PAT: Configuration [0-7]: WB  WC  UC- UC  WB  WP  UC- WT  
[    0.000453] e820: update [mem 0x70000000-0xffffffff] usable ==> reserved
[    0.000454] e820: update [mem 0x2080000000-0x20800fffff] usable ==> reserved
[    0.000456] x2apic: enabled by BIOS, switching to x2apic ops
[    0.000458] last_pfn = 0x64000 max_arch_pfn = 0x400000000
[    0.003998] esrt: Reserving ESRT space from 0x0000000050df1e98 to 0x0000000050df1fe8.
[    0.004002] e820: update [mem 0x50df1000-0x50df1fff] usable ==> reserved
[    0.004011] Using GB pages for direct mapping
[    0.004068] secureboot: Secure boot disabled
[    0.004068] RAMDISK: [mem 0x3d22c000-0x4046efff]
[    0.004070] ACPI: Early table checksum verification disabled
[    0.004073] ACPI: RSDP 0x000000005E8B6014 000024 (v02 ASUS  )
[    0.004075] ACPI: XSDT 0x000000005E852728 000174 (v01 ASUS   NUC15CR  0000001D AMI  01000013)
[    0.004079] ACPI: FACP 0x000000005E79E000 000114 (v06 ASUS   NUC15CR  0000001D AMI  01000013)
[    0.004081] ACPI: DSDT 0x000000005E72D000 070E47 (v02 ASUS   NUC15CR  0000001D INTL 20210930)
[    0.004083] ACPI: FACS 0x000000005E939000 000040
[    0.004084] ACPI: SSDT 0x000000005E7B5000 000770 (v02 ASUS   NUC15CR  0000001D INTL 20210930)
[    0.004085] ACPI: SSDT 0x000000005E7B4000 0005FB (v02 ASUS   NUC15CR  0000001D INTL 20210930)
[    0.004086] ACPI: SSDT 0x000000005E7B3000 0001AB (v02 ASUS   NUC15CR  0000001D INTL 20210930)
[    0.004087] ACPI: SSDT 0x000000005E7B2000 000394 (v02 ASUS   NUC15CR  0000001D INTL 20210930)
[    0.004088] ACPI: SSDT 0x000000005E7B0000 001BAF (v02 ASUS   NUC15CR  0000001D INTL 20210930)
[    0.004089] ACPI: SSDT 0x000000005E7AE000 001620 (v02 ASUS   NUC15CR  0000001D INTL 20210930)
[    0.004090] ACPI: SSDT 0x000000005E7AC000 001349 (v02 ASUS   NUC15CR  0000001D INTL 20210930)
[    0.004091] ACPI: SSDT 0x000000005E7AB000 000FBB (v02 ASUS   NUC15CR  0000001D INTL 20210930)
[    0.004092] ACPI: SSDT 0x000000005E7A7000 003BC8 (v02 ASUS   NUC15CR  0000001D INTL 20210930)
[    0.004093] ACPI: DTPR 0x000000005E7A6000 000088 (v01 ASUS   NUC15CR  0000001D      00000000)
[    0.004094] ACPI: SSDT 0x000000005E7A0000 0053DB (v02 ASUS   NUC15CR  0000001D INTL 20210930)
[    0.004096] ACPI: SSDT 0x000000005E79F000 000D03 (v02 ASUS   NUC15CR  0000001D INTL 20210930)
[    0.004097] ACPI: FIDT 0x000000005E72C000 00009C (v01 ASUS   NUC15CR  0000001D AMI  00010013)
[    0.004098] ACPI: SSDT 0x000000005E7B7000 00038C (v02 ASUS   NUC15CR  0000001D INTL 20210930)
[    0.004099] ACPI: SSDT 0x000000005E729000 00247E (v02 ASUS   NUC15CR  0000001D INTL 20210930)
[    0.004100] ACPI: SSDT 0x000000005E71F000 009ADA (v02 ASUS   NUC15CR  00001000 INTL 20210930)
[    0.004101] ACPI: HPET 0x000000005E7B6000 000038 (v01 ASUS   NUC15CR  0000001D AMI  01000013)
[    0.004102] ACPI: APIC 0x000000005E71E000 000358 (v05 ASUS   NUC15CR  0000001D AMI  01000013)
[    0.004103] ACPI: MCFG 0x000000005E71D000 00003C (v01 ASUS   NUC15CR  0000001D AMI  01000013)
[    0.004104] ACPI: SSDT 0x000000005E710000 00C39C (v02 ASUS   NUC15CR  0000001D INTL 20210930)
[    0.004105] ACPI: SSDT 0x000000005E70E000 00147F (v02 ASUS   NUC15CR  0000001D INTL 20210930)
[    0.004106] ACPI: SSDT 0x000000005E70A000 0038A4 (v02 ASUS   NUC15CR  0000001D INTL 20210930)
[    0.004107] ACPI: UEFI 0x000000005E809000 000048 (v01 ASUS   NUC15CR  0000001D AMI  01000013)
[    0.004108] ACPI: NHLT 0x000000005E709000 0002E3 (v00 ASUS   NUC15CR  0000001D AMI  01000013)
[    0.004109] ACPI: LPIT 0x000000005E708000 0000CC (v01 ASUS   NUC15CR  0000001D AMI  01000013)
[    0.004111] ACPI: WDAT 0x000000005E706000 000134 (v01 ASUS   NUC15CR  0000001D AMI  01000013)
[    0.004112] ACPI: SSDT 0x000000005E705000 000CA6 (v02 ASUS   NUC15CR  0000001D INTL 20210930)
[    0.004113] ACPI: SSDT 0x000000005E6FF000 005E42 (v02 ASUS   NUC15CR  0000001D INTL 20210930)
[    0.004114] ACPI: DBGP 0x000000005E6FE000 000034 (v01 ASUS   NUC15CR  0000001D AMI  01000013)
[    0.004115] ACPI: DBG2 0x000000005E6FD000 000054 (v00 ASUS   NUC15CR  0000001D AMI  01000013)
[    0.004116] ACPI: SSDT 0x000000005E6FB000 001AFE (v02 ASUS   NUC15CR  0000001D INTL 20210930)
[    0.004117] ACPI: DMAR 0x000000005E6FA000 000098 (v01 ASUS   NUC15CR  0000001D AMI  01000013)
[    0.004118] ACPI: FPDT 0x000000005E6F9000 000044 (v01 ASUS   NUC15CR  0000001D AMI  01000013)
[    0.004119] ACPI: SSDT 0x000000005E6F7000 001092 (v02 ASUS   NUC15CR  0000001D INTL 20210930)
[    0.004120] ACPI: SSDT 0x000000005E6F4000 00281A (v02 ASUS   NUC15CR  0000001D INTL 20210930)
[    0.004121] ACPI: SSDT 0x000000005E6F1000 0028D3 (v02 ASUS   NUC15CR  0000001D INTL 20210930)
[    0.004122] ACPI: BGRT 0x000000005E6F0000 000038 (v01 ASUS   NUC15CR  0000001D AMI  00010013)
[    0.004123] ACPI: SSDT 0x000000005E6EE000 0011A0 (v02 ASUS   NUC15CR  0000001D INTL 20210930)
[    0.004124] ACPI: PHAT 0x000000005E6ED000 000810 (v01 ASUS   NUC15CR  0000001D MSFT 0100000D)
[    0.004125] ACPI: TPM2 0x000000005E6EC000 00004C (v04 ASUS   NUC15CR  0000001D AMI  00000000)
[    0.004126] ACPI: WSMT 0x000000005E707000 000028 (v01 ASUS   NUC15CR  0000001D AMI  00010013)
[    0.004127] ACPI: Reserving FACP table memory at [mem 0x5e79e000-0x5e79e113]
[    0.004128] ACPI: Reserving DSDT table memory at [mem 0x5e72d000-0x5e79de46]
[    0.004128] ACPI: Reserving FACS table memory at [mem 0x5e939000-0x5e93903f]
[    0.004128] ACPI: Reserving SSDT table memory at [mem 0x5e7b5000-0x5e7b576f]
[    0.004129] ACPI: Reserving SSDT table memory at [mem 0x5e7b4000-0x5e7b45fa]
[    0.004129] ACPI: Reserving SSDT table memory at [mem 0x5e7b3000-0x5e7b31aa]
[    0.004129] ACPI: Reserving SSDT table memory at [mem 0x5e7b2000-0x5e7b2393]
[    0.004129] ACPI: Reserving SSDT table memory at [mem 0x5e7b0000-0x5e7b1bae]
[    0.004130] ACPI: Reserving SSDT table memory at [mem 0x5e7ae000-0x5e7af61f]
[    0.004130] ACPI: Reserving SSDT table memory at [mem 0x5e7ac000-0x5e7ad348]
[    0.004130] ACPI: Reserving SSDT table memory at [mem 0x5e7ab000-0x5e7abfba]
[    0.004130] ACPI: Reserving SSDT table memory at [mem 0x5e7a7000-0x5e7aabc7]
[    0.004131] ACPI: Reserving DTPR table memory at [mem 0x5e7a6000-0x5e7a6087]
[    0.004131] ACPI: Reserving SSDT table memory at [mem 0x5e7a0000-0x5e7a53da]
[    0.004131] ACPI: Reserving SSDT table memory at [mem 0x5e79f000-0x5e79fd02]
[    0.004131] ACPI: Reserving FIDT table memory at [mem 0x5e72c000-0x5e72c09b]
[    0.004132] ACPI: Reserving SSDT table memory at [mem 0x5e7b7000-0x5e7b738b]
[    0.004132] ACPI: Reserving SSDT table memory at [mem 0x5e729000-0x5e72b47d]
[    0.004132] ACPI: Reserving SSDT table memory at [mem 0x5e71f000-0x5e728ad9]
[    0.004132] ACPI: Reserving HPET table memory at [mem 0x5e7b6000-0x5e7b6037]
[    0.004133] ACPI: Reserving APIC table memory at [mem 0x5e71e000-0x5e71e357]
[    0.004133] ACPI: Reserving MCFG table memory at [mem 0x5e71d000-0x5e71d03b]
[    0.004133] ACPI: Reserving SSDT table memory at [mem 0x5e710000-0x5e71c39b]
[    0.004133] ACPI: Reserving SSDT table memory at [mem 0x5e70e000-0x5e70f47e]
[    0.004134] ACPI: Reserving SSDT table memory at [mem 0x5e70a000-0x5e70d8a3]
[    0.004134] ACPI: Reserving UEFI table memory at [mem 0x5e809000-0x5e809047]
[    0.004134] ACPI: Reserving NHLT table memory at [mem 0x5e709000-0x5e7092e2]
[    0.004134] ACPI: Reserving LPIT table memory at [mem 0x5e708000-0x5e7080cb]
[    0.004135] ACPI: Reserving WDAT table memory at [mem 0x5e706000-0x5e706133]
[    0.004135] ACPI: Reserving SSDT table memory at [mem 0x5e705000-0x5e705ca5]
[    0.004135] ACPI: Reserving SSDT table memory at [mem 0x5e6ff000-0x5e704e41]
[    0.004135] ACPI: Reserving DBGP table memory at [mem 0x5e6fe000-0x5e6fe033]
[    0.004136] ACPI: Reserving DBG2 table memory at [mem 0x5e6fd000-0x5e6fd053]
[    0.004136] ACPI: Reserving SSDT table memory at [mem 0x5e6fb000-0x5e6fcafd]
[    0.004136] ACPI: Reserving DMAR table memory at [mem 0x5e6fa000-0x5e6fa097]
[    0.004136] ACPI: Reserving FPDT table memory at [mem 0x5e6f9000-0x5e6f9043]
[    0.004137] ACPI: Reserving SSDT table memory at [mem 0x5e6f7000-0x5e6f8091]
[    0.004137] ACPI: Reserving SSDT table memory at [mem 0x5e6f4000-0x5e6f6819]
[    0.004137] ACPI: Reserving SSDT table memory at [mem 0x5e6f1000-0x5e6f38d2]
[    0.004137] ACPI: Reserving BGRT table memory at [mem 0x5e6f0000-0x5e6f0037]
[    0.004138] ACPI: Reserving SSDT table memory at [mem 0x5e6ee000-0x5e6ef19f]
[    0.004138] ACPI: Reserving PHAT table memory at [mem 0x5e6ed000-0x5e6ed80f]
[    0.004138] ACPI: Reserving TPM2 table memory at [mem 0x5e6ec000-0x5e6ec04b]
[    0.004138] ACPI: Reserving WSMT table memory at [mem 0x5e707000-0x5e707027]
[    0.004173] APIC: Switched APIC routing to: cluster x2apic
[    0.004307] No NUMA configuration found
[    0.004307] Faking a node at [mem 0x0000000000000000-0x000000207fffffff]
[    0.004311] NODE_DATA(0) allocated [mem 0x207ffd5280-0x207fffffff]
[    0.004392] crashkernel reserved: 0x000000002d000000 - 0x000000003d000000 (256 MB)
[    0.004464] Zone ranges:
[    0.004465]   DMA      [mem 0x0000000000001000-0x0000000000ffffff]
[    0.004466]   DMA32    [mem 0x0000000001000000-0x00000000ffffffff]
[    0.004466]   Normal   [mem 0x0000000100000000-0x000000207fffffff]
[    0.004467]   Device   empty
[    0.004467] Movable zone start for each node
[    0.004468] Early memory node ranges
[    0.004469]   node   0: [mem 0x0000000000001000-0x000000000009efff]
[    0.004469]   node   0: [mem 0x0000000000100000-0x00000000545f1fff]
[    0.004470]   node   0: [mem 0x0000000063fff000-0x0000000063ffffff]
[    0.004470]   node   0: [mem 0x0000000100000000-0x000000207fffffff]
[    0.004474] Initmem setup node 0 [mem 0x0000000000001000-0x000000207fffffff]
[    0.004477] On node 0, zone DMA: 1 pages in unavailable ranges
[    0.004494] On node 0, zone DMA: 97 pages in unavailable ranges
[    0.005974] On node 0, zone DMA32: 31245 pages in unavailable ranges
[    0.136845] On node 0, zone Normal: 16384 pages in unavailable ranges
[    0.137452] ACPI: PM-Timer IO Port: 0x1808
[    0.137459] ACPI: X2APIC_NMI (uid[0xffffffff] high level lint[0x1])
[    0.137492] IOAPIC[0]: apic_id 2, version 32, address 0xfec00000, GSI 0-119
[    0.137493] ACPI: INT_SRC_OVR (bus 0 bus_irq 0 global_irq 2 dfl dfl)
[    0.137494] ACPI: INT_SRC_OVR (bus 0 bus_irq 9 global_irq 9 high level)
[    0.137496] ACPI: Using ACPI (MADT) for SMP configuration information
[    0.137497] ACPI: HPET id: 0x8086a201 base: 0xfed00000
[    0.137503] e820: update [mem 0x483a2000-0x483d0fff] usable ==> reserved
[    0.137509] TSC deadline timer available
[    0.137510] CPU topo: Max. logical packages:   1
[    0.137510] CPU topo: Max. logical nodes:      1
[    0.137511] CPU topo: Num. nodes per package:  1
[    0.137511] CPU topo: Max. logical dies:       1
[    0.137511] CPU topo: Max. dies per package:   1
[    0.137513] CPU topo: Max. threads per core:   1
[    0.137513] CPU topo: Num. cores per package:    16
[    0.137514] CPU topo: Num. threads per package:  16
[    0.137514] CPU topo: Allowing 16 present CPUs plus 0 hotplug CPUs
[    0.137523] PM: hibernation: Registered nosave memory: [mem 0x00000000-0x00000fff]
[    0.137524] PM: hibernation: Registered nosave memory: [mem 0x0009f000-0x000fffff]
[    0.137524] PM: hibernation: Registered nosave memory: [mem 0x483a2000-0x483d0fff]
[    0.137525] PM: hibernation: Registered nosave memory: [mem 0x50df1000-0x50df1fff]
[    0.137526] PM: hibernation: Registered nosave memory: [mem 0x545f2000-0x63ffefff]
[    0.137526] PM: hibernation: Registered nosave memory: [mem 0x64000000-0xffffffff]
[    0.137527] [mem 0x78800000-0xfdffffff] available for PCI devices
[    0.137528] Booting paravirtualized kernel on bare hardware
[    0.137530] clocksource: refined-jiffies: mask: 0xffffffff max_cycles: 0xffffffff, max_idle_ns: 1910969940391419 ns
[    0.141796] setup_percpu: NR_CPUS:8192 nr_cpumask_bits:16 nr_cpu_ids:16 nr_node_ids:1
[    0.142488] percpu: Embedded 84 pages/cpu s221184 r8192 d114688 u524288
[    0.142491] pcpu-alloc: s221184 r8192 d114688 u524288 alloc=1*2097152
[    0.142493] pcpu-alloc: [0] 00 01 02 03 [0] 04 05 06 07 
[    0.142495] pcpu-alloc: [0] 08 09 10 11 [0] 12 13 14 15 
[    0.142504] Kernel command line: BOOT_IMAGE=(hd0,gpt5)/vmlinuz-6.19.14-200.fc43.x86_64 root=UUID=34e34fc2-47b6-41bd-b739-8a1c79788cb2 ro rootflags=subvol=root rhgb quiet module_blacklist=nouveau,nova_core rd.driver.blacklist=nouveau,nova_core modprobe.blacklist=nouveau,nova_core pcie_aspm.policy=performance thunderbolt.clx=0 pcie_port_pm=off pci=realloc=off,pcie_bus_perf,hpmmioprefsize=256M,resource_alignment=35@0000:03:00.0 crashkernel=256M iommu=off intel_iommu=off thunderbolt.dyndbg=+pflm thunderbolt.host_reset=false
[    0.142592] DMAR: IOMMU disabled
[    0.142609] Unknown kernel command line parameters "rhgb", will be passed to user space.
[    0.142617] printk: log buffer data + meta data: 262144 + 917504 = 1179648 bytes
[    0.146817] Dentry cache hash table entries: 8388608 (order: 14, 67108864 bytes, linear)
[    0.148908] Inode-cache hash table entries: 4194304 (order: 13, 33554432 bytes, linear)
[    0.149011] Fallback order for Node 0: 0 
[    0.149013] Built 1 zonelists, mobility grouping on.  Total pages: 33375633
[    0.149014] Policy zone: Normal
[    0.149178] mem auto-init: stack:all(zero), heap alloc:on, heap free:off
[    0.298262] SLUB: HWalign=64, Order=0-3, MinObjects=0, CPUs=16, Nodes=1
[    0.306401] ftrace: allocating 63440 entries in 248 pages
[    0.306402] ftrace: allocated 248 pages with 5 groups
[    0.306852] Dynamic Preempt: lazy
[    0.306913] rcu: Preemptible hierarchical RCU implementation.
[    0.306913] rcu: 	RCU event tracing is enabled.
[    0.306914] rcu: 	RCU restricting CPUs from NR_CPUS=8192 to nr_cpu_ids=16.
[    0.306915] 	Trampoline variant of Tasks RCU enabled.
[    0.306915] 	Rude variant of Tasks RCU enabled.
[    0.306915] 	Tracing variant of Tasks RCU enabled.
[    0.306916] rcu: RCU calculated value of scheduler-enlistment delay is 100 jiffies.
[    0.306916] rcu: Adjusting geometry for rcu_fanout_leaf=16, nr_cpu_ids=16
[    0.306924] RCU Tasks: Setting shift to 4 and lim to 1 rcu_task_cb_adjust=1 rcu_task_cpu_ids=16.
[    0.306926] RCU Tasks Rude: Setting shift to 4 and lim to 1 rcu_task_cb_adjust=1 rcu_task_cpu_ids=16.
[    0.306927] RCU Tasks Trace: Setting shift to 4 and lim to 1 rcu_task_cb_adjust=1 rcu_task_cpu_ids=16.
[    0.309323] NR_IRQS: 524544, nr_irqs: 2184, preallocated irqs: 16
[    0.309617] rcu: srcu_init: Setting srcu_struct sizes based on contention.
[    0.310455] kfence: initialized - using 2097152 bytes for 255 objects at 0x(____ptrval____)-0x(____ptrval____)
[    0.310493] Console: colour dummy device 80x25
[    0.310495] printk: legacy console [tty0] enabled
[    0.310528] ACPI: Core revision 20250807
[    0.310799] hpet: HPET dysfunctional in PC10. Force disabled.
[    0.310892] APIC: Switch to symmetric I/O mode setup
[    0.310894] DMAR: Host address width 42
[    0.310894] DMAR: DRHD base: 0x000000fc800000 flags: 0x0
[    0.310902] DMAR: dmar0: reg_base_addr fc800000 ver 7:0 cap c9de008cee690462 ecap 12ca9a00f0ef5e
[    0.310904] DMAR: DRHD base: 0x000000fc801000 flags: 0x1
[    0.310907] DMAR: dmar1: reg_base_addr fc801000 ver 7:0 cap c9de008cee690462 ecap 12ca9a00f0efde
[    0.310908] DMAR: SATC flags: 0x1
[    0.310911] DMAR-IR: IOAPIC id 2 under DRHD base  0xfc801000 IOMMU 1
[    0.310911] DMAR-IR: HPET id 0 under DRHD base 0xfc801000
[    0.310912] DMAR-IR: Queued invalidation will be enabled to support x2apic and Intr-remapping.
[    0.312449] DMAR-IR: Enabled IRQ remapping in x2apic mode
[    0.316511] clocksource: tsc-early: mask: 0xffffffffffffffff max_cycles: 0x6a464ae9873, max_idle_ns: 881590529744 ns
[    0.316517] Calibrating delay loop (skipped), value calculated using timer frequency.. 7372.80 BogoMIPS (lpj=3686400)
[    0.316566] CPU0: Thermal monitoring enabled (TM1)
[    0.316568] x86/cpu: User Mode Instruction Prevention (UMIP) activated
[    0.316729] CET detected: Indirect Branch Tracking enabled
[    0.316730] Last level iTLB entries: 4KB 0, 2MB 0, 4MB 0
[    0.316731] Last level dTLB entries: 4KB 0, 2MB 0, 4MB 0, 1GB 0
[    0.316733] process: using mwait in idle threads
[    0.316735] mitigations: Enabled attack vectors: user_kernel, user_user, guest_host, guest_guest, SMT mitigations: auto
[    0.316737] Speculative Store Bypass: Mitigation: Speculative Store Bypass disabled via prctl
[    0.316738] Spectre V2 : Mitigation: Enhanced / Automatic IBRS
[    0.316738] VMSCAPE: Mitigation: IBPB before exit to userspace
[    0.316739] Spectre V1 : Mitigation: usercopy/swapgs barriers and __user pointer sanitization
[    0.316740] Spectre V2 : mitigation: Enabling conditional Indirect Branch Prediction Barrier
[    0.316747] x86/fpu: Supporting XSAVE feature 0x001: 'x87 floating point registers'
[    0.316748] x86/fpu: Supporting XSAVE feature 0x002: 'SSE registers'
[    0.316748] x86/fpu: Supporting XSAVE feature 0x004: 'AVX registers'
[    0.316749] x86/fpu: Supporting XSAVE feature 0x200: 'Protection Keys User registers'
[    0.316749] x86/fpu: Supporting XSAVE feature 0x800: 'Control-flow User registers'
[    0.316750] x86/fpu: Supporting XSAVE feature 0x1000: 'Control-flow Kernel registers (KVM only)'
[    0.316750] x86/fpu: xstate_offset[2]:  576, xstate_sizes[2]:  256
[    0.316751] x86/fpu: xstate_offset[9]:  832, xstate_sizes[9]:    8
[    0.316752] x86/fpu: xstate_offset[11]:  840, xstate_sizes[11]:   16
[    0.316752] x86/fpu: xstate_offset[12]:  856, xstate_sizes[12]:   24
[    0.316752] x86/fpu: Enabled xstate features 0x1a07, context size is 880 bytes, using 'compacted' format.
[    0.317515] Freeing SMP alternatives memory: 56K
[    0.317515] pid_max: default: 32768 minimum: 301
[    0.317515] Yama: becoming mindful.
[    0.317515] SELinux:  Initializing.
[    0.317515] LSM support for eBPF active
[    0.317515] landlock: Up and running.
[    0.317515] Mount-cache hash table entries: 131072 (order: 8, 1048576 bytes, linear)
[    0.317515] Mountpoint-cache hash table entries: 131072 (order: 8, 1048576 bytes, linear)
[    0.317515] smpboot: CPU0: Intel(R) Core(TM) Ultra 9 285H (family: 0x6, model: 0xc5, stepping: 0x2)
[    0.317515] Performance Events: XSAVE Architectural LBR, PEBS fmt5+-baseline,  AnyThread deprecated, ArrowLake-H Hybrid events, 32-deep LBR, full-width counters, Intel PMU driver.
[    0.317515] core: cpu_core PMU driver: 
[    0.317515] ... version:                   5
[    0.317515] ... bit width:                 48
[    0.317515] ... generic counters:          10
[    0.317515] ... generic bitmap:            00000000000003ff
[    0.317515] ... fixed-purpose counters:    4
[    0.317515] ... fixed-purpose bitmap:      000000000000000f
[    0.317515] ... value mask:                0000ffffffffffff
[    0.317515] ... max period:                00007fffffffffff
[    0.317515] ... global_ctrl mask:          0001000f000003ff
[    0.317515] signal: max sigframe size: 3632
[    0.317515] Estimated ratio of average max frequency by base frequency (times 1024): 1411
[    0.317515] rcu: Hierarchical SRCU implementation.
[    0.317515] rcu: 	Max phase no-delay instances is 400.
[    0.317515] Timer migration: 2 hierarchy levels; 8 children per group; 2 crossnode level
[    0.317515] NMI watchdog: Enabled. Permanently consumes one hw-PMU counter.
[    0.317554] smp: Bringing up secondary CPUs ...
[    0.317608] smpboot: x86: Booting SMP configuration:
[    0.317609] .... node  #0, CPUs:        #1  #2  #3  #4  #5  #6  #7  #8  #9 #10 #11 #12 #13 #14 #15
[    0.007144] core: The event 0x5d0 is not supported as an auto-counter reload event.
[    0.007144] core: cpu_atom PMU driver: 
[    0.007144] ... version:                   5
[    0.007144] ... bit width:                 48
[    0.007144] ... generic counters:          8
[    0.007144] ... generic bitmap:            00000000000000ff
[    0.007144] ... fixed-purpose counters:    6
[    0.007144] ... fixed-purpose bitmap:      0000000000000077
[    0.007144] ... value mask:                0000ffffffffffff
[    0.007144] ... max period:                00007fffffffffff
[    0.007144] ... global_ctrl mask:          00000077000000ff
[    0.007144] core: cpu_lowpower PMU driver: 
[    0.007144] ... version:                   5
[    0.007144] ... bit width:                 48
[    0.007144] ... generic counters:          8
[    0.007144] ... generic bitmap:            00000000000000ff
[    0.007144] ... fixed-purpose counters:    3
[    0.007144] ... fixed-purpose bitmap:      0000000000000007
[    0.007144] ... value mask:                0000ffffffffffff
[    0.007144] ... max period:                00007fffffffffff
[    0.007144] ... global_ctrl mask:          00000007000000ff
[    0.322609] smp: Brought up 1 node, 16 CPUs
[    0.322609] smpboot: Total of 16 processors activated (117964.80 BogoMIPS)
[    0.323640] Memory: 130695208K/133502532K available (22601K kernel code, 4588K rwdata, 17852K rodata, 5200K init, 5788K bss, 2777568K reserved, 0K cma-reserved)
[    0.327163] devtmpfs: initialized
[    0.327163] x86/mm: Memory block size: 2048MB
[    0.327752] ACPI: PM: Registering ACPI NVS region [mem 0x5e7b8000-0x5e93efff] (1601536 bytes)
[    0.327752] clocksource: jiffies: mask: 0xffffffff max_cycles: 0xffffffff, max_idle_ns: 1911260446275000 ns
[    0.327752] posixtimers hash table entries: 8192 (order: 5, 131072 bytes, linear)
[    0.327752] futex hash table entries: 4096 (262144 bytes on 1 NUMA nodes, total 256 KiB, linear).
[    0.327782] PM: RTC time: 19:36:22, date: 2026-05-08
[    0.328075] NET: Registered PF_NETLINK/PF_ROUTE protocol family
[    0.328791] DMA: preallocated 4096 KiB GFP_KERNEL pool for atomic allocations
[    0.329082] DMA: preallocated 4096 KiB GFP_KERNEL|GFP_DMA pool for atomic allocations
[    0.329367] DMA: preallocated 4096 KiB GFP_KERNEL|GFP_DMA32 pool for atomic allocations
[    0.329372] audit: initializing netlink subsys (disabled)
[    0.329383] audit: type=2000 audit(1778268982.012:1): state=initialized audit_enabled=0 res=1
[    0.329383] thermal_sys: Registered thermal governor 'fair_share'
[    0.329383] thermal_sys: Registered thermal governor 'bang_bang'
[    0.329383] thermal_sys: Registered thermal governor 'step_wise'
[    0.329383] thermal_sys: Registered thermal governor 'user_space'
[    0.329383] cpuidle: using governor menu
[    0.333164] efi: Freeing EFI boot services memory: 202076K
[    0.333166] acpiphp: ACPI Hot Plug PCI Controller Driver version: 0.5
[    0.333234] PCI: ECAM [mem 0xc0000000-0xcfffffff] (base 0xc0000000) for domain 0000 [bus 00-ff]
[    0.333244] PCI: Using configuration type 1 for base access
[    0.333318] kprobes: kprobe jump-optimization is enabled. All kprobes are optimized if possible.
[    0.333525] HugeTLB: registered 1.00 GiB page size, pre-allocated 0 pages
[    0.333526] HugeTLB: 16380 KiB vmemmap can be freed for a 1.00 GiB page
[    0.333527] HugeTLB: registered 2.00 MiB page size, pre-allocated 0 pages
[    0.333527] HugeTLB: 28 KiB vmemmap can be freed for a 2.00 MiB page
[    0.334954] raid6: skipped pq benchmark and selected avx2x4
[    0.334955] raid6: using avx2x2 recovery algorithm
[    0.334998] ACPI: Added _OSI(Module Device)
[    0.334999] ACPI: Added _OSI(Processor Device)
[    0.334999] ACPI: Added _OSI(Processor Aggregator Device)
[    0.378183] ACPI: 25 ACPI AML tables successfully acquired and loaded
[    0.382762] ACPI: USB4 _OSC: OS supports USB3+ DisplayPort+ PCIe+ XDomain+
[    0.382763] ACPI: USB4 _OSC: OS controls USB3+ DisplayPort+ PCIe+ XDomain+
[    0.584522] ACPI: EC: EC started
[    0.584522] ACPI: EC: interrupt blocked
[    0.584922] ACPI: EC: EC_CMD/EC_SC=0x66, EC_DATA=0x62
[    0.584923] ACPI: \_SB_.PC00.LPCB.H_EC: Boot DSDT EC used to handle transactions
[    0.584923] ACPI: Interpreter enabled
[    0.584950] ACPI: PM: (supports S0 S3 S4 S5)
[    0.584950] ACPI: Using IOAPIC for interrupt routing
[    0.585756] PCI: Using host bridge windows from ACPI; if necessary, use "pci=nocrs" and report a bug
[    0.585756] PCI: Ignoring E820 reservations for host bridge windows
[    0.586903] ACPI: Enabled 13 GPEs in block 00 to 7F
[    0.586921] ACPI: Enabled 8 GPEs in block 80 to DF
[    0.589705] ACPI: \_SB_.PC00.RP04.PXP_: New power resource
[    0.590389] ACPI: \_SB_.PC00.RP05.PXP_: New power resource
[    0.694375] ACPI: \_SB_.PC00.RP11.PXP_: New power resource
[    0.694953] ACPI: \_SB_.PC00.RP12.PXP_: New power resource
[    0.696956] ACPI: \_SB_.PC00.XHCI.RHUB.HS10.BTRT: New power resource
[    0.696980] ACPI: \_SB_.PC00.XHCI.RHUB.HS10.DBTR: New power resource
[    0.697106] ACPI: \_SB_.PC00.PAUD: New power resource
[    0.702752] ACPI: \_SB_.PC00.CNVW.WRST: New power resource
[    0.710378] ACPI: \_SB_.PC00.TBT0: New power resource
[    0.710405] ACPI: \_SB_.PC00.TBT1: New power resource
[    0.710430] ACPI: \_SB_.PC00.D3C_: New power resource
[    0.720280] ACPI: \_TZ_.FN00: New power resource
[    0.720306] ACPI: \_TZ_.FN01: New power resource
[    0.720331] ACPI: \_TZ_.FN02: New power resource
[    0.720355] ACPI: \_TZ_.FN03: New power resource
[    0.720378] ACPI: \_TZ_.FN04: New power resource
[    0.720692] ACPI: \PIN_: New power resource
[    0.721145] ACPI: PCI Root Bridge [PC00] (domain 0000 [bus 00-fe])
[    0.721149] acpi PNP0A08:00: _OSC: OS supports [ExtendedConfig ASPM ClockPM Segments MSI EDR HPX-Type3]
[    0.722357] acpi PNP0A08:00: _OSC: OS now controls [PCIeHotplug SHPCHotplug PME AER PCIeCapability LTR DPC]
[    0.723270] PCI host bridge to bus 0000:00
[    0.723272] pci_bus 0000:00: root bus resource [io  0x0000-0x0cf7 window]
[    0.723273] pci_bus 0000:00: root bus resource [io  0x0d00-0xffff window]
[    0.723273] pci_bus 0000:00: root bus resource [mem 0x000a0000-0x000bffff window]
[    0.723274] pci_bus 0000:00: root bus resource [mem 0x80000000-0xbfffffff window]
[    0.723275] pci_bus 0000:00: root bus resource [mem 0x4000000000-0x3ffbfffffff window]
[    0.723275] pci_bus 0000:00: root bus resource [bus 00-fe]
[    0.723813] pci 0000:00:00.0: [8086:7d06] type 00 class 0x060000 conventional PCI endpoint
[    0.723943] pci 0000:00:01.0: [8086:7ecc] type 01 class 0x060400 PCIe Root Port
[    0.723963] pci 0000:00:01.0: PCI bridge to [bus 01]
[    0.723968] pci 0000:00:01.0:   bridge window [mem 0x90300000-0x903fffff]
[    0.724035] pci 0000:00:01.0: PME# supported from D0 D3hot D3cold
[    0.724066] pci 0000:00:01.0: PTM enabled (root), 4ns granularity
[    0.724503] pci 0000:00:02.0: [8086:7d51] type 00 class 0x030000 PCIe Root Complex Integrated Endpoint
[    0.724531] pci 0000:00:02.0: BAR 0 [mem 0x5837000000-0x5837ffffff 64bit pref]
[    0.724533] pci 0000:00:02.0: BAR 2 [mem 0x5020000000-0x502fffffff 64bit pref]
[    0.724551] pci 0000:00:02.0: DMAR: Skip IOMMU disabling for graphics
[    0.724554] pci 0000:00:02.0: Video device with shadowed ROM at [mem 0x000c0000-0x000dffff]
[    0.724589] pci 0000:00:02.0: PME# supported from D0 D3hot
[    0.724613] pci 0000:00:02.0: VF BAR 0 [mem 0x5830000000-0x5830ffffff 64bit pref]
[    0.724614] pci 0000:00:02.0: VF BAR 0 [mem 0x5830000000-0x5836ffffff 64bit pref]: contains BAR 0 for 7 VFs
[    0.724749] pci 0000:00:04.0: [8086:7d03] type 00 class 0x118000 conventional PCI endpoint
[    0.724787] pci 0000:00:04.0: BAR 0 [mem 0x58402c0000-0x58402dffff 64bit]
[    0.724968] pci 0000:00:07.0: [8086:7ec4] type 01 class 0x060400 PCIe Root Port
[    0.724990] pci 0000:00:07.0: PCI bridge to [bus 02-2b]
[    0.724993] pci 0000:00:07.0:   bridge window [io  0x3000-0x3fff]
[    0.724996] pci 0000:00:07.0:   bridge window [mem 0x80000000-0x89efffff]
[    0.725004] pci 0000:00:07.0:   bridge window [mem 0x4000000000-0x5013ffffff 64bit pref]
[    0.725065] pci 0000:00:07.0: PME# supported from D0 D3hot D3cold
[    0.725091] pci 0000:00:07.0: PTM enabled (root), 4ns granularity
[    0.725526] pci 0000:00:07.2: [8086:7ec6] type 01 class 0x060400 PCIe Root Port
[    0.725550] pci 0000:00:07.2: PCI bridge to [bus 2c-55]
[    0.725556] pci 0000:00:07.2:   bridge window [mem 0x8a000000-0x8fffffff]
[    0.725565] pci 0000:00:07.2:   bridge window [mem 0x5030000000-0x582fffffff 64bit pref]
[    0.725632] pci 0000:00:07.2: PME# supported from D0 D3hot D3cold
[    0.725661] pci 0000:00:07.2: PTM enabled (root), 4ns granularity
[    0.726104] pci 0000:00:08.0: [8086:774c] type 00 class 0x088000 conventional PCI endpoint
[    0.726141] pci 0000:00:08.0: BAR 0 [mem 0x5840322000-0x5840322fff 64bit]
[    0.726231] pci 0000:00:0a.0: [8086:7d0d] type 00 class 0x118000 PCIe Root Complex Integrated Endpoint
[    0.726251] pci 0000:00:0a.0: BAR 0 [mem 0x5840280000-0x58402bffff 64bit]
[    0.726258] pci 0000:00:0a.0: enabling Extended Tags
[    0.726323] pci 0000:00:0b.0: [8086:7d1d] type 00 class 0x120000 PCIe Root Complex Integrated Endpoint
[    0.726347] pci 0000:00:0b.0: BAR 0 [mem 0x5838000000-0x583fffffff 64bit]
[    0.726350] pci 0000:00:0b.0: BAR 4 [mem 0x5840321000-0x5840321fff 64bit]
[    0.726439] pci 0000:00:0d.0: [8086:7ec0] type 00 class 0x0c0330 conventional PCI endpoint
[    0.726474] pci 0000:00:0d.0: BAR 0 [mem 0x5840300000-0x584030ffff 64bit]
[    0.726513] pci 0000:00:0d.0: PME# supported from D3hot D3cold
[    0.726754] pci 0000:00:0d.2: [8086:7ec2] type 00 class 0x0c0340 conventional PCI endpoint
[    0.726787] pci 0000:00:0d.2: BAR 0 [mem 0x5840240000-0x584027ffff 64bit]
[    0.726789] pci 0000:00:0d.2: BAR 2 [mem 0x5840320000-0x5840320fff 64bit]
[    0.726821] pci 0000:00:0d.2: supports D1 D2
[    0.726822] pci 0000:00:0d.2: PME# supported from D0 D1 D2 D3hot D3cold
[    0.726899] pci 0000:00:0d.3: [8086:7ec3] type 00 class 0x0c0340 conventional PCI endpoint
[    0.726932] pci 0000:00:0d.3: BAR 0 [mem 0x5840200000-0x584023ffff 64bit]
[    0.726935] pci 0000:00:0d.3: BAR 2 [mem 0x584031f000-0x584031ffff 64bit]
[    0.726966] pci 0000:00:0d.3: supports D1 D2
[    0.726967] pci 0000:00:0d.3: PME# supported from D0 D1 D2 D3hot D3cold
[    0.727069] pci 0000:00:12.0: [8086:7745] type 00 class 0x070000 conventional PCI endpoint
[    0.727102] pci 0000:00:12.0: BAR 0 [mem 0x58402f0000-0x58402fffff 64bit]
[    0.727138] pci 0000:00:12.0: PME# supported from D0 D3hot
[    0.727549] pci 0000:00:14.0: [8086:777d] type 00 class 0x0c0330 conventional PCI endpoint
[    0.727583] pci 0000:00:14.0: BAR 0 [mem 0x58402e0000-0x58402effff 64bit]
[    0.727620] pci 0000:00:14.0: PME# supported from D3hot D3cold
[    0.727871] pci 0000:00:14.2: [8086:777f] type 00 class 0x050000 conventional PCI endpoint
[    0.727914] pci 0000:00:14.2: BAR 0 [mem 0x5840318000-0x584031bfff 64bit]
[    0.727917] pci 0000:00:14.2: BAR 2 [mem 0x584031e000-0x584031efff 64bit]
[    0.728017] pci 0000:00:14.3: [8086:7740] type 00 class 0x028000 PCIe Root Complex Integrated Endpoint
[    0.728047] pci 0000:00:14.3: BAR 0 [mem 0x5840314000-0x5840317fff 64bit]
[    0.728056] pci 0000:00:14.3: enabling Extended Tags
[    0.728093] pci 0000:00:14.3: PME# supported from D0 D3hot D3cold
[    0.728287] pci 0000:00:16.0: [8086:7770] type 00 class 0x078000 conventional PCI endpoint
[    0.728338] pci 0000:00:16.0: BAR 0 [mem 0x584031d000-0x584031dfff 64bit]
[    0.728388] pci 0000:00:16.0: PME# supported from D3hot
[    0.728821] pci 0000:00:1c.0: [8086:773c] type 01 class 0x060400 PCIe Root Port
[    0.728841] pci 0000:00:1c.0: PCI bridge to [bus 56]
[    0.728845] pci 0000:00:1c.0:   bridge window [mem 0x90000000-0x902fffff]
[    0.728912] pci 0000:00:1c.0: PME# supported from D0 D3hot D3cold
[    0.728941] pci 0000:00:1c.0: PTM enabled (root), 4ns granularity
[    0.729364] pci 0000:00:1f.0: [8086:7702] type 00 class 0x060100 conventional PCI endpoint
[    0.729667] pci 0000:00:1f.3: [8086:7728] type 00 class 0x040100 conventional PCI endpoint
[    0.729778] pci 0000:00:1f.3: BAR 0 [mem 0x5840310000-0x5840313fff 64bit]
[    0.729782] pci 0000:00:1f.3: BAR 4 [mem 0x5840000000-0x58401fffff 64bit]
[    0.729886] pci 0000:00:1f.3: PME# supported from D3hot D3cold
[    0.729947] pci 0000:00:1f.4: [8086:7722] type 00 class 0x0c0500 conventional PCI endpoint
[    0.729992] pci 0000:00:1f.4: BAR 0 [mem 0x584031c000-0x584031c0ff 64bit]
[    0.729996] pci 0000:00:1f.4: BAR 4 [io  0xefa0-0xefbf]
[    0.730140] pci 0000:00:1f.5: [8086:7723] type 00 class 0x0c8000 conventional PCI endpoint
[    0.730236] pci 0000:00:1f.5: BAR 0 [mem 0xfe010000-0xfe010fff]
[    0.730345] pci 0000:01:00.0: [144d:a80c] type 00 class 0x010802 PCIe Endpoint
[    0.730389] pci 0000:01:00.0: BAR 0 [mem 0x90300000-0x90303fff 64bit]
[    0.730960] pci 0000:00:01.0: PCI bridge to [bus 01]
[    0.731038] pci 0000:02:00.0: [8086:5786] type 01 class 0x060400 PCIe Switch Upstream Port
[    0.731084] pci 0000:02:00.0: PCI bridge to [bus 03-2b]
[    0.731093] pci 0000:02:00.0:   bridge window [io  0x3000-0x3fff]
[    0.731097] pci 0000:02:00.0:   bridge window [mem 0x80000000-0x89efffff]
[    0.731114] pci 0000:02:00.0:   bridge window [mem 0x4000000000-0x5013ffffff 64bit pref]
[    0.731134] pci 0000:02:00.0: enabling Extended Tags
[    0.731296] pci 0000:02:00.0: supports D1 D2
[    0.731296] pci 0000:02:00.0: PME# supported from D0 D1 D2 D3hot D3cold
[    0.731432] pci 0000:02:00.0: PTM enabled, 4ns granularity
[    0.733532] pci 0000:00:07.0: PCI bridge to [bus 02-2b]
[    0.733637] pci 0000:03:00.0: [8086:5786] type 01 class 0x060400 PCIe Switch Downstream Port
[    0.733683] pci 0000:03:00.0: PCI bridge to [bus 04]
[    0.733692] pci 0000:03:00.0:   bridge window [io  0x3000-0x3fff]
[    0.733697] pci 0000:03:00.0:   bridge window [mem 0x80000000-0x840fffff]
[    0.733714] pci 0000:03:00.0:   bridge window [mem 0x4000000000-0x48140fffff 64bit pref]
[    0.733736] pci 0000:03:00.0: enabling Extended Tags
[    0.733945] pci 0000:03:00.0: supports D1 D2
[    0.733945] pci 0000:03:00.0: PME# supported from D0 D1 D2 D3hot D3cold
[    0.734337] pci 0000:03:01.0: [8086:5786] type 01 class 0x060400 PCIe Switch Downstream Port
[    0.734383] pci 0000:03:01.0: PCI bridge to [bus 05-11]
[    0.734396] pci 0000:03:01.0:   bridge window [mem 0x88000000-0x89efffff]
[    0.734413] pci 0000:03:01.0:   bridge window [mem 0x4d69600000-0x5013ffffff 64bit pref]
[    0.734435] pci 0000:03:01.0: enabling Extended Tags
[    0.734607] pci 0000:03:01.0: supports D1 D2
[    0.734608] pci 0000:03:01.0: PME# supported from D0 D1 D2 D3hot D3cold
[    0.734920] pci 0000:03:02.0: [8086:5786] type 01 class 0x060400 PCIe Switch Downstream Port
[    0.734966] pci 0000:03:02.0: PCI bridge to [bus 12-1e]
[    0.734979] pci 0000:03:02.0:   bridge window [mem 0x86100000-0x87ffffff]
[    0.734996] pci 0000:03:02.0:   bridge window [mem 0x4abec00000-0x4d695fffff 64bit pref]
[    0.735018] pci 0000:03:02.0: enabling Extended Tags
[    0.735191] pci 0000:03:02.0: supports D1 D2
[    0.735191] pci 0000:03:02.0: PME# supported from D0 D1 D2 D3hot D3cold
[    0.735505] pci 0000:03:03.0: [8086:5786] type 01 class 0x060400 PCIe Switch Downstream Port
[    0.735550] pci 0000:03:03.0: PCI bridge to [bus 1f-2b]
[    0.735563] pci 0000:03:03.0:   bridge window [mem 0x84200000-0x860fffff]
[    0.735580] pci 0000:03:03.0:   bridge window [mem 0x4814200000-0x4abebfffff 64bit pref]
[    0.735602] pci 0000:03:03.0: enabling Extended Tags
[    0.735775] pci 0000:03:03.0: supports D1 D2
[    0.735775] pci 0000:03:03.0: PME# supported from D0 D1 D2 D3hot D3cold
[    0.736098] pci 0000:02:00.0: PCI bridge to [bus 03-2b]
[    0.736203] pci 0000:04:00.0: [10de:2b85] type 00 class 0x030000 PCIe Legacy Endpoint
[    0.736283] pci 0000:04:00.0: BAR 0 [mem 0x80000000-0x83ffffff]
[    0.736288] pci 0000:04:00.0: BAR 1 [mem 0x4000000000-0x47ffffffff 64bit pref]
[    0.736293] pci 0000:04:00.0: BAR 3 [mem 0x4812000000-0x4813ffffff 64bit pref]
[    0.736296] pci 0000:04:00.0: BAR 5 [io  0x3000-0x307f]
[    0.736299] pci 0000:04:00.0: ROM [mem 0x84000000-0x8407ffff pref]
[    0.736376] pci 0000:04:00.0: Enabling HDA controller
[    0.736553] pci 0000:04:00.0: PME# supported from D0 D3hot
[    0.736659] pci 0000:04:00.0: VF BAR 0 [mem 0x4814000000-0x481403ffff 64bit pref]
[    0.736660] pci 0000:04:00.0: VF BAR 0 [mem 0x4814000000-0x481403ffff 64bit pref]: contains BAR 0 for 1 VFs
[    0.736664] pci 0000:04:00.0: VF BAR 2 [mem 0x4800000000-0x480fffffff 64bit pref]
[    0.736665] pci 0000:04:00.0: VF BAR 2 [mem 0x4800000000-0x480fffffff 64bit pref]: contains BAR 2 for 1 VFs
[    0.736669] pci 0000:04:00.0: VF BAR 4 [mem 0x4810000000-0x4811ffffff 64bit pref]
[    0.736670] pci 0000:04:00.0: VF BAR 4 [mem 0x4810000000-0x4811ffffff 64bit pref]: contains BAR 4 for 1 VFs
[    0.737037] pci 0000:04:00.0: 8.000 Gb/s available PCIe bandwidth, limited by 2.5 GT/s PCIe x4 link at 0000:00:07.0 (capable of 504.112 Gb/s with 32.0 GT/s PCIe x16 link)
[    0.737238] pci 0000:04:00.1: [10de:22e8] type 00 class 0x040300 PCIe Endpoint
[    0.737318] pci 0000:04:00.1: BAR 0 [mem 0x84080000-0x84083fff]
[    0.740551] pci 0000:03:00.0: PCI bridge to [bus 04]
[    0.740628] pci 0000:03:01.0: PCI bridge to [bus 05-11]
[    0.740704] pci 0000:03:02.0: PCI bridge to [bus 12-1e]
[    0.740781] pci 0000:03:03.0: PCI bridge to [bus 1f-2b]
[    0.740885] pci 0000:00:07.2: PCI bridge to [bus 2c-55]
[    0.740949] pci 0000:56:00.0: [8086:125c] type 00 class 0x020000 PCIe Endpoint
[    0.740999] pci 0000:56:00.0: BAR 0 [mem 0x90100000-0x901fffff]
[    0.741004] pci 0000:56:00.0: BAR 3 [mem 0x90200000-0x90203fff]
[    0.741008] pci 0000:56:00.0: ROM [mem 0x90000000-0x900fffff pref]
[    0.741102] pci 0000:56:00.0: PME# supported from D0 D3hot D3cold
[    0.741591] pci 0000:00:1c.0: PCI bridge to [bus 56]
[    0.741624] pci 0000:00:01.0: Max Payload Size set to  256/ 256 (was  256), Max Read Rq  128
[    0.741637] pci 0000:01:00.0: Max Payload Size set to  256/ 512 (was  256), Max Read Rq  256
[    0.741643] pci 0000:00:07.0: Max Payload Size set to  128/ 128 (was  128), Max Read Rq  128
[    0.741663] pci 0000:02:00.0: Max Payload Size set to  128/ 256 (was  128), Max Read Rq  128
[    0.741683] pci 0000:03:00.0: Max Payload Size set to  128/ 256 (was  128), Max Read Rq  128
[    0.741708] pci 0000:04:00.0: Max Payload Size set to  128/ 256 (was  128), Max Read Rq  128
[    0.741732] pci 0000:04:00.1: Max Payload Size set to  128/ 256 (was  128), Max Read Rq  128
[    0.741752] pci 0000:03:01.0: Max Payload Size set to  128/ 256 (was  128), Max Read Rq  128
[    0.741773] pci 0000:03:02.0: Max Payload Size set to  128/ 256 (was  128), Max Read Rq  128
[    0.741793] pci 0000:03:03.0: Max Payload Size set to  128/ 256 (was  128), Max Read Rq  128
[    0.741800] pci 0000:00:07.2: Max Payload Size set to  128/ 128 (was  128), Max Read Rq  128
[    0.741809] pci 0000:00:1c.0: Max Payload Size set to  256/ 256 (was  256), Max Read Rq  128
[    0.741823] pci 0000:56:00.0: Max Payload Size set to  256/ 512 (was  256), Max Read Rq  256
[    0.745151] ACPI: PCI: Interrupt link LNKA configured for IRQ 0
[    0.745210] ACPI: PCI: Interrupt link LNKB configured for IRQ 1
[    0.745268] ACPI: PCI: Interrupt link LNKC configured for IRQ 0
[    0.745325] ACPI: PCI: Interrupt link LNKD configured for IRQ 0
[    0.745383] ACPI: PCI: Interrupt link LNKE configured for IRQ 0
[    0.745440] ACPI: PCI: Interrupt link LNKF configured for IRQ 0
[    0.745498] ACPI: PCI: Interrupt link LNKG configured for IRQ 0
[    0.745556] ACPI: PCI: Interrupt link LNKH configured for IRQ 0
[    0.745987] ACPI: \_SB_.PEPD: Duplicate LPS0 _DSM functions (mask: 0x1)
[    0.745988] Low-power S0 idle used by default for system suspend
[    0.750025] ACPI: EC: interrupt unblocked
[    0.750026] ACPI: EC: event unblocked
[    0.750515] ACPI: EC: EC_CMD/EC_SC=0x66, EC_DATA=0x62
[    0.750515] ACPI: EC: GPE=0x6e
[    0.750515] ACPI: \_SB_.PC00.LPCB.H_EC: Boot DSDT EC initialization complete
[    0.750515] ACPI: \_SB_.PC00.LPCB.H_EC: EC: Used to handle transactions and events
[    0.750520] iommu: Default domain type: Translated
[    0.750520] iommu: DMA domain TLB invalidation policy: lazy mode
[    0.750566] SCSI subsystem initialized
[    0.750569] libata version 3.00 loaded.
[    0.750569] ACPI: bus type USB registered
[    0.750569] usbcore: registered new interface driver usbfs
[    0.750569] usbcore: registered new interface driver hub
[    0.750569] usbcore: registered new device driver usb
[    0.750569] pps_core: LinuxPPS API ver. 1 registered
[    0.750569] pps_core: Software ver. 5.3.6 - Copyright 2005-2007 Rodolfo Giometti <giometti@linux.it>
[    0.750569] PTP clock support registered
[    0.750576] EDAC MC: Ver: 3.0.0
[    0.751516] efivars: Registered efivars operations
[    0.751672] NetLabel: Initializing
[    0.751672] NetLabel:  domain hash size = 128
[    0.751673] NetLabel:  protocols = UNLABELED CIPSOv4 CALIPSO
[    0.751684] NetLabel:  unlabeled traffic allowed by default
[    0.751686] mctp: management component transport protocol core
[    0.751686] NET: Registered PF_MCTP protocol family
[    0.751692] PCI: Using ACPI for IRQ routing
[    0.769111] PCI: pci_cache_line_size set to 64 bytes
[    0.769198] pci 0000:00:1f.5: BAR 0 [mem 0xfe010000-0xfe010fff]: can't claim; no compatible bridge window
[    0.769211] pci 0000:04:00.0: BAR 0 [mem 0x80000000-0x83ffffff]: can't claim; no compatible bridge window
[    0.769212] pci 0000:04:00.0: BAR 1 [mem 0x4000000000-0x47ffffffff 64bit pref]: can't claim; no compatible bridge window
[    0.769213] pci 0000:04:00.0: BAR 3 [mem 0x4812000000-0x4813ffffff 64bit pref]: can't claim; no compatible bridge window
[    0.769213] pci 0000:04:00.0: VF BAR 0 [mem 0x4814000000-0x481403ffff 64bit pref]: can't claim; no compatible bridge window
[    0.769214] pci 0000:04:00.0: VF BAR 2 [mem 0x4800000000-0x480fffffff 64bit pref]: can't claim; no compatible bridge window
[    0.769215] pci 0000:04:00.0: VF BAR 4 [mem 0x4810000000-0x4811ffffff 64bit pref]: can't claim; no compatible bridge window
[    0.769217] pci 0000:04:00.1: BAR 0 [mem 0x84080000-0x84083fff]: can't claim; no compatible bridge window
[    0.769289] e820: reserve RAM buffer [mem 0x0009f000-0x0009ffff]
[    0.769290] e820: reserve RAM buffer [mem 0x483a2000-0x4bffffff]
[    0.769291] e820: reserve RAM buffer [mem 0x50df1000-0x53ffffff]
[    0.769291] e820: reserve RAM buffer [mem 0x545f2000-0x57ffffff]
[    0.769538] pci 0000:00:02.0: vgaarb: setting as boot VGA device
[    0.769538] pci 0000:00:02.0: vgaarb: bridge control possible
[    0.769538] pci 0000:00:02.0: vgaarb: VGA device added: decodes=io+mem,owns=io+mem,locks=none
[    0.769538] pci 0000:04:00.0: vgaarb: bridge control possible
[    0.769538] pci 0000:04:00.0: vgaarb: VGA device added: decodes=io+mem,owns=none,locks=none
[    0.769538] vgaarb: loaded
[    0.769634] Monitor-Mwait will be used to enter C-1 state
[    0.769635] Monitor-Mwait will be used to enter C-2 state
[    0.769635] Monitor-Mwait will be used to enter C-3 state
[    0.770680] clocksource: Switched to clocksource tsc-early
[    0.770917] VFS: Disk quotas dquot_6.6.0
[    0.770917] VFS: Dquot-cache hash table entries: 512 (order 0, 4096 bytes)
[    0.771436] pnp: PnP ACPI init
[    0.771713] system 00:01: [io  0x0680-0x069f] has been reserved
[    0.771714] system 00:01: [io  0x164e-0x164f] has been reserved
[    0.771771] system 00:02: [io  0x1854-0x1857] has been reserved
[    0.772184] system 00:03: [mem 0xfedc0000-0xfedc7fff] has been reserved
[    0.772184] system 00:03: [mem 0x00000000-0x00000fff] could not be reserved
[    0.772185] system 00:03: [mem 0x00000000-0x00000fff] could not be reserved
[    0.772186] system 00:03: [mem 0xc0000000-0xcfffffff] has been reserved
[    0.772186] system 00:03: [mem 0xfed20000-0xfed7ffff] could not be reserved
[    0.772187] system 00:03: [mem 0xfc800000-0xfc81ffff] could not be reserved
[    0.772188] system 00:03: [mem 0xfed45000-0xfed8ffff] could not be reserved
[    0.772188] system 00:03: [mem 0xfee00000-0xfeefffff] could not be reserved
[    0.772829] system 00:04: [io  0x2000-0x20fe] has been reserved
[    0.773139] pnp: PnP ACPI: found 6 devices
[    0.778778] clocksource: acpi_pm: mask: 0xffffff max_cycles: 0xffffff, max_idle_ns: 2085701024 ns
[    0.778801] NET: Registered PF_INET protocol family
[    0.778965] IP idents hash table entries: 262144 (order: 9, 2097152 bytes, linear)
[    0.786597] tcp_listen_portaddr_hash hash table entries: 65536 (order: 8, 1048576 bytes, linear)
[    0.786640] Table-perturb hash table entries: 65536 (order: 6, 262144 bytes, linear)
[    0.786953] TCP established hash table entries: 524288 (order: 10, 4194304 bytes, linear)
[    0.787203] TCP bind hash table entries: 65536 (order: 9, 2097152 bytes, linear)
[    0.787278] TCP: Hash tables configured (established 524288 bind 65536)
[    0.787458] MPTCP token hash table entries: 65536 (order: 9, 1572864 bytes, linear)
[    0.787808] UDP hash table entries: 65536 (order: 10, 4194304 bytes, linear)
[    0.788308] UDP-Lite hash table entries: 65536 (order: 10, 4194304 bytes, linear)
[    0.788515] NET: Registered PF_UNIX/PF_LOCAL protocol family
[    0.788520] NET: Registered PF_XDP protocol family
[    0.788524] pci 0000:04:00.0: ROM [mem 0x84000000-0x8407ffff pref]: can't claim; no compatible bridge window
[    0.788532] pci 0000:03:00.0: bridge window [mem 0x800000000-0x1001ffffff 64bit pref] to [bus 04] add_size 12100000 add_align 800000000
[    0.788534] pci 0000:03:01.0: bridge window [io  0x1000-0x0fff] to [bus 05-11] add_size 1000
[    0.788535] pci 0000:03:02.0: bridge window [io  0x1000-0x0fff] to [bus 12-1e] add_size 1000
[    0.788536] pci 0000:03:03.0: bridge window [io  0x1000-0x0fff] to [bus 1f-2b] add_size 1000
[    0.788537] pci 0000:00:07.2: bridge window [io  0x1000-0x0fff] to [bus 2c-55] add_size 1000
[    0.788543] pci 0000:00:07.2: bridge window [io  0x4000-0x4fff]: assigned
[    0.788545] pci 0000:00:1f.5: BAR 0 [mem 0x89f00000-0x89f00fff]: assigned
[    0.788556] pci 0000:00:01.0: PCI bridge to [bus 01]
[    0.788558] pci 0000:00:01.0:   bridge window [mem 0x90300000-0x903fffff]
[    0.788566] pci 0000:03:00.0: bridge window [mem 0x4000000000-0x48140fffff 64bit pref]: assigned
[    0.788566] pci 0000:03:00.0: bridge window [mem 0x80000000-0x840fffff]: assigned
[    0.788567] pci 0000:03:01.0: bridge window [io  size 0x1000]: can't assign; no space
[    0.788568] pci 0000:03:01.0: bridge window [io  size 0x1000]: failed to assign
[    0.788569] pci 0000:03:02.0: bridge window [io  size 0x1000]: can't assign; no space
[    0.788569] pci 0000:03:02.0: bridge window [io  size 0x1000]: failed to assign
[    0.788570] pci 0000:03:03.0: bridge window [io  size 0x1000]: can't assign; no space
[    0.788570] pci 0000:03:03.0: bridge window [io  size 0x1000]: failed to assign
[    0.788571] pci 0000:03:03.0: bridge window [io  size 0x1000]: can't assign; no space
[    0.788572] pci 0000:03:03.0: bridge window [io  size 0x1000]: failed to assign
[    0.788572] pci 0000:03:02.0: bridge window [io  size 0x1000]: can't assign; no space
[    0.788572] pci 0000:03:02.0: bridge window [io  size 0x1000]: failed to assign
[    0.788573] pci 0000:03:01.0: bridge window [io  size 0x1000]: can't assign; no space
[    0.788573] pci 0000:03:01.0: bridge window [io  size 0x1000]: failed to assign
[    0.788575] pci 0000:04:00.0: BAR 1 [mem 0x4000000000-0x47ffffffff 64bit pref]: assigned
[    0.788591] pci 0000:04:00.0: VF BAR 2 [mem 0x4800000000-0x480fffffff 64bit pref]: assigned
[    0.788598] pci 0000:04:00.0: BAR 0 [mem 0x80000000-0x83ffffff]: assigned
[    0.788603] pci 0000:04:00.0: BAR 3 [mem 0x4810000000-0x4811ffffff 64bit pref]: assigned
[    0.788619] pci 0000:04:00.0: VF BAR 4 [mem 0x4812000000-0x4813ffffff 64bit pref]: assigned
[    0.788625] pci 0000:04:00.0: ROM [mem 0x84000000-0x8407ffff pref]: assigned
[    0.788626] pci 0000:04:00.0: VF BAR 0 [mem 0x4814000000-0x481403ffff 64bit pref]: assigned
[    0.788632] pci 0000:04:00.1: BAR 0 [mem 0x84080000-0x84083fff]: assigned
[    0.788637] pci 0000:03:00.0: PCI bridge to [bus 04]
[    0.788639] pci 0000:03:00.0:   bridge window [io  0x3000-0x3fff]
[    0.788645] pci 0000:03:00.0:   bridge window [mem 0x80000000-0x840fffff]
[    0.788649] pci 0000:03:00.0:   bridge window [mem 0x4000000000-0x48140fffff 64bit pref]
[    0.788657] pci 0000:03:01.0: PCI bridge to [bus 05-11]
[    0.788663] pci 0000:03:01.0:   bridge window [mem 0x88000000-0x89efffff]
[    0.788667] pci 0000:03:01.0:   bridge window [mem 0x4d69600000-0x5013ffffff 64bit pref]
[    0.788675] pci 0000:03:02.0: PCI bridge to [bus 12-1e]
[    0.788680] pci 0000:03:02.0:   bridge window [mem 0x86100000-0x87ffffff]
[    0.788684] pci 0000:03:02.0:   bridge window [mem 0x4abec00000-0x4d695fffff 64bit pref]
[    0.788692] pci 0000:03:03.0: PCI bridge to [bus 1f-2b]
[    0.788698] pci 0000:03:03.0:   bridge window [mem 0x84200000-0x860fffff]
[    0.788702] pci 0000:03:03.0:   bridge window [mem 0x4814200000-0x4abebfffff 64bit pref]
[    0.788710] pci 0000:02:00.0: PCI bridge to [bus 03-2b]
[    0.788712] pci 0000:02:00.0:   bridge window [io  0x3000-0x3fff]
[    0.788718] pci 0000:02:00.0:   bridge window [mem 0x80000000-0x89efffff]
[    0.788722] pci 0000:02:00.0:   bridge window [mem 0x4000000000-0x5013ffffff 64bit pref]
[    0.788730] pci 0000:00:07.0: PCI bridge to [bus 02-2b]
[    0.788731] pci 0000:00:07.0:   bridge window [io  0x3000-0x3fff]
[    0.788734] pci 0000:00:07.0:   bridge window [mem 0x80000000-0x89efffff]
[    0.788736] pci 0000:00:07.0:   bridge window [mem 0x4000000000-0x5013ffffff 64bit pref]
[    0.788739] pci 0000:00:07.2: PCI bridge to [bus 2c-55]
[    0.788741] pci 0000:00:07.2:   bridge window [io  0x4000-0x4fff]
[    0.788744] pci 0000:00:07.2:   bridge window [mem 0x8a000000-0x8fffffff]
[    0.788746] pci 0000:00:07.2:   bridge window [mem 0x5030000000-0x582fffffff 64bit pref]
[    0.788751] pci 0000:00:1c.0: PCI bridge to [bus 56]
[    0.788754] pci 0000:00:1c.0:   bridge window [mem 0x90000000-0x902fffff]
[    0.788760] pci_bus 0000:00: resource 4 [io  0x0000-0x0cf7 window]
[    0.788761] pci_bus 0000:00: resource 5 [io  0x0d00-0xffff window]
[    0.788761] pci_bus 0000:00: resource 6 [mem 0x000a0000-0x000bffff window]
[    0.788762] pci_bus 0000:00: resource 7 [mem 0x80000000-0xbfffffff window]
[    0.788762] pci_bus 0000:00: resource 8 [mem 0x4000000000-0x3ffbfffffff window]
[    0.788763] pci_bus 0000:01: resource 1 [mem 0x90300000-0x903fffff]
[    0.788763] pci_bus 0000:02: resource 0 [io  0x3000-0x3fff]
[    0.788764] pci_bus 0000:02: resource 1 [mem 0x80000000-0x89efffff]
[    0.788764] pci_bus 0000:02: resource 2 [mem 0x4000000000-0x5013ffffff 64bit pref]
[    0.788765] pci_bus 0000:03: resource 0 [io  0x3000-0x3fff]
[    0.788765] pci_bus 0000:03: resource 1 [mem 0x80000000-0x89efffff]
[    0.788766] pci_bus 0000:03: resource 2 [mem 0x4000000000-0x5013ffffff 64bit pref]
[    0.788766] pci_bus 0000:04: resource 0 [io  0x3000-0x3fff]
[    0.788766] pci_bus 0000:04: resource 1 [mem 0x80000000-0x840fffff]
[    0.788767] pci_bus 0000:04: resource 2 [mem 0x4000000000-0x48140fffff 64bit pref]
[    0.788767] pci_bus 0000:05: resource 0 [io  size 0x1000]
[    0.788768] pci_bus 0000:05: resource 1 [mem 0x88000000-0x89efffff]
[    0.788768] pci_bus 0000:05: resource 2 [mem 0x4d69600000-0x5013ffffff 64bit pref]
[    0.788769] pci_bus 0000:12: resource 0 [io  size 0x1000]
[    0.788769] pci_bus 0000:12: resource 1 [mem 0x86100000-0x87ffffff]
[    0.788770] pci_bus 0000:12: resource 2 [mem 0x4abec00000-0x4d695fffff 64bit pref]
[    0.788770] pci_bus 0000:1f: resource 0 [io  size 0x1000]
[    0.788770] pci_bus 0000:1f: resource 1 [mem 0x84200000-0x860fffff]
[    0.788771] pci_bus 0000:1f: resource 2 [mem 0x4814200000-0x4abebfffff 64bit pref]
[    0.788771] pci_bus 0000:2c: resource 0 [io  0x4000-0x4fff]
[    0.788772] pci_bus 0000:2c: resource 1 [mem 0x8a000000-0x8fffffff]
[    0.788772] pci_bus 0000:2c: resource 2 [mem 0x5030000000-0x582fffffff 64bit pref]
[    0.788773] pci_bus 0000:56: resource 1 [mem 0x90000000-0x902fffff]
[    0.789152] pci 0000:04:00.1: extending delay after power-on from D3hot to 20 msec
[    0.789188] pci 0000:04:00.1: D0 power state depends on 0000:04:00.0
[    0.789196] PCI: CLS 64 bytes, default 64
[    0.789268] clocksource: tsc: mask: 0xffffffffffffffff max_cycles: 0x6a464ae9873, max_idle_ns: 881590529744 ns
[    0.789533] clocksource: Switched to clocksource tsc
[    0.789548] platform rtc_cmos: registered platform RTC device (no PNP device found)
[    0.789572] Trying to unpack rootfs image as initramfs...
[    0.813949] Initialise system trusted keyrings
[    0.813959] Key type blacklist registered
[    0.814064] workingset: timestamp_bits=36 max_order=25 bucket_order=0
[    0.818753] integrity: Platform Keyring initialized
[    0.818757] integrity: Machine keyring initialized
[    0.818814] cryptd: max_cpu_qlen set to 1000
[    0.822969] NET: Registered PF_ALG protocol family
[    0.822972] xor: automatically using best checksumming function   avx       
[    0.822973] Key type asymmetric registered
[    0.822974] Asymmetric key parser 'x509' registered
[    0.823097] Block layer SCSI generic (bsg) driver version 0.4 loaded (major 244)
[    0.823117] io scheduler mq-deadline registered
[    0.823118] io scheduler kyber registered
[    0.823122] io scheduler bfq registered
[    0.827197] atomic64_test: passed for x86-64 platform with CX8 and with SSE
[    0.827423] pcieport 0000:00:01.0: PME: Signaling with IRQ 120
[    0.827526] pcieport 0000:00:01.0: AER: enabled with IRQ 120
[    0.827673] pcieport 0000:00:07.0: PME: Signaling with IRQ 121
[    0.827776] pcieport 0000:00:07.0: AER: enabled with IRQ 121
[    0.827786] pcieport 0000:00:07.0: pciehp: Slot #12 AttnBtn- PwrCtrl- MRL- AttnInd- PwrInd- HotPlug+ Surprise+ Interlock- NoCompl+ IbPresDis- LLActRep+
[    0.828059] pcieport 0000:00:07.2: PME: Signaling with IRQ 122
[    0.828221] pcieport 0000:00:07.2: AER: enabled with IRQ 122
[    0.828231] pcieport 0000:00:07.2: pciehp: Slot #14 AttnBtn- PwrCtrl- MRL- AttnInd- PwrInd- HotPlug+ Surprise+ Interlock- NoCompl+ IbPresDis- LLActRep+
[    0.828821] pcieport 0000:00:1c.0: PME: Signaling with IRQ 123
[    0.829157] pcieport 0000:00:1c.0: AER: enabled with IRQ 123
[    0.829371] pcieport 0000:03:00.0: enabling device (0001 -> 0003)
[    0.829681] pcieport 0000:03:01.0: pciehp: Slot #1 AttnBtn- PwrCtrl- MRL- AttnInd- PwrInd- HotPlug+ Surprise+ Interlock- NoCompl+ IbPresDis- LLActRep+
[    0.830242] pcieport 0000:03:02.0: pciehp: Slot #2 AttnBtn- PwrCtrl- MRL- AttnInd- PwrInd- HotPlug+ Surprise+ Interlock- NoCompl+ IbPresDis- LLActRep+
[    0.830628] pcieport 0000:03:03.0: pciehp: Slot #3 AttnBtn- PwrCtrl- MRL- AttnInd- PwrInd- HotPlug+ Surprise+ Interlock- NoCompl+ IbPresDis- LLActRep+
[    0.831038] input: Sleep Button as /devices/LNXSYSTM:00/LNXSYBUS:00/PNP0C0E:00/input/input0
[    0.831053] ACPI: button: Sleep Button [SLPB]
[    0.831064] input: Power Button as /devices/LNXSYSTM:00/LNXSYBUS:00/PNP0C0C:00/input/input1
[    0.831070] ACPI: button: Power Button [PWRB]
[    0.831080] input: Power Button as /devices/LNXSYSTM:00/LNXPWRBN:00/input/input2
[    0.831187] ACPI: button: Power Button [PWRF]
[    0.839410] ACPI: thermal: [Firmware Bug]: Invalid critical threshold (-274000)
[    0.839452] thermal LNXTHERM:00: registered as thermal_zone0
[    0.839453] ACPI: thermal: Thermal Zone [TZ0] (40 C)
[    0.839621] thermal LNXTHERM:01: registered as thermal_zone1
[    0.839621] ACPI: thermal: Thermal Zone [TZ00] (69 C)
[    0.839797] Serial: 8250/16550 driver, 32 ports, IRQ sharing enabled
[    0.841209] serial 0000:00:12.0: enabling device (0000 -> 0002)
[    0.841452] hpet_acpi_add: no address or irqs in _CRS
[    0.841469] Non-volatile memory driver v1.3
[    0.841471] Linux agpgart interface v0.103
[    0.861720] ACPI: bus type drm_connector registered
[    0.863616] CAN device driver interface
[    0.863673] xhci_hcd 0000:00:0d.0: xHCI Host Controller
[    0.863686] xhci_hcd 0000:00:0d.0: new USB bus registered, assigned bus number 1
[    0.864745] xhci_hcd 0000:00:0d.0: hcc params 0x20007fc1 hci version 0x120 quirks 0x0000000200009810
[    0.864940] xhci_hcd 0000:00:0d.0: xHCI Host Controller
[    0.864962] xhci_hcd 0000:00:0d.0: new USB bus registered, assigned bus number 2
[    0.864963] xhci_hcd 0000:00:0d.0: Host supports USB 3.2 Enhanced SuperSpeed
[    0.864988] usb usb1: New USB device found, idVendor=1d6b, idProduct=0002, bcdDevice= 6.19
[    0.864989] usb usb1: New USB device strings: Mfr=3, Product=2, SerialNumber=1
[    0.864990] usb usb1: Product: xHCI Host Controller
[    0.864990] usb usb1: Manufacturer: Linux 6.19.14-200.fc43.x86_64 xhci-hcd
[    0.864991] usb usb1: SerialNumber: 0000:00:0d.0
[    0.865037] hub 1-0:1.0: USB hub found
[    0.865042] hub 1-0:1.0: 1 port detected
[    0.865164] usb usb2: New USB device found, idVendor=1d6b, idProduct=0003, bcdDevice= 6.19
[    0.865165] usb usb2: New USB device strings: Mfr=3, Product=2, SerialNumber=1
[    0.865165] usb usb2: Product: xHCI Host Controller
[    0.865166] usb usb2: Manufacturer: Linux 6.19.14-200.fc43.x86_64 xhci-hcd
[    0.865166] usb usb2: SerialNumber: 0000:00:0d.0
[    0.865204] hub 2-0:1.0: USB hub found
[    0.865209] hub 2-0:1.0: 4 ports detected
[    0.866394] xhci_hcd 0000:00:14.0: xHCI Host Controller
[    0.866415] xhci_hcd 0000:00:14.0: new USB bus registered, assigned bus number 3
[    0.867477] xhci_hcd 0000:00:14.0: hcc params 0x20007fc1 hci version 0x120 quirks 0x0000000200009810
[    0.867666] xhci_hcd 0000:00:14.0: xHCI Host Controller
[    0.867689] xhci_hcd 0000:00:14.0: new USB bus registered, assigned bus number 4
[    0.867690] xhci_hcd 0000:00:14.0: Host supports USB 3.2 Enhanced SuperSpeed
[    0.867707] usb usb3: New USB device found, idVendor=1d6b, idProduct=0002, bcdDevice= 6.19
[    0.867708] usb usb3: New USB device strings: Mfr=3, Product=2, SerialNumber=1
[    0.867709] usb usb3: Product: xHCI Host Controller
[    0.867709] usb usb3: Manufacturer: Linux 6.19.14-200.fc43.x86_64 xhci-hcd
[    0.867710] usb usb3: SerialNumber: 0000:00:14.0
[    0.867753] hub 3-0:1.0: USB hub found
[    0.867764] hub 3-0:1.0: 12 ports detected
[    0.868965] usb usb4: New USB device found, idVendor=1d6b, idProduct=0003, bcdDevice= 6.19
[    0.868966] usb usb4: New USB device strings: Mfr=3, Product=2, SerialNumber=1
[    0.868966] usb usb4: Product: xHCI Host Controller
[    0.868967] usb usb4: Manufacturer: Linux 6.19.14-200.fc43.x86_64 xhci-hcd
[    0.868967] usb usb4: SerialNumber: 0000:00:14.0
[    0.869010] hub 4-0:1.0: USB hub found
[    0.869015] hub 4-0:1.0: 2 ports detected
[    0.869225] usbcore: registered new interface driver usbserial_generic
[    0.869228] usbserial: USB Serial support registered for generic
[    0.869241] i8042: PNP: No PS/2 controller found.
[    0.869262] mousedev: PS/2 mouse device common for all mice
[    0.869316] rtc_cmos rtc_cmos: RTC can wake from S4
[    0.870003] rtc_cmos rtc_cmos: registered as rtc0
[    0.870132] rtc_cmos rtc_cmos: setting system clock to 2026-05-08T19:36:22 UTC (1778268982)
[    0.870154] rtc_cmos rtc_cmos: alarms up to one month, y3k, 114 bytes nvram
[    0.872250] device-mapper: core: CONFIG_IMA_DISABLE_HTABLE is disabled. Duplicate IMA measurements will not be recorded in the IMA log.
[    0.872253] device-mapper: uevent: version 1.0.3
[    0.872428] device-mapper: ioctl: 4.50.0-ioctl (2025-04-28) initialised: dm-devel@lists.linux.dev
[    0.872462] intel_pstate: Intel P-state driver initializing
[    0.875920] Hybrid CPU capacity scaling enabled
[    0.875950] processor cpu0: EM: created perf domain
[    0.875963] processor cpu1: EM: created perf domain
[    0.875973] processor cpu2: EM: created perf domain
[    0.875985] processor cpu3: EM: created perf domain
[    0.875995] processor cpu4: EM: created perf domain
[    0.876006] processor cpu5: EM: created perf domain
[    0.876017] processor cpu6: EM: created perf domain
[    0.876028] processor cpu7: EM: created perf domain
[    0.876041] processor cpu8: EM: created perf domain
[    0.876051] processor cpu9: EM: created perf domain
[    0.876061] processor cpu10: EM: created perf domain
[    0.876071] processor cpu11: EM: created perf domain
[    0.876083] processor cpu12: EM: created perf domain
[    0.876094] processor cpu13: EM: created perf domain
[    0.876105] processor cpu14: EM: created perf domain
[    0.876116] processor cpu15: EM: created perf domain
[    0.876696] intel_pstate: HWP enabled
[    0.876939] simple-framebuffer simple-framebuffer.0: [drm] Registered 1 planes with drm panic
[    0.876951] [drm] Initialized simpledrm 1.0.0 for simple-framebuffer.0 on minor 0
[    0.877295] fbcon: Deferring console take-over
[    0.877297] simple-framebuffer simple-framebuffer.0: [drm] fb0: simpledrmdrmfb frame buffer device
[    0.877340] hid: raw HID events driver (C) Jiri Kosina
[    0.877356] usbcore: registered new interface driver usbhid
[    0.877357] usbhid: USB HID core driver
[    0.877433] drop_monitor: Initializing network drop monitor service
[    0.877490] Initializing XFRM netlink socket
[    0.877505] NET: Registered PF_INET6 protocol family
[    0.877673] Segment Routing with IPv6
[    0.877674] RPL Segment Routing with IPv6
[    0.877677] In-situ OAM (IOAM) with IPv6
[    0.877688] mip6: Mobile IPv6
[    0.877690] NET: Registered PF_PACKET protocol family
[    0.877691] can: controller area network core
[    0.877699] NET: Registered PF_CAN protocol family
[    0.879134] ENERGY_PERF_BIAS: Set to 'normal', was 'performance'
[    0.882821] microcode: Current revision: 0x0000011b
[    0.883590] IPI shorthand broadcast: enabled
[    0.884466] sched_clock: Marking stable (878000549, 6144526)->(904315792, -20170717)
[    0.884924] registered taskstats version 1
[    0.886429] Loading compiled-in X.509 certificates
[    0.887400] Loaded X.509 cert 'Fedora kernel signing key: 88b80e08bfa3c7a8597e235adbf6de56f0ca4439'
[    0.917579] Freeing initrd memory: 51468K
[    0.929871] Loaded X.509 cert 'Fedora IMA CA: a8a00c31663f853f9c6ff2564872e378af026b28'
[    0.934823] Demotion targets for Node 0: null
[    0.934826] page_owner is disabled
[    0.935046] Key type .fscrypt registered
[    0.935047] Key type fscrypt-provisioning registered
[    0.935598] Btrfs loaded, zoned=yes, fsverity=yes
[    0.935644] Key type big_key registered
[    0.935647] Key type trusted registered
[    0.936789] Key type encrypted registered
[    0.936794] Loading compiled-in module X.509 certificates
[    0.937433] Loaded X.509 cert 'Fedora kernel signing key: 88b80e08bfa3c7a8597e235adbf6de56f0ca4439'
[    0.937496] ima: Allocated hash algorithm: sha256
[    0.957445] ima: No architecture policies found
[    0.957470] evm: Initialising EVM extended attributes:
[    0.957472] evm: security.selinux
[    0.957473] evm: security.SMACK64 (disabled)
[    0.957474] evm: security.SMACK64EXEC (disabled)
[    0.957475] evm: security.SMACK64TRANSMUTE (disabled)
[    0.957476] evm: security.SMACK64MMAP (disabled)
[    0.957477] evm: security.apparmor (disabled)
[    0.957477] evm: security.ima
[    0.957478] evm: security.capability
[    0.957479] evm: HMAC attrs: 0x1
[    0.958033] integrity: Loading X.509 certificate: UEFI:db
[    0.958675] integrity: Loaded X.509 cert 'ASUS UEFI SW Key Certificate: b0fa6680874410ba479208b6268c10e4'
[    0.958680] integrity: Loading X.509 certificate: UEFI:db
[    0.958706] integrity: Loaded X.509 cert 'Microsoft Corporation UEFI CA 2011: 13adbf4309bd82709c8cd54f316ed522988a1bd4'
[    0.958708] integrity: Loading X.509 certificate: UEFI:db
[    0.958724] integrity: Loaded X.509 cert 'Microsoft Windows Production PCA 2011: a92902398e16c49778cd90f99e4f9ae17c55af53'
[    0.958725] integrity: Loading X.509 certificate: UEFI:db
[    0.958741] integrity: Loaded X.509 cert 'Microsoft Corporation: Windows UEFI CA 2023: aefc5fbbbe055d8f8daa585473499417ab5a5272'
[    0.958742] integrity: Loading X.509 certificate: UEFI:db
[    0.958754] integrity: Loaded X.509 cert 'Microsoft Option ROM UEFI CA 2023: 514fbf937fa46fb57bf07af8bed84b3b864b1711'
[    0.958755] integrity: Loading X.509 certificate: UEFI:db
[    0.958767] integrity: Loaded X.509 cert 'Microsoft UEFI CA 2023: 81aa6b3244c935bce0d6628af39827421e32497d'
[    0.960965] alg: No test for 842 (842-scomp)
[    0.962220] PM:   Magic number: 10:192:647
[    0.962285] pci_bus 0000:1f: hash matches
[    0.963637] RAS: Correctable Errors collector initialized.
[    0.970023] clk: Disabling unused clocks
[    0.970026] PM: genpd: Disabling unused power domains
[    0.979902] Freeing unused decrypted memory: 2028K
[    0.980558] Freeing unused kernel image (initmem) memory: 5200K
[    0.980578] Write protecting the kernel read-only data: 43008k
[    0.981048] Freeing unused kernel image (text/rodata gap) memory: 1972K
[    0.981168] Freeing unused kernel image (rodata/data gap) memory: 580K
[    0.984421] x86/mm: Checked W+X mappings: passed, no W+X pages found.
[    0.984425] Run /init as init process
[    0.984426]   with arguments:
[    0.984427]     /init
[    0.984427]     rhgb
[    0.984428]   with environment:
[    0.984428]     HOME=/
[    0.984428]     TERM=linux
[    1.016168] systemd[1]: Successfully made /usr/ read-only.
[    1.016331] systemd[1]: systemd 258.7-1.fc43 running in system mode (+PAM +AUDIT +SELINUX -APPARMOR +IMA +IPE +SMACK +SECCOMP -GCRYPT +GNUTLS +OPENSSL +ACL +BLKID +CURL +ELFUTILS +FIDO2 +IDN2 -IDN -IPTC +KMOD +LIBCRYPTSETUP +LIBCRYPTSETUP_PLUGINS +LIBFDISK +PCRE2 +PWQUALITY +P11KIT +QRENCODE +TPM2 +BZIP2 +LZ4 +XZ +ZLIB +ZSTD +BPF_FRAMEWORK +BTF +XKBCOMMON +UTMP +SYSVINIT +LIBARCHIVE)
[    1.016335] systemd[1]: Detected architecture x86-64.
[    1.016336] systemd[1]: Running in initrd.
[    1.016474] systemd[1]: Hostname set to <obpc>.
[    1.079987] systemd[1]: bpf-restrict-fs: LSM BPF program attached
[    1.108128] systemd[1]: Queued start job for default target initrd.target.
[    1.116600] systemd[1]: Expecting device dev-disk-by\x2duuid-34e34fc2\x2d47b6\x2d41bd\x2db739\x2d8a1c79788cb2.device - /dev/disk/by-uuid/34e34fc2-47b6-41bd-b739-8a1c79788cb2...
[    1.116638] systemd[1]: Reached target initrd-usr-fs.target - Initrd /usr File System.
[    1.116653] systemd[1]: Reached target slices.target - Slice Units.
[    1.116663] systemd[1]: Reached target swap.target - Swaps.
[    1.116670] systemd[1]: Reached target timers.target - Timer Units.
[    1.116724] systemd[1]: Listening on systemd-journald-dev-log.socket - Journal Socket (/dev/log).
[    1.116758] systemd[1]: Listening on systemd-journald.socket - Journal Sockets.
[    1.116789] systemd[1]: Listening on systemd-udevd-control.socket - udev Control Socket.
[    1.116809] systemd[1]: Listening on systemd-udevd-kernel.socket - udev Kernel Socket.
[    1.116816] systemd[1]: Reached target sockets.target - Socket Units.
[    1.117428] systemd[1]: Starting kmod-static-nodes.service - Create List of Static Device Nodes...
[    1.117453] systemd[1]: memstrack.service - Memstrack Anylazing Service skipped, no trigger condition checks were met.
[    1.118990] systemd[1]: Starting systemd-journald.service - Journal Service...
[    1.119427] systemd[1]: Starting systemd-modules-load.service - Load Kernel Modules...
[    1.119447] systemd[1]: systemd-pcrphase-initrd.service - TPM PCR Barrier (initrd) skipped, unmet condition check ConditionSecurity=measured-uki
[    1.119754] systemd[1]: Starting systemd-vconsole-setup.service - Virtual Console Setup...
[    1.119999] systemd[1]: Finished kmod-static-nodes.service - Create List of Static Device Nodes.
[    1.120351] systemd[1]: Starting systemd-tmpfiles-setup-dev-early.service - Create Static Device Nodes in /dev gracefully...
[    1.126850] systemd-journald[307]: Collecting audit messages is disabled.
[    1.127459] systemd[1]: Finished systemd-tmpfiles-setup-dev-early.service - Create Static Device Nodes in /dev gracefully.
[    1.127950] systemd[1]: Starting systemd-sysusers.service - Create System Users...
[    1.132783] systemd[1]: Finished systemd-sysusers.service - Create System Users.
[    1.133153] systemd[1]: Starting systemd-tmpfiles-setup-dev.service - Create Static Device Nodes in /dev...
[    1.135266] fuse: init (API version 7.45)
[    1.137372] i2c_dev: i2c /dev entries driver
[    1.137756] systemd[1]: Finished systemd-modules-load.service - Load Kernel Modules.
[    1.138229] systemd[1]: Starting systemd-sysctl.service - Apply Kernel Variables...
[    1.140481] systemd[1]: Finished systemd-tmpfiles-setup-dev.service - Create Static Device Nodes in /dev.
[    1.140521] systemd[1]: Reached target local-fs-pre.target - Preparation for Local File Systems.
[    1.140528] systemd[1]: Reached target local-fs.target - Local File Systems.
[    1.141825] systemd[1]: Finished systemd-sysctl.service - Apply Kernel Variables.
[    1.142369] systemd[1]: Finished systemd-vconsole-setup.service - Virtual Console Setup.
[    1.142709] systemd[1]: Starting dracut-cmdline-ask.service - dracut ask for additional cmdline parameters...
[    1.152395] systemd[1]: Finished dracut-cmdline-ask.service - dracut ask for additional cmdline parameters.
[    1.152794] systemd[1]: Starting dracut-cmdline.service - dracut cmdline hook...
[    1.160797] systemd[1]: Started systemd-journald.service - Journal Service.
[    1.180763] aorus_egpu_trust: loading out-of-tree module taints kernel.
[    1.180767] aorus_egpu_trust: module verification failed: signature and/or required key missing - tainting kernel
[    1.181118] AORUS eGPU trust override: module loaded (vendor=0x10de device=0x2b85[+0x22e8] PCI fixups registered)
[    1.181119] AORUS eGPU trust override: NOTE — for the quirk to take effect on an already-enumerated device, run remove + rescan via sysfs
[    1.189213] usb 2-1: new SuperSpeed Plus Gen 2x2 USB device number 2 using xhci_hcd
[    1.199594] usb 2-1: New USB device found, idVendor=8087, idProduct=5787, bcdDevice= 0.00
[    1.199598] usb 2-1: New USB device strings: Mfr=1, Product=2, SerialNumber=0
[    1.199600] usb 2-1: Product: USB3 HUB
[    1.199602] usb 2-1: Manufacturer: Intel Corporation
[    1.200540] hub 2-1:1.0: USB hub found
[    1.200577] hub 2-1:1.0: 4 ports detected
[    1.341247] intel_vsec 0000:00:0a.0: enabling device (0000 -> 0002)
[    1.357242] Key type psk registered
[    1.358867] intel_vpu 0000:00:0b.0: enabling device (0000 -> 0002)
[    1.361216] ACPI: bus type thunderbolt registered
[    1.361399] thunderbolt:nhi_probe:1366: thunderbolt 0000:00:0d.2: total paths: 12
[    1.361406] thunderbolt:nhi_check_iommu:1230: thunderbolt 0000:00:0d.2: IOMMU DMA protection is disabled
[    1.361635] thunderbolt:tb_ring_alloc:587: thunderbolt 0000:00:0d.2: allocating TX ring 0 of size 10
[    1.361649] thunderbolt:tb_ring_alloc:587: thunderbolt 0000:00:0d.2: allocating RX ring 0 of size 10
[    1.361661] thunderbolt:tb_ctl_alloc:690: thunderbolt 0000:00:0d.2: control channel created
[    1.361663] thunderbolt:tb_probe:3388: thunderbolt 0000:00:0d.2: using software connection manager
[    1.361812] thunderbolt:tb_acpi_add_link:65: thunderbolt 0000:00:0d.2: created link from 0000:00:07.0
[    1.361884] thunderbolt:nhi_probe:1402: thunderbolt 0000:00:0d.2: NHI initialized, starting thunderbolt
[    1.361885] thunderbolt:tb_ctl_start:733: thunderbolt 0000:00:0d.2: control channel starting...
[    1.361886] thunderbolt:tb_ring_start:700: thunderbolt 0000:00:0d.2: starting TX ring 0
[    1.361890] thunderbolt:ring_interrupt_active:142: thunderbolt 0000:00:0d.2: enabling interrupt at register 0x38200 bit 0 (0x0 -> 0x1)
[    1.361892] thunderbolt:tb_ring_start:700: thunderbolt 0000:00:0d.2: starting RX ring 0
[    1.361896] thunderbolt:ring_interrupt_active:142: thunderbolt 0000:00:0d.2: enabling interrupt at register 0x38200 bit 12 (0x1 -> 0x1001)
[    1.361900] thunderbolt:tb_domain_add:456: thunderbolt 0000:00:0d.2: security level set to user
[    1.362205] thunderbolt:tb_switch_alloc:2488: thunderbolt 0000:00:0d.2: current switch config:
[    1.362208] thunderbolt:tb_dump_switch:1570: thunderbolt 0000:00:0d.2:  USB4 Switch: 8087:7ec2 (Revision: 16, TB Version: 32)
[    1.362209] thunderbolt:tb_dump_switch:1573: thunderbolt 0000:00:0d.2:   Max Port Number: 13
[    1.362210] thunderbolt:tb_dump_switch:1574: thunderbolt 0000:00:0d.2:   Config:
[    1.362210] thunderbolt:tb_dump_switch:1575: thunderbolt 0000:00:0d.2:    Upstream Port Number: 7 Depth: 0 Route String: 0x0 Enabled: 1, PlugEventsDelay: 254ms
[    1.362211] thunderbolt:tb_dump_switch:1580: thunderbolt 0000:00:0d.2:    unknown1: 0x0 unknown4: 0x0
[    1.366541] thunderbolt:tb_switch_configure:2618: thunderbolt 0000:00:0d.2: initializing Switch at 0x0 (depth: 0, up port: 7)
[    1.368054] thunderbolt:usb4_switch_credits_init:780: thunderbolt 0000:00:0d.2: 0: credit allocation parameters:
[    1.368056] thunderbolt:usb4_switch_credits_init:790: thunderbolt 0000:00:0d.2: 0:  USB3: 32
[    1.368057] thunderbolt:usb4_switch_credits_init:794: thunderbolt 0000:00:0d.2: 0:  DP AUX: 1
[    1.368058] thunderbolt:usb4_switch_credits_init:798: thunderbolt 0000:00:0d.2: 0:  DP main: 0
[    1.368058] thunderbolt:usb4_switch_credits_init:802: thunderbolt 0000:00:0d.2: 0:  PCIe: 64
[    1.368059] thunderbolt:usb4_switch_credits_init:806: thunderbolt 0000:00:0d.2: 0:  DMA: 14
[    1.371651] thunderbolt:tb_drom_parse:640: thunderbolt 0000:00:0d.2: 0: DROM version: 3
[    1.371975] thunderbolt:tb_switch_add:3321: thunderbolt 0000:00:0d.2: 0: uid: 0xf1652120808782a0
[    1.372560] nvme 0000:01:00.0: platform quirk: setting simple suspend
[    1.372629] nvme nvme0: pci function 0000:01:00.0
[    1.373646] thunderbolt:tb_dump_port:449: thunderbolt 0000:00:0d.2:  Port 1: 8087:15ea (Revision: 0, TB Version: 1, Type: Port (0x1))
[    1.373652] thunderbolt:tb_dump_port:454: thunderbolt 0000:00:0d.2:   Max hop id (in/out): 19/19
[    1.373654] thunderbolt:tb_dump_port:456: thunderbolt 0000:00:0d.2:   Max counters: 16
[    1.373656] thunderbolt:tb_dump_port:457: thunderbolt 0000:00:0d.2:   NFC Credits: 0x47800000
[    1.373658] thunderbolt:tb_dump_port:458: thunderbolt 0000:00:0d.2:   Credits (total/control): 120/2
[    1.375814] thunderbolt:tb_dump_port:449: thunderbolt 0000:00:0d.2:  Port 2: 8087:15ea (Revision: 0, TB Version: 1, Type: Port (0x1))
[    1.375817] thunderbolt:tb_dump_port:454: thunderbolt 0000:00:0d.2:   Max hop id (in/out): 19/19
[    1.375819] thunderbolt:tb_dump_port:456: thunderbolt 0000:00:0d.2:   Max counters: 16
[    1.375820] thunderbolt:tb_dump_port:457: thunderbolt 0000:00:0d.2:   NFC Credits: 0x80000000
[    1.375821] thunderbolt:tb_dump_port:458: thunderbolt 0000:00:0d.2:   Credits (total/control): 0/2
[    1.376162] usb 3-1: new high-speed USB device number 2 using xhci_hcd
[    1.376461] nvme nvme0: D3 entry latency set to 10 seconds
[    1.377485] thunderbolt:tb_dump_port:449: thunderbolt 0000:00:0d.2:  Port 3: 8087:15ea (Revision: 0, TB Version: 1, Type: Port (0x1))
[    1.377488] thunderbolt:tb_dump_port:454: thunderbolt 0000:00:0d.2:   Max hop id (in/out): 19/19
[    1.377490] thunderbolt:tb_dump_port:456: thunderbolt 0000:00:0d.2:   Max counters: 16
[    1.377491] thunderbolt:tb_dump_port:457: thunderbolt 0000:00:0d.2:   NFC Credits: 0x83c00000
[    1.377493] thunderbolt:tb_dump_port:458: thunderbolt 0000:00:0d.2:   Credits (total/control): 60/2
[    1.379134] nvme nvme0: 16/0/0 default/read/poll queues
[    1.379321] thunderbolt:tb_dump_port:449: thunderbolt 0000:00:0d.2:  Port 4: 8087:15ea (Revision: 0, TB Version: 1, Type: Port (0x1))
[    1.379324] thunderbolt:tb_dump_port:454: thunderbolt 0000:00:0d.2:   Max hop id (in/out): 19/19
[    1.379326] thunderbolt:tb_dump_port:456: thunderbolt 0000:00:0d.2:   Max counters: 16
[    1.379326] thunderbolt:tb_dump_port:457: thunderbolt 0000:00:0d.2:   NFC Credits: 0x83c00000
[    1.379327] thunderbolt:tb_dump_port:458: thunderbolt 0000:00:0d.2:   Credits (total/control): 60/2
[    1.379655] thunderbolt:tb_dump_port:449: thunderbolt 0000:00:0d.2:  Port 5: 8087:15ea (Revision: 0, TB Version: 1, Type: DP/HDMI (0xe0101))
[    1.379656] thunderbolt:tb_dump_port:454: thunderbolt 0000:00:0d.2:   Max hop id (in/out): 9/9
[    1.379657] thunderbolt:tb_dump_port:456: thunderbolt 0000:00:0d.2:   Max counters: 2
[    1.379658] thunderbolt:tb_dump_port:457: thunderbolt 0000:00:0d.2:   NFC Credits: 0x100000d
[    1.379659] thunderbolt:tb_dump_port:458: thunderbolt 0000:00:0d.2:   Credits (total/control): 16/0
[    1.379987] thunderbolt:tb_dump_port:449: thunderbolt 0000:00:0d.2:  Port 6: 8087:15ea (Revision: 0, TB Version: 1, Type: DP/HDMI (0xe0101))
[    1.379988] thunderbolt:tb_dump_port:454: thunderbolt 0000:00:0d.2:   Max hop id (in/out): 9/9
[    1.379989] thunderbolt:tb_dump_port:456: thunderbolt 0000:00:0d.2:   Max counters: 2
[    1.379989] thunderbolt:tb_dump_port:457: thunderbolt 0000:00:0d.2:   NFC Credits: 0x100000d
[    1.379990] thunderbolt:tb_dump_port:458: thunderbolt 0000:00:0d.2:   Credits (total/control): 16/0
[    1.381444]  nvme0n1: p1 p2 p3 p4 p5 p6
[    1.382160] thunderbolt:tb_dump_port:449: thunderbolt 0000:00:0d.2:  Port 7: 8086:15ea (Revision: 0, TB Version: 1, Type: NHI (0x2))
[    1.382161] thunderbolt:tb_dump_port:454: thunderbolt 0000:00:0d.2:   Max hop id (in/out): 11/11
[    1.382162] thunderbolt:tb_dump_port:456: thunderbolt 0000:00:0d.2:   Max counters: 16
[    1.382163] thunderbolt:tb_dump_port:457: thunderbolt 0000:00:0d.2:   NFC Credits: 0x1c00000
[    1.382164] thunderbolt:tb_dump_port:458: thunderbolt 0000:00:0d.2:   Credits (total/control): 28/0
[    1.382398] intel_vpu 0000:00:0b.0: [drm] Firmware: intel/vpu/vpu_37xx_v1.bin, version: 20260305*MTL_CLIENT_SILICON-NVR+NN-deployment*dbda783919b77553afe5576a59881bca37fb6d7b*dbda783919b77553afe5576a59881bca37fb6d7b*dbda783919b
[    1.382401] intel_vpu 0000:00:0b.0: [drm] Scheduler mode: HW
[    1.382496] thunderbolt:tb_dump_port:449: thunderbolt 0000:00:0d.2:  Port 8: 8087:15ea (Revision: 0, TB Version: 1, Type: PCIe (0x100101))
[    1.382497] thunderbolt:tb_dump_port:454: thunderbolt 0000:00:0d.2:   Max hop id (in/out): 8/8
[    1.382498] thunderbolt:tb_dump_port:456: thunderbolt 0000:00:0d.2:   Max counters: 2
[    1.382498] thunderbolt:tb_dump_port:457: thunderbolt 0000:00:0d.2:   NFC Credits: 0x800000
[    1.382499] thunderbolt:tb_dump_port:458: thunderbolt 0000:00:0d.2:   Credits (total/control): 8/0
[    1.382823] thunderbolt:tb_dump_port:449: thunderbolt 0000:00:0d.2:  Port 9: 8087:15ea (Revision: 0, TB Version: 1, Type: PCIe (0x100101))
[    1.382824] thunderbolt:tb_dump_port:454: thunderbolt 0000:00:0d.2:   Max hop id (in/out): 8/8
[    1.382824] thunderbolt:tb_dump_port:456: thunderbolt 0000:00:0d.2:   Max counters: 2
[    1.382825] thunderbolt:tb_dump_port:457: thunderbolt 0000:00:0d.2:   NFC Credits: 0x800000
[    1.382825] thunderbolt:tb_dump_port:458: thunderbolt 0000:00:0d.2:   Credits (total/control): 8/0
[    1.382993] thunderbolt:tb_init_port:717: thunderbolt 0000:00:0d.2:  Port 10: not implemented
[    1.383161] thunderbolt:tb_init_port:717: thunderbolt 0000:00:0d.2:  Port 11: not implemented
[    1.383494] thunderbolt:tb_dump_port:449: thunderbolt 0000:00:0d.2:  Port 12: 8087:0 (Revision: 0, TB Version: 1, Type: USB (0x200101))
[    1.383496] thunderbolt:tb_dump_port:454: thunderbolt 0000:00:0d.2:   Max hop id (in/out): 8/8
[    1.383496] thunderbolt:tb_dump_port:456: thunderbolt 0000:00:0d.2:   Max counters: 2
[    1.383497] thunderbolt:tb_dump_port:457: thunderbolt 0000:00:0d.2:   NFC Credits: 0x800000
[    1.383497] thunderbolt:tb_dump_port:458: thunderbolt 0000:00:0d.2:   Credits (total/control): 8/0
[    1.383828] thunderbolt:tb_dump_port:449: thunderbolt 0000:00:0d.2:  Port 13: 8087:0 (Revision: 0, TB Version: 1, Type: USB (0x200101))
[    1.383829] thunderbolt:tb_dump_port:454: thunderbolt 0000:00:0d.2:   Max hop id (in/out): 8/8
[    1.383830] thunderbolt:tb_dump_port:456: thunderbolt 0000:00:0d.2:   Max counters: 2
[    1.383830] thunderbolt:tb_dump_port:457: thunderbolt 0000:00:0d.2:   NFC Credits: 0x800000
[    1.383831] thunderbolt:tb_dump_port:458: thunderbolt 0000:00:0d.2:   Credits (total/control): 8/0
[    1.383832] thunderbolt:tb_check_quirks:134: thunderbolt 0000:00:0d.2: 0: running quirk_usb3_maximum_bandwidth [thunderbolt]
[    1.383859] thunderbolt:quirk_usb3_maximum_bandwidth:41: thunderbolt 0000:00:0d.2: 0:12: USB3 maximum bandwidth limited to 16376 Mb/s
[    1.383860] thunderbolt:quirk_usb3_maximum_bandwidth:41: thunderbolt 0000:00:0d.2: 0:13: USB3 maximum bandwidth limited to 16376 Mb/s
[    1.383861] thunderbolt:tb_switch_default_link_ports:2844: thunderbolt 0000:00:0d.2: 0: linked ports 1 <-> 2
[    1.383862] thunderbolt:tb_switch_default_link_ports:2844: thunderbolt 0000:00:0d.2: 0: linked ports 3 <-> 4
[    1.391426] thunderbolt:tmu_mode_init:364: thunderbolt 0000:00:0d.2: 0: TMU: supports uni-directional mode
[    1.391591] thunderbolt:tb_switch_tmu_init:435: thunderbolt 0000:00:0d.2: 0: TMU: current mode: off
[    1.398079] thunderbolt:tb_switch_tmu_configure:1066: thunderbolt 0000:00:0d.2: 0: TMU: mode change off -> uni-directional, LowRes requested
[    1.398773] thunderbolt:tb_switch_tmu_enable:1014: thunderbolt 0000:00:0d.2: 0: TMU: mode set to: uni-directional, LowRes
[    1.399274] thunderbolt:tb_wait_for_port:537: thunderbolt 0000:00:0d.2: 0:1: is connected, link is up (state: 2)
[    1.399949] thunderbolt:tb_switch_alloc:2488: thunderbolt 0000:00:0d.2: current switch config:
[    1.399950] thunderbolt:tb_dump_switch:1570: thunderbolt 0000:00:0d.2:  USB4 Switch: 8087:5786 (Revision: 133, TB Version: 64)
[    1.399952] thunderbolt:tb_dump_switch:1573: thunderbolt 0000:00:0d.2:   Max Port Number: 23
[    1.399953] thunderbolt:tb_dump_switch:1574: thunderbolt 0000:00:0d.2:   Config:
[    1.399953] thunderbolt:tb_dump_switch:1575: thunderbolt 0000:00:0d.2:    Upstream Port Number: 1 Depth: 1 Route String: 0x1 Enabled: 1, PlugEventsDelay: 254ms
[    1.399954] thunderbolt:tb_dump_switch:1580: thunderbolt 0000:00:0d.2:    unknown1: 0x0 unknown4: 0x0
[    1.404360] thunderbolt:tb_switch_configure:2618: thunderbolt 0000:00:0d.2: initializing Switch at 0x1 (depth: 1, up port: 1)
[    1.404955] thunderbolt:usb4_switch_setup:260: thunderbolt 0000:00:0d.2: 1: link: USB4
[    1.404958] thunderbolt:usb4_switch_setup:265: thunderbolt 0000:00:0d.2: 1: TBT3 support: yes, xHCI: no
[    1.406807] thunderbolt:usb4_switch_credits_init:780: thunderbolt 0000:00:0d.2: 1: credit allocation parameters:
[    1.406810] thunderbolt:usb4_switch_credits_init:790: thunderbolt 0000:00:0d.2: 1:  USB3: 20
[    1.406811] thunderbolt:usb4_switch_credits_init:794: thunderbolt 0000:00:0d.2: 1:  DP AUX: 1
[    1.406812] thunderbolt:usb4_switch_credits_init:798: thunderbolt 0000:00:0d.2: 1:  DP main: 6
[    1.406813] thunderbolt:usb4_switch_credits_init:802: thunderbolt 0000:00:0d.2: 1:  PCIe: 76
[    1.406813] thunderbolt:usb4_switch_credits_init:810: thunderbolt 0000:00:0d.2: 1:  unknown credit allocation index 0x0, skipping
[    1.414589] thunderbolt:tb_drom_parse:640: thunderbolt 0000:00:0d.2: 1: DROM version: 1
[    1.418344] thunderbolt:tb_switch_add:3321: thunderbolt 0000:00:0d.2: 1: uid: 0xe87ca900808714c4
[    1.420847] thunderbolt:tb_dump_port:449: thunderbolt 0000:00:0d.2:  Port 1: 0:5780 (Revision: 0, TB Version: 1, Type: Port (0x1))
[    1.420850] thunderbolt:tb_dump_port:454: thunderbolt 0000:00:0d.2:   Max hop id (in/out): 31/31
[    1.420851] thunderbolt:tb_dump_port:456: thunderbolt 0000:00:0d.2:   Max counters: 4
[    1.420851] thunderbolt:tb_dump_port:457: thunderbolt 0000:00:0d.2:   NFC Credits: 0x4a000000
[    1.420852] thunderbolt:tb_dump_port:458: thunderbolt 0000:00:0d.2:   Credits (total/control): 160/2
