[    1.110815] obpc kernel: Linux version 6.19.14-200.fc43.x86_64 (mockbuild@3d94b060593f4389857ed0a29daa3c69) (gcc (GCC) 15.2.1 20260123 (Red Hat 15.2.1-7), GNU ld version 2.45.1-4.fc43) #1 SMP PREEMPT_DYNAMIC Thu Apr 23 17:34:07 UTC 2026
[    1.110845] obpc kernel: Command line: BOOT_IMAGE=(hd0,gpt5)/vmlinuz-6.19.14-200.fc43.x86_64 root=UUID=34e34fc2-47b6-41bd-b739-8a1c79788cb2 ro rootflags=subvol=root rhgb quiet module_blacklist=nouveau,nova_core rd.driver.blacklist=nouveau,nova_core modprobe.blacklist=nouveau,nova_core pcie_aspm.policy=performance thunderbolt.clx=0 pcie_port_pm=off pci=realloc=off,pcie_bus_perf,hpmmioprefsize=256M,resource_alignment=35@0000:03:00.0 crashkernel=256M iommu=off intel_iommu=off thunderbolt.dyndbg=+pflm thunderbolt.host_reset=false
[    1.110952] obpc kernel: x86/tme: not enabled by BIOS
[    1.110958] obpc kernel: x86/split lock detection: #AC: crashing the kernel on kernel split_locks and warning on user-space split_locks
[    1.110963] obpc kernel: BIOS-provided physical RAM map:
[    1.110968] obpc kernel: BIOS-e820: [mem 0x0000000000000000-0x000000000009efff] usable
[    1.110973] obpc kernel: BIOS-e820: [mem 0x000000000009f000-0x00000000000fffff] reserved
[    1.110977] obpc kernel: BIOS-e820: [mem 0x0000000000100000-0x00000000545f1fff] usable
[    1.110982] obpc kernel: BIOS-e820: [mem 0x00000000545f2000-0x000000005e6b5fff] reserved
[    1.110986] obpc kernel: BIOS-e820: [mem 0x000000005e6b6000-0x000000005e7b7fff] ACPI data
[    1.110990] obpc kernel: BIOS-e820: [mem 0x000000005e7b8000-0x000000005e93efff] ACPI NVS
[    1.110995] obpc kernel: BIOS-e820: [mem 0x000000005e93f000-0x0000000063ffefff] reserved
[    1.110999] obpc kernel: BIOS-e820: [mem 0x0000000063fff000-0x0000000063ffffff] usable
[    1.111007] obpc kernel: BIOS-e820: [mem 0x0000000064000000-0x00000000787fffff] reserved
[    1.111012] obpc kernel: BIOS-e820: [mem 0x00000000c0000000-0x00000000cfffffff] reserved
[    1.111017] obpc kernel: BIOS-e820: [mem 0x00000000fe000000-0x00000000fe010fff] reserved
[    1.111021] obpc kernel: BIOS-e820: [mem 0x00000000fe410000-0x00000000fe410fff] reserved
[    1.111025] obpc kernel: BIOS-e820: [mem 0x00000000fec00000-0x00000000fec00fff] reserved
[    1.111029] obpc kernel: BIOS-e820: [mem 0x00000000fed00000-0x00000000fed00fff] reserved
[    1.111033] obpc kernel: BIOS-e820: [mem 0x00000000fed20000-0x00000000fed7ffff] reserved
[    1.111038] obpc kernel: BIOS-e820: [mem 0x00000000fee00000-0x00000000fee00fff] reserved
[    1.111042] obpc kernel: BIOS-e820: [mem 0x00000000ff000000-0x00000000ffffffff] reserved
[    1.111046] obpc kernel: BIOS-e820: [mem 0x0000000100000000-0x000000207fffffff] usable
[    1.111050] obpc kernel: NX (Execute Disable) protection: active
[    1.111054] obpc kernel: APIC: Static calls initialized
[    1.111058] obpc kernel: efi: EFI v2.9 by American Megatrends
[    1.111064] obpc kernel: efi: ACPI=0x5e8b6000 ACPI 2.0=0x5e8b6014 TPMFinalLog=0x5e822000 SMBIOS=0x62b8d000 SMBIOS 3.0=0x62b8c000 MEMATTR=0x482f6018 ESRT=0x50df1e98 MOKvar=0x63c2e000 RNG=0x5e6eb018 TPMEventLog=0x5e6e0018 
[    1.111069] obpc kernel: random: crng init done
[    1.111073] obpc kernel: efi: Remove mem79: MMIO range=[0xc0000000-0xcfffffff] (256MB) from e820 map
[    1.111078] obpc kernel: e820: remove [mem 0xc0000000-0xcfffffff] reserved
[    1.111083] obpc kernel: efi: Not removing mem80: MMIO range=[0xfe000000-0xfe010fff] (68KB) from e820 map
[    1.111088] obpc kernel: efi: Not removing mem81: MMIO range=[0xfe410000-0xfe410fff] (4KB) from e820 map
[    1.111092] obpc kernel: efi: Not removing mem82: MMIO range=[0xfec00000-0xfec00fff] (4KB) from e820 map
[    1.111096] obpc kernel: efi: Not removing mem83: MMIO range=[0xfed00000-0xfed00fff] (4KB) from e820 map
[    1.111100] obpc kernel: efi: Not removing mem85: MMIO range=[0xfee00000-0xfee00fff] (4KB) from e820 map
[    1.111103] obpc kernel: efi: Remove mem86: MMIO range=[0xff000000-0xffffffff] (16MB) from e820 map
[    1.111108] obpc kernel: e820: remove [mem 0xff000000-0xffffffff] reserved
[    1.111112] obpc kernel: secureboot: Secure boot disabled
[    1.111116] obpc kernel: SMBIOS 3.8.0 present.
[    1.111120] obpc kernel: DMI: ASUSTeK COMPUTER INC. NUC15CRSU9/NUC15CRSU9, BIOS CRARL579.0029.2026.0115.1719 01/15/2026
[    1.111126] obpc kernel: DMI: Memory slots populated: 2/2
[    1.111131] obpc kernel: tsc: Detected 3700.000 MHz processor
[    1.111135] obpc kernel: tsc: Detected 3686.400 MHz TSC
[    1.111139] obpc kernel: e820: update [mem 0x00000000-0x00000fff] usable ==> reserved
[    1.111146] obpc kernel: e820: remove [mem 0x000a0000-0x000fffff] usable
[    1.111152] obpc kernel: last_pfn = 0x2080000 max_arch_pfn = 0x400000000
[    1.111159] obpc kernel: total RAM covered: 259839M
[    1.111167] obpc kernel:  gran_size: 64K         chunk_size: 64K         num_reg: 10          lose cover RAM: 129022M
[    1.111177] obpc kernel:  gran_size: 64K         chunk_size: 128K         num_reg: 10          lose cover RAM: 129022M
[    1.111184] obpc kernel:  gran_size: 64K         chunk_size: 256K         num_reg: 10          lose cover RAM: 129022M
[    1.111191] obpc kernel:  gran_size: 64K         chunk_size: 512K         num_reg: 10          lose cover RAM: 129022M
[    1.111195] obpc kernel:  gran_size: 64K         chunk_size: 1M         num_reg: 10          lose cover RAM: 129022M
[    1.111198] obpc kernel:  gran_size: 64K         chunk_size: 2M         num_reg: 10          lose cover RAM: 129022M
[    1.111206] obpc kernel:  gran_size: 64K         chunk_size: 4M         num_reg: 10          lose cover RAM: 129022M
[    1.111210] obpc kernel:  gran_size: 64K         chunk_size: 8M         num_reg: 10          lose cover RAM: 129022M
[    1.111217] obpc kernel:  gran_size: 64K         chunk_size: 16M         num_reg: 10          lose cover RAM: 129022M
[    1.111220] obpc kernel:  gran_size: 64K         chunk_size: 32M         num_reg: 10          lose cover RAM: 129022M
[    1.111227] obpc kernel:  gran_size: 64K         chunk_size: 64M         num_reg: 10          lose cover RAM: 129022M
[    1.111232] obpc kernel:  gran_size: 64K         chunk_size: 128M         num_reg: 10          lose cover RAM: 129022M
[    1.111236] obpc kernel:  gran_size: 64K         chunk_size: 256M         num_reg: 10          lose cover RAM: 129022M
[    1.111242] obpc kernel:  gran_size: 64K         chunk_size: 512M         num_reg: 10          lose cover RAM: 129020M
[    1.111246] obpc kernel:  gran_size: 64K         chunk_size: 1G         num_reg: 10          lose cover RAM: 129020M
[    1.111253] obpc kernel:  gran_size: 64K         chunk_size: 2G         num_reg: 10          lose cover RAM: 129020M
[    1.111258] obpc kernel:  gran_size: 128K         chunk_size: 128K         num_reg: 10          lose cover RAM: 129022M
[    1.111265] obpc kernel:  gran_size: 128K         chunk_size: 256K         num_reg: 10          lose cover RAM: 129022M
[    1.111269] obpc kernel:  gran_size: 128K         chunk_size: 512K         num_reg: 10          lose cover RAM: 129022M
[    1.111275] obpc kernel:  gran_size: 128K         chunk_size: 1M         num_reg: 10          lose cover RAM: 129022M
[    1.111279] obpc kernel:  gran_size: 128K         chunk_size: 2M         num_reg: 10          lose cover RAM: 129022M
[    1.111284] obpc kernel:  gran_size: 128K         chunk_size: 4M         num_reg: 10          lose cover RAM: 129022M
[    1.111290] obpc kernel:  gran_size: 128K         chunk_size: 8M         num_reg: 10          lose cover RAM: 129022M
[    1.111294] obpc kernel:  gran_size: 128K         chunk_size: 16M         num_reg: 10          lose cover RAM: 129022M
[    1.111300] obpc kernel:  gran_size: 128K         chunk_size: 32M         num_reg: 10          lose cover RAM: 129022M
[    1.111306] obpc kernel:  gran_size: 128K         chunk_size: 64M         num_reg: 10          lose cover RAM: 129022M
[    1.111313] obpc kernel:  gran_size: 128K         chunk_size: 128M         num_reg: 10          lose cover RAM: 129022M
[    1.111317] obpc kernel:  gran_size: 128K         chunk_size: 256M         num_reg: 10          lose cover RAM: 129022M
[    1.111322] obpc kernel:  gran_size: 128K         chunk_size: 512M         num_reg: 10          lose cover RAM: 129020M
[    1.111328] obpc kernel:  gran_size: 128K         chunk_size: 1G         num_reg: 10          lose cover RAM: 129020M
[    1.111333] obpc kernel:  gran_size: 128K         chunk_size: 2G         num_reg: 10          lose cover RAM: 129020M
[    1.111339] obpc kernel:  gran_size: 256K         chunk_size: 256K         num_reg: 10          lose cover RAM: 129022M
[    1.111343] obpc kernel:  gran_size: 256K         chunk_size: 512K         num_reg: 10          lose cover RAM: 129022M
[    1.111347] obpc kernel:  gran_size: 256K         chunk_size: 1M         num_reg: 10          lose cover RAM: 129022M
[    1.111353] obpc kernel:  gran_size: 256K         chunk_size: 2M         num_reg: 10          lose cover RAM: 129022M
[    1.111358] obpc kernel:  gran_size: 256K         chunk_size: 4M         num_reg: 10          lose cover RAM: 129022M
[    1.111364] obpc kernel:  gran_size: 256K         chunk_size: 8M         num_reg: 10          lose cover RAM: 129022M
[    1.111369] obpc kernel:  gran_size: 256K         chunk_size: 16M         num_reg: 10          lose cover RAM: 129022M
[    1.111376] obpc kernel:  gran_size: 256K         chunk_size: 32M         num_reg: 10          lose cover RAM: 129022M
[    1.111380] obpc kernel:  gran_size: 256K         chunk_size: 64M         num_reg: 10          lose cover RAM: 129022M
[    1.111385] obpc kernel:  gran_size: 256K         chunk_size: 128M         num_reg: 10          lose cover RAM: 129022M
[    1.111392] obpc kernel:  gran_size: 256K         chunk_size: 256M         num_reg: 10          lose cover RAM: 129022M
[    1.111396] obpc kernel:  gran_size: 256K         chunk_size: 512M         num_reg: 10          lose cover RAM: 129020M
[    1.111402] obpc kernel:  gran_size: 256K         chunk_size: 1G         num_reg: 10          lose cover RAM: 129020M
[    1.111406] obpc kernel:  gran_size: 256K         chunk_size: 2G         num_reg: 10          lose cover RAM: 129020M
[    1.111413] obpc kernel:  gran_size: 512K         chunk_size: 512K         num_reg: 10          lose cover RAM: 129022M
[    1.111418] obpc kernel:  gran_size: 512K         chunk_size: 1M         num_reg: 10          lose cover RAM: 129022M
[    1.111422] obpc kernel:  gran_size: 512K         chunk_size: 2M         num_reg: 10          lose cover RAM: 129022M
[    1.111429] obpc kernel:  gran_size: 512K         chunk_size: 4M         num_reg: 10          lose cover RAM: 129022M
[    1.111433] obpc kernel:  gran_size: 512K         chunk_size: 8M         num_reg: 10          lose cover RAM: 129022M
[    1.111438] obpc kernel:  gran_size: 512K         chunk_size: 16M         num_reg: 10          lose cover RAM: 129022M
[    1.111443] obpc kernel:  gran_size: 512K         chunk_size: 32M         num_reg: 10          lose cover RAM: 129022M
[    1.111447] obpc kernel:  gran_size: 512K         chunk_size: 64M         num_reg: 10          lose cover RAM: 129022M
[    1.111451] obpc kernel:  gran_size: 512K         chunk_size: 128M         num_reg: 10          lose cover RAM: 129022M
[    1.111455] obpc kernel:  gran_size: 512K         chunk_size: 256M         num_reg: 10          lose cover RAM: 129022M
[    1.111462] obpc kernel:  gran_size: 512K         chunk_size: 512M         num_reg: 10          lose cover RAM: 129020M
[    1.111466] obpc kernel:  gran_size: 512K         chunk_size: 1G         num_reg: 10          lose cover RAM: 129020M
[    1.111471] obpc kernel:  gran_size: 512K         chunk_size: 2G         num_reg: 10          lose cover RAM: 129020M
[    1.111476] obpc kernel:  gran_size: 1M         chunk_size: 1M         num_reg: 10          lose cover RAM: 129022M
[    1.111483] obpc kernel:  gran_size: 1M         chunk_size: 2M         num_reg: 10          lose cover RAM: 129022M
[    1.111488] obpc kernel:  gran_size: 1M         chunk_size: 4M         num_reg: 10          lose cover RAM: 129022M
[    1.111492] obpc kernel:  gran_size: 1M         chunk_size: 8M         num_reg: 10          lose cover RAM: 129022M
[    1.111498] obpc kernel:  gran_size: 1M         chunk_size: 16M         num_reg: 10          lose cover RAM: 129022M
[    1.111502] obpc kernel:  gran_size: 1M         chunk_size: 32M         num_reg: 10          lose cover RAM: 129022M
[    1.111509] obpc kernel:  gran_size: 1M         chunk_size: 64M         num_reg: 10          lose cover RAM: 129022M
[    1.111513] obpc kernel:  gran_size: 1M         chunk_size: 128M         num_reg: 10          lose cover RAM: 129022M
[    1.111517] obpc kernel:  gran_size: 1M         chunk_size: 256M         num_reg: 10          lose cover RAM: 129022M
[    1.111522] obpc kernel:  gran_size: 1M         chunk_size: 512M         num_reg: 10          lose cover RAM: 129020M
[    1.111526] obpc kernel:  gran_size: 1M         chunk_size: 1G         num_reg: 10          lose cover RAM: 129020M
[    1.111532] obpc kernel:  gran_size: 1M         chunk_size: 2G         num_reg: 10          lose cover RAM: 129020M
[    1.111536] obpc kernel:  gran_size: 2M         chunk_size: 2M         num_reg: 10          lose cover RAM: 129022M
[    1.111543] obpc kernel:  gran_size: 2M         chunk_size: 4M         num_reg: 10          lose cover RAM: 129022M
[    1.111548] obpc kernel:  gran_size: 2M         chunk_size: 8M         num_reg: 10          lose cover RAM: 129022M
[    1.111551] obpc kernel:  gran_size: 2M         chunk_size: 16M         num_reg: 10          lose cover RAM: 129022M
[    1.111558] obpc kernel:  gran_size: 2M         chunk_size: 32M         num_reg: 10          lose cover RAM: 129022M
[    1.111561] obpc kernel:  gran_size: 2M         chunk_size: 64M         num_reg: 10          lose cover RAM: 129022M
[    1.111567] obpc kernel:  gran_size: 2M         chunk_size: 128M         num_reg: 10          lose cover RAM: 129022M
[    1.111572] obpc kernel:  gran_size: 2M         chunk_size: 256M         num_reg: 10          lose cover RAM: 129022M
[    1.111576] obpc kernel:  gran_size: 2M         chunk_size: 512M         num_reg: 10          lose cover RAM: 129020M
[    1.111583] obpc kernel:  gran_size: 2M         chunk_size: 1G         num_reg: 10          lose cover RAM: 129020M
[    1.111587] obpc kernel:  gran_size: 2M         chunk_size: 2G         num_reg: 10          lose cover RAM: 129020M
[    1.111593] obpc kernel:  gran_size: 4M         chunk_size: 4M         num_reg: 10          lose cover RAM: 129022M
[    1.111597] obpc kernel:  gran_size: 4M         chunk_size: 8M         num_reg: 10          lose cover RAM: 129022M
[    1.111602] obpc kernel:  gran_size: 4M         chunk_size: 16M         num_reg: 10          lose cover RAM: 129022M
[    1.111606] obpc kernel:  gran_size: 4M         chunk_size: 32M         num_reg: 10          lose cover RAM: 129022M
[    1.111611] obpc kernel:  gran_size: 4M         chunk_size: 64M         num_reg: 10          lose cover RAM: 129022M
[    1.111617] obpc kernel:  gran_size: 4M         chunk_size: 128M         num_reg: 10          lose cover RAM: 129022M
[    1.111622] obpc kernel:  gran_size: 4M         chunk_size: 256M         num_reg: 10          lose cover RAM: 129022M
[    1.111628] obpc kernel:  gran_size: 4M         chunk_size: 512M         num_reg: 10          lose cover RAM: 129020M
[    1.111633] obpc kernel:  gran_size: 4M         chunk_size: 1G         num_reg: 10          lose cover RAM: 129020M
[    1.111638] obpc kernel:  gran_size: 4M         chunk_size: 2G         num_reg: 10          lose cover RAM: 129020M
[    1.111642] obpc kernel:  gran_size: 8M         chunk_size: 8M         num_reg: 10          lose cover RAM: 129022M
[    1.111645] obpc kernel:  gran_size: 8M         chunk_size: 16M         num_reg: 10          lose cover RAM: 129022M
[    1.111651] obpc kernel:  gran_size: 8M         chunk_size: 32M         num_reg: 10          lose cover RAM: 129022M
[    1.111655] obpc kernel:  gran_size: 8M         chunk_size: 64M         num_reg: 10          lose cover RAM: 129022M
[    1.111662] obpc kernel:  gran_size: 8M         chunk_size: 128M         num_reg: 10          lose cover RAM: 129022M
[    1.111666] obpc kernel:  gran_size: 8M         chunk_size: 256M         num_reg: 10          lose cover RAM: 129022M
[    1.111671] obpc kernel:  gran_size: 8M         chunk_size: 512M         num_reg: 10          lose cover RAM: 129020M
[    1.111676] obpc kernel:  gran_size: 8M         chunk_size: 1G         num_reg: 10          lose cover RAM: 129020M
[    1.111680] obpc kernel:  gran_size: 8M         chunk_size: 2G         num_reg: 10          lose cover RAM: 129020M
[    1.111686] obpc kernel:  gran_size: 16M         chunk_size: 16M         num_reg: 10          lose cover RAM: 129022M
[    1.111691] obpc kernel:  gran_size: 16M         chunk_size: 32M         num_reg: 10          lose cover RAM: 129022M
[    1.111697] obpc kernel:  gran_size: 16M         chunk_size: 64M         num_reg: 10          lose cover RAM: 129022M
[    1.111702] obpc kernel:  gran_size: 16M         chunk_size: 128M         num_reg: 10          lose cover RAM: 129022M
[    1.111706] obpc kernel:  gran_size: 16M         chunk_size: 256M         num_reg: 10          lose cover RAM: 129022M
[    1.111712] obpc kernel:  gran_size: 16M         chunk_size: 512M         num_reg: 10          lose cover RAM: 129020M
[    1.111715] obpc kernel:  gran_size: 16M         chunk_size: 1G         num_reg: 10          lose cover RAM: 129020M
[    1.111720] obpc kernel:  gran_size: 16M         chunk_size: 2G         num_reg: 10          lose cover RAM: 129020M
[    1.111724] obpc kernel:  gran_size: 32M         chunk_size: 32M         num_reg: 10          lose cover RAM: 129022M
[    1.111731] obpc kernel:  gran_size: 32M         chunk_size: 64M         num_reg: 10          lose cover RAM: 129022M
[    1.111736] obpc kernel:  gran_size: 32M         chunk_size: 128M         num_reg: 10          lose cover RAM: 129022M
[    1.111740] obpc kernel:  gran_size: 32M         chunk_size: 256M         num_reg: 10          lose cover RAM: 129022M
[    1.111745] obpc kernel:  gran_size: 32M         chunk_size: 512M         num_reg: 10          lose cover RAM: 129020M
[    1.111748] obpc kernel:  gran_size: 32M         chunk_size: 1G         num_reg: 10          lose cover RAM: 129020M
[    1.111754] obpc kernel:  gran_size: 32M         chunk_size: 2G         num_reg: 10          lose cover RAM: 129020M
[    1.111759] obpc kernel:  gran_size: 64M         chunk_size: 64M         num_reg: 10          lose cover RAM: 129022M
[    1.111764] obpc kernel:  gran_size: 64M         chunk_size: 128M         num_reg: 10          lose cover RAM: 129022M
[    1.111769] obpc kernel:  gran_size: 64M         chunk_size: 256M         num_reg: 10          lose cover RAM: 129022M
[    1.111773] obpc kernel:  gran_size: 64M         chunk_size: 512M         num_reg: 10          lose cover RAM: 129020M
[    1.111778] obpc kernel:  gran_size: 64M         chunk_size: 1G         num_reg: 10          lose cover RAM: 129020M
[    1.111782] obpc kernel:  gran_size: 64M         chunk_size: 2G         num_reg: 10          lose cover RAM: 129020M
[    1.111789] obpc kernel:  gran_size: 128M         chunk_size: 128M         num_reg: 10          lose cover RAM: 129022M
[    1.111794] obpc kernel:  gran_size: 128M         chunk_size: 256M         num_reg: 10          lose cover RAM: 129022M
[    1.111798] obpc kernel:  gran_size: 128M         chunk_size: 512M         num_reg: 10          lose cover RAM: 129020M
[    1.111805] obpc kernel:  gran_size: 128M         chunk_size: 1G         num_reg: 10          lose cover RAM: 129020M
[    1.111809] obpc kernel:  gran_size: 128M         chunk_size: 2G         num_reg: 10          lose cover RAM: 129020M
[    1.111814] obpc kernel:  gran_size: 256M         chunk_size: 256M         num_reg: 10          lose cover RAM: 129022M
[    1.111817] obpc kernel:  gran_size: 256M         chunk_size: 512M         num_reg: 10          lose cover RAM: 129020M
[    1.111824] obpc kernel:  gran_size: 256M         chunk_size: 1G         num_reg: 10          lose cover RAM: 129020M
[    1.111827] obpc kernel:  gran_size: 256M         chunk_size: 2G         num_reg: 10          lose cover RAM: 129020M
[    1.111832] obpc kernel:  gran_size: 512M         chunk_size: 512M         num_reg: 10          lose cover RAM: 129276M
[    1.111838] obpc kernel:  gran_size: 512M         chunk_size: 1G         num_reg: 10          lose cover RAM: 129276M
[    1.111842] obpc kernel:  gran_size: 512M         chunk_size: 2G         num_reg: 10          lose cover RAM: 129276M
[    1.111847] obpc kernel:  gran_size: 1G         chunk_size: 1G         num_reg: 10          lose cover RAM: 129784M
[    1.111852] obpc kernel:  gran_size: 1G         chunk_size: 2G         num_reg: 10          lose cover RAM: 129784M
[    1.111858] obpc kernel:  gran_size: 2G         chunk_size: 2G         num_reg: 10          lose cover RAM: 130800M
[    1.111862] obpc kernel: mtrr_cleanup: can not find optimal value
[    1.111869] obpc kernel: please specify mtrr_gran_size/mtrr_chunk_size
[    1.111872] obpc kernel: MTRR map: 8 entries (3 fixed + 5 variable; max 23), built from 10 variable MTRRs
[    1.111879] obpc kernel: x86/PAT: Configuration [0-7]: WB  WC  UC- UC  WB  WP  UC- WT  
[    1.111886] obpc kernel: e820: update [mem 0x70000000-0xffffffff] usable ==> reserved
[    1.111892] obpc kernel: e820: update [mem 0x2080000000-0x20800fffff] usable ==> reserved
[    1.111898] obpc kernel: x2apic: enabled by BIOS, switching to x2apic ops
[    1.111903] obpc kernel: last_pfn = 0x64000 max_arch_pfn = 0x400000000
[    1.111909] obpc kernel: esrt: Reserving ESRT space from 0x0000000050df1e98 to 0x0000000050df1fe8.
[    1.111914] obpc kernel: e820: update [mem 0x50df1000-0x50df1fff] usable ==> reserved
[    1.111921] obpc kernel: Using GB pages for direct mapping
[    1.111927] obpc kernel: secureboot: Secure boot disabled
[    1.111932] obpc kernel: RAMDISK: [mem 0x3d22c000-0x4046efff]
[    1.111937] obpc kernel: ACPI: Early table checksum verification disabled
[    1.111943] obpc kernel: ACPI: RSDP 0x000000005E8B6014 000024 (v02 ASUS  )
[    1.111951] obpc kernel: ACPI: XSDT 0x000000005E852728 000174 (v01 ASUS   NUC15CR  0000001D AMI  01000013)
[    1.111956] obpc kernel: ACPI: FACP 0x000000005E79E000 000114 (v06 ASUS   NUC15CR  0000001D AMI  01000013)
[    1.111963] obpc kernel: ACPI: DSDT 0x000000005E72D000 070E47 (v02 ASUS   NUC15CR  0000001D INTL 20210930)
[    1.111970] obpc kernel: ACPI: FACS 0x000000005E939000 000040
[    1.111976] obpc kernel: ACPI: SSDT 0x000000005E7B5000 000770 (v02 ASUS   NUC15CR  0000001D INTL 20210930)
[    1.111983] obpc kernel: ACPI: SSDT 0x000000005E7B4000 0005FB (v02 ASUS   NUC15CR  0000001D INTL 20210930)
[    1.111990] obpc kernel: ACPI: SSDT 0x000000005E7B3000 0001AB (v02 ASUS   NUC15CR  0000001D INTL 20210930)
[    1.111996] obpc kernel: ACPI: SSDT 0x000000005E7B2000 000394 (v02 ASUS   NUC15CR  0000001D INTL 20210930)
[    1.112021] obpc kernel: ACPI: SSDT 0x000000005E7B0000 001BAF (v02 ASUS   NUC15CR  0000001D INTL 20210930)
[    1.112028] obpc kernel: ACPI: SSDT 0x000000005E7AE000 001620 (v02 ASUS   NUC15CR  0000001D INTL 20210930)
[    1.112032] obpc kernel: ACPI: SSDT 0x000000005E7AC000 001349 (v02 ASUS   NUC15CR  0000001D INTL 20210930)
[    1.112037] obpc kernel: ACPI: SSDT 0x000000005E7AB000 000FBB (v02 ASUS   NUC15CR  0000001D INTL 20210930)
[    1.112042] obpc kernel: ACPI: SSDT 0x000000005E7A7000 003BC8 (v02 ASUS   NUC15CR  0000001D INTL 20210930)
[    1.112047] obpc kernel: ACPI: DTPR 0x000000005E7A6000 000088 (v01 ASUS   NUC15CR  0000001D      00000000)
[    1.112054] obpc kernel: ACPI: SSDT 0x000000005E7A0000 0053DB (v02 ASUS   NUC15CR  0000001D INTL 20210930)
[    1.112058] obpc kernel: ACPI: SSDT 0x000000005E79F000 000D03 (v02 ASUS   NUC15CR  0000001D INTL 20210930)
[    1.112062] obpc kernel: ACPI: FIDT 0x000000005E72C000 00009C (v01 ASUS   NUC15CR  0000001D AMI  00010013)
[    1.112068] obpc kernel: ACPI: SSDT 0x000000005E7B7000 00038C (v02 ASUS   NUC15CR  0000001D INTL 20210930)
[    1.112074] obpc kernel: ACPI: SSDT 0x000000005E729000 00247E (v02 ASUS   NUC15CR  0000001D INTL 20210930)
[    1.112080] obpc kernel: ACPI: SSDT 0x000000005E71F000 009ADA (v02 ASUS   NUC15CR  00001000 INTL 20210930)
[    1.112086] obpc kernel: ACPI: HPET 0x000000005E7B6000 000038 (v01 ASUS   NUC15CR  0000001D AMI  01000013)
[    1.112092] obpc kernel: ACPI: APIC 0x000000005E71E000 000358 (v05 ASUS   NUC15CR  0000001D AMI  01000013)
[    1.112097] obpc kernel: ACPI: MCFG 0x000000005E71D000 00003C (v01 ASUS   NUC15CR  0000001D AMI  01000013)
[    1.112102] obpc kernel: ACPI: SSDT 0x000000005E710000 00C39C (v02 ASUS   NUC15CR  0000001D INTL 20210930)
[    1.112105] obpc kernel: ACPI: SSDT 0x000000005E70E000 00147F (v02 ASUS   NUC15CR  0000001D INTL 20210930)
[    1.112111] obpc kernel: ACPI: SSDT 0x000000005E70A000 0038A4 (v02 ASUS   NUC15CR  0000001D INTL 20210930)
[    1.112115] obpc kernel: ACPI: UEFI 0x000000005E809000 000048 (v01 ASUS   NUC15CR  0000001D AMI  01000013)
[    1.112120] obpc kernel: ACPI: NHLT 0x000000005E709000 0002E3 (v00 ASUS   NUC15CR  0000001D AMI  01000013)
[    1.112125] obpc kernel: ACPI: LPIT 0x000000005E708000 0000CC (v01 ASUS   NUC15CR  0000001D AMI  01000013)
[    1.112131] obpc kernel: ACPI: WDAT 0x000000005E706000 000134 (v01 ASUS   NUC15CR  0000001D AMI  01000013)
[    1.112136] obpc kernel: ACPI: SSDT 0x000000005E705000 000CA6 (v02 ASUS   NUC15CR  0000001D INTL 20210930)
[    1.112140] obpc kernel: ACPI: SSDT 0x000000005E6FF000 005E42 (v02 ASUS   NUC15CR  0000001D INTL 20210930)
[    1.112145] obpc kernel: ACPI: DBGP 0x000000005E6FE000 000034 (v01 ASUS   NUC15CR  0000001D AMI  01000013)
[    1.112151] obpc kernel: ACPI: DBG2 0x000000005E6FD000 000054 (v00 ASUS   NUC15CR  0000001D AMI  01000013)
[    1.112157] obpc kernel: ACPI: SSDT 0x000000005E6FB000 001AFE (v02 ASUS   NUC15CR  0000001D INTL 20210930)
[    1.112162] obpc kernel: ACPI: DMAR 0x000000005E6FA000 000098 (v01 ASUS   NUC15CR  0000001D AMI  01000013)
[    1.112168] obpc kernel: ACPI: FPDT 0x000000005E6F9000 000044 (v01 ASUS   NUC15CR  0000001D AMI  01000013)
[    1.112173] obpc kernel: ACPI: SSDT 0x000000005E6F7000 001092 (v02 ASUS   NUC15CR  0000001D INTL 20210930)
[    1.112177] obpc kernel: ACPI: SSDT 0x000000005E6F4000 00281A (v02 ASUS   NUC15CR  0000001D INTL 20210930)
[    1.112183] obpc kernel: ACPI: SSDT 0x000000005E6F1000 0028D3 (v02 ASUS   NUC15CR  0000001D INTL 20210930)
[    1.112189] obpc kernel: ACPI: BGRT 0x000000005E6F0000 000038 (v01 ASUS   NUC15CR  0000001D AMI  00010013)
[    1.112194] obpc kernel: ACPI: SSDT 0x000000005E6EE000 0011A0 (v02 ASUS   NUC15CR  0000001D INTL 20210930)
[    1.112200] obpc kernel: ACPI: PHAT 0x000000005E6ED000 000810 (v01 ASUS   NUC15CR  0000001D MSFT 0100000D)
[    1.112206] obpc kernel: ACPI: TPM2 0x000000005E6EC000 00004C (v04 ASUS   NUC15CR  0000001D AMI  00000000)
[    1.112211] obpc kernel: ACPI: WSMT 0x000000005E707000 000028 (v01 ASUS   NUC15CR  0000001D AMI  00010013)
[    1.112215] obpc kernel: ACPI: Reserving FACP table memory at [mem 0x5e79e000-0x5e79e113]
[    1.112222] obpc kernel: ACPI: Reserving DSDT table memory at [mem 0x5e72d000-0x5e79de46]
[    1.112225] obpc kernel: ACPI: Reserving FACS table memory at [mem 0x5e939000-0x5e93903f]
[    1.112230] obpc kernel: ACPI: Reserving SSDT table memory at [mem 0x5e7b5000-0x5e7b576f]
[    1.112233] obpc kernel: ACPI: Reserving SSDT table memory at [mem 0x5e7b4000-0x5e7b45fa]
[    1.112238] obpc kernel: ACPI: Reserving SSDT table memory at [mem 0x5e7b3000-0x5e7b31aa]
[    1.112242] obpc kernel: ACPI: Reserving SSDT table memory at [mem 0x5e7b2000-0x5e7b2393]
[    1.112247] obpc kernel: ACPI: Reserving SSDT table memory at [mem 0x5e7b0000-0x5e7b1bae]
[    1.112252] obpc kernel: ACPI: Reserving SSDT table memory at [mem 0x5e7ae000-0x5e7af61f]
[    1.112255] obpc kernel: ACPI: Reserving SSDT table memory at [mem 0x5e7ac000-0x5e7ad348]
[    1.112258] obpc kernel: ACPI: Reserving SSDT table memory at [mem 0x5e7ab000-0x5e7abfba]
[    1.112261] obpc kernel: ACPI: Reserving SSDT table memory at [mem 0x5e7a7000-0x5e7aabc7]
[    1.112267] obpc kernel: ACPI: Reserving DTPR table memory at [mem 0x5e7a6000-0x5e7a6087]
[    1.112272] obpc kernel: ACPI: Reserving SSDT table memory at [mem 0x5e7a0000-0x5e7a53da]
[    1.112276] obpc kernel: ACPI: Reserving SSDT table memory at [mem 0x5e79f000-0x5e79fd02]
[    1.112280] obpc kernel: ACPI: Reserving FIDT table memory at [mem 0x5e72c000-0x5e72c09b]
[    1.112283] obpc kernel: ACPI: Reserving SSDT table memory at [mem 0x5e7b7000-0x5e7b738b]
[    1.112286] obpc kernel: ACPI: Reserving SSDT table memory at [mem 0x5e729000-0x5e72b47d]
[    1.112289] obpc kernel: ACPI: Reserving SSDT table memory at [mem 0x5e71f000-0x5e728ad9]
[    1.112293] obpc kernel: ACPI: Reserving HPET table memory at [mem 0x5e7b6000-0x5e7b6037]
[    1.112300] obpc kernel: ACPI: Reserving APIC table memory at [mem 0x5e71e000-0x5e71e357]
[    1.112304] obpc kernel: ACPI: Reserving MCFG table memory at [mem 0x5e71d000-0x5e71d03b]
[    1.112308] obpc kernel: ACPI: Reserving SSDT table memory at [mem 0x5e710000-0x5e71c39b]
[    1.112311] obpc kernel: ACPI: Reserving SSDT table memory at [mem 0x5e70e000-0x5e70f47e]
[    1.112316] obpc kernel: ACPI: Reserving SSDT table memory at [mem 0x5e70a000-0x5e70d8a3]
[    1.112320] obpc kernel: ACPI: Reserving UEFI table memory at [mem 0x5e809000-0x5e809047]
[    1.112325] obpc kernel: ACPI: Reserving NHLT table memory at [mem 0x5e709000-0x5e7092e2]
[    1.112328] obpc kernel: ACPI: Reserving LPIT table memory at [mem 0x5e708000-0x5e7080cb]
[    1.112334] obpc kernel: ACPI: Reserving WDAT table memory at [mem 0x5e706000-0x5e706133]
[    1.112337] obpc kernel: ACPI: Reserving SSDT table memory at [mem 0x5e705000-0x5e705ca5]
[    1.112342] obpc kernel: ACPI: Reserving SSDT table memory at [mem 0x5e6ff000-0x5e704e41]
[    1.112346] obpc kernel: ACPI: Reserving DBGP table memory at [mem 0x5e6fe000-0x5e6fe033]
[    1.112350] obpc kernel: ACPI: Reserving DBG2 table memory at [mem 0x5e6fd000-0x5e6fd053]
[    1.112353] obpc kernel: ACPI: Reserving SSDT table memory at [mem 0x5e6fb000-0x5e6fcafd]
[    1.112357] obpc kernel: ACPI: Reserving DMAR table memory at [mem 0x5e6fa000-0x5e6fa097]
[    1.112360] obpc kernel: ACPI: Reserving FPDT table memory at [mem 0x5e6f9000-0x5e6f9043]
[    1.112366] obpc kernel: ACPI: Reserving SSDT table memory at [mem 0x5e6f7000-0x5e6f8091]
[    1.112369] obpc kernel: ACPI: Reserving SSDT table memory at [mem 0x5e6f4000-0x5e6f6819]
[    1.112373] obpc kernel: ACPI: Reserving SSDT table memory at [mem 0x5e6f1000-0x5e6f38d2]
[    1.112377] obpc kernel: ACPI: Reserving BGRT table memory at [mem 0x5e6f0000-0x5e6f0037]
[    1.112381] obpc kernel: ACPI: Reserving SSDT table memory at [mem 0x5e6ee000-0x5e6ef19f]
[    1.112385] obpc kernel: ACPI: Reserving PHAT table memory at [mem 0x5e6ed000-0x5e6ed80f]
[    1.112388] obpc kernel: ACPI: Reserving TPM2 table memory at [mem 0x5e6ec000-0x5e6ec04b]
[    1.112393] obpc kernel: ACPI: Reserving WSMT table memory at [mem 0x5e707000-0x5e707027]
[    1.112397] obpc kernel: APIC: Switched APIC routing to: cluster x2apic
[    1.112401] obpc kernel: No NUMA configuration found
[    1.112406] obpc kernel: Faking a node at [mem 0x0000000000000000-0x000000207fffffff]
[    1.112409] obpc kernel: NODE_DATA(0) allocated [mem 0x207ffd5280-0x207fffffff]
[    1.112413] obpc kernel: crashkernel reserved: 0x000000002d000000 - 0x000000003d000000 (256 MB)
[    1.112418] obpc kernel: Zone ranges:
[    1.112423] obpc kernel:   DMA      [mem 0x0000000000001000-0x0000000000ffffff]
[    1.112427] obpc kernel:   DMA32    [mem 0x0000000001000000-0x00000000ffffffff]
[    1.112434] obpc kernel:   Normal   [mem 0x0000000100000000-0x000000207fffffff]
[    1.112441] obpc kernel:   Device   empty
[    1.112444] obpc kernel: Movable zone start for each node
[    1.112449] obpc kernel: Early memory node ranges
[    1.112452] obpc kernel:   node   0: [mem 0x0000000000001000-0x000000000009efff]
[    1.112456] obpc kernel:   node   0: [mem 0x0000000000100000-0x00000000545f1fff]
[    1.112459] obpc kernel:   node   0: [mem 0x0000000063fff000-0x0000000063ffffff]
[    1.112465] obpc kernel:   node   0: [mem 0x0000000100000000-0x000000207fffffff]
[    1.112468] obpc kernel: Initmem setup node 0 [mem 0x0000000000001000-0x000000207fffffff]
[    1.112473] obpc kernel: On node 0, zone DMA: 1 pages in unavailable ranges
[    1.112476] obpc kernel: On node 0, zone DMA: 97 pages in unavailable ranges
[    1.112481] obpc kernel: On node 0, zone DMA32: 31245 pages in unavailable ranges
[    1.112486] obpc kernel: On node 0, zone Normal: 16384 pages in unavailable ranges
[    1.112491] obpc kernel: ACPI: PM-Timer IO Port: 0x1808
[    1.112496] obpc kernel: ACPI: X2APIC_NMI (uid[0xffffffff] high level lint[0x1])
[    1.112501] obpc kernel: IOAPIC[0]: apic_id 2, version 32, address 0xfec00000, GSI 0-119
[    1.112506] obpc kernel: ACPI: INT_SRC_OVR (bus 0 bus_irq 0 global_irq 2 dfl dfl)
[    1.112512] obpc kernel: ACPI: INT_SRC_OVR (bus 0 bus_irq 9 global_irq 9 high level)
[    1.112516] obpc kernel: ACPI: Using ACPI (MADT) for SMP configuration information
[    1.112523] obpc kernel: ACPI: HPET id: 0x8086a201 base: 0xfed00000
[    1.112528] obpc kernel: e820: update [mem 0x483a2000-0x483d0fff] usable ==> reserved
[    1.112532] obpc kernel: TSC deadline timer available
[    1.112536] obpc kernel: CPU topo: Max. logical packages:   1
[    1.112541] obpc kernel: CPU topo: Max. logical nodes:      1
[    1.112545] obpc kernel: CPU topo: Num. nodes per package:  1
[    1.112552] obpc kernel: CPU topo: Max. logical dies:       1
[    1.112556] obpc kernel: CPU topo: Max. dies per package:   1
[    1.112559] obpc kernel: CPU topo: Max. threads per core:   1
[    1.112564] obpc kernel: CPU topo: Num. cores per package:    16
[    1.112568] obpc kernel: CPU topo: Num. threads per package:  16
[    1.112574] obpc kernel: CPU topo: Allowing 16 present CPUs plus 0 hotplug CPUs
[    1.112578] obpc kernel: PM: hibernation: Registered nosave memory: [mem 0x00000000-0x00000fff]
[    1.112583] obpc kernel: PM: hibernation: Registered nosave memory: [mem 0x0009f000-0x000fffff]
[    1.112589] obpc kernel: PM: hibernation: Registered nosave memory: [mem 0x483a2000-0x483d0fff]
[    1.112595] obpc kernel: PM: hibernation: Registered nosave memory: [mem 0x50df1000-0x50df1fff]
[    1.112601] obpc kernel: PM: hibernation: Registered nosave memory: [mem 0x545f2000-0x63ffefff]
[    1.112604] obpc kernel: PM: hibernation: Registered nosave memory: [mem 0x64000000-0xffffffff]
[    1.112608] obpc kernel: [mem 0x78800000-0xfdffffff] available for PCI devices
[    1.112612] obpc kernel: Booting paravirtualized kernel on bare hardware
[    1.112616] obpc kernel: clocksource: refined-jiffies: mask: 0xffffffff max_cycles: 0xffffffff, max_idle_ns: 1910969940391419 ns
[    1.112621] obpc kernel: setup_percpu: NR_CPUS:8192 nr_cpumask_bits:16 nr_cpu_ids:16 nr_node_ids:1
[    1.112627] obpc kernel: percpu: Embedded 84 pages/cpu s221184 r8192 d114688 u524288
[    1.112632] obpc kernel: pcpu-alloc: s221184 r8192 d114688 u524288 alloc=1*2097152
[    1.112635] obpc kernel: pcpu-alloc: [0] 00 01 02 03 [0] 04 05 06 07 
[    1.112639] obpc kernel: pcpu-alloc: [0] 08 09 10 11 [0] 12 13 14 15 
[    1.112644] obpc kernel: Kernel command line: BOOT_IMAGE=(hd0,gpt5)/vmlinuz-6.19.14-200.fc43.x86_64 root=UUID=34e34fc2-47b6-41bd-b739-8a1c79788cb2 ro rootflags=subvol=root rhgb quiet module_blacklist=nouveau,nova_core rd.driver.blacklist=nouveau,nova_core modprobe.blacklist=nouveau,nova_core pcie_aspm.policy=performance thunderbolt.clx=0 pcie_port_pm=off pci=realloc=off,pcie_bus_perf,hpmmioprefsize=256M,resource_alignment=35@0000:03:00.0 crashkernel=256M iommu=off intel_iommu=off thunderbolt.dyndbg=+pflm thunderbolt.host_reset=false
[    1.112661] obpc kernel: DMAR: IOMMU disabled
[    1.112666] obpc kernel: Unknown kernel command line parameters "rhgb", will be passed to user space.
[    1.112671] obpc kernel: printk: log buffer data + meta data: 262144 + 917504 = 1179648 bytes
[    1.112677] obpc kernel: Dentry cache hash table entries: 8388608 (order: 14, 67108864 bytes, linear)
[    1.112682] obpc kernel: Inode-cache hash table entries: 4194304 (order: 13, 33554432 bytes, linear)
[    1.112686] obpc kernel: Fallback order for Node 0: 0 
[    1.112692] obpc kernel: Built 1 zonelists, mobility grouping on.  Total pages: 33375633
[    1.112695] obpc kernel: Policy zone: Normal
[    1.112701] obpc kernel: mem auto-init: stack:all(zero), heap alloc:on, heap free:off
[    1.112706] obpc kernel: SLUB: HWalign=64, Order=0-3, MinObjects=0, CPUs=16, Nodes=1
[    1.112712] obpc kernel: ftrace: allocating 63440 entries in 248 pages
[    1.112721] obpc kernel: ftrace: allocated 248 pages with 5 groups
[    1.112726] obpc kernel: Dynamic Preempt: lazy
[    1.112729] obpc kernel: rcu: Preemptible hierarchical RCU implementation.
[    1.112735] obpc kernel: rcu:         RCU event tracing is enabled.
[    1.112739] obpc kernel: rcu:         RCU restricting CPUs from NR_CPUS=8192 to nr_cpu_ids=16.
[    1.112744] obpc kernel:         Trampoline variant of Tasks RCU enabled.
[    1.112748] obpc kernel:         Rude variant of Tasks RCU enabled.
[    1.112754] obpc kernel:         Tracing variant of Tasks RCU enabled.
[    1.112759] obpc kernel: rcu: RCU calculated value of scheduler-enlistment delay is 100 jiffies.
[    1.112763] obpc kernel: rcu: Adjusting geometry for rcu_fanout_leaf=16, nr_cpu_ids=16
[    1.112766] obpc kernel: RCU Tasks: Setting shift to 4 and lim to 1 rcu_task_cb_adjust=1 rcu_task_cpu_ids=16.
[    1.112772] obpc kernel: RCU Tasks Rude: Setting shift to 4 and lim to 1 rcu_task_cb_adjust=1 rcu_task_cpu_ids=16.
[    1.112775] obpc kernel: RCU Tasks Trace: Setting shift to 4 and lim to 1 rcu_task_cb_adjust=1 rcu_task_cpu_ids=16.
[    1.112781] obpc kernel: NR_IRQS: 524544, nr_irqs: 2184, preallocated irqs: 16
[    1.112788] obpc kernel: rcu: srcu_init: Setting srcu_struct sizes based on contention.
[    1.112791] obpc kernel: kfence: initialized - using 2097152 bytes for 255 objects at 0x(____ptrval____)-0x(____ptrval____)
[    1.112797] obpc kernel: Console: colour dummy device 80x25
[    1.112803] obpc kernel: printk: legacy console [tty0] enabled
[    1.112806] obpc kernel: ACPI: Core revision 20250807
[    1.112812] obpc kernel: hpet: HPET dysfunctional in PC10. Force disabled.
[    1.112816] obpc kernel: APIC: Switch to symmetric I/O mode setup
[    1.112821] obpc kernel: DMAR: Host address width 42
[    1.112827] obpc kernel: DMAR: DRHD base: 0x000000fc800000 flags: 0x0
[    1.112832] obpc kernel: DMAR: dmar0: reg_base_addr fc800000 ver 7:0 cap c9de008cee690462 ecap 12ca9a00f0ef5e
[    1.112837] obpc kernel: DMAR: DRHD base: 0x000000fc801000 flags: 0x1
[    1.112843] obpc kernel: DMAR: dmar1: reg_base_addr fc801000 ver 7:0 cap c9de008cee690462 ecap 12ca9a00f0efde
[    1.112847] obpc kernel: DMAR: SATC flags: 0x1
[    1.112853] obpc kernel: DMAR-IR: IOAPIC id 2 under DRHD base  0xfc801000 IOMMU 1
[    1.112859] obpc kernel: DMAR-IR: HPET id 0 under DRHD base 0xfc801000
[    1.112863] obpc kernel: DMAR-IR: Queued invalidation will be enabled to support x2apic and Intr-remapping.
[    1.112866] obpc kernel: DMAR-IR: Enabled IRQ remapping in x2apic mode
[    1.112872] obpc kernel: clocksource: tsc-early: mask: 0xffffffffffffffff max_cycles: 0x6a464ae9873, max_idle_ns: 881590529744 ns
[    1.112878] obpc kernel: Calibrating delay loop (skipped), value calculated using timer frequency.. 7372.80 BogoMIPS (lpj=3686400)
[    1.112883] obpc kernel: CPU0: Thermal monitoring enabled (TM1)
[    1.112888] obpc kernel: x86/cpu: User Mode Instruction Prevention (UMIP) activated
[    1.112894] obpc kernel: CET detected: Indirect Branch Tracking enabled
[    1.112898] obpc kernel: Last level iTLB entries: 4KB 0, 2MB 0, 4MB 0
[    1.112905] obpc kernel: Last level dTLB entries: 4KB 0, 2MB 0, 4MB 0, 1GB 0
[    1.112908] obpc kernel: process: using mwait in idle threads
[    1.112913] obpc kernel: mitigations: Enabled attack vectors: user_kernel, user_user, guest_host, guest_guest, SMT mitigations: auto
[    1.112918] obpc kernel: Speculative Store Bypass: Mitigation: Speculative Store Bypass disabled via prctl
[    1.112921] obpc kernel: Spectre V2 : Mitigation: Enhanced / Automatic IBRS
[    1.112928] obpc kernel: VMSCAPE: Mitigation: IBPB before exit to userspace
[    1.112934] obpc kernel: Spectre V1 : Mitigation: usercopy/swapgs barriers and __user pointer sanitization
[    1.112938] obpc kernel: Spectre V2 : mitigation: Enabling conditional Indirect Branch Prediction Barrier
[    1.112943] obpc kernel: x86/fpu: Supporting XSAVE feature 0x001: 'x87 floating point registers'
[    1.112948] obpc kernel: x86/fpu: Supporting XSAVE feature 0x002: 'SSE registers'
[    1.112952] obpc kernel: x86/fpu: Supporting XSAVE feature 0x004: 'AVX registers'
[    1.112956] obpc kernel: x86/fpu: Supporting XSAVE feature 0x200: 'Protection Keys User registers'
[    1.112960] obpc kernel: x86/fpu: Supporting XSAVE feature 0x800: 'Control-flow User registers'
[    1.112964] obpc kernel: x86/fpu: Supporting XSAVE feature 0x1000: 'Control-flow Kernel registers (KVM only)'
[    1.112967] obpc kernel: x86/fpu: xstate_offset[2]:  576, xstate_sizes[2]:  256
[    1.112971] obpc kernel: x86/fpu: xstate_offset[9]:  832, xstate_sizes[9]:    8
[    1.112976] obpc kernel: x86/fpu: xstate_offset[11]:  840, xstate_sizes[11]:   16
[    1.112979] obpc kernel: x86/fpu: xstate_offset[12]:  856, xstate_sizes[12]:   24
[    1.112982] obpc kernel: x86/fpu: Enabled xstate features 0x1a07, context size is 880 bytes, using 'compacted' format.
[    1.112987] obpc kernel: Freeing SMP alternatives memory: 56K
[    1.112990] obpc kernel: pid_max: default: 32768 minimum: 301
[    1.112993] obpc kernel: Yama: becoming mindful.
[    1.112997] obpc kernel: SELinux:  Initializing.
[    1.113003] obpc kernel: LSM support for eBPF active
[    1.113007] obpc kernel: landlock: Up and running.
[    1.113011] obpc kernel: Mount-cache hash table entries: 131072 (order: 8, 1048576 bytes, linear)
[    1.113014] obpc kernel: Mountpoint-cache hash table entries: 131072 (order: 8, 1048576 bytes, linear)
[    1.113019] obpc kernel: smpboot: CPU0: Intel(R) Core(TM) Ultra 9 285H (family: 0x6, model: 0xc5, stepping: 0x2)
[    1.113023] obpc kernel: Performance Events: XSAVE Architectural LBR, PEBS fmt5+-baseline,  AnyThread deprecated, ArrowLake-H Hybrid events, 32-deep LBR, full-width counters, Intel PMU driver.
[    1.113026] obpc kernel: core: cpu_core PMU driver: 
[    1.113029] obpc kernel: ... version:                   5
[    1.113032] obpc kernel: ... bit width:                 48
[    1.113035] obpc kernel: ... generic counters:          10
[    1.113039] obpc kernel: ... generic bitmap:            00000000000003ff
[    1.113042] obpc kernel: ... fixed-purpose counters:    4
[    1.113046] obpc kernel: ... fixed-purpose bitmap:      000000000000000f
[    1.113049] obpc kernel: ... value mask:                0000ffffffffffff
[    1.113053] obpc kernel: ... max period:                00007fffffffffff
[    1.113056] obpc kernel: ... global_ctrl mask:          0001000f000003ff
[    1.113060] obpc kernel: signal: max sigframe size: 3632
[    1.113063] obpc kernel: Estimated ratio of average max frequency by base frequency (times 1024): 1411
[    1.113068] obpc kernel: rcu: Hierarchical SRCU implementation.
[    1.113071] obpc kernel: rcu:         Max phase no-delay instances is 400.
[    1.113076] obpc kernel: Timer migration: 2 hierarchy levels; 8 children per group; 2 crossnode level
[    1.113079] obpc kernel: NMI watchdog: Enabled. Permanently consumes one hw-PMU counter.
[    1.113084] obpc kernel: smp: Bringing up secondary CPUs ...
[    1.113087] obpc kernel: smpboot: x86: Booting SMP configuration:
[    1.113092] obpc kernel: .... node  #0, CPUs:        #1  #2  #3  #4  #5  #6  #7  #8  #9 #10 #11 #12 #13 #14 #15
[    1.113095] obpc kernel: core: The event 0x5d0 is not supported as an auto-counter reload event.
[    1.113101] obpc kernel: core: cpu_atom PMU driver: 
[    1.113104] obpc kernel: ... version:                   5
[    1.113107] obpc kernel: ... bit width:                 48
[    1.113110] obpc kernel: ... generic counters:          8
[    1.113113] obpc kernel: ... generic bitmap:            00000000000000ff
[    1.113118] obpc kernel: ... fixed-purpose counters:    6
[    1.113122] obpc kernel: ... fixed-purpose bitmap:      0000000000000077
[    1.113127] obpc kernel: ... value mask:                0000ffffffffffff
[    1.113130] obpc kernel: ... max period:                00007fffffffffff
[    1.113133] obpc kernel: ... global_ctrl mask:          00000077000000ff
[    1.113136] obpc kernel: core: cpu_lowpower PMU driver: 
[    1.113139] obpc kernel: ... version:                   5
[    1.113141] obpc kernel: ... bit width:                 48
[    1.113144] obpc kernel: ... generic counters:          8
[    1.113147] obpc kernel: ... generic bitmap:            00000000000000ff
[    1.113150] obpc kernel: ... fixed-purpose counters:    3
[    1.113153] obpc kernel: ... fixed-purpose bitmap:      0000000000000007
[    1.113156] obpc kernel: ... value mask:                0000ffffffffffff
[    1.113159] obpc kernel: ... max period:                00007fffffffffff
[    1.113162] obpc kernel: ... global_ctrl mask:          00000007000000ff
[    1.113166] obpc kernel: smp: Brought up 1 node, 16 CPUs
[    1.113171] obpc kernel: smpboot: Total of 16 processors activated (117964.80 BogoMIPS)
[    1.113175] obpc kernel: Memory: 130695044K/133502532K available (22601K kernel code, 4588K rwdata, 17852K rodata, 5200K init, 5788K bss, 2777560K reserved, 0K cma-reserved)
[    1.113181] obpc kernel: devtmpfs: initialized
[    1.113186] obpc kernel: x86/mm: Memory block size: 2048MB
[    1.113189] obpc kernel: ACPI: PM: Registering ACPI NVS region [mem 0x5e7b8000-0x5e93efff] (1601536 bytes)
[    1.113194] obpc kernel: clocksource: jiffies: mask: 0xffffffff max_cycles: 0xffffffff, max_idle_ns: 1911260446275000 ns
[    1.113197] obpc kernel: posixtimers hash table entries: 8192 (order: 5, 131072 bytes, linear)
[    1.113200] obpc kernel: futex hash table entries: 4096 (262144 bytes on 1 NUMA nodes, total 256 KiB, linear).
[    1.113203] obpc kernel: PM: RTC time: 21:48:19, date: 2026-05-08
[    1.113209] obpc kernel: NET: Registered PF_NETLINK/PF_ROUTE protocol family
[    1.113212] obpc kernel: DMA: preallocated 4096 KiB GFP_KERNEL pool for atomic allocations
[    1.113218] obpc kernel: DMA: preallocated 4096 KiB GFP_KERNEL|GFP_DMA pool for atomic allocations
[    1.113223] obpc kernel: DMA: preallocated 4096 KiB GFP_KERNEL|GFP_DMA32 pool for atomic allocations
[    1.113229] obpc kernel: audit: initializing netlink subsys (disabled)
[    1.113233] obpc kernel: audit: type=2000 audit(1778276899.012:1): state=initialized audit_enabled=0 res=1
[    1.113237] obpc kernel: thermal_sys: Registered thermal governor 'fair_share'
[    1.113240] obpc kernel: thermal_sys: Registered thermal governor 'bang_bang'
[    1.113243] obpc kernel: thermal_sys: Registered thermal governor 'step_wise'
[    1.113246] obpc kernel: thermal_sys: Registered thermal governor 'user_space'
[    1.113249] obpc kernel: cpuidle: using governor menu
[    1.113254] obpc kernel: efi: Freeing EFI boot services memory: 202076K
[    1.113259] obpc kernel: acpiphp: ACPI Hot Plug PCI Controller Driver version: 0.5
[    1.113264] obpc kernel: PCI: ECAM [mem 0xc0000000-0xcfffffff] (base 0xc0000000) for domain 0000 [bus 00-ff]
[    1.113270] obpc kernel: PCI: Using configuration type 1 for base access
[    1.113274] obpc kernel: kprobes: kprobe jump-optimization is enabled. All kprobes are optimized if possible.
[    1.113279] obpc kernel: HugeTLB: registered 1.00 GiB page size, pre-allocated 0 pages
[    1.113282] obpc kernel: HugeTLB: 16380 KiB vmemmap can be freed for a 1.00 GiB page
[    1.113287] obpc kernel: HugeTLB: registered 2.00 MiB page size, pre-allocated 0 pages
[    1.113293] obpc kernel: HugeTLB: 28 KiB vmemmap can be freed for a 2.00 MiB page
[    1.113296] obpc kernel: raid6: skipped pq benchmark and selected avx2x4
[    1.113299] obpc kernel: raid6: using avx2x2 recovery algorithm
[    1.113302] obpc kernel: ACPI: Added _OSI(Module Device)
[    1.113308] obpc kernel: ACPI: Added _OSI(Processor Device)
[    1.113313] obpc kernel: ACPI: Added _OSI(Processor Aggregator Device)
[    1.113316] obpc kernel: ACPI: 25 ACPI AML tables successfully acquired and loaded
[    1.113321] obpc kernel: ACPI: USB4 _OSC: OS supports USB3+ DisplayPort+ PCIe+ XDomain+
[    1.113327] obpc kernel: ACPI: USB4 _OSC: OS controls USB3+ DisplayPort+ PCIe+ XDomain+
[    1.113332] obpc kernel: ACPI: EC: EC started
[    1.113337] obpc kernel: ACPI: EC: interrupt blocked
[    1.113340] obpc kernel: ACPI: EC: EC_CMD/EC_SC=0x66, EC_DATA=0x62
[    1.113346] obpc kernel: ACPI: \_SB_.PC00.LPCB.H_EC: Boot DSDT EC used to handle transactions
[    1.113351] obpc kernel: ACPI: Interpreter enabled
[    1.113356] obpc kernel: ACPI: PM: (supports S0 S3 S4 S5)
[    1.113361] obpc kernel: ACPI: Using IOAPIC for interrupt routing
[    1.113365] obpc kernel: PCI: Using host bridge windows from ACPI; if necessary, use "pci=nocrs" and report a bug
[    1.113369] obpc kernel: PCI: Ignoring E820 reservations for host bridge windows
[    1.113373] obpc kernel: ACPI: Enabled 13 GPEs in block 00 to 7F
[    1.113378] obpc kernel: ACPI: Enabled 8 GPEs in block 80 to DF
[    1.113381] obpc kernel: ACPI: \_SB_.PC00.RP04.PXP_: New power resource
[    1.113385] obpc kernel: ACPI: \_SB_.PC00.RP05.PXP_: New power resource
[    1.113390] obpc kernel: ACPI: \_SB_.PC00.RP11.PXP_: New power resource
[    1.113395] obpc kernel: ACPI: \_SB_.PC00.RP12.PXP_: New power resource
[    1.113400] obpc kernel: ACPI: \_SB_.PC00.XHCI.RHUB.HS10.BTRT: New power resource
[    1.113403] obpc kernel: ACPI: \_SB_.PC00.XHCI.RHUB.HS10.DBTR: New power resource
[    1.113407] obpc kernel: ACPI: \_SB_.PC00.PAUD: New power resource
[    1.113410] obpc kernel: ACPI: \_SB_.PC00.CNVW.WRST: New power resource
[    1.113415] obpc kernel: ACPI: \_SB_.PC00.TBT0: New power resource
[    1.113419] obpc kernel: ACPI: \_SB_.PC00.TBT1: New power resource
[    1.113423] obpc kernel: ACPI: \_SB_.PC00.D3C_: New power resource
[    1.113426] obpc kernel: ACPI: \_TZ_.FN00: New power resource
[    1.113431] obpc kernel: ACPI: \_TZ_.FN01: New power resource
[    1.113434] obpc kernel: ACPI: \_TZ_.FN02: New power resource
[    1.113437] obpc kernel: ACPI: \_TZ_.FN03: New power resource
[    1.113441] obpc kernel: ACPI: \_TZ_.FN04: New power resource
[    1.113445] obpc kernel: ACPI: \PIN_: New power resource
[    1.113449] obpc kernel: ACPI: PCI Root Bridge [PC00] (domain 0000 [bus 00-fe])
[    1.113582] obpc kernel: acpi PNP0A08:00: _OSC: OS supports [ExtendedConfig ASPM ClockPM Segments MSI EDR HPX-Type3]
[    1.113659] obpc kernel: acpi PNP0A08:00: _OSC: OS now controls [PCIeHotplug SHPCHotplug PME AER PCIeCapability LTR DPC]
[    1.113665] obpc kernel: PCI host bridge to bus 0000:00
[    1.113745] obpc kernel: pci_bus 0000:00: root bus resource [io  0x0000-0x0cf7 window]
[    1.113813] obpc kernel: pci_bus 0000:00: root bus resource [io  0x0d00-0xffff window]
[    1.113876] obpc kernel: pci_bus 0000:00: root bus resource [mem 0x000a0000-0x000bffff window]
[    1.113939] obpc kernel: pci_bus 0000:00: root bus resource [mem 0x80000000-0xbfffffff window]
[    1.114009] obpc kernel: pci_bus 0000:00: root bus resource [mem 0x4000000000-0x3ffbfffffff window]
[    1.114071] obpc kernel: pci_bus 0000:00: root bus resource [bus 00-fe]
[    1.114154] obpc kernel: pci 0000:00:00.0: [8086:7d06] type 00 class 0x060000 conventional PCI endpoint
[    1.114235] obpc kernel: pci 0000:00:01.0: [8086:7ecc] type 01 class 0x060400 PCIe Root Port
[    1.114305] obpc kernel: pci 0000:00:01.0: PCI bridge to [bus 01]
[    1.114374] obpc kernel: pci 0000:00:01.0:   bridge window [mem 0x90300000-0x903fffff]
[    1.114442] obpc kernel: pci 0000:00:01.0: PME# supported from D0 D3hot D3cold
[    1.114509] obpc kernel: pci 0000:00:01.0: PTM enabled (root), 4ns granularity
[    1.114583] obpc kernel: pci 0000:00:02.0: [8086:7d51] type 00 class 0x030000 PCIe Root Complex Integrated Endpoint
[    1.114652] obpc kernel: pci 0000:00:02.0: BAR 0 [mem 0x5837000000-0x5837ffffff 64bit pref]
[    1.114718] obpc kernel: pci 0000:00:02.0: BAR 2 [mem 0x5020000000-0x502fffffff 64bit pref]
[    1.114785] obpc kernel: pci 0000:00:02.0: DMAR: Skip IOMMU disabling for graphics
[    1.114850] obpc kernel: pci 0000:00:02.0: Video device with shadowed ROM at [mem 0x000c0000-0x000dffff]
[    1.114920] obpc kernel: pci 0000:00:02.0: PME# supported from D0 D3hot
[    1.114996] obpc kernel: pci 0000:00:02.0: VF BAR 0 [mem 0x5830000000-0x5830ffffff 64bit pref]
[    1.115066] obpc kernel: pci 0000:00:02.0: VF BAR 0 [mem 0x5830000000-0x5836ffffff 64bit pref]: contains BAR 0 for 7 VFs
[    1.115138] obpc kernel: pci 0000:00:04.0: [8086:7d03] type 00 class 0x118000 conventional PCI endpoint
[    1.115206] obpc kernel: pci 0000:00:04.0: BAR 0 [mem 0x58402c0000-0x58402dffff 64bit]
[    1.115277] obpc kernel: pci 0000:00:07.0: [8086:7ec4] type 01 class 0x060400 PCIe Root Port
[    1.115344] obpc kernel: pci 0000:00:07.0: PCI bridge to [bus 02-2b]
[    1.115411] obpc kernel: pci 0000:00:07.0:   bridge window [io  0x3000-0x3fff]
[    1.115477] obpc kernel: pci 0000:00:07.0:   bridge window [mem 0x80000000-0x89efffff]
[    1.115543] obpc kernel: pci 0000:00:07.0:   bridge window [mem 0x4000000000-0x5013ffffff 64bit pref]
[    1.115610] obpc kernel: pci 0000:00:07.0: PME# supported from D0 D3hot D3cold
[    1.115675] obpc kernel: pci 0000:00:07.0: PTM enabled (root), 4ns granularity
[    1.115746] obpc kernel: pci 0000:00:07.2: [8086:7ec6] type 01 class 0x060400 PCIe Root Port
[    1.115815] obpc kernel: pci 0000:00:07.2: PCI bridge to [bus 2c-55]
[    1.115886] obpc kernel: pci 0000:00:07.2:   bridge window [mem 0x8a000000-0x8fffffff]
[    1.115959] obpc kernel: pci 0000:00:07.2:   bridge window [mem 0x5030000000-0x582fffffff 64bit pref]
[    1.116034] obpc kernel: pci 0000:00:07.2: PME# supported from D0 D3hot D3cold
[    1.116107] obpc kernel: pci 0000:00:07.2: PTM enabled (root), 4ns granularity
[    1.116189] obpc kernel: pci 0000:00:08.0: [8086:774c] type 00 class 0x088000 conventional PCI endpoint
[    1.116259] obpc kernel: pci 0000:00:08.0: BAR 0 [mem 0x5840322000-0x5840322fff 64bit]
[    1.116332] obpc kernel: pci 0000:00:0a.0: [8086:7d0d] type 00 class 0x118000 PCIe Root Complex Integrated Endpoint
[    1.116401] obpc kernel: pci 0000:00:0a.0: BAR 0 [mem 0x5840280000-0x58402bffff 64bit]
[    1.116469] obpc kernel: pci 0000:00:0a.0: enabling Extended Tags
[    1.116538] obpc kernel: pci 0000:00:0b.0: [8086:7d1d] type 00 class 0x120000 PCIe Root Complex Integrated Endpoint
[    1.116605] obpc kernel: pci 0000:00:0b.0: BAR 0 [mem 0x5838000000-0x583fffffff 64bit]
[    1.116671] obpc kernel: pci 0000:00:0b.0: BAR 4 [mem 0x5840321000-0x5840321fff 64bit]
[    1.116743] obpc kernel: pci 0000:00:0d.0: [8086:7ec0] type 00 class 0x0c0330 conventional PCI endpoint
[    1.116811] obpc kernel: pci 0000:00:0d.0: BAR 0 [mem 0x5840300000-0x584030ffff 64bit]
[    1.116877] obpc kernel: pci 0000:00:0d.0: PME# supported from D3hot D3cold
[    1.116950] obpc kernel: pci 0000:00:0d.2: [8086:7ec2] type 00 class 0x0c0340 conventional PCI endpoint
[    1.117023] obpc kernel: pci 0000:00:0d.2: BAR 0 [mem 0x5840240000-0x584027ffff 64bit]
[    1.117092] obpc kernel: pci 0000:00:0d.2: BAR 2 [mem 0x5840320000-0x5840320fff 64bit]
[    1.117162] obpc kernel: pci 0000:00:0d.2: supports D1 D2
[    1.117246] obpc kernel: pci 0000:00:0d.2: PME# supported from D0 D1 D2 D3hot D3cold
[    1.117319] obpc kernel: pci 0000:00:0d.3: [8086:7ec3] type 00 class 0x0c0340 conventional PCI endpoint
[    1.117388] obpc kernel: pci 0000:00:0d.3: BAR 0 [mem 0x5840200000-0x584023ffff 64bit]
[    1.117456] obpc kernel: pci 0000:00:0d.3: BAR 2 [mem 0x584031f000-0x584031ffff 64bit]
[    1.117520] obpc kernel: pci 0000:00:0d.3: supports D1 D2
[    1.117583] obpc kernel: pci 0000:00:0d.3: PME# supported from D0 D1 D2 D3hot D3cold
[    1.117655] obpc kernel: pci 0000:00:12.0: [8086:7745] type 00 class 0x070000 conventional PCI endpoint
[    1.117722] obpc kernel: pci 0000:00:12.0: BAR 0 [mem 0x58402f0000-0x58402fffff 64bit]
[    1.117785] obpc kernel: pci 0000:00:12.0: PME# supported from D0 D3hot
[    1.117857] obpc kernel: pci 0000:00:14.0: [8086:777d] type 00 class 0x0c0330 conventional PCI endpoint
[    1.117926] obpc kernel: pci 0000:00:14.0: BAR 0 [mem 0x58402e0000-0x58402effff 64bit]
[    1.117992] obpc kernel: pci 0000:00:14.0: PME# supported from D3hot D3cold
[    1.118084] obpc kernel: pci 0000:00:14.2: [8086:777f] type 00 class 0x050000 conventional PCI endpoint
[    1.118153] obpc kernel: pci 0000:00:14.2: BAR 0 [mem 0x5840318000-0x584031bfff 64bit]
[    1.118218] obpc kernel: pci 0000:00:14.2: BAR 2 [mem 0x584031e000-0x584031efff 64bit]
[    1.118291] obpc kernel: pci 0000:00:14.3: [8086:7740] type 00 class 0x028000 PCIe Root Complex Integrated Endpoint
[    1.118355] obpc kernel: pci 0000:00:14.3: BAR 0 [mem 0x5840314000-0x5840317fff 64bit]
[    1.118418] obpc kernel: pci 0000:00:14.3: enabling Extended Tags
[    1.118483] obpc kernel: pci 0000:00:14.3: PME# supported from D0 D3hot D3cold
[    1.118552] obpc kernel: pci 0000:00:16.0: [8086:7770] type 00 class 0x078000 conventional PCI endpoint
[    1.118618] obpc kernel: pci 0000:00:16.0: BAR 0 [mem 0x584031d000-0x584031dfff 64bit]
[    1.118683] obpc kernel: pci 0000:00:16.0: PME# supported from D3hot
[    1.118753] obpc kernel: pci 0000:00:1c.0: [8086:773c] type 01 class 0x060400 PCIe Root Port
[    1.118818] obpc kernel: pci 0000:00:1c.0: PCI bridge to [bus 56]
[    1.118883] obpc kernel: pci 0000:00:1c.0:   bridge window [mem 0x90000000-0x902fffff]
[    1.118954] obpc kernel: pci 0000:00:1c.0: PME# supported from D0 D3hot D3cold
[    1.119025] obpc kernel: pci 0000:00:1c.0: PTM enabled (root), 4ns granularity
[    1.119103] obpc kernel: pci 0000:00:1f.0: [8086:7702] type 00 class 0x060100 conventional PCI endpoint
[    1.119177] obpc kernel: pci 0000:00:1f.3: [8086:7728] type 00 class 0x040100 conventional PCI endpoint
[    1.119260] obpc kernel: pci 0000:00:1f.3: BAR 0 [mem 0x5840310000-0x5840313fff 64bit]
[    1.119328] obpc kernel: pci 0000:00:1f.3: BAR 4 [mem 0x5840000000-0x58401fffff 64bit]
[    1.119397] obpc kernel: pci 0000:00:1f.3: PME# supported from D3hot D3cold
[    1.119469] obpc kernel: pci 0000:00:1f.4: [8086:7722] type 00 class 0x0c0500 conventional PCI endpoint
[    1.119536] obpc kernel: pci 0000:00:1f.4: BAR 0 [mem 0x584031c000-0x584031c0ff 64bit]
[    1.119601] obpc kernel: pci 0000:00:1f.4: BAR 4 [io  0xefa0-0xefbf]
[    1.119672] obpc kernel: pci 0000:00:1f.5: [8086:7723] type 00 class 0x0c8000 conventional PCI endpoint
[    1.119737] obpc kernel: pci 0000:00:1f.5: BAR 0 [mem 0xfe010000-0xfe010fff]
[    1.119813] obpc kernel: pci 0000:01:00.0: [144d:a80c] type 00 class 0x010802 PCIe Endpoint
[    1.119880] obpc kernel: pci 0000:01:00.0: BAR 0 [mem 0x90300000-0x90303fff 64bit]
[    1.119949] obpc kernel: pci 0000:00:01.0: PCI bridge to [bus 01]
[    1.120029] obpc kernel: pci 0000:02:00.0: [8086:5786] type 01 class 0x060400 PCIe Switch Upstream Port
[    1.120100] obpc kernel: pci 0000:02:00.0: PCI bridge to [bus 03-2b]
[    1.120167] obpc kernel: pci 0000:02:00.0:   bridge window [io  0x3000-0x3fff]
[    1.120234] obpc kernel: pci 0000:02:00.0:   bridge window [mem 0x80000000-0x89efffff]
[    1.120304] obpc kernel: pci 0000:02:00.0:   bridge window [mem 0x4000000000-0x5013ffffff 64bit pref]
[    1.120372] obpc kernel: pci 0000:02:00.0: enabling Extended Tags
[    1.120440] obpc kernel: pci 0000:02:00.0: supports D1 D2
[    1.120510] obpc kernel: pci 0000:02:00.0: PME# supported from D0 D1 D2 D3hot D3cold
[    1.120576] obpc kernel: pci 0000:02:00.0: PTM enabled, 4ns granularity
[    1.120641] obpc kernel: pci 0000:00:07.0: PCI bridge to [bus 02-2b]
[    1.120720] obpc kernel: pci 0000:03:00.0: [8086:5786] type 01 class 0x060400 PCIe Switch Downstream Port
[    1.120792] obpc kernel: pci 0000:03:00.0: PCI bridge to [bus 04]
[    1.120863] obpc kernel: pci 0000:03:00.0:   bridge window [io  0x3000-0x3fff]
[    1.120935] obpc kernel: pci 0000:03:00.0:   bridge window [mem 0x80000000-0x840fffff]
[    1.121010] obpc kernel: pci 0000:03:00.0:   bridge window [mem 0x4000000000-0x48140fffff 64bit pref]
[    1.121084] obpc kernel: pci 0000:03:00.0: enabling Extended Tags
[    1.121155] obpc kernel: pci 0000:03:00.0: supports D1 D2
[    1.121229] obpc kernel: pci 0000:03:00.0: PME# supported from D0 D1 D2 D3hot D3cold
[    1.121308] obpc kernel: pci 0000:03:01.0: [8086:5786] type 01 class 0x060400 PCIe Switch Downstream Port
[    1.121378] obpc kernel: pci 0000:03:01.0: PCI bridge to [bus 05-11]
[    1.121453] obpc kernel: pci 0000:03:01.0:   bridge window [mem 0x88000000-0x89efffff]
[    1.121525] obpc kernel: pci 0000:03:01.0:   bridge window [mem 0x4d69600000-0x5013ffffff 64bit pref]
[    1.121595] obpc kernel: pci 0000:03:01.0: enabling Extended Tags
[    1.121666] obpc kernel: pci 0000:03:01.0: supports D1 D2
[    1.121734] obpc kernel: pci 0000:03:01.0: PME# supported from D0 D1 D2 D3hot D3cold
[    1.121813] obpc kernel: pci 0000:03:02.0: [8086:5786] type 01 class 0x060400 PCIe Switch Downstream Port
[    1.121887] obpc kernel: pci 0000:03:02.0: PCI bridge to [bus 12-1e]
[    1.121959] obpc kernel: pci 0000:03:02.0:   bridge window [mem 0x86100000-0x87ffffff]
[    1.122031] obpc kernel: pci 0000:03:02.0:   bridge window [mem 0x4abec00000-0x4d695fffff 64bit pref]
[    1.122103] obpc kernel: pci 0000:03:02.0: enabling Extended Tags
[    1.122174] obpc kernel: pci 0000:03:02.0: supports D1 D2
[    1.122244] obpc kernel: pci 0000:03:02.0: PME# supported from D0 D1 D2 D3hot D3cold
[    1.122324] obpc kernel: pci 0000:03:03.0: [8086:5786] type 01 class 0x060400 PCIe Switch Downstream Port
[    1.122397] obpc kernel: pci 0000:03:03.0: PCI bridge to [bus 1f-2b]
[    1.122468] obpc kernel: pci 0000:03:03.0:   bridge window [mem 0x84200000-0x860fffff]
[    1.122537] obpc kernel: pci 0000:03:03.0:   bridge window [mem 0x4814200000-0x4abebfffff 64bit pref]
[    1.122607] obpc kernel: pci 0000:03:03.0: enabling Extended Tags
[    1.122679] obpc kernel: pci 0000:03:03.0: supports D1 D2
[    1.122748] obpc kernel: pci 0000:03:03.0: PME# supported from D0 D1 D2 D3hot D3cold
[    1.122819] obpc kernel: pci 0000:02:00.0: PCI bridge to [bus 03-2b]
[    1.122898] obpc kernel: pci 0000:04:00.0: [10de:2b85] type 00 class 0x030000 PCIe Legacy Endpoint
[    1.122971] obpc kernel: pci 0000:04:00.0: BAR 0 [mem 0x80000000-0x83ffffff]
[    1.123050] obpc kernel: pci 0000:04:00.0: BAR 1 [mem 0x4000000000-0x47ffffffff 64bit pref]
[    1.123121] obpc kernel: pci 0000:04:00.0: BAR 3 [mem 0x4812000000-0x4813ffffff 64bit pref]
[    1.123192] obpc kernel: pci 0000:04:00.0: BAR 5 [io  0x3000-0x307f]
[    1.123265] obpc kernel: pci 0000:04:00.0: ROM [mem 0x84000000-0x8407ffff pref]
[    1.123340] obpc kernel: pci 0000:04:00.0: Enabling HDA controller
[    1.123412] obpc kernel: pci 0000:04:00.0: PME# supported from D0 D3hot
[    1.123485] obpc kernel: pci 0000:04:00.0: VF BAR 0 [mem 0x4814000000-0x481403ffff 64bit pref]
[    1.123556] obpc kernel: pci 0000:04:00.0: VF BAR 0 [mem 0x4814000000-0x481403ffff 64bit pref]: contains BAR 0 for 1 VFs
[    1.123633] obpc kernel: pci 0000:04:00.0: VF BAR 2 [mem 0x4800000000-0x480fffffff 64bit pref]
[    1.123706] obpc kernel: pci 0000:04:00.0: VF BAR 2 [mem 0x4800000000-0x480fffffff 64bit pref]: contains BAR 2 for 1 VFs
[    1.123777] obpc kernel: pci 0000:04:00.0: VF BAR 4 [mem 0x4810000000-0x4811ffffff 64bit pref]
[    1.123848] obpc kernel: pci 0000:04:00.0: VF BAR 4 [mem 0x4810000000-0x4811ffffff 64bit pref]: contains BAR 4 for 1 VFs
[    1.123919] obpc kernel: pci 0000:04:00.0: 8.000 Gb/s available PCIe bandwidth, limited by 2.5 GT/s PCIe x4 link at 0000:00:07.0 (capable of 504.112 Gb/s with 32.0 GT/s PCIe x16 link)
[    1.123999] obpc kernel: pci 0000:04:00.1: [10de:22e8] type 00 class 0x040300 PCIe Endpoint
[    1.124076] obpc kernel: pci 0000:04:00.1: BAR 0 [mem 0x84080000-0x84083fff]
[    1.124147] obpc kernel: pci 0000:03:00.0: PCI bridge to [bus 04]
[    1.124217] obpc kernel: pci 0000:03:01.0: PCI bridge to [bus 05-11]
[    1.124286] obpc kernel: pci 0000:03:02.0: PCI bridge to [bus 12-1e]
[    1.124357] obpc kernel: pci 0000:03:03.0: PCI bridge to [bus 1f-2b]
[    1.124424] obpc kernel: pci 0000:00:07.2: PCI bridge to [bus 2c-55]
[    1.124498] obpc kernel: pci 0000:56:00.0: [8086:125c] type 00 class 0x020000 PCIe Endpoint
[    1.124568] obpc kernel: pci 0000:56:00.0: BAR 0 [mem 0x90100000-0x901fffff]
[    1.124634] obpc kernel: pci 0000:56:00.0: BAR 3 [mem 0x90200000-0x90203fff]
[    1.124702] obpc kernel: pci 0000:56:00.0: ROM [mem 0x90000000-0x900fffff pref]
[    1.124769] obpc kernel: pci 0000:56:00.0: PME# supported from D0 D3hot D3cold
[    1.124837] obpc kernel: pci 0000:00:1c.0: PCI bridge to [bus 56]
[    1.124905] obpc kernel: pci 0000:00:01.0: Max Payload Size set to  256/ 256 (was  256), Max Read Rq  128
[    1.124976] obpc kernel: pci 0000:01:00.0: Max Payload Size set to  256/ 512 (was  256), Max Read Rq  256
[    1.125044] obpc kernel: pci 0000:00:07.0: Max Payload Size set to  128/ 128 (was  128), Max Read Rq  128
[    1.125114] obpc kernel: pci 0000:02:00.0: Max Payload Size set to  128/ 256 (was  128), Max Read Rq  128
[    1.125184] obpc kernel: pci 0000:03:00.0: Max Payload Size set to  128/ 256 (was  128), Max Read Rq  128
[    1.125258] obpc kernel: pci 0000:04:00.0: Max Payload Size set to  128/ 256 (was  128), Max Read Rq  128
[    1.125331] obpc kernel: pci 0000:04:00.1: Max Payload Size set to  128/ 256 (was  128), Max Read Rq  128
[    1.125401] obpc kernel: pci 0000:03:01.0: Max Payload Size set to  128/ 256 (was  128), Max Read Rq  128
[    1.125471] obpc kernel: pci 0000:03:02.0: Max Payload Size set to  128/ 256 (was  128), Max Read Rq  128
[    1.125541] obpc kernel: pci 0000:03:03.0: Max Payload Size set to  128/ 256 (was  128), Max Read Rq  128
[    1.125607] obpc kernel: pci 0000:00:07.2: Max Payload Size set to  128/ 128 (was  128), Max Read Rq  128
[    1.125673] obpc kernel: pci 0000:00:1c.0: Max Payload Size set to  256/ 256 (was  256), Max Read Rq  128
[    1.125741] obpc kernel: pci 0000:56:00.0: Max Payload Size set to  256/ 512 (was  256), Max Read Rq  256
[    1.125746] obpc kernel: ACPI: PCI: Interrupt link LNKA configured for IRQ 0
[    1.125752] obpc kernel: ACPI: PCI: Interrupt link LNKB configured for IRQ 1
[    1.125755] obpc kernel: ACPI: PCI: Interrupt link LNKC configured for IRQ 0
[    1.125759] obpc kernel: ACPI: PCI: Interrupt link LNKD configured for IRQ 0
[    1.125763] obpc kernel: ACPI: PCI: Interrupt link LNKE configured for IRQ 0
[    1.125769] obpc kernel: ACPI: PCI: Interrupt link LNKF configured for IRQ 0
[    1.125772] obpc kernel: ACPI: PCI: Interrupt link LNKG configured for IRQ 0
[    1.125776] obpc kernel: ACPI: PCI: Interrupt link LNKH configured for IRQ 0
[    1.125780] obpc kernel: ACPI: \_SB_.PEPD: Duplicate LPS0 _DSM functions (mask: 0x1)
[    1.125784] obpc kernel: Low-power S0 idle used by default for system suspend
[    1.125787] obpc kernel: ACPI: EC: interrupt unblocked
[    1.125791] obpc kernel: ACPI: EC: event unblocked
[    1.125794] obpc kernel: ACPI: EC: EC_CMD/EC_SC=0x66, EC_DATA=0x62
[    1.125798] obpc kernel: ACPI: EC: GPE=0x6e
[    1.125803] obpc kernel: ACPI: \_SB_.PC00.LPCB.H_EC: Boot DSDT EC initialization complete
[    1.125808] obpc kernel: ACPI: \_SB_.PC00.LPCB.H_EC: EC: Used to handle transactions and events
[    1.125812] obpc kernel: iommu: Default domain type: Translated
[    1.125817] obpc kernel: iommu: DMA domain TLB invalidation policy: lazy mode
[    1.125820] obpc kernel: SCSI subsystem initialized
[    1.125824] obpc kernel: libata version 3.00 loaded.
[    1.125827] obpc kernel: ACPI: bus type USB registered
[    1.125831] obpc kernel: usbcore: registered new interface driver usbfs
[    1.125834] obpc kernel: usbcore: registered new interface driver hub
[    1.125837] obpc kernel: usbcore: registered new device driver usb
[    1.125840] obpc kernel: pps_core: LinuxPPS API ver. 1 registered
[    1.125843] obpc kernel: pps_core: Software ver. 5.3.6 - Copyright 2005-2007 Rodolfo Giometti <giometti@linux.it>
[    1.125846] obpc kernel: PTP clock support registered
[    1.125849] obpc kernel: EDAC MC: Ver: 3.0.0
[    1.125854] obpc kernel: efivars: Registered efivars operations
[    1.125859] obpc kernel: NetLabel: Initializing
[    1.125862] obpc kernel: NetLabel:  domain hash size = 128
[    1.125865] obpc kernel: NetLabel:  protocols = UNLABELED CIPSOv4 CALIPSO
[    1.125869] obpc kernel: NetLabel:  unlabeled traffic allowed by default
[    1.125872] obpc kernel: mctp: management component transport protocol core
[    1.125876] obpc kernel: NET: Registered PF_MCTP protocol family
[    1.125879] obpc kernel: PCI: Using ACPI for IRQ routing
[    1.125884] obpc kernel: PCI: pci_cache_line_size set to 64 bytes
[    1.125950] obpc kernel: pci 0000:00:1f.5: BAR 0 [mem 0xfe010000-0xfe010fff]: can't claim; no compatible bridge window
[    1.126025] obpc kernel: pci 0000:04:00.0: BAR 0 [mem 0x80000000-0x83ffffff]: can't claim; no compatible bridge window
[    1.126097] obpc kernel: pci 0000:04:00.0: BAR 1 [mem 0x4000000000-0x47ffffffff 64bit pref]: can't claim; no compatible bridge window
[    1.126168] obpc kernel: pci 0000:04:00.0: BAR 3 [mem 0x4812000000-0x4813ffffff 64bit pref]: can't claim; no compatible bridge window
[    1.126241] obpc kernel: pci 0000:04:00.0: VF BAR 0 [mem 0x4814000000-0x481403ffff 64bit pref]: can't claim; no compatible bridge window
[    1.126312] obpc kernel: pci 0000:04:00.0: VF BAR 2 [mem 0x4800000000-0x480fffffff 64bit pref]: can't claim; no compatible bridge window
[    1.126382] obpc kernel: pci 0000:04:00.0: VF BAR 4 [mem 0x4810000000-0x4811ffffff 64bit pref]: can't claim; no compatible bridge window
[    1.126454] obpc kernel: pci 0000:04:00.1: BAR 0 [mem 0x84080000-0x84083fff]: can't claim; no compatible bridge window
[    1.126459] obpc kernel: e820: reserve RAM buffer [mem 0x0009f000-0x0009ffff]
[    1.126464] obpc kernel: e820: reserve RAM buffer [mem 0x483a2000-0x4bffffff]
[    1.126469] obpc kernel: e820: reserve RAM buffer [mem 0x50df1000-0x53ffffff]
[    1.126472] obpc kernel: e820: reserve RAM buffer [mem 0x545f2000-0x57ffffff]
[    1.126539] obpc kernel: pci 0000:00:02.0: vgaarb: setting as boot VGA device
[    1.126605] obpc kernel: pci 0000:00:02.0: vgaarb: bridge control possible
[    1.126668] obpc kernel: pci 0000:00:02.0: vgaarb: VGA device added: decodes=io+mem,owns=io+mem,locks=none
[    1.126739] obpc kernel: pci 0000:04:00.0: vgaarb: bridge control possible
[    1.126811] obpc kernel: pci 0000:04:00.0: vgaarb: VGA device added: decodes=io+mem,owns=none,locks=none
[    1.126815] obpc kernel: vgaarb: loaded
[    1.126819] obpc kernel: Monitor-Mwait will be used to enter C-1 state
[    1.126822] obpc kernel: Monitor-Mwait will be used to enter C-2 state
[    1.126827] obpc kernel: Monitor-Mwait will be used to enter C-3 state
[    1.126830] obpc kernel: clocksource: Switched to clocksource tsc-early
[    1.126836] obpc kernel: VFS: Disk quotas dquot_6.6.0
[    1.126840] obpc kernel: VFS: Dquot-cache hash table entries: 512 (order 0, 4096 bytes)
[    1.126843] obpc kernel: pnp: PnP ACPI init
[    1.126917] obpc kernel: system 00:01: [io  0x0680-0x069f] has been reserved
[    1.126979] obpc kernel: system 00:01: [io  0x164e-0x164f] has been reserved
[    1.127047] obpc kernel: system 00:02: [io  0x1854-0x1857] has been reserved
[    1.127118] obpc kernel: system 00:03: [mem 0xfedc0000-0xfedc7fff] has been reserved
[    1.127179] obpc kernel: system 00:03: [mem 0x00000000-0x00000fff] could not be reserved
[    1.127239] obpc kernel: system 00:03: [mem 0x00000000-0x00000fff] could not be reserved
[    1.127299] obpc kernel: system 00:03: [mem 0xc0000000-0xcfffffff] has been reserved
[    1.127358] obpc kernel: system 00:03: [mem 0xfed20000-0xfed7ffff] could not be reserved
[    1.127419] obpc kernel: system 00:03: [mem 0xfc800000-0xfc81ffff] could not be reserved
[    1.127480] obpc kernel: system 00:03: [mem 0xfed45000-0xfed8ffff] could not be reserved
[    1.127540] obpc kernel: system 00:03: [mem 0xfee00000-0xfeefffff] could not be reserved
[    1.127604] obpc kernel: system 00:04: [io  0x2000-0x20fe] has been reserved
[    1.127611] obpc kernel: pnp: PnP ACPI: found 6 devices
[    1.127614] obpc kernel: clocksource: acpi_pm: mask: 0xffffff max_cycles: 0xffffff, max_idle_ns: 2085701024 ns
[    1.127618] obpc kernel: NET: Registered PF_INET protocol family
[    1.127621] obpc kernel: IP idents hash table entries: 262144 (order: 9, 2097152 bytes, linear)
[    1.127625] obpc kernel: tcp_listen_portaddr_hash hash table entries: 65536 (order: 8, 1048576 bytes, linear)
[    1.127629] obpc kernel: Table-perturb hash table entries: 65536 (order: 6, 262144 bytes, linear)
[    1.127632] obpc kernel: TCP established hash table entries: 524288 (order: 10, 4194304 bytes, linear)
[    1.127638] obpc kernel: TCP bind hash table entries: 65536 (order: 9, 2097152 bytes, linear)
[    1.127641] obpc kernel: TCP: Hash tables configured (established 524288 bind 65536)
[    1.127645] obpc kernel: MPTCP token hash table entries: 65536 (order: 9, 1572864 bytes, linear)
[    1.127649] obpc kernel: UDP hash table entries: 65536 (order: 10, 4194304 bytes, linear)
[    1.127652] obpc kernel: UDP-Lite hash table entries: 65536 (order: 10, 4194304 bytes, linear)
[    1.127656] obpc kernel: NET: Registered PF_UNIX/PF_LOCAL protocol family
[    1.127661] obpc kernel: NET: Registered PF_XDP protocol family
[    1.127732] obpc kernel: pci 0000:04:00.0: ROM [mem 0x84000000-0x8407ffff pref]: can't claim; no compatible bridge window
[    1.127803] obpc kernel: pci 0000:03:00.0: bridge window [mem 0x800000000-0x1001ffffff 64bit pref] to [bus 04] add_size 12100000 add_align 800000000
[    1.127874] obpc kernel: pci 0000:03:01.0: bridge window [io  0x1000-0x0fff] to [bus 05-11] add_size 1000
[    1.127943] obpc kernel: pci 0000:03:02.0: bridge window [io  0x1000-0x0fff] to [bus 12-1e] add_size 1000
[    1.128013] obpc kernel: pci 0000:03:03.0: bridge window [io  0x1000-0x0fff] to [bus 1f-2b] add_size 1000
[    1.128082] obpc kernel: pci 0000:00:07.2: bridge window [io  0x1000-0x0fff] to [bus 2c-55] add_size 1000
[    1.128145] obpc kernel: pci 0000:00:07.2: bridge window [io  0x4000-0x4fff]: assigned
[    1.128210] obpc kernel: pci 0000:00:1f.5: BAR 0 [mem 0x89f00000-0x89f00fff]: assigned
[    1.128276] obpc kernel: pci 0000:00:01.0: PCI bridge to [bus 01]
[    1.128340] obpc kernel: pci 0000:00:01.0:   bridge window [mem 0x90300000-0x903fffff]
[    1.128409] obpc kernel: pci 0000:03:00.0: bridge window [mem 0x4000000000-0x48140fffff 64bit pref]: assigned
[    1.128479] obpc kernel: pci 0000:03:00.0: bridge window [mem 0x80000000-0x840fffff]: assigned
[    1.128549] obpc kernel: pci 0000:03:01.0: bridge window [io  size 0x1000]: can't assign; no space
[    1.128620] obpc kernel: pci 0000:03:01.0: bridge window [io  size 0x1000]: failed to assign
[    1.128692] obpc kernel: pci 0000:03:02.0: bridge window [io  size 0x1000]: can't assign; no space
[    1.128763] obpc kernel: pci 0000:03:02.0: bridge window [io  size 0x1000]: failed to assign
[    1.128835] obpc kernel: pci 0000:03:03.0: bridge window [io  size 0x1000]: can't assign; no space
[    1.128905] obpc kernel: pci 0000:03:03.0: bridge window [io  size 0x1000]: failed to assign
[    1.128974] obpc kernel: pci 0000:03:03.0: bridge window [io  size 0x1000]: can't assign; no space
[    1.129047] obpc kernel: pci 0000:03:03.0: bridge window [io  size 0x1000]: failed to assign
[    1.129117] obpc kernel: pci 0000:03:02.0: bridge window [io  size 0x1000]: can't assign; no space
[    1.129186] obpc kernel: pci 0000:03:02.0: bridge window [io  size 0x1000]: failed to assign
[    1.129255] obpc kernel: pci 0000:03:01.0: bridge window [io  size 0x1000]: can't assign; no space
[    1.129323] obpc kernel: pci 0000:03:01.0: bridge window [io  size 0x1000]: failed to assign
[    1.129395] obpc kernel: pci 0000:04:00.0: BAR 1 [mem 0x4000000000-0x47ffffffff 64bit pref]: assigned
[    1.129466] obpc kernel: pci 0000:04:00.0: VF BAR 2 [mem 0x4800000000-0x480fffffff 64bit pref]: assigned
[    1.129539] obpc kernel: pci 0000:04:00.0: BAR 0 [mem 0x80000000-0x83ffffff]: assigned
[    1.129612] obpc kernel: pci 0000:04:00.0: BAR 3 [mem 0x4810000000-0x4811ffffff 64bit pref]: assigned
[    1.129685] obpc kernel: pci 0000:04:00.0: VF BAR 4 [mem 0x4812000000-0x4813ffffff 64bit pref]: assigned
[    1.129755] obpc kernel: pci 0000:04:00.0: ROM [mem 0x84000000-0x8407ffff pref]: assigned
[    1.129827] obpc kernel: pci 0000:04:00.0: VF BAR 0 [mem 0x4814000000-0x481403ffff 64bit pref]: assigned
[    1.129899] obpc kernel: pci 0000:04:00.1: BAR 0 [mem 0x84080000-0x84083fff]: assigned
[    1.129971] obpc kernel: pci 0000:03:00.0: PCI bridge to [bus 04]
[    1.130046] obpc kernel: pci 0000:03:00.0:   bridge window [io  0x3000-0x3fff]
[    1.130118] obpc kernel: pci 0000:03:00.0:   bridge window [mem 0x80000000-0x840fffff]
[    1.130191] obpc kernel: pci 0000:03:00.0:   bridge window [mem 0x4000000000-0x48140fffff 64bit pref]
[    1.130262] obpc kernel: pci 0000:03:01.0: PCI bridge to [bus 05-11]
[    1.130335] obpc kernel: pci 0000:03:01.0:   bridge window [mem 0x88000000-0x89efffff]
[    1.130406] obpc kernel: pci 0000:03:01.0:   bridge window [mem 0x4d69600000-0x5013ffffff 64bit pref]
[    1.130478] obpc kernel: pci 0000:03:02.0: PCI bridge to [bus 12-1e]
[    1.130549] obpc kernel: pci 0000:03:02.0:   bridge window [mem 0x86100000-0x87ffffff]
[    1.130618] obpc kernel: pci 0000:03:02.0:   bridge window [mem 0x4abec00000-0x4d695fffff 64bit pref]
[    1.130686] obpc kernel: pci 0000:03:03.0: PCI bridge to [bus 1f-2b]
[    1.130754] obpc kernel: pci 0000:03:03.0:   bridge window [mem 0x84200000-0x860fffff]
[    1.130823] obpc kernel: pci 0000:03:03.0:   bridge window [mem 0x4814200000-0x4abebfffff 64bit pref]
[    1.130890] obpc kernel: pci 0000:02:00.0: PCI bridge to [bus 03-2b]
[    1.130955] obpc kernel: pci 0000:02:00.0:   bridge window [io  0x3000-0x3fff]
[    1.131025] obpc kernel: pci 0000:02:00.0:   bridge window [mem 0x80000000-0x89efffff]
[    1.131093] obpc kernel: pci 0000:02:00.0:   bridge window [mem 0x4000000000-0x5013ffffff 64bit pref]
[    1.131158] obpc kernel: pci 0000:00:07.0: PCI bridge to [bus 02-2b]
[    1.131221] obpc kernel: pci 0000:00:07.0:   bridge window [io  0x3000-0x3fff]
[    1.131285] obpc kernel: pci 0000:00:07.0:   bridge window [mem 0x80000000-0x89efffff]
[    1.131350] obpc kernel: pci 0000:00:07.0:   bridge window [mem 0x4000000000-0x5013ffffff 64bit pref]
[    1.131414] obpc kernel: pci 0000:00:07.2: PCI bridge to [bus 2c-55]
[    1.131477] obpc kernel: pci 0000:00:07.2:   bridge window [io  0x4000-0x4fff]
[    1.131544] obpc kernel: pci 0000:00:07.2:   bridge window [mem 0x8a000000-0x8fffffff]
[    1.131608] obpc kernel: pci 0000:00:07.2:   bridge window [mem 0x5030000000-0x582fffffff 64bit pref]
[    1.131673] obpc kernel: pci 0000:00:1c.0: PCI bridge to [bus 56]
[    1.131739] obpc kernel: pci 0000:00:1c.0:   bridge window [mem 0x90000000-0x902fffff]
[    1.131803] obpc kernel: pci_bus 0000:00: resource 4 [io  0x0000-0x0cf7 window]
[    1.131862] obpc kernel: pci_bus 0000:00: resource 5 [io  0x0d00-0xffff window]
[    1.131920] obpc kernel: pci_bus 0000:00: resource 6 [mem 0x000a0000-0x000bffff window]
[    1.131979] obpc kernel: pci_bus 0000:00: resource 7 [mem 0x80000000-0xbfffffff window]
[    1.132046] obpc kernel: pci_bus 0000:00: resource 8 [mem 0x4000000000-0x3ffbfffffff window]
[    1.132117] obpc kernel: pci_bus 0000:01: resource 1 [mem 0x90300000-0x903fffff]
[    1.132186] obpc kernel: pci_bus 0000:02: resource 0 [io  0x3000-0x3fff]
[    1.132247] obpc kernel: pci_bus 0000:02: resource 1 [mem 0x80000000-0x89efffff]
[    1.132310] obpc kernel: pci_bus 0000:02: resource 2 [mem 0x4000000000-0x5013ffffff 64bit pref]
[    1.132380] obpc kernel: pci_bus 0000:03: resource 0 [io  0x3000-0x3fff]
[    1.132445] obpc kernel: pci_bus 0000:03: resource 1 [mem 0x80000000-0x89efffff]
[    1.132510] obpc kernel: pci_bus 0000:03: resource 2 [mem 0x4000000000-0x5013ffffff 64bit pref]
[    1.132586] obpc kernel: pci_bus 0000:04: resource 0 [io  0x3000-0x3fff]
[    1.132654] obpc kernel: pci_bus 0000:04: resource 1 [mem 0x80000000-0x840fffff]
[    1.132722] obpc kernel: pci_bus 0000:04: resource 2 [mem 0x4000000000-0x48140fffff 64bit pref]
[    1.132795] obpc kernel: pci_bus 0000:05: resource 0 [io  size 0x1000]
[    1.132863] obpc kernel: pci_bus 0000:05: resource 1 [mem 0x88000000-0x89efffff]
[    1.132929] obpc kernel: pci_bus 0000:05: resource 2 [mem 0x4d69600000-0x5013ffffff 64bit pref]
[    1.133003] obpc kernel: pci_bus 0000:12: resource 0 [io  size 0x1000]
[    1.133073] obpc kernel: pci_bus 0000:12: resource 1 [mem 0x86100000-0x87ffffff]
[    1.133139] obpc kernel: pci_bus 0000:12: resource 2 [mem 0x4abec00000-0x4d695fffff 64bit pref]
[    1.133211] obpc kernel: pci_bus 0000:1f: resource 0 [io  size 0x1000]
[    1.133280] obpc kernel: pci_bus 0000:1f: resource 1 [mem 0x84200000-0x860fffff]
[    1.133346] obpc kernel: pci_bus 0000:1f: resource 2 [mem 0x4814200000-0x4abebfffff 64bit pref]
[    1.133415] obpc kernel: pci_bus 0000:2c: resource 0 [io  0x4000-0x4fff]
[    1.133476] obpc kernel: pci_bus 0000:2c: resource 1 [mem 0x8a000000-0x8fffffff]
[    1.133537] obpc kernel: pci_bus 0000:2c: resource 2 [mem 0x5030000000-0x582fffffff 64bit pref]
[    1.133604] obpc kernel: pci_bus 0000:56: resource 1 [mem 0x90000000-0x902fffff]
[    1.133677] obpc kernel: pci 0000:04:00.1: extending delay after power-on from D3hot to 20 msec
[    1.133751] obpc kernel: pci 0000:04:00.1: D0 power state depends on 0000:04:00.0
[    1.133755] obpc kernel: PCI: CLS 64 bytes, default 64
[    1.133759] obpc kernel: clocksource: tsc: mask: 0xffffffffffffffff max_cycles: 0x6a464ae9873, max_idle_ns: 881590529744 ns
[    1.133764] obpc kernel: clocksource: Switched to clocksource tsc
[    1.133839] obpc kernel: platform rtc_cmos: registered platform RTC device (no PNP device found)
[    1.133846] obpc kernel: Trying to unpack rootfs image as initramfs...
[    1.133850] obpc kernel: Initialise system trusted keyrings
[    1.133854] obpc kernel: Key type blacklist registered
[    1.133858] obpc kernel: workingset: timestamp_bits=36 max_order=25 bucket_order=0
[    1.133862] obpc kernel: integrity: Platform Keyring initialized
[    1.133865] obpc kernel: integrity: Machine keyring initialized
[    1.133869] obpc kernel: cryptd: max_cpu_qlen set to 1000
[    1.133874] obpc kernel: NET: Registered PF_ALG protocol family
[    1.133878] obpc kernel: xor: automatically using best checksumming function   avx       
[    1.133883] obpc kernel: Key type asymmetric registered
[    1.133887] obpc kernel: Asymmetric key parser 'x509' registered
[    1.133890] obpc kernel: Block layer SCSI generic (bsg) driver version 0.4 loaded (major 244)
[    1.133894] obpc kernel: io scheduler mq-deadline registered
[    1.133897] obpc kernel: io scheduler kyber registered
[    1.133901] obpc kernel: io scheduler bfq registered
[    1.133905] obpc kernel: atomic64_test: passed for x86-64 platform with CX8 and with SSE
[    1.133969] obpc kernel: pcieport 0000:00:01.0: PME: Signaling with IRQ 120
[    1.134036] obpc kernel: pcieport 0000:00:01.0: AER: enabled with IRQ 120
[    1.134100] obpc kernel: pcieport 0000:00:07.0: PME: Signaling with IRQ 121
[    1.134166] obpc kernel: pcieport 0000:00:07.0: AER: enabled with IRQ 121
[    1.134232] obpc kernel: pcieport 0000:00:07.0: pciehp: Slot #12 AttnBtn- PwrCtrl- MRL- AttnInd- PwrInd- HotPlug+ Surprise+ Interlock- NoCompl+ IbPresDis- LLActRep+
[    1.134297] obpc kernel: pcieport 0000:00:07.2: PME: Signaling with IRQ 122
[    1.134361] obpc kernel: pcieport 0000:00:07.2: AER: enabled with IRQ 122
[    1.134427] obpc kernel: pcieport 0000:00:07.2: pciehp: Slot #14 AttnBtn- PwrCtrl- MRL- AttnInd- PwrInd- HotPlug+ Surprise+ Interlock- NoCompl+ IbPresDis- LLActRep+
[    1.134491] obpc kernel: pcieport 0000:00:1c.0: PME: Signaling with IRQ 123
[    1.134556] obpc kernel: pcieport 0000:00:1c.0: AER: enabled with IRQ 123
[    1.134627] obpc kernel: pcieport 0000:03:00.0: enabling device (0001 -> 0003)
[    1.134696] obpc kernel: pcieport 0000:03:01.0: pciehp: Slot #1 AttnBtn- PwrCtrl- MRL- AttnInd- PwrInd- HotPlug+ Surprise+ Interlock- NoCompl+ IbPresDis- LLActRep+
[    1.134766] obpc kernel: pcieport 0000:03:02.0: pciehp: Slot #2 AttnBtn- PwrCtrl- MRL- AttnInd- PwrInd- HotPlug+ Surprise+ Interlock- NoCompl+ IbPresDis- LLActRep+
[    1.134835] obpc kernel: pcieport 0000:03:03.0: pciehp: Slot #3 AttnBtn- PwrCtrl- MRL- AttnInd- PwrInd- HotPlug+ Surprise+ Interlock- NoCompl+ IbPresDis- LLActRep+
[    1.134839] obpc kernel: input: Sleep Button as /devices/LNXSYSTM:00/LNXSYBUS:00/PNP0C0E:00/input/input0
[    1.134844] obpc kernel: ACPI: button: Sleep Button [SLPB]
[    1.134848] obpc kernel: input: Power Button as /devices/LNXSYSTM:00/LNXSYBUS:00/PNP0C0C:00/input/input1
[    1.134851] obpc kernel: ACPI: button: Power Button [PWRB]
[    1.134855] obpc kernel: input: Power Button as /devices/LNXSYSTM:00/LNXPWRBN:00/input/input2
[    1.134860] obpc kernel: ACPI: button: Power Button [PWRF]
[    1.134863] obpc kernel: ACPI: thermal: [Firmware Bug]: Invalid critical threshold (-274000)
[    1.134953] obpc kernel: thermal LNXTHERM:00: registered as thermal_zone0
[    1.134958] obpc kernel: ACPI: thermal: Thermal Zone [TZ0] (40 C)
[    1.135034] obpc kernel: thermal LNXTHERM:01: registered as thermal_zone1
[    1.135039] obpc kernel: ACPI: thermal: Thermal Zone [TZ00] (62 C)
[    1.135044] obpc kernel: Serial: 8250/16550 driver, 32 ports, IRQ sharing enabled
[    1.135110] obpc kernel: serial 0000:00:12.0: enabling device (0000 -> 0002)
[    1.135115] obpc kernel: hpet_acpi_add: no address or irqs in _CRS
[    1.135120] obpc kernel: Non-volatile memory driver v1.3
[    1.135126] obpc kernel: Linux agpgart interface v0.103
[    1.135131] obpc kernel: ACPI: bus type drm_connector registered
[    1.135134] obpc kernel: CAN device driver interface
[    1.135201] obpc kernel: xhci_hcd 0000:00:0d.0: xHCI Host Controller
[    1.135266] obpc kernel: xhci_hcd 0000:00:0d.0: new USB bus registered, assigned bus number 1
[    1.135330] obpc kernel: xhci_hcd 0000:00:0d.0: hcc params 0x20007fc1 hci version 0x120 quirks 0x0000000200009810
[    1.135394] obpc kernel: xhci_hcd 0000:00:0d.0: xHCI Host Controller
[    1.135458] obpc kernel: xhci_hcd 0000:00:0d.0: new USB bus registered, assigned bus number 2
[    1.135523] obpc kernel: xhci_hcd 0000:00:0d.0: Host supports USB 3.2 Enhanced SuperSpeed
[    1.135592] obpc kernel: usb usb1: New USB device found, idVendor=1d6b, idProduct=0002, bcdDevice= 6.19
[    1.135650] obpc kernel: usb usb1: New USB device strings: Mfr=3, Product=2, SerialNumber=1
[    1.135704] obpc kernel: usb usb1: Product: xHCI Host Controller
[    1.135759] obpc kernel: usb usb1: Manufacturer: Linux 6.19.14-200.fc43.x86_64 xhci-hcd
[    1.135813] obpc kernel: usb usb1: SerialNumber: 0000:00:0d.0
[    1.135897] obpc kernel: hub 1-0:1.0: USB hub found
[    1.135970] obpc kernel: hub 1-0:1.0: 1 port detected
[    1.136034] obpc kernel: usb usb2: New USB device found, idVendor=1d6b, idProduct=0003, bcdDevice= 6.19
[    1.136092] obpc kernel: usb usb2: New USB device strings: Mfr=3, Product=2, SerialNumber=1
[    1.136145] obpc kernel: usb usb2: Product: xHCI Host Controller
[    1.136198] obpc kernel: usb usb2: Manufacturer: Linux 6.19.14-200.fc43.x86_64 xhci-hcd
[    1.136250] obpc kernel: usb usb2: SerialNumber: 0000:00:0d.0
[    1.136326] obpc kernel: hub 2-0:1.0: USB hub found
[    1.136399] obpc kernel: hub 2-0:1.0: 4 ports detected
[    1.136467] obpc kernel: xhci_hcd 0000:00:14.0: xHCI Host Controller
[    1.136533] obpc kernel: xhci_hcd 0000:00:14.0: new USB bus registered, assigned bus number 3
[    1.136598] obpc kernel: xhci_hcd 0000:00:14.0: hcc params 0x20007fc1 hci version 0x120 quirks 0x0000000200009810
[    1.136663] obpc kernel: xhci_hcd 0000:00:14.0: xHCI Host Controller
[    1.136727] obpc kernel: xhci_hcd 0000:00:14.0: new USB bus registered, assigned bus number 4
[    1.136791] obpc kernel: xhci_hcd 0000:00:14.0: Host supports USB 3.2 Enhanced SuperSpeed
[    1.136850] obpc kernel: usb usb3: New USB device found, idVendor=1d6b, idProduct=0002, bcdDevice= 6.19
[    1.136904] obpc kernel: usb usb3: New USB device strings: Mfr=3, Product=2, SerialNumber=1
[    1.136956] obpc kernel: usb usb3: Product: xHCI Host Controller
[    1.137183] obpc kernel: usb usb3: Manufacturer: Linux 6.19.14-200.fc43.x86_64 xhci-hcd
[    1.137396] obpc kernel: usb usb3: SerialNumber: 0000:00:14.0
[    1.137582] obpc kernel: hub 3-0:1.0: USB hub found
[    1.137717] obpc kernel: hub 3-0:1.0: 12 ports detected
[    1.137828] obpc kernel: usb usb4: New USB device found, idVendor=1d6b, idProduct=0003, bcdDevice= 6.19
[    1.137928] obpc kernel: usb usb4: New USB device strings: Mfr=3, Product=2, SerialNumber=1
[    1.138036] obpc kernel: usb usb4: Product: xHCI Host Controller
[    1.138141] obpc kernel: usb usb4: Manufacturer: Linux 6.19.14-200.fc43.x86_64 xhci-hcd
[    1.138237] obpc kernel: usb usb4: SerialNumber: 0000:00:14.0
[    1.138373] obpc kernel: hub 4-0:1.0: USB hub found
[    1.138496] obpc kernel: hub 4-0:1.0: 2 ports detected
[    1.138506] obpc kernel: usbcore: registered new interface driver usbserial_generic
[    1.138517] obpc kernel: usbserial: USB Serial support registered for generic
[    1.138525] obpc kernel: i8042: PNP: No PS/2 controller found.
[    1.138533] obpc kernel: mousedev: PS/2 mouse device common for all mice
[    1.138644] obpc kernel: rtc_cmos rtc_cmos: RTC can wake from S4
[    1.138747] obpc kernel: rtc_cmos rtc_cmos: registered as rtc0
[    1.138849] obpc kernel: rtc_cmos rtc_cmos: setting system clock to 2026-05-08T21:48:20 UTC (1778276900)
[    1.138948] obpc kernel: rtc_cmos rtc_cmos: alarms up to one month, y3k, 114 bytes nvram
[    1.138957] obpc kernel: device-mapper: core: CONFIG_IMA_DISABLE_HTABLE is disabled. Duplicate IMA measurements will not be recorded in the IMA log.
[    1.138969] obpc kernel: device-mapper: uevent: version 1.0.3
[    1.138977] obpc kernel: device-mapper: ioctl: 4.50.0-ioctl (2025-04-28) initialised: dm-devel@lists.linux.dev
[    1.138987] obpc kernel: intel_pstate: Intel P-state driver initializing
[    1.138996] obpc kernel: Hybrid CPU capacity scaling enabled
[    1.139165] obpc kernel: processor cpu0: EM: created perf domain
[    1.139325] obpc kernel: processor cpu1: EM: created perf domain
[    1.139472] obpc kernel: processor cpu2: EM: created perf domain
[    1.139612] obpc kernel: processor cpu3: EM: created perf domain
[    1.139753] obpc kernel: processor cpu4: EM: created perf domain
[    1.139892] obpc kernel: processor cpu5: EM: created perf domain
[    1.140039] obpc kernel: processor cpu6: EM: created perf domain
[    1.140177] obpc kernel: processor cpu7: EM: created perf domain
[    1.140315] obpc kernel: processor cpu8: EM: created perf domain
[    1.140457] obpc kernel: processor cpu9: EM: created perf domain
[    1.140597] obpc kernel: processor cpu10: EM: created perf domain
[    1.140744] obpc kernel: processor cpu11: EM: created perf domain
[    1.140886] obpc kernel: processor cpu12: EM: created perf domain
[    1.141029] obpc kernel: processor cpu13: EM: created perf domain
[    1.141168] obpc kernel: processor cpu14: EM: created perf domain
[    1.141309] obpc kernel: processor cpu15: EM: created perf domain
[    1.141322] obpc kernel: intel_pstate: HWP enabled
[    1.141433] obpc kernel: simple-framebuffer simple-framebuffer.0: [drm] Registered 1 planes with drm panic
[    1.141447] obpc kernel: [drm] Initialized simpledrm 1.0.0 for simple-framebuffer.0 on minor 0
[    1.141455] obpc kernel: fbcon: Deferring console take-over
[    1.141558] obpc kernel: simple-framebuffer simple-framebuffer.0: [drm] fb0: simpledrmdrmfb frame buffer device
[    1.141568] obpc kernel: hid: raw HID events driver (C) Jiri Kosina
[    1.141579] obpc kernel: usbcore: registered new interface driver usbhid
[    1.141586] obpc kernel: usbhid: USB HID core driver
[    1.141594] obpc kernel: drop_monitor: Initializing network drop monitor service
[    1.141601] obpc kernel: Initializing XFRM netlink socket
[    1.141611] obpc kernel: NET: Registered PF_INET6 protocol family
[    1.141618] obpc kernel: Segment Routing with IPv6
[    1.141625] obpc kernel: RPL Segment Routing with IPv6
[    1.141633] obpc kernel: In-situ OAM (IOAM) with IPv6
[    1.141640] obpc kernel: mip6: Mobile IPv6
[    1.141647] obpc kernel: NET: Registered PF_PACKET protocol family
[    1.141658] obpc kernel: can: controller area network core
[    1.141668] obpc kernel: NET: Registered PF_CAN protocol family
[    1.141676] obpc kernel: ENERGY_PERF_BIAS: Set to 'normal', was 'performance'
[    1.141685] obpc kernel: microcode: Current revision: 0x0000011b
[    1.141693] obpc kernel: IPI shorthand broadcast: enabled
[    1.141700] obpc kernel: sched_clock: Marking stable (882001758, 6117981)->(908271977, -20152238)
[    1.141708] obpc kernel: registered taskstats version 1
[    1.141715] obpc kernel: Loading compiled-in X.509 certificates
[    1.141727] obpc kernel: Loaded X.509 cert 'Fedora kernel signing key: 88b80e08bfa3c7a8597e235adbf6de56f0ca4439'
[    1.141734] obpc kernel: Freeing initrd memory: 51468K
[    1.141741] obpc kernel: Loaded X.509 cert 'Fedora IMA CA: a8a00c31663f853f9c6ff2564872e378af026b28'
[    1.141751] obpc kernel: Demotion targets for Node 0: null
[    1.141759] obpc kernel: page_owner is disabled
[    1.141766] obpc kernel: Key type .fscrypt registered
[    1.141773] obpc kernel: Key type fscrypt-provisioning registered
[    1.141783] obpc kernel: Btrfs loaded, zoned=yes, fsverity=yes
[    1.141790] obpc kernel: Key type big_key registered
[    1.141800] obpc kernel: Key type trusted registered
[    1.141808] obpc kernel: Key type encrypted registered
[    1.141815] obpc kernel: Loading compiled-in module X.509 certificates
[    1.141822] obpc kernel: Loaded X.509 cert 'Fedora kernel signing key: 88b80e08bfa3c7a8597e235adbf6de56f0ca4439'
[    1.141832] obpc kernel: ima: Allocated hash algorithm: sha256
[    1.141839] obpc kernel: ima: No architecture policies found
[    1.141847] obpc kernel: evm: Initialising EVM extended attributes:
[    1.141854] obpc kernel: evm: security.selinux
[    1.141861] obpc kernel: evm: security.SMACK64 (disabled)
[    1.141868] obpc kernel: evm: security.SMACK64EXEC (disabled)
[    1.141875] obpc kernel: evm: security.SMACK64TRANSMUTE (disabled)
[    1.141882] obpc kernel: evm: security.SMACK64MMAP (disabled)
[    1.141888] obpc kernel: evm: security.apparmor (disabled)
[    1.141896] obpc kernel: evm: security.ima
[    1.141903] obpc kernel: evm: security.capability
[    1.141911] obpc kernel: evm: HMAC attrs: 0x1
[    1.141919] obpc kernel: integrity: Loading X.509 certificate: UEFI:db
[    1.141926] obpc kernel: integrity: Loaded X.509 cert 'ASUS UEFI SW Key Certificate: b0fa6680874410ba479208b6268c10e4'
[    1.141934] obpc kernel: integrity: Loading X.509 certificate: UEFI:db
[    1.141942] obpc kernel: integrity: Loaded X.509 cert 'Microsoft Corporation UEFI CA 2011: 13adbf4309bd82709c8cd54f316ed522988a1bd4'
[    1.141950] obpc kernel: integrity: Loading X.509 certificate: UEFI:db
[    1.141957] obpc kernel: integrity: Loaded X.509 cert 'Microsoft Windows Production PCA 2011: a92902398e16c49778cd90f99e4f9ae17c55af53'
[    1.141967] obpc kernel: integrity: Loading X.509 certificate: UEFI:db
[    1.141977] obpc kernel: integrity: Loaded X.509 cert 'Microsoft Corporation: Windows UEFI CA 2023: aefc5fbbbe055d8f8daa585473499417ab5a5272'
[    1.142004] obpc kernel: integrity: Loading X.509 certificate: UEFI:db
[    1.142013] obpc kernel: integrity: Loaded X.509 cert 'Microsoft Option ROM UEFI CA 2023: 514fbf937fa46fb57bf07af8bed84b3b864b1711'
[    1.142020] obpc kernel: integrity: Loading X.509 certificate: UEFI:db
[    1.142028] obpc kernel: integrity: Loaded X.509 cert 'Microsoft UEFI CA 2023: 81aa6b3244c935bce0d6628af39827421e32497d'
[    1.142035] obpc kernel: alg: No test for 842 (842-scomp)
[    1.142044] obpc kernel: PM:   Magic number: 10:610:853
[    1.142051] obpc kernel: RAS: Correctable Errors collector initialized.
[    1.142059] obpc kernel: clk: Disabling unused clocks
[    1.142066] obpc kernel: PM: genpd: Disabling unused power domains
[    1.142076] obpc kernel: Freeing unused decrypted memory: 2028K
[    1.142084] obpc kernel: Freeing unused kernel image (initmem) memory: 5200K
[    1.142094] obpc kernel: Write protecting the kernel read-only data: 43008k
[    1.142101] obpc kernel: Freeing unused kernel image (text/rodata gap) memory: 1972K
[    1.142109] obpc kernel: Freeing unused kernel image (rodata/data gap) memory: 580K
[    1.142118] obpc kernel: x86/mm: Checked W+X mappings: passed, no W+X pages found.
[    1.142125] obpc kernel: Run /init as init process
[    1.142133] obpc kernel:   with arguments:
[    1.142140] obpc kernel:     /init
[    1.142147] obpc kernel:     rhgb
[    1.142155] obpc kernel:   with environment:
[    1.142162] obpc kernel:     HOME=/
[    1.142169] obpc kernel:     TERM=linux
[    1.142179] obpc systemd[1]: Successfully made /usr/ read-only.
[    1.142193] obpc systemd[1]: systemd 258.7-1.fc43 running in system mode (+PAM +AUDIT +SELINUX -APPARMOR +IMA +IPE +SMACK +SECCOMP -GCRYPT +GNUTLS +OPENSSL +ACL +BLKID +CURL +ELFUTILS +FIDO2 +IDN2 -IDN -IPTC +KMOD +LIBCRYPTSETUP +LIBCRYPTSETUP_PLUGINS +LIBFDISK +PCRE2 +PWQUALITY +P11KIT +QRENCODE +TPM2 +BZIP2 +LZ4 +XZ +ZLIB +ZSTD +BPF_FRAMEWORK +BTF +XKBCOMMON +UTMP +SYSVINIT +LIBARCHIVE)
[    1.142203] obpc systemd[1]: Detected architecture x86-64.
[    1.142211] obpc systemd[1]: Running in initrd.
[    1.142219] obpc systemd[1]: Hostname set to <obpc>.
[    1.142228] obpc systemd[1]: bpf-restrict-fs: LSM BPF program attached
[    1.142237] obpc systemd[1]: Queued start job for default target initrd.target.
[    1.142247] obpc systemd[1]: Expecting device dev-disk-by\x2duuid-34e34fc2\x2d47b6\x2d41bd\x2db739\x2d8a1c79788cb2.device - /dev/disk/by-uuid/34e34fc2-47b6-41bd-b739-8a1c79788cb2...
[    1.142258] obpc systemd[1]: Reached target initrd-usr-fs.target - Initrd /usr File System.
[    1.142269] obpc systemd[1]: Reached target slices.target - Slice Units.
[    1.142277] obpc systemd[1]: Reached target swap.target - Swaps.
[    1.142285] obpc systemd[1]: Reached target timers.target - Timer Units.
[    1.142293] obpc systemd[1]: Listening on systemd-journald-dev-log.socket - Journal Socket (/dev/log).
[    1.142301] obpc systemd[1]: Listening on systemd-journald.socket - Journal Sockets.
[    1.142313] obpc systemd[1]: Listening on systemd-udevd-control.socket - udev Control Socket.
[    1.142321] obpc systemd[1]: Listening on systemd-udevd-kernel.socket - udev Kernel Socket.
[    1.142331] obpc systemd[1]: Reached target sockets.target - Socket Units.
