[    1.106678] obpc kernel: Linux version 6.19.14-200.fc43.x86_64 (mockbuild@3d94b060593f4389857ed0a29daa3c69) (gcc (GCC) 15.2.1 20260123 (Red Hat 15.2.1-7), GNU ld version 2.45.1-4.fc43) #1 SMP PREEMPT_DYNAMIC Thu Apr 23 17:34:07 UTC 2026
[    1.106707] obpc kernel: Command line: BOOT_IMAGE=(hd0,gpt5)/vmlinuz-6.19.14-200.fc43.x86_64 root=UUID=34e34fc2-47b6-41bd-b739-8a1c79788cb2 ro rootflags=subvol=root rhgb quiet module_blacklist=nouveau,nova_core rd.driver.blacklist=nouveau,nova_core modprobe.blacklist=nouveau,nova_core pcie_aspm.policy=performance thunderbolt.clx=0 pcie_port_pm=off pci=realloc=off,pcie_bus_perf,hpmmioprefsize=256M,resource_alignment=35@0000:03:00.0 crashkernel=256M iommu=off intel_iommu=off thunderbolt.dyndbg=+pflm thunderbolt.host_reset=false
[    1.106821] obpc kernel: x86/tme: not enabled by BIOS
[    1.106827] obpc kernel: x86/split lock detection: #AC: crashing the kernel on kernel split_locks and warning on user-space split_locks
[    1.106831] obpc kernel: BIOS-provided physical RAM map:
[    1.106836] obpc kernel: BIOS-e820: [mem 0x0000000000000000-0x000000000009efff] usable
[    1.106841] obpc kernel: BIOS-e820: [mem 0x000000000009f000-0x00000000000fffff] reserved
[    1.106845] obpc kernel: BIOS-e820: [mem 0x0000000000100000-0x00000000545f1fff] usable
[    1.106850] obpc kernel: BIOS-e820: [mem 0x00000000545f2000-0x000000005e6b5fff] reserved
[    1.106854] obpc kernel: BIOS-e820: [mem 0x000000005e6b6000-0x000000005e7b7fff] ACPI data
[    1.106858] obpc kernel: BIOS-e820: [mem 0x000000005e7b8000-0x000000005e93efff] ACPI NVS
[    1.106862] obpc kernel: BIOS-e820: [mem 0x000000005e93f000-0x0000000063ffefff] reserved
[    1.106866] obpc kernel: BIOS-e820: [mem 0x0000000063fff000-0x0000000063ffffff] usable
[    1.106870] obpc kernel: BIOS-e820: [mem 0x0000000064000000-0x00000000787fffff] reserved
[    1.106875] obpc kernel: BIOS-e820: [mem 0x00000000c0000000-0x00000000cfffffff] reserved
[    1.106879] obpc kernel: BIOS-e820: [mem 0x00000000fe000000-0x00000000fe010fff] reserved
[    1.106883] obpc kernel: BIOS-e820: [mem 0x00000000fe410000-0x00000000fe410fff] reserved
[    1.106887] obpc kernel: BIOS-e820: [mem 0x00000000fec00000-0x00000000fec00fff] reserved
[    1.106891] obpc kernel: BIOS-e820: [mem 0x00000000fed00000-0x00000000fed00fff] reserved
[    1.106895] obpc kernel: BIOS-e820: [mem 0x00000000fed20000-0x00000000fed7ffff] reserved
[    1.106900] obpc kernel: BIOS-e820: [mem 0x00000000fee00000-0x00000000fee00fff] reserved
[    1.106904] obpc kernel: BIOS-e820: [mem 0x00000000ff000000-0x00000000ffffffff] reserved
[    1.106908] obpc kernel: BIOS-e820: [mem 0x0000000100000000-0x000000207fffffff] usable
[    1.106912] obpc kernel: NX (Execute Disable) protection: active
[    1.106916] obpc kernel: APIC: Static calls initialized
[    1.106921] obpc kernel: efi: EFI v2.9 by American Megatrends
[    1.106925] obpc kernel: efi: ACPI=0x5e8b6000 ACPI 2.0=0x5e8b6014 TPMFinalLog=0x5e822000 SMBIOS=0x62b8d000 SMBIOS 3.0=0x62b8c000 MEMATTR=0x482f6018 ESRT=0x50df1e98 MOKvar=0x63c2e000 RNG=0x5e6eb018 TPMEventLog=0x5e6e0018 
[    1.106929] obpc kernel: random: crng init done
[    1.106934] obpc kernel: efi: Remove mem79: MMIO range=[0xc0000000-0xcfffffff] (256MB) from e820 map
[    1.106938] obpc kernel: e820: remove [mem 0xc0000000-0xcfffffff] reserved
[    1.106943] obpc kernel: efi: Not removing mem80: MMIO range=[0xfe000000-0xfe010fff] (68KB) from e820 map
[    1.106947] obpc kernel: efi: Not removing mem81: MMIO range=[0xfe410000-0xfe410fff] (4KB) from e820 map
[    1.106951] obpc kernel: efi: Not removing mem82: MMIO range=[0xfec00000-0xfec00fff] (4KB) from e820 map
[    1.106955] obpc kernel: efi: Not removing mem83: MMIO range=[0xfed00000-0xfed00fff] (4KB) from e820 map
[    1.106959] obpc kernel: efi: Not removing mem85: MMIO range=[0xfee00000-0xfee00fff] (4KB) from e820 map
[    1.106963] obpc kernel: efi: Remove mem86: MMIO range=[0xff000000-0xffffffff] (16MB) from e820 map
[    1.106967] obpc kernel: e820: remove [mem 0xff000000-0xffffffff] reserved
[    1.106971] obpc kernel: secureboot: Secure boot disabled
[    1.106975] obpc kernel: SMBIOS 3.8.0 present.
[    1.106979] obpc kernel: DMI: ASUSTeK COMPUTER INC. NUC15CRSU9/NUC15CRSU9, BIOS CRARL579.0029.2026.0115.1719 01/15/2026
[    1.106985] obpc kernel: DMI: Memory slots populated: 2/2
[    1.106989] obpc kernel: tsc: Detected 3700.000 MHz processor
[    1.106994] obpc kernel: tsc: Detected 3686.400 MHz TSC
[    1.106998] obpc kernel: e820: update [mem 0x00000000-0x00000fff] usable ==> reserved
[    1.107008] obpc kernel: e820: remove [mem 0x000a0000-0x000fffff] usable
[    1.107014] obpc kernel: last_pfn = 0x2080000 max_arch_pfn = 0x400000000
[    1.107019] obpc kernel: total RAM covered: 259839M
[    1.107026] obpc kernel:  gran_size: 64K         chunk_size: 64K         num_reg: 10          lose cover RAM: 129022M
[    1.107033] obpc kernel:  gran_size: 64K         chunk_size: 128K         num_reg: 10          lose cover RAM: 129022M
[    1.107039] obpc kernel:  gran_size: 64K         chunk_size: 256K         num_reg: 10          lose cover RAM: 129022M
[    1.107044] obpc kernel:  gran_size: 64K         chunk_size: 512K         num_reg: 10          lose cover RAM: 129022M
[    1.107050] obpc kernel:  gran_size: 64K         chunk_size: 1M         num_reg: 10          lose cover RAM: 129022M
[    1.107054] obpc kernel:  gran_size: 64K         chunk_size: 2M         num_reg: 10          lose cover RAM: 129022M
[    1.107060] obpc kernel:  gran_size: 64K         chunk_size: 4M         num_reg: 10          lose cover RAM: 129022M
[    1.107065] obpc kernel:  gran_size: 64K         chunk_size: 8M         num_reg: 10          lose cover RAM: 129022M
[    1.107070] obpc kernel:  gran_size: 64K         chunk_size: 16M         num_reg: 10          lose cover RAM: 129022M
[    1.107075] obpc kernel:  gran_size: 64K         chunk_size: 32M         num_reg: 10          lose cover RAM: 129022M
[    1.107078] obpc kernel:  gran_size: 64K         chunk_size: 64M         num_reg: 10          lose cover RAM: 129022M
[    1.107084] obpc kernel:  gran_size: 64K         chunk_size: 128M         num_reg: 10          lose cover RAM: 129022M
[    1.107089] obpc kernel:  gran_size: 64K         chunk_size: 256M         num_reg: 10          lose cover RAM: 129022M
[    1.107094] obpc kernel:  gran_size: 64K         chunk_size: 512M         num_reg: 10          lose cover RAM: 129020M
[    1.107098] obpc kernel:  gran_size: 64K         chunk_size: 1G         num_reg: 10          lose cover RAM: 129020M
[    1.107105] obpc kernel:  gran_size: 64K         chunk_size: 2G         num_reg: 10          lose cover RAM: 129020M
[    1.107110] obpc kernel:  gran_size: 128K         chunk_size: 128K         num_reg: 10          lose cover RAM: 129022M
[    1.107115] obpc kernel:  gran_size: 128K         chunk_size: 256K         num_reg: 10          lose cover RAM: 129022M
[    1.107120] obpc kernel:  gran_size: 128K         chunk_size: 512K         num_reg: 10          lose cover RAM: 129022M
[    1.107125] obpc kernel:  gran_size: 128K         chunk_size: 1M         num_reg: 10          lose cover RAM: 129022M
[    1.107131] obpc kernel:  gran_size: 128K         chunk_size: 2M         num_reg: 10          lose cover RAM: 129022M
[    1.107136] obpc kernel:  gran_size: 128K         chunk_size: 4M         num_reg: 10          lose cover RAM: 129022M
[    1.107142] obpc kernel:  gran_size: 128K         chunk_size: 8M         num_reg: 10          lose cover RAM: 129022M
[    1.107146] obpc kernel:  gran_size: 128K         chunk_size: 16M         num_reg: 10          lose cover RAM: 129022M
[    1.107151] obpc kernel:  gran_size: 128K         chunk_size: 32M         num_reg: 10          lose cover RAM: 129022M
[    1.107157] obpc kernel:  gran_size: 128K         chunk_size: 64M         num_reg: 10          lose cover RAM: 129022M
[    1.107161] obpc kernel:  gran_size: 128K         chunk_size: 128M         num_reg: 10          lose cover RAM: 129022M
[    1.107169] obpc kernel:  gran_size: 128K         chunk_size: 256M         num_reg: 10          lose cover RAM: 129022M
[    1.107172] obpc kernel:  gran_size: 128K         chunk_size: 512M         num_reg: 10          lose cover RAM: 129020M
[    1.107176] obpc kernel:  gran_size: 128K         chunk_size: 1G         num_reg: 10          lose cover RAM: 129020M
[    1.107183] obpc kernel:  gran_size: 128K         chunk_size: 2G         num_reg: 10          lose cover RAM: 129020M
[    1.107186] obpc kernel:  gran_size: 256K         chunk_size: 256K         num_reg: 10          lose cover RAM: 129022M
[    1.107191] obpc kernel:  gran_size: 256K         chunk_size: 512K         num_reg: 10          lose cover RAM: 129022M
[    1.107196] obpc kernel:  gran_size: 256K         chunk_size: 1M         num_reg: 10          lose cover RAM: 129022M
[    1.107202] obpc kernel:  gran_size: 256K         chunk_size: 2M         num_reg: 10          lose cover RAM: 129022M
[    1.107206] obpc kernel:  gran_size: 256K         chunk_size: 4M         num_reg: 10          lose cover RAM: 129022M
[    1.107211] obpc kernel:  gran_size: 256K         chunk_size: 8M         num_reg: 10          lose cover RAM: 129022M
[    1.107217] obpc kernel:  gran_size: 256K         chunk_size: 16M         num_reg: 10          lose cover RAM: 129022M
[    1.107221] obpc kernel:  gran_size: 256K         chunk_size: 32M         num_reg: 10          lose cover RAM: 129022M
[    1.107227] obpc kernel:  gran_size: 256K         chunk_size: 64M         num_reg: 10          lose cover RAM: 129022M
[    1.107230] obpc kernel:  gran_size: 256K         chunk_size: 128M         num_reg: 10          lose cover RAM: 129022M
[    1.107236] obpc kernel:  gran_size: 256K         chunk_size: 256M         num_reg: 10          lose cover RAM: 129022M
[    1.107240] obpc kernel:  gran_size: 256K         chunk_size: 512M         num_reg: 10          lose cover RAM: 129020M
[    1.107244] obpc kernel:  gran_size: 256K         chunk_size: 1G         num_reg: 10          lose cover RAM: 129020M
[    1.107250] obpc kernel:  gran_size: 256K         chunk_size: 2G         num_reg: 10          lose cover RAM: 129020M
[    1.107253] obpc kernel:  gran_size: 512K         chunk_size: 512K         num_reg: 10          lose cover RAM: 129022M
[    1.107259] obpc kernel:  gran_size: 512K         chunk_size: 1M         num_reg: 10          lose cover RAM: 129022M
[    1.107264] obpc kernel:  gran_size: 512K         chunk_size: 2M         num_reg: 10          lose cover RAM: 129022M
[    1.107269] obpc kernel:  gran_size: 512K         chunk_size: 4M         num_reg: 10          lose cover RAM: 129022M
[    1.107274] obpc kernel:  gran_size: 512K         chunk_size: 8M         num_reg: 10          lose cover RAM: 129022M
[    1.107279] obpc kernel:  gran_size: 512K         chunk_size: 16M         num_reg: 10          lose cover RAM: 129022M
[    1.107285] obpc kernel:  gran_size: 512K         chunk_size: 32M         num_reg: 10          lose cover RAM: 129022M
[    1.107289] obpc kernel:  gran_size: 512K         chunk_size: 64M         num_reg: 10          lose cover RAM: 129022M
[    1.107295] obpc kernel:  gran_size: 512K         chunk_size: 128M         num_reg: 10          lose cover RAM: 129022M
[    1.107299] obpc kernel:  gran_size: 512K         chunk_size: 256M         num_reg: 10          lose cover RAM: 129022M
[    1.107304] obpc kernel:  gran_size: 512K         chunk_size: 512M         num_reg: 10          lose cover RAM: 129020M
[    1.107310] obpc kernel:  gran_size: 512K         chunk_size: 1G         num_reg: 10          lose cover RAM: 129020M
[    1.107314] obpc kernel:  gran_size: 512K         chunk_size: 2G         num_reg: 10          lose cover RAM: 129020M
[    1.107322] obpc kernel:  gran_size: 1M         chunk_size: 1M         num_reg: 10          lose cover RAM: 129022M
[    1.107326] obpc kernel:  gran_size: 1M         chunk_size: 2M         num_reg: 10          lose cover RAM: 129022M
[    1.107332] obpc kernel:  gran_size: 1M         chunk_size: 4M         num_reg: 10          lose cover RAM: 129022M
[    1.107336] obpc kernel:  gran_size: 1M         chunk_size: 8M         num_reg: 10          lose cover RAM: 129022M
[    1.107340] obpc kernel:  gran_size: 1M         chunk_size: 16M         num_reg: 10          lose cover RAM: 129022M
[    1.107346] obpc kernel:  gran_size: 1M         chunk_size: 32M         num_reg: 10          lose cover RAM: 129022M
[    1.107349] obpc kernel:  gran_size: 1M         chunk_size: 64M         num_reg: 10          lose cover RAM: 129022M
[    1.107355] obpc kernel:  gran_size: 1M         chunk_size: 128M         num_reg: 10          lose cover RAM: 129022M
[    1.107358] obpc kernel:  gran_size: 1M         chunk_size: 256M         num_reg: 10          lose cover RAM: 129022M
[    1.107364] obpc kernel:  gran_size: 1M         chunk_size: 512M         num_reg: 10          lose cover RAM: 129020M
[    1.107368] obpc kernel:  gran_size: 1M         chunk_size: 1G         num_reg: 10          lose cover RAM: 129020M
[    1.107372] obpc kernel:  gran_size: 1M         chunk_size: 2G         num_reg: 10          lose cover RAM: 129020M
[    1.107379] obpc kernel:  gran_size: 2M         chunk_size: 2M         num_reg: 10          lose cover RAM: 129022M
[    1.107385] obpc kernel:  gran_size: 2M         chunk_size: 4M         num_reg: 10          lose cover RAM: 129022M
[    1.107391] obpc kernel:  gran_size: 2M         chunk_size: 8M         num_reg: 10          lose cover RAM: 129022M
[    1.107395] obpc kernel:  gran_size: 2M         chunk_size: 16M         num_reg: 10          lose cover RAM: 129022M
[    1.107402] obpc kernel:  gran_size: 2M         chunk_size: 32M         num_reg: 10          lose cover RAM: 129022M
[    1.107406] obpc kernel:  gran_size: 2M         chunk_size: 64M         num_reg: 10          lose cover RAM: 129022M
[    1.107410] obpc kernel:  gran_size: 2M         chunk_size: 128M         num_reg: 10          lose cover RAM: 129022M
[    1.107416] obpc kernel:  gran_size: 2M         chunk_size: 256M         num_reg: 10          lose cover RAM: 129022M
[    1.107421] obpc kernel:  gran_size: 2M         chunk_size: 512M         num_reg: 10          lose cover RAM: 129020M
[    1.107427] obpc kernel:  gran_size: 2M         chunk_size: 1G         num_reg: 10          lose cover RAM: 129020M
[    1.107431] obpc kernel:  gran_size: 2M         chunk_size: 2G         num_reg: 10          lose cover RAM: 129020M
[    1.107437] obpc kernel:  gran_size: 4M         chunk_size: 4M         num_reg: 10          lose cover RAM: 129022M
[    1.107441] obpc kernel:  gran_size: 4M         chunk_size: 8M         num_reg: 10          lose cover RAM: 129022M
[    1.107444] obpc kernel:  gran_size: 4M         chunk_size: 16M         num_reg: 10          lose cover RAM: 129022M
[    1.107451] obpc kernel:  gran_size: 4M         chunk_size: 32M         num_reg: 10          lose cover RAM: 129022M
[    1.107455] obpc kernel:  gran_size: 4M         chunk_size: 64M         num_reg: 10          lose cover RAM: 129022M
[    1.107461] obpc kernel:  gran_size: 4M         chunk_size: 128M         num_reg: 10          lose cover RAM: 129022M
[    1.107464] obpc kernel:  gran_size: 4M         chunk_size: 256M         num_reg: 10          lose cover RAM: 129022M
[    1.107468] obpc kernel:  gran_size: 4M         chunk_size: 512M         num_reg: 10          lose cover RAM: 129020M
[    1.107473] obpc kernel:  gran_size: 4M         chunk_size: 1G         num_reg: 10          lose cover RAM: 129020M
[    1.107476] obpc kernel:  gran_size: 4M         chunk_size: 2G         num_reg: 10          lose cover RAM: 129020M
[    1.107482] obpc kernel:  gran_size: 8M         chunk_size: 8M         num_reg: 10          lose cover RAM: 129022M
[    1.107487] obpc kernel:  gran_size: 8M         chunk_size: 16M         num_reg: 10          lose cover RAM: 129022M
[    1.107492] obpc kernel:  gran_size: 8M         chunk_size: 32M         num_reg: 10          lose cover RAM: 129022M
[    1.107496] obpc kernel:  gran_size: 8M         chunk_size: 64M         num_reg: 10          lose cover RAM: 129022M
[    1.107501] obpc kernel:  gran_size: 8M         chunk_size: 128M         num_reg: 10          lose cover RAM: 129022M
[    1.107506] obpc kernel:  gran_size: 8M         chunk_size: 256M         num_reg: 10          lose cover RAM: 129022M
[    1.107511] obpc kernel:  gran_size: 8M         chunk_size: 512M         num_reg: 10          lose cover RAM: 129020M
[    1.107516] obpc kernel:  gran_size: 8M         chunk_size: 1G         num_reg: 10          lose cover RAM: 129020M
[    1.107521] obpc kernel:  gran_size: 8M         chunk_size: 2G         num_reg: 10          lose cover RAM: 129020M
[    1.107525] obpc kernel:  gran_size: 16M         chunk_size: 16M         num_reg: 10          lose cover RAM: 129022M
[    1.107529] obpc kernel:  gran_size: 16M         chunk_size: 32M         num_reg: 10          lose cover RAM: 129022M
[    1.107532] obpc kernel:  gran_size: 16M         chunk_size: 64M         num_reg: 10          lose cover RAM: 129022M
[    1.107539] obpc kernel:  gran_size: 16M         chunk_size: 128M         num_reg: 10          lose cover RAM: 129022M
[    1.107544] obpc kernel:  gran_size: 16M         chunk_size: 256M         num_reg: 10          lose cover RAM: 129022M
[    1.107550] obpc kernel:  gran_size: 16M         chunk_size: 512M         num_reg: 10          lose cover RAM: 129020M
[    1.107555] obpc kernel:  gran_size: 16M         chunk_size: 1G         num_reg: 10          lose cover RAM: 129020M
[    1.107561] obpc kernel:  gran_size: 16M         chunk_size: 2G         num_reg: 10          lose cover RAM: 129020M
[    1.107565] obpc kernel:  gran_size: 32M         chunk_size: 32M         num_reg: 10          lose cover RAM: 129022M
[    1.107568] obpc kernel:  gran_size: 32M         chunk_size: 64M         num_reg: 10          lose cover RAM: 129022M
[    1.107573] obpc kernel:  gran_size: 32M         chunk_size: 128M         num_reg: 10          lose cover RAM: 129022M
[    1.107577] obpc kernel:  gran_size: 32M         chunk_size: 256M         num_reg: 10          lose cover RAM: 129022M
[    1.107584] obpc kernel:  gran_size: 32M         chunk_size: 512M         num_reg: 10          lose cover RAM: 129020M
[    1.107587] obpc kernel:  gran_size: 32M         chunk_size: 1G         num_reg: 10          lose cover RAM: 129020M
[    1.107593] obpc kernel:  gran_size: 32M         chunk_size: 2G         num_reg: 10          lose cover RAM: 129020M
[    1.107597] obpc kernel:  gran_size: 64M         chunk_size: 64M         num_reg: 10          lose cover RAM: 129022M
[    1.107600] obpc kernel:  gran_size: 64M         chunk_size: 128M         num_reg: 10          lose cover RAM: 129022M
[    1.107604] obpc kernel:  gran_size: 64M         chunk_size: 256M         num_reg: 10          lose cover RAM: 129022M
[    1.107608] obpc kernel:  gran_size: 64M         chunk_size: 512M         num_reg: 10          lose cover RAM: 129020M
[    1.107612] obpc kernel:  gran_size: 64M         chunk_size: 1G         num_reg: 10          lose cover RAM: 129020M
[    1.107616] obpc kernel:  gran_size: 64M         chunk_size: 2G         num_reg: 10          lose cover RAM: 129020M
[    1.107623] obpc kernel:  gran_size: 128M         chunk_size: 128M         num_reg: 10          lose cover RAM: 129022M
[    1.107626] obpc kernel:  gran_size: 128M         chunk_size: 256M         num_reg: 10          lose cover RAM: 129022M
[    1.107629] obpc kernel:  gran_size: 128M         chunk_size: 512M         num_reg: 10          lose cover RAM: 129020M
[    1.107636] obpc kernel:  gran_size: 128M         chunk_size: 1G         num_reg: 10          lose cover RAM: 129020M
[    1.107641] obpc kernel:  gran_size: 128M         chunk_size: 2G         num_reg: 10          lose cover RAM: 129020M
[    1.107647] obpc kernel:  gran_size: 256M         chunk_size: 256M         num_reg: 10          lose cover RAM: 129022M
[    1.107650] obpc kernel:  gran_size: 256M         chunk_size: 512M         num_reg: 10          lose cover RAM: 129020M
[    1.107655] obpc kernel:  gran_size: 256M         chunk_size: 1G         num_reg: 10          lose cover RAM: 129020M
[    1.107660] obpc kernel:  gran_size: 256M         chunk_size: 2G         num_reg: 10          lose cover RAM: 129020M
[    1.107664] obpc kernel:  gran_size: 512M         chunk_size: 512M         num_reg: 10          lose cover RAM: 129276M
[    1.107671] obpc kernel:  gran_size: 512M         chunk_size: 1G         num_reg: 10          lose cover RAM: 129276M
[    1.107675] obpc kernel:  gran_size: 512M         chunk_size: 2G         num_reg: 10          lose cover RAM: 129276M
[    1.107680] obpc kernel:  gran_size: 1G         chunk_size: 1G         num_reg: 10          lose cover RAM: 129784M
[    1.107685] obpc kernel:  gran_size: 1G         chunk_size: 2G         num_reg: 10          lose cover RAM: 129784M
[    1.107691] obpc kernel:  gran_size: 2G         chunk_size: 2G         num_reg: 10          lose cover RAM: 130800M
[    1.107694] obpc kernel: mtrr_cleanup: can not find optimal value
[    1.107698] obpc kernel: please specify mtrr_gran_size/mtrr_chunk_size
[    1.107702] obpc kernel: MTRR map: 8 entries (3 fixed + 5 variable; max 23), built from 10 variable MTRRs
[    1.107709] obpc kernel: x86/PAT: Configuration [0-7]: WB  WC  UC- UC  WB  WP  UC- WT  
[    1.107714] obpc kernel: e820: update [mem 0x70000000-0xffffffff] usable ==> reserved
[    1.107720] obpc kernel: e820: update [mem 0x2080000000-0x20800fffff] usable ==> reserved
[    1.107726] obpc kernel: x2apic: enabled by BIOS, switching to x2apic ops
[    1.107732] obpc kernel: last_pfn = 0x64000 max_arch_pfn = 0x400000000
[    1.107737] obpc kernel: esrt: Reserving ESRT space from 0x0000000050df1e98 to 0x0000000050df1fe8.
[    1.107744] obpc kernel: e820: update [mem 0x50df1000-0x50df1fff] usable ==> reserved
[    1.107749] obpc kernel: Using GB pages for direct mapping
[    1.107753] obpc kernel: secureboot: Secure boot disabled
[    1.107758] obpc kernel: RAMDISK: [mem 0x3d22c000-0x4046efff]
[    1.107762] obpc kernel: ACPI: Early table checksum verification disabled
[    1.107766] obpc kernel: ACPI: RSDP 0x000000005E8B6014 000024 (v02 ASUS  )
[    1.107774] obpc kernel: ACPI: XSDT 0x000000005E852728 000174 (v01 ASUS   NUC15CR  0000001D AMI  01000013)
[    1.107778] obpc kernel: ACPI: FACP 0x000000005E79E000 000114 (v06 ASUS   NUC15CR  0000001D AMI  01000013)
[    1.107784] obpc kernel: ACPI: DSDT 0x000000005E72D000 070E47 (v02 ASUS   NUC15CR  0000001D INTL 20210930)
[    1.107789] obpc kernel: ACPI: FACS 0x000000005E939000 000040
[    1.107793] obpc kernel: ACPI: SSDT 0x000000005E7B5000 000770 (v02 ASUS   NUC15CR  0000001D INTL 20210930)
[    1.107797] obpc kernel: ACPI: SSDT 0x000000005E7B4000 0005FB (v02 ASUS   NUC15CR  0000001D INTL 20210930)
[    1.107804] obpc kernel: ACPI: SSDT 0x000000005E7B3000 0001AB (v02 ASUS   NUC15CR  0000001D INTL 20210930)
[    1.107807] obpc kernel: ACPI: SSDT 0x000000005E7B2000 000394 (v02 ASUS   NUC15CR  0000001D INTL 20210930)
[    1.107812] obpc kernel: ACPI: SSDT 0x000000005E7B0000 001BAF (v02 ASUS   NUC15CR  0000001D INTL 20210930)
[    1.107819] obpc kernel: ACPI: SSDT 0x000000005E7AE000 001620 (v02 ASUS   NUC15CR  0000001D INTL 20210930)
[    1.107825] obpc kernel: ACPI: SSDT 0x000000005E7AC000 001349 (v02 ASUS   NUC15CR  0000001D INTL 20210930)
[    1.107828] obpc kernel: ACPI: SSDT 0x000000005E7AB000 000FBB (v02 ASUS   NUC15CR  0000001D INTL 20210930)
[    1.107835] obpc kernel: ACPI: SSDT 0x000000005E7A7000 003BC8 (v02 ASUS   NUC15CR  0000001D INTL 20210930)
[    1.107839] obpc kernel: ACPI: DTPR 0x000000005E7A6000 000088 (v01 ASUS   NUC15CR  0000001D      00000000)
[    1.107845] obpc kernel: ACPI: SSDT 0x000000005E7A0000 0053DB (v02 ASUS   NUC15CR  0000001D INTL 20210930)
[    1.107850] obpc kernel: ACPI: SSDT 0x000000005E79F000 000D03 (v02 ASUS   NUC15CR  0000001D INTL 20210930)
[    1.107854] obpc kernel: ACPI: FIDT 0x000000005E72C000 00009C (v01 ASUS   NUC15CR  0000001D AMI  00010013)
[    1.107861] obpc kernel: ACPI: SSDT 0x000000005E7B7000 00038C (v02 ASUS   NUC15CR  0000001D INTL 20210930)
[    1.107866] obpc kernel: ACPI: SSDT 0x000000005E729000 00247E (v02 ASUS   NUC15CR  0000001D INTL 20210930)
[    1.107871] obpc kernel: ACPI: SSDT 0x000000005E71F000 009ADA (v02 ASUS   NUC15CR  00001000 INTL 20210930)
[    1.107875] obpc kernel: ACPI: HPET 0x000000005E7B6000 000038 (v01 ASUS   NUC15CR  0000001D AMI  01000013)
[    1.107881] obpc kernel: ACPI: APIC 0x000000005E71E000 000358 (v05 ASUS   NUC15CR  0000001D AMI  01000013)
[    1.107886] obpc kernel: ACPI: MCFG 0x000000005E71D000 00003C (v01 ASUS   NUC15CR  0000001D AMI  01000013)
[    1.107892] obpc kernel: ACPI: SSDT 0x000000005E710000 00C39C (v02 ASUS   NUC15CR  0000001D INTL 20210930)
[    1.107898] obpc kernel: ACPI: SSDT 0x000000005E70E000 00147F (v02 ASUS   NUC15CR  0000001D INTL 20210930)
[    1.107903] obpc kernel: ACPI: SSDT 0x000000005E70A000 0038A4 (v02 ASUS   NUC15CR  0000001D INTL 20210930)
[    1.107907] obpc kernel: ACPI: UEFI 0x000000005E809000 000048 (v01 ASUS   NUC15CR  0000001D AMI  01000013)
[    1.107914] obpc kernel: ACPI: NHLT 0x000000005E709000 0002E3 (v00 ASUS   NUC15CR  0000001D AMI  01000013)
[    1.107920] obpc kernel: ACPI: LPIT 0x000000005E708000 0000CC (v01 ASUS   NUC15CR  0000001D AMI  01000013)
[    1.107925] obpc kernel: ACPI: WDAT 0x000000005E706000 000134 (v01 ASUS   NUC15CR  0000001D AMI  01000013)
[    1.107930] obpc kernel: ACPI: SSDT 0x000000005E705000 000CA6 (v02 ASUS   NUC15CR  0000001D INTL 20210930)
[    1.107937] obpc kernel: ACPI: SSDT 0x000000005E6FF000 005E42 (v02 ASUS   NUC15CR  0000001D INTL 20210930)
[    1.107942] obpc kernel: ACPI: DBGP 0x000000005E6FE000 000034 (v01 ASUS   NUC15CR  0000001D AMI  01000013)
[    1.107949] obpc kernel: ACPI: DBG2 0x000000005E6FD000 000054 (v00 ASUS   NUC15CR  0000001D AMI  01000013)
[    1.107953] obpc kernel: ACPI: SSDT 0x000000005E6FB000 001AFE (v02 ASUS   NUC15CR  0000001D INTL 20210930)
[    1.107959] obpc kernel: ACPI: DMAR 0x000000005E6FA000 000098 (v01 ASUS   NUC15CR  0000001D AMI  01000013)
[    1.107964] obpc kernel: ACPI: FPDT 0x000000005E6F9000 000044 (v01 ASUS   NUC15CR  0000001D AMI  01000013)
[    1.107968] obpc kernel: ACPI: SSDT 0x000000005E6F7000 001092 (v02 ASUS   NUC15CR  0000001D INTL 20210930)
[    1.107973] obpc kernel: ACPI: SSDT 0x000000005E6F4000 00281A (v02 ASUS   NUC15CR  0000001D INTL 20210930)
[    1.107979] obpc kernel: ACPI: SSDT 0x000000005E6F1000 0028D3 (v02 ASUS   NUC15CR  0000001D INTL 20210930)
[    1.107983] obpc kernel: ACPI: BGRT 0x000000005E6F0000 000038 (v01 ASUS   NUC15CR  0000001D AMI  00010013)
[    1.107990] obpc kernel: ACPI: SSDT 0x000000005E6EE000 0011A0 (v02 ASUS   NUC15CR  0000001D INTL 20210930)
[    1.107994] obpc kernel: ACPI: PHAT 0x000000005E6ED000 000810 (v01 ASUS   NUC15CR  0000001D MSFT 0100000D)
[    1.107999] obpc kernel: ACPI: TPM2 0x000000005E6EC000 00004C (v04 ASUS   NUC15CR  0000001D AMI  00000000)
[    1.108006] obpc kernel: ACPI: WSMT 0x000000005E707000 000028 (v01 ASUS   NUC15CR  0000001D AMI  00010013)
[    1.108010] obpc kernel: ACPI: Reserving FACP table memory at [mem 0x5e79e000-0x5e79e113]
[    1.108016] obpc kernel: ACPI: Reserving DSDT table memory at [mem 0x5e72d000-0x5e79de46]
[    1.108021] obpc kernel: ACPI: Reserving FACS table memory at [mem 0x5e939000-0x5e93903f]
[    1.108026] obpc kernel: ACPI: Reserving SSDT table memory at [mem 0x5e7b5000-0x5e7b576f]
[    1.108029] obpc kernel: ACPI: Reserving SSDT table memory at [mem 0x5e7b4000-0x5e7b45fa]
[    1.108033] obpc kernel: ACPI: Reserving SSDT table memory at [mem 0x5e7b3000-0x5e7b31aa]
[    1.108038] obpc kernel: ACPI: Reserving SSDT table memory at [mem 0x5e7b2000-0x5e7b2393]
[    1.108041] obpc kernel: ACPI: Reserving SSDT table memory at [mem 0x5e7b0000-0x5e7b1bae]
[    1.108044] obpc kernel: ACPI: Reserving SSDT table memory at [mem 0x5e7ae000-0x5e7af61f]
[    1.108050] obpc kernel: ACPI: Reserving SSDT table memory at [mem 0x5e7ac000-0x5e7ad348]
[    1.108054] obpc kernel: ACPI: Reserving SSDT table memory at [mem 0x5e7ab000-0x5e7abfba]
[    1.108057] obpc kernel: ACPI: Reserving SSDT table memory at [mem 0x5e7a7000-0x5e7aabc7]
[    1.108061] obpc kernel: ACPI: Reserving DTPR table memory at [mem 0x5e7a6000-0x5e7a6087]
[    1.108068] obpc kernel: ACPI: Reserving SSDT table memory at [mem 0x5e7a0000-0x5e7a53da]
[    1.108072] obpc kernel: ACPI: Reserving SSDT table memory at [mem 0x5e79f000-0x5e79fd02]
[    1.108076] obpc kernel: ACPI: Reserving FIDT table memory at [mem 0x5e72c000-0x5e72c09b]
[    1.108079] obpc kernel: ACPI: Reserving SSDT table memory at [mem 0x5e7b7000-0x5e7b738b]
[    1.108085] obpc kernel: ACPI: Reserving SSDT table memory at [mem 0x5e729000-0x5e72b47d]
[    1.108088] obpc kernel: ACPI: Reserving SSDT table memory at [mem 0x5e71f000-0x5e728ad9]
[    1.108093] obpc kernel: ACPI: Reserving HPET table memory at [mem 0x5e7b6000-0x5e7b6037]
[    1.108097] obpc kernel: ACPI: Reserving APIC table memory at [mem 0x5e71e000-0x5e71e357]
[    1.108100] obpc kernel: ACPI: Reserving MCFG table memory at [mem 0x5e71d000-0x5e71d03b]
[    1.108104] obpc kernel: ACPI: Reserving SSDT table memory at [mem 0x5e710000-0x5e71c39b]
[    1.108107] obpc kernel: ACPI: Reserving SSDT table memory at [mem 0x5e70e000-0x5e70f47e]
[    1.108113] obpc kernel: ACPI: Reserving SSDT table memory at [mem 0x5e70a000-0x5e70d8a3]
[    1.108116] obpc kernel: ACPI: Reserving UEFI table memory at [mem 0x5e809000-0x5e809047]
[    1.108120] obpc kernel: ACPI: Reserving NHLT table memory at [mem 0x5e709000-0x5e7092e2]
[    1.108123] obpc kernel: ACPI: Reserving LPIT table memory at [mem 0x5e708000-0x5e7080cb]
[    1.108130] obpc kernel: ACPI: Reserving WDAT table memory at [mem 0x5e706000-0x5e706133]
[    1.108133] obpc kernel: ACPI: Reserving SSDT table memory at [mem 0x5e705000-0x5e705ca5]
[    1.108136] obpc kernel: ACPI: Reserving SSDT table memory at [mem 0x5e6ff000-0x5e704e41]
[    1.108139] obpc kernel: ACPI: Reserving DBGP table memory at [mem 0x5e6fe000-0x5e6fe033]
[    1.108144] obpc kernel: ACPI: Reserving DBG2 table memory at [mem 0x5e6fd000-0x5e6fd053]
[    1.108148] obpc kernel: ACPI: Reserving SSDT table memory at [mem 0x5e6fb000-0x5e6fcafd]
[    1.108151] obpc kernel: ACPI: Reserving DMAR table memory at [mem 0x5e6fa000-0x5e6fa097]
[    1.108154] obpc kernel: ACPI: Reserving FPDT table memory at [mem 0x5e6f9000-0x5e6f9043]
[    1.108160] obpc kernel: ACPI: Reserving SSDT table memory at [mem 0x5e6f7000-0x5e6f8091]
[    1.108162] obpc kernel: ACPI: Reserving SSDT table memory at [mem 0x5e6f4000-0x5e6f6819]
[    1.108167] obpc kernel: ACPI: Reserving SSDT table memory at [mem 0x5e6f1000-0x5e6f38d2]
[    1.108171] obpc kernel: ACPI: Reserving BGRT table memory at [mem 0x5e6f0000-0x5e6f0037]
[    1.108175] obpc kernel: ACPI: Reserving SSDT table memory at [mem 0x5e6ee000-0x5e6ef19f]
[    1.108178] obpc kernel: ACPI: Reserving PHAT table memory at [mem 0x5e6ed000-0x5e6ed80f]
[    1.108182] obpc kernel: ACPI: Reserving TPM2 table memory at [mem 0x5e6ec000-0x5e6ec04b]
[    1.108188] obpc kernel: ACPI: Reserving WSMT table memory at [mem 0x5e707000-0x5e707027]
[    1.108192] obpc kernel: APIC: Switched APIC routing to: cluster x2apic
[    1.108195] obpc kernel: No NUMA configuration found
[    1.108199] obpc kernel: Faking a node at [mem 0x0000000000000000-0x000000207fffffff]
[    1.108202] obpc kernel: NODE_DATA(0) allocated [mem 0x207ffd5280-0x207fffffff]
[    1.108205] obpc kernel: crashkernel reserved: 0x000000002d000000 - 0x000000003d000000 (256 MB)
[    1.108208] obpc kernel: Zone ranges:
[    1.108213] obpc kernel:   DMA      [mem 0x0000000000001000-0x0000000000ffffff]
[    1.108216] obpc kernel:   DMA32    [mem 0x0000000001000000-0x00000000ffffffff]
[    1.108221] obpc kernel:   Normal   [mem 0x0000000100000000-0x000000207fffffff]
[    1.108227] obpc kernel:   Device   empty
[    1.108231] obpc kernel: Movable zone start for each node
[    1.108236] obpc kernel: Early memory node ranges
[    1.108241] obpc kernel:   node   0: [mem 0x0000000000001000-0x000000000009efff]
[    1.108246] obpc kernel:   node   0: [mem 0x0000000000100000-0x00000000545f1fff]
[    1.108252] obpc kernel:   node   0: [mem 0x0000000063fff000-0x0000000063ffffff]
[    1.108257] obpc kernel:   node   0: [mem 0x0000000100000000-0x000000207fffffff]
[    1.108261] obpc kernel: Initmem setup node 0 [mem 0x0000000000001000-0x000000207fffffff]
[    1.108265] obpc kernel: On node 0, zone DMA: 1 pages in unavailable ranges
[    1.108270] obpc kernel: On node 0, zone DMA: 97 pages in unavailable ranges
[    1.108276] obpc kernel: On node 0, zone DMA32: 31245 pages in unavailable ranges
[    1.108280] obpc kernel: On node 0, zone Normal: 16384 pages in unavailable ranges
[    1.108287] obpc kernel: ACPI: PM-Timer IO Port: 0x1808
[    1.108291] obpc kernel: ACPI: X2APIC_NMI (uid[0xffffffff] high level lint[0x1])
[    1.108297] obpc kernel: IOAPIC[0]: apic_id 2, version 32, address 0xfec00000, GSI 0-119
[    1.108301] obpc kernel: ACPI: INT_SRC_OVR (bus 0 bus_irq 0 global_irq 2 dfl dfl)
[    1.108307] obpc kernel: ACPI: INT_SRC_OVR (bus 0 bus_irq 9 global_irq 9 high level)
[    1.108310] obpc kernel: ACPI: Using ACPI (MADT) for SMP configuration information
[    1.108315] obpc kernel: ACPI: HPET id: 0x8086a201 base: 0xfed00000
[    1.108319] obpc kernel: e820: update [mem 0x483a2000-0x483d0fff] usable ==> reserved
[    1.108323] obpc kernel: TSC deadline timer available
[    1.108328] obpc kernel: CPU topo: Max. logical packages:   1
[    1.108332] obpc kernel: CPU topo: Max. logical nodes:      1
[    1.108335] obpc kernel: CPU topo: Num. nodes per package:  1
[    1.108340] obpc kernel: CPU topo: Max. logical dies:       1
[    1.108345] obpc kernel: CPU topo: Max. dies per package:   1
[    1.108349] obpc kernel: CPU topo: Max. threads per core:   1
[    1.108354] obpc kernel: CPU topo: Num. cores per package:    16
[    1.108358] obpc kernel: CPU topo: Num. threads per package:  16
[    1.108361] obpc kernel: CPU topo: Allowing 16 present CPUs plus 0 hotplug CPUs
[    1.108366] obpc kernel: PM: hibernation: Registered nosave memory: [mem 0x00000000-0x00000fff]
[    1.108371] obpc kernel: PM: hibernation: Registered nosave memory: [mem 0x0009f000-0x000fffff]
[    1.108376] obpc kernel: PM: hibernation: Registered nosave memory: [mem 0x483a2000-0x483d0fff]
[    1.108380] obpc kernel: PM: hibernation: Registered nosave memory: [mem 0x50df1000-0x50df1fff]
[    1.108385] obpc kernel: PM: hibernation: Registered nosave memory: [mem 0x545f2000-0x63ffefff]
[    1.108389] obpc kernel: PM: hibernation: Registered nosave memory: [mem 0x64000000-0xffffffff]
[    1.108392] obpc kernel: [mem 0x78800000-0xfdffffff] available for PCI devices
[    1.108397] obpc kernel: Booting paravirtualized kernel on bare hardware
[    1.108401] obpc kernel: clocksource: refined-jiffies: mask: 0xffffffff max_cycles: 0xffffffff, max_idle_ns: 1910969940391419 ns
[    1.108405] obpc kernel: setup_percpu: NR_CPUS:8192 nr_cpumask_bits:16 nr_cpu_ids:16 nr_node_ids:1
[    1.108409] obpc kernel: percpu: Embedded 84 pages/cpu s221184 r8192 d114688 u524288
[    1.108415] obpc kernel: pcpu-alloc: s221184 r8192 d114688 u524288 alloc=1*2097152
[    1.108419] obpc kernel: pcpu-alloc: [0] 00 01 02 03 [0] 04 05 06 07 
[    1.108423] obpc kernel: pcpu-alloc: [0] 08 09 10 11 [0] 12 13 14 15 
[    1.108428] obpc kernel: Kernel command line: BOOT_IMAGE=(hd0,gpt5)/vmlinuz-6.19.14-200.fc43.x86_64 root=UUID=34e34fc2-47b6-41bd-b739-8a1c79788cb2 ro rootflags=subvol=root rhgb quiet module_blacklist=nouveau,nova_core rd.driver.blacklist=nouveau,nova_core modprobe.blacklist=nouveau,nova_core pcie_aspm.policy=performance thunderbolt.clx=0 pcie_port_pm=off pci=realloc=off,pcie_bus_perf,hpmmioprefsize=256M,resource_alignment=35@0000:03:00.0 crashkernel=256M iommu=off intel_iommu=off thunderbolt.dyndbg=+pflm thunderbolt.host_reset=false
[    1.108442] obpc kernel: DMAR: IOMMU disabled
[    1.108447] obpc kernel: Unknown kernel command line parameters "rhgb", will be passed to user space.
[    1.108453] obpc kernel: printk: log buffer data + meta data: 262144 + 917504 = 1179648 bytes
[    1.108457] obpc kernel: Dentry cache hash table entries: 8388608 (order: 14, 67108864 bytes, linear)
[    1.108461] obpc kernel: Inode-cache hash table entries: 4194304 (order: 13, 33554432 bytes, linear)
[    1.108464] obpc kernel: Fallback order for Node 0: 0 
[    1.108470] obpc kernel: Built 1 zonelists, mobility grouping on.  Total pages: 33375633
[    1.108476] obpc kernel: Policy zone: Normal
[    1.108479] obpc kernel: mem auto-init: stack:all(zero), heap alloc:on, heap free:off
[    1.108482] obpc kernel: SLUB: HWalign=64, Order=0-3, MinObjects=0, CPUs=16, Nodes=1
[    1.108487] obpc kernel: ftrace: allocating 63440 entries in 248 pages
[    1.108495] obpc kernel: ftrace: allocated 248 pages with 5 groups
[    1.108499] obpc kernel: Dynamic Preempt: lazy
[    1.108503] obpc kernel: rcu: Preemptible hierarchical RCU implementation.
[    1.108508] obpc kernel: rcu:         RCU event tracing is enabled.
[    1.108512] obpc kernel: rcu:         RCU restricting CPUs from NR_CPUS=8192 to nr_cpu_ids=16.
[    1.108516] obpc kernel:         Trampoline variant of Tasks RCU enabled.
[    1.108520] obpc kernel:         Rude variant of Tasks RCU enabled.
[    1.108524] obpc kernel:         Tracing variant of Tasks RCU enabled.
[    1.108528] obpc kernel: rcu: RCU calculated value of scheduler-enlistment delay is 100 jiffies.
[    1.108532] obpc kernel: rcu: Adjusting geometry for rcu_fanout_leaf=16, nr_cpu_ids=16
[    1.108535] obpc kernel: RCU Tasks: Setting shift to 4 and lim to 1 rcu_task_cb_adjust=1 rcu_task_cpu_ids=16.
[    1.108538] obpc kernel: RCU Tasks Rude: Setting shift to 4 and lim to 1 rcu_task_cb_adjust=1 rcu_task_cpu_ids=16.
[    1.108543] obpc kernel: RCU Tasks Trace: Setting shift to 4 and lim to 1 rcu_task_cb_adjust=1 rcu_task_cpu_ids=16.
[    1.108546] obpc kernel: NR_IRQS: 524544, nr_irqs: 2184, preallocated irqs: 16
[    1.108551] obpc kernel: rcu: srcu_init: Setting srcu_struct sizes based on contention.
[    1.108556] obpc kernel: kfence: initialized - using 2097152 bytes for 255 objects at 0x(____ptrval____)-0x(____ptrval____)
[    1.108561] obpc kernel: Console: colour dummy device 80x25
[    1.108566] obpc kernel: printk: legacy console [tty0] enabled
[    1.108569] obpc kernel: ACPI: Core revision 20250807
[    1.108574] obpc kernel: hpet: HPET dysfunctional in PC10. Force disabled.
[    1.108578] obpc kernel: APIC: Switch to symmetric I/O mode setup
[    1.108584] obpc kernel: DMAR: Host address width 42
[    1.108589] obpc kernel: DMAR: DRHD base: 0x000000fc800000 flags: 0x0
[    1.108593] obpc kernel: DMAR: dmar0: reg_base_addr fc800000 ver 7:0 cap c9de008cee690462 ecap 12ca9a00f0ef5e
[    1.108599] obpc kernel: DMAR: DRHD base: 0x000000fc801000 flags: 0x1
[    1.108603] obpc kernel: DMAR: dmar1: reg_base_addr fc801000 ver 7:0 cap c9de008cee690462 ecap 12ca9a00f0efde
[    1.108609] obpc kernel: DMAR: SATC flags: 0x1
[    1.108613] obpc kernel: DMAR-IR: IOAPIC id 2 under DRHD base  0xfc801000 IOMMU 1
[    1.108616] obpc kernel: DMAR-IR: HPET id 0 under DRHD base 0xfc801000
[    1.108622] obpc kernel: DMAR-IR: Queued invalidation will be enabled to support x2apic and Intr-remapping.
[    1.108628] obpc kernel: DMAR-IR: Enabled IRQ remapping in x2apic mode
[    1.108633] obpc kernel: clocksource: tsc-early: mask: 0xffffffffffffffff max_cycles: 0x6a464ae9873, max_idle_ns: 881590529744 ns
[    1.108638] obpc kernel: Calibrating delay loop (skipped), value calculated using timer frequency.. 7372.80 BogoMIPS (lpj=3686400)
[    1.108644] obpc kernel: CPU0: Thermal monitoring enabled (TM1)
[    1.108649] obpc kernel: x86/cpu: User Mode Instruction Prevention (UMIP) activated
[    1.108655] obpc kernel: CET detected: Indirect Branch Tracking enabled
[    1.108659] obpc kernel: Last level iTLB entries: 4KB 0, 2MB 0, 4MB 0
[    1.108662] obpc kernel: Last level dTLB entries: 4KB 0, 2MB 0, 4MB 0, 1GB 0
[    1.108665] obpc kernel: process: using mwait in idle threads
[    1.108670] obpc kernel: mitigations: Enabled attack vectors: user_kernel, user_user, guest_host, guest_guest, SMT mitigations: auto
[    1.108676] obpc kernel: Speculative Store Bypass: Mitigation: Speculative Store Bypass disabled via prctl
[    1.108682] obpc kernel: Spectre V2 : Mitigation: Enhanced / Automatic IBRS
[    1.108685] obpc kernel: VMSCAPE: Mitigation: IBPB before exit to userspace
[    1.108688] obpc kernel: Spectre V1 : Mitigation: usercopy/swapgs barriers and __user pointer sanitization
[    1.108692] obpc kernel: Spectre V2 : mitigation: Enabling conditional Indirect Branch Prediction Barrier
[    1.108698] obpc kernel: x86/fpu: Supporting XSAVE feature 0x001: 'x87 floating point registers'
[    1.108705] obpc kernel: x86/fpu: Supporting XSAVE feature 0x002: 'SSE registers'
[    1.108710] obpc kernel: x86/fpu: Supporting XSAVE feature 0x004: 'AVX registers'
[    1.108715] obpc kernel: x86/fpu: Supporting XSAVE feature 0x200: 'Protection Keys User registers'
[    1.108718] obpc kernel: x86/fpu: Supporting XSAVE feature 0x800: 'Control-flow User registers'
[    1.108722] obpc kernel: x86/fpu: Supporting XSAVE feature 0x1000: 'Control-flow Kernel registers (KVM only)'
[    1.108725] obpc kernel: x86/fpu: xstate_offset[2]:  576, xstate_sizes[2]:  256
[    1.108728] obpc kernel: x86/fpu: xstate_offset[9]:  832, xstate_sizes[9]:    8
[    1.108731] obpc kernel: x86/fpu: xstate_offset[11]:  840, xstate_sizes[11]:   16
[    1.108737] obpc kernel: x86/fpu: xstate_offset[12]:  856, xstate_sizes[12]:   24
[    1.108740] obpc kernel: x86/fpu: Enabled xstate features 0x1a07, context size is 880 bytes, using 'compacted' format.
[    1.108745] obpc kernel: Freeing SMP alternatives memory: 56K
[    1.108750] obpc kernel: pid_max: default: 32768 minimum: 301
[    1.108753] obpc kernel: Yama: becoming mindful.
[    1.108756] obpc kernel: SELinux:  Initializing.
[    1.108759] obpc kernel: LSM support for eBPF active
[    1.108763] obpc kernel: landlock: Up and running.
[    1.108767] obpc kernel: Mount-cache hash table entries: 131072 (order: 8, 1048576 bytes, linear)
[    1.108770] obpc kernel: Mountpoint-cache hash table entries: 131072 (order: 8, 1048576 bytes, linear)
[    1.108774] obpc kernel: smpboot: CPU0: Intel(R) Core(TM) Ultra 9 285H (family: 0x6, model: 0xc5, stepping: 0x2)
[    1.108777] obpc kernel: Performance Events: XSAVE Architectural LBR, PEBS fmt5+-baseline,  AnyThread deprecated, ArrowLake-H Hybrid events, 32-deep LBR, full-width counters, Intel PMU driver.
[    1.108782] obpc kernel: core: cpu_core PMU driver: 
[    1.108785] obpc kernel: ... version:                   5
[    1.108789] obpc kernel: ... bit width:                 48
[    1.108792] obpc kernel: ... generic counters:          10
[    1.108795] obpc kernel: ... generic bitmap:            00000000000003ff
[    1.108798] obpc kernel: ... fixed-purpose counters:    4
[    1.108801] obpc kernel: ... fixed-purpose bitmap:      000000000000000f
[    1.108805] obpc kernel: ... value mask:                0000ffffffffffff
[    1.108808] obpc kernel: ... max period:                00007fffffffffff
[    1.108812] obpc kernel: ... global_ctrl mask:          0001000f000003ff
[    1.108815] obpc kernel: signal: max sigframe size: 3632
[    1.108819] obpc kernel: Estimated ratio of average max frequency by base frequency (times 1024): 1411
[    1.108822] obpc kernel: rcu: Hierarchical SRCU implementation.
[    1.108825] obpc kernel: rcu:         Max phase no-delay instances is 400.
[    1.108829] obpc kernel: Timer migration: 2 hierarchy levels; 8 children per group; 2 crossnode level
[    1.108832] obpc kernel: NMI watchdog: Enabled. Permanently consumes one hw-PMU counter.
[    1.108836] obpc kernel: smp: Bringing up secondary CPUs ...
[    1.108839] obpc kernel: smpboot: x86: Booting SMP configuration:
[    1.108843] obpc kernel: .... node  #0, CPUs:        #1  #2  #3  #4  #5  #6  #7  #8  #9 #10 #11 #12 #13 #14 #15
[    1.108846] obpc kernel: core: The event 0x5d0 is not supported as an auto-counter reload event.
[    1.108849] obpc kernel: core: cpu_atom PMU driver: 
[    1.108852] obpc kernel: ... version:                   5
[    1.108855] obpc kernel: ... bit width:                 48
[    1.108858] obpc kernel: ... generic counters:          8
[    1.108861] obpc kernel: ... generic bitmap:            00000000000000ff
[    1.108865] obpc kernel: ... fixed-purpose counters:    6
[    1.108868] obpc kernel: ... fixed-purpose bitmap:      0000000000000077
[    1.108871] obpc kernel: ... value mask:                0000ffffffffffff
[    1.108874] obpc kernel: ... max period:                00007fffffffffff
[    1.108877] obpc kernel: ... global_ctrl mask:          00000077000000ff
[    1.108880] obpc kernel: core: cpu_lowpower PMU driver: 
[    1.108883] obpc kernel: ... version:                   5
[    1.108886] obpc kernel: ... bit width:                 48
[    1.108889] obpc kernel: ... generic counters:          8
[    1.108892] obpc kernel: ... generic bitmap:            00000000000000ff
[    1.108895] obpc kernel: ... fixed-purpose counters:    3
[    1.108898] obpc kernel: ... fixed-purpose bitmap:      0000000000000007
[    1.108902] obpc kernel: ... value mask:                0000ffffffffffff
[    1.108905] obpc kernel: ... max period:                00007fffffffffff
[    1.108907] obpc kernel: ... global_ctrl mask:          00000007000000ff
[    1.108910] obpc kernel: smp: Brought up 1 node, 16 CPUs
[    1.108914] obpc kernel: smpboot: Total of 16 processors activated (117964.80 BogoMIPS)
[    1.108917] obpc kernel: Memory: 130695080K/133502532K available (22601K kernel code, 4588K rwdata, 17852K rodata, 5200K init, 5788K bss, 2777552K reserved, 0K cma-reserved)
[    1.108922] obpc kernel: devtmpfs: initialized
[    1.108926] obpc kernel: x86/mm: Memory block size: 2048MB
[    1.108929] obpc kernel: ACPI: PM: Registering ACPI NVS region [mem 0x5e7b8000-0x5e93efff] (1601536 bytes)
[    1.108935] obpc kernel: clocksource: jiffies: mask: 0xffffffff max_cycles: 0xffffffff, max_idle_ns: 1911260446275000 ns
[    1.108938] obpc kernel: posixtimers hash table entries: 8192 (order: 5, 131072 bytes, linear)
[    1.108941] obpc kernel: futex hash table entries: 4096 (262144 bytes on 1 NUMA nodes, total 256 KiB, linear).
[    1.108944] obpc kernel: PM: RTC time: 11:55:30, date: 2026-05-08
[    1.108949] obpc kernel: NET: Registered PF_NETLINK/PF_ROUTE protocol family
[    1.108953] obpc kernel: DMA: preallocated 4096 KiB GFP_KERNEL pool for atomic allocations
[    1.108958] obpc kernel: DMA: preallocated 4096 KiB GFP_KERNEL|GFP_DMA pool for atomic allocations
[    1.108963] obpc kernel: DMA: preallocated 4096 KiB GFP_KERNEL|GFP_DMA32 pool for atomic allocations
[    1.108968] obpc kernel: audit: initializing netlink subsys (disabled)
[    1.108973] obpc kernel: audit: type=2000 audit(1778241330.012:1): state=initialized audit_enabled=0 res=1
[    1.108978] obpc kernel: thermal_sys: Registered thermal governor 'fair_share'
[    1.108981] obpc kernel: thermal_sys: Registered thermal governor 'bang_bang'
[    1.108984] obpc kernel: thermal_sys: Registered thermal governor 'step_wise'
[    1.108987] obpc kernel: thermal_sys: Registered thermal governor 'user_space'
[    1.108991] obpc kernel: cpuidle: using governor menu
[    1.108996] obpc kernel: efi: Freeing EFI boot services memory: 202076K
[    1.109003] obpc kernel: acpiphp: ACPI Hot Plug PCI Controller Driver version: 0.5
[    1.109008] obpc kernel: PCI: ECAM [mem 0xc0000000-0xcfffffff] (base 0xc0000000) for domain 0000 [bus 00-ff]
[    1.109014] obpc kernel: PCI: Using configuration type 1 for base access
[    1.109017] obpc kernel: kprobes: kprobe jump-optimization is enabled. All kprobes are optimized if possible.
[    1.109024] obpc kernel: HugeTLB: registered 1.00 GiB page size, pre-allocated 0 pages
[    1.109030] obpc kernel: HugeTLB: 16380 KiB vmemmap can be freed for a 1.00 GiB page
[    1.109034] obpc kernel: HugeTLB: registered 2.00 MiB page size, pre-allocated 0 pages
[    1.109038] obpc kernel: HugeTLB: 28 KiB vmemmap can be freed for a 2.00 MiB page
[    1.109041] obpc kernel: raid6: skipped pq benchmark and selected avx2x4
[    1.109045] obpc kernel: raid6: using avx2x2 recovery algorithm
[    1.109052] obpc kernel: ACPI: Added _OSI(Module Device)
[    1.109058] obpc kernel: ACPI: Added _OSI(Processor Device)
[    1.109062] obpc kernel: ACPI: Added _OSI(Processor Aggregator Device)
[    1.109068] obpc kernel: ACPI: 25 ACPI AML tables successfully acquired and loaded
[    1.109072] obpc kernel: ACPI: USB4 _OSC: OS supports USB3+ DisplayPort+ PCIe+ XDomain+
[    1.109077] obpc kernel: ACPI: USB4 _OSC: OS controls USB3+ DisplayPort+ PCIe+ XDomain+
[    1.109081] obpc kernel: ACPI: EC: EC started
[    1.109086] obpc kernel: ACPI: EC: interrupt blocked
[    1.109090] obpc kernel: ACPI: EC: EC_CMD/EC_SC=0x66, EC_DATA=0x62
[    1.109095] obpc kernel: ACPI: \_SB_.PC00.LPCB.H_EC: Boot DSDT EC used to handle transactions
[    1.109099] obpc kernel: ACPI: Interpreter enabled
[    1.109105] obpc kernel: ACPI: PM: (supports S0 S3 S4 S5)
[    1.109109] obpc kernel: ACPI: Using IOAPIC for interrupt routing
[    1.109113] obpc kernel: PCI: Using host bridge windows from ACPI; if necessary, use "pci=nocrs" and report a bug
[    1.109118] obpc kernel: PCI: Ignoring E820 reservations for host bridge windows
[    1.109122] obpc kernel: ACPI: Enabled 13 GPEs in block 00 to 7F
[    1.109128] obpc kernel: ACPI: Enabled 8 GPEs in block 80 to DF
[    1.109131] obpc kernel: ACPI: \_SB_.PC00.RP04.PXP_: New power resource
[    1.109136] obpc kernel: ACPI: \_SB_.PC00.RP05.PXP_: New power resource
[    1.109140] obpc kernel: ACPI: \_SB_.PC00.RP11.PXP_: New power resource
[    1.109144] obpc kernel: ACPI: \_SB_.PC00.RP12.PXP_: New power resource
[    1.109148] obpc kernel: ACPI: \_SB_.PC00.XHCI.RHUB.HS10.BTRT: New power resource
[    1.109155] obpc kernel: ACPI: \_SB_.PC00.XHCI.RHUB.HS10.DBTR: New power resource
[    1.109158] obpc kernel: ACPI: \_SB_.PC00.PAUD: New power resource
[    1.109164] obpc kernel: ACPI: \_SB_.PC00.CNVW.WRST: New power resource
[    1.109168] obpc kernel: ACPI: \_SB_.PC00.TBT0: New power resource
[    1.109173] obpc kernel: ACPI: \_SB_.PC00.TBT1: New power resource
[    1.109179] obpc kernel: ACPI: \_SB_.PC00.D3C_: New power resource
[    1.109182] obpc kernel: ACPI: \_TZ_.FN00: New power resource
[    1.109186] obpc kernel: ACPI: \_TZ_.FN01: New power resource
[    1.109191] obpc kernel: ACPI: \_TZ_.FN02: New power resource
[    1.109195] obpc kernel: ACPI: \_TZ_.FN03: New power resource
[    1.109200] obpc kernel: ACPI: \_TZ_.FN04: New power resource
[    1.109203] obpc kernel: ACPI: \PIN_: New power resource
[    1.109207] obpc kernel: ACPI: PCI Root Bridge [PC00] (domain 0000 [bus 00-fe])
[    1.109348] obpc kernel: acpi PNP0A08:00: _OSC: OS supports [ExtendedConfig ASPM ClockPM Segments MSI EDR HPX-Type3]
[    1.109422] obpc kernel: acpi PNP0A08:00: _OSC: OS now controls [PCIeHotplug SHPCHotplug PME AER PCIeCapability LTR DPC]
[    1.109429] obpc kernel: PCI host bridge to bus 0000:00
[    1.109506] obpc kernel: pci_bus 0000:00: root bus resource [io  0x0000-0x0cf7 window]
[    1.109572] obpc kernel: pci_bus 0000:00: root bus resource [io  0x0d00-0xffff window]
[    1.109633] obpc kernel: pci_bus 0000:00: root bus resource [mem 0x000a0000-0x000bffff window]
[    1.109696] obpc kernel: pci_bus 0000:00: root bus resource [mem 0x80000000-0xbfffffff window]
[    1.109756] obpc kernel: pci_bus 0000:00: root bus resource [mem 0x4000000000-0x3ffbfffffff window]
[    1.109817] obpc kernel: pci_bus 0000:00: root bus resource [bus 00-fe]
[    1.109904] obpc kernel: pci 0000:00:00.0: [8086:7d06] type 00 class 0x060000 conventional PCI endpoint
[    1.109988] obpc kernel: pci 0000:00:01.0: [8086:7ecc] type 01 class 0x060400 PCIe Root Port
[    1.110063] obpc kernel: pci 0000:00:01.0: PCI bridge to [bus 01]
[    1.110133] obpc kernel: pci 0000:00:01.0:   bridge window [mem 0x90300000-0x903fffff]
[    1.110204] obpc kernel: pci 0000:00:01.0: PME# supported from D0 D3hot D3cold
[    1.110275] obpc kernel: pci 0000:00:01.0: PTM enabled (root), 4ns granularity
[    1.110352] obpc kernel: pci 0000:00:02.0: [8086:7d51] type 00 class 0x030000 PCIe Root Complex Integrated Endpoint
[    1.110422] obpc kernel: pci 0000:00:02.0: BAR 0 [mem 0x5837000000-0x5837ffffff 64bit pref]
[    1.110493] obpc kernel: pci 0000:00:02.0: BAR 2 [mem 0x5020000000-0x502fffffff 64bit pref]
[    1.110564] obpc kernel: pci 0000:00:02.0: DMAR: Skip IOMMU disabling for graphics
[    1.110630] obpc kernel: pci 0000:00:02.0: Video device with shadowed ROM at [mem 0x000c0000-0x000dffff]
[    1.110697] obpc kernel: pci 0000:00:02.0: PME# supported from D0 D3hot
[    1.110764] obpc kernel: pci 0000:00:02.0: VF BAR 0 [mem 0x5830000000-0x5830ffffff 64bit pref]
[    1.110831] obpc kernel: pci 0000:00:02.0: VF BAR 0 [mem 0x5830000000-0x5836ffffff 64bit pref]: contains BAR 0 for 7 VFs
[    1.110907] obpc kernel: pci 0000:00:04.0: [8086:7d03] type 00 class 0x118000 conventional PCI endpoint
[    1.110979] obpc kernel: pci 0000:00:04.0: BAR 0 [mem 0x58402c0000-0x58402dffff 64bit]
[    1.111056] obpc kernel: pci 0000:00:07.0: [8086:7ec4] type 01 class 0x060400 PCIe Root Port
[    1.111128] obpc kernel: pci 0000:00:07.0: PCI bridge to [bus 02-2b]
[    1.111197] obpc kernel: pci 0000:00:07.0:   bridge window [io  0x3000-0x3fff]
[    1.111263] obpc kernel: pci 0000:00:07.0:   bridge window [mem 0x80000000-0x89efffff]
[    1.111329] obpc kernel: pci 0000:00:07.0:   bridge window [mem 0x4000000000-0x5013ffffff 64bit pref]
[    1.111399] obpc kernel: pci 0000:00:07.0: PME# supported from D0 D3hot D3cold
[    1.111467] obpc kernel: pci 0000:00:07.0: PTM enabled (root), 4ns granularity
[    1.111543] obpc kernel: pci 0000:00:07.2: [8086:7ec6] type 01 class 0x060400 PCIe Root Port
[    1.111615] obpc kernel: pci 0000:00:07.2: PCI bridge to [bus 2c-55]
[    1.111683] obpc kernel: pci 0000:00:07.2:   bridge window [mem 0x8a000000-0x8fffffff]
[    1.111754] obpc kernel: pci 0000:00:07.2:   bridge window [mem 0x5030000000-0x582fffffff 64bit pref]
[    1.111822] obpc kernel: pci 0000:00:07.2: PME# supported from D0 D3hot D3cold
[    1.111889] obpc kernel: pci 0000:00:07.2: PTM enabled (root), 4ns granularity
[    1.111962] obpc kernel: pci 0000:00:08.0: [8086:774c] type 00 class 0x088000 conventional PCI endpoint
[    1.112037] obpc kernel: pci 0000:00:08.0: BAR 0 [mem 0x5840322000-0x5840322fff 64bit]
[    1.112110] obpc kernel: pci 0000:00:0a.0: [8086:7d0d] type 00 class 0x118000 PCIe Root Complex Integrated Endpoint
[    1.112179] obpc kernel: pci 0000:00:0a.0: BAR 0 [mem 0x5840280000-0x58402bffff 64bit]
[    1.112248] obpc kernel: pci 0000:00:0a.0: enabling Extended Tags
[    1.112320] obpc kernel: pci 0000:00:0b.0: [8086:7d1d] type 00 class 0x120000 PCIe Root Complex Integrated Endpoint
[    1.112386] obpc kernel: pci 0000:00:0b.0: BAR 0 [mem 0x5838000000-0x583fffffff 64bit]
[    1.112452] obpc kernel: pci 0000:00:0b.0: BAR 4 [mem 0x5840321000-0x5840321fff 64bit]
[    1.112527] obpc kernel: pci 0000:00:0d.0: [8086:7ec0] type 00 class 0x0c0330 conventional PCI endpoint
[    1.112600] obpc kernel: pci 0000:00:0d.0: BAR 0 [mem 0x5840300000-0x584030ffff 64bit]
[    1.112673] obpc kernel: pci 0000:00:0d.0: PME# supported from D3hot D3cold
[    1.112753] obpc kernel: pci 0000:00:0d.2: [8086:7ec2] type 00 class 0x0c0340 conventional PCI endpoint
[    1.112828] obpc kernel: pci 0000:00:0d.2: BAR 0 [mem 0x5840240000-0x584027ffff 64bit]
[    1.112899] obpc kernel: pci 0000:00:0d.2: BAR 2 [mem 0x5840320000-0x5840320fff 64bit]
[    1.112972] obpc kernel: pci 0000:00:0d.2: supports D1 D2
[    1.113057] obpc kernel: pci 0000:00:0d.2: PME# supported from D0 D1 D2 D3hot D3cold
[    1.113129] obpc kernel: pci 0000:00:0d.3: [8086:7ec3] type 00 class 0x0c0340 conventional PCI endpoint
[    1.113197] obpc kernel: pci 0000:00:0d.3: BAR 0 [mem 0x5840200000-0x584023ffff 64bit]
[    1.113264] obpc kernel: pci 0000:00:0d.3: BAR 2 [mem 0x584031f000-0x584031ffff 64bit]
[    1.113330] obpc kernel: pci 0000:00:0d.3: supports D1 D2
[    1.113397] obpc kernel: pci 0000:00:0d.3: PME# supported from D0 D1 D2 D3hot D3cold
[    1.113470] obpc kernel: pci 0000:00:12.0: [8086:7745] type 00 class 0x070000 conventional PCI endpoint
[    1.113537] obpc kernel: pci 0000:00:12.0: BAR 0 [mem 0x58402f0000-0x58402fffff 64bit]
[    1.113601] obpc kernel: pci 0000:00:12.0: PME# supported from D0 D3hot
[    1.113674] obpc kernel: pci 0000:00:14.0: [8086:777d] type 00 class 0x0c0330 conventional PCI endpoint
[    1.113745] obpc kernel: pci 0000:00:14.0: BAR 0 [mem 0x58402e0000-0x58402effff 64bit]
[    1.113821] obpc kernel: pci 0000:00:14.0: PME# supported from D3hot D3cold
[    1.113911] obpc kernel: pci 0000:00:14.2: [8086:777f] type 00 class 0x050000 conventional PCI endpoint
[    1.113983] obpc kernel: pci 0000:00:14.2: BAR 0 [mem 0x5840318000-0x584031bfff 64bit]
[    1.114056] obpc kernel: pci 0000:00:14.2: BAR 2 [mem 0x584031e000-0x584031efff 64bit]
[    1.114131] obpc kernel: pci 0000:00:14.3: [8086:7740] type 00 class 0x028000 PCIe Root Complex Integrated Endpoint
[    1.114199] obpc kernel: pci 0000:00:14.3: BAR 0 [mem 0x5840314000-0x5840317fff 64bit]
[    1.114264] obpc kernel: pci 0000:00:14.3: enabling Extended Tags
[    1.114331] obpc kernel: pci 0000:00:14.3: PME# supported from D0 D3hot D3cold
[    1.114404] obpc kernel: pci 0000:00:16.0: [8086:7770] type 00 class 0x078000 conventional PCI endpoint
[    1.114469] obpc kernel: pci 0000:00:16.0: BAR 0 [mem 0x584031d000-0x584031dfff 64bit]
[    1.114538] obpc kernel: pci 0000:00:16.0: PME# supported from D3hot
[    1.114613] obpc kernel: pci 0000:00:1c.0: [8086:773c] type 01 class 0x060400 PCIe Root Port
[    1.114681] obpc kernel: pci 0000:00:1c.0: PCI bridge to [bus 56]
[    1.114747] obpc kernel: pci 0000:00:1c.0:   bridge window [mem 0x90000000-0x902fffff]
[    1.114814] obpc kernel: pci 0000:00:1c.0: PME# supported from D0 D3hot D3cold
[    1.114881] obpc kernel: pci 0000:00:1c.0: PTM enabled (root), 4ns granularity
[    1.114954] obpc kernel: pci 0000:00:1f.0: [8086:7702] type 00 class 0x060100 conventional PCI endpoint
[    1.115031] obpc kernel: pci 0000:00:1f.3: [8086:7728] type 00 class 0x040100 conventional PCI endpoint
[    1.115101] obpc kernel: pci 0000:00:1f.3: BAR 0 [mem 0x5840310000-0x5840313fff 64bit]
[    1.115168] obpc kernel: pci 0000:00:1f.3: BAR 4 [mem 0x5840000000-0x58401fffff 64bit]
[    1.115235] obpc kernel: pci 0000:00:1f.3: PME# supported from D3hot D3cold
[    1.115306] obpc kernel: pci 0000:00:1f.4: [8086:7722] type 00 class 0x0c0500 conventional PCI endpoint
[    1.115373] obpc kernel: pci 0000:00:1f.4: BAR 0 [mem 0x584031c000-0x584031c0ff 64bit]
[    1.115439] obpc kernel: pci 0000:00:1f.4: BAR 4 [io  0xefa0-0xefbf]
[    1.115513] obpc kernel: pci 0000:00:1f.5: [8086:7723] type 00 class 0x0c8000 conventional PCI endpoint
[    1.115582] obpc kernel: pci 0000:00:1f.5: BAR 0 [mem 0xfe010000-0xfe010fff]
[    1.115661] obpc kernel: pci 0000:01:00.0: [144d:a80c] type 00 class 0x010802 PCIe Endpoint
[    1.115737] obpc kernel: pci 0000:01:00.0: BAR 0 [mem 0x90300000-0x90303fff 64bit]
[    1.115806] obpc kernel: pci 0000:00:01.0: PCI bridge to [bus 01]
[    1.115889] obpc kernel: pci 0000:02:00.0: [8086:5786] type 01 class 0x060400 PCIe Switch Upstream Port
[    1.115967] obpc kernel: pci 0000:02:00.0: PCI bridge to [bus 03-2b]
[    1.116049] obpc kernel: pci 0000:02:00.0:   bridge window [io  0x3000-0x3fff]
[    1.116119] obpc kernel: pci 0000:02:00.0:   bridge window [mem 0x80000000-0x89efffff]
[    1.116187] obpc kernel: pci 0000:02:00.0:   bridge window [mem 0x4000000000-0x5013ffffff 64bit pref]
[    1.116259] obpc kernel: pci 0000:02:00.0: enabling Extended Tags
[    1.116328] obpc kernel: pci 0000:02:00.0: supports D1 D2
[    1.116401] obpc kernel: pci 0000:02:00.0: PME# supported from D0 D1 D2 D3hot D3cold
[    1.116469] obpc kernel: pci 0000:02:00.0: PTM enabled, 4ns granularity
[    1.116539] obpc kernel: pci 0000:00:07.0: PCI bridge to [bus 02-2b]
[    1.116617] obpc kernel: pci 0000:03:00.0: [8086:5786] type 01 class 0x060400 PCIe Switch Downstream Port
[    1.116692] obpc kernel: pci 0000:03:00.0: PCI bridge to [bus 04]
[    1.116765] obpc kernel: pci 0000:03:00.0:   bridge window [io  0x3000-0x3fff]
[    1.116836] obpc kernel: pci 0000:03:00.0:   bridge window [mem 0x80000000-0x840fffff]
[    1.116909] obpc kernel: pci 0000:03:00.0:   bridge window [mem 0x4000000000-0x48140fffff 64bit pref]
[    1.116982] obpc kernel: pci 0000:03:00.0: enabling Extended Tags
[    1.117056] obpc kernel: pci 0000:03:00.0: supports D1 D2
[    1.117128] obpc kernel: pci 0000:03:00.0: PME# supported from D0 D1 D2 D3hot D3cold
[    1.117207] obpc kernel: pci 0000:03:01.0: [8086:5786] type 01 class 0x060400 PCIe Switch Downstream Port
[    1.117281] obpc kernel: pci 0000:03:01.0: PCI bridge to [bus 05-11]
[    1.117353] obpc kernel: pci 0000:03:01.0:   bridge window [mem 0x88000000-0x89efffff]
[    1.117424] obpc kernel: pci 0000:03:01.0:   bridge window [mem 0x4d69600000-0x5013ffffff 64bit pref]
[    1.117494] obpc kernel: pci 0000:03:01.0: enabling Extended Tags
[    1.117566] obpc kernel: pci 0000:03:01.0: supports D1 D2
[    1.117641] obpc kernel: pci 0000:03:01.0: PME# supported from D0 D1 D2 D3hot D3cold
[    1.117719] obpc kernel: pci 0000:03:02.0: [8086:5786] type 01 class 0x060400 PCIe Switch Downstream Port
[    1.117794] obpc kernel: pci 0000:03:02.0: PCI bridge to [bus 12-1e]
[    1.117866] obpc kernel: pci 0000:03:02.0:   bridge window [mem 0x86100000-0x87ffffff]
[    1.117940] obpc kernel: pci 0000:03:02.0:   bridge window [mem 0x4abec00000-0x4d695fffff 64bit pref]
[    1.118016] obpc kernel: pci 0000:03:02.0: enabling Extended Tags
[    1.118091] obpc kernel: pci 0000:03:02.0: supports D1 D2
[    1.118166] obpc kernel: pci 0000:03:02.0: PME# supported from D0 D1 D2 D3hot D3cold
[    1.118245] obpc kernel: pci 0000:03:03.0: [8086:5786] type 01 class 0x060400 PCIe Switch Downstream Port
[    1.118321] obpc kernel: pci 0000:03:03.0: PCI bridge to [bus 1f-2b]
[    1.118396] obpc kernel: pci 0000:03:03.0:   bridge window [mem 0x84200000-0x860fffff]
[    1.118468] obpc kernel: pci 0000:03:03.0:   bridge window [mem 0x4814200000-0x4abebfffff 64bit pref]
[    1.118538] obpc kernel: pci 0000:03:03.0: enabling Extended Tags
[    1.118608] obpc kernel: pci 0000:03:03.0: supports D1 D2
[    1.118683] obpc kernel: pci 0000:03:03.0: PME# supported from D0 D1 D2 D3hot D3cold
[    1.118751] obpc kernel: pci 0000:02:00.0: PCI bridge to [bus 03-2b]
[    1.118834] obpc kernel: pci 0000:04:00.0: [10de:2b85] type 00 class 0x030000 PCIe Legacy Endpoint
[    1.118909] obpc kernel: pci 0000:04:00.0: BAR 0 [mem 0x80000000-0x83ffffff]
[    1.118985] obpc kernel: pci 0000:04:00.0: BAR 1 [mem 0x4000000000-0x47ffffffff 64bit pref]
[    1.119063] obpc kernel: pci 0000:04:00.0: BAR 3 [mem 0x4812000000-0x4813ffffff 64bit pref]
[    1.119137] obpc kernel: pci 0000:04:00.0: BAR 5 [io  0x3000-0x307f]
[    1.119212] obpc kernel: pci 0000:04:00.0: ROM [mem 0x84000000-0x8407ffff pref]
[    1.119287] obpc kernel: pci 0000:04:00.0: Enabling HDA controller
[    1.119365] obpc kernel: pci 0000:04:00.0: PME# supported from D0 D3hot
[    1.119441] obpc kernel: pci 0000:04:00.0: VF BAR 0 [mem 0x4814000000-0x481403ffff 64bit pref]
[    1.119516] obpc kernel: pci 0000:04:00.0: VF BAR 0 [mem 0x4814000000-0x481403ffff 64bit pref]: contains BAR 0 for 1 VFs
[    1.119591] obpc kernel: pci 0000:04:00.0: VF BAR 2 [mem 0x4800000000-0x480fffffff 64bit pref]
[    1.119664] obpc kernel: pci 0000:04:00.0: VF BAR 2 [mem 0x4800000000-0x480fffffff 64bit pref]: contains BAR 2 for 1 VFs
[    1.119737] obpc kernel: pci 0000:04:00.0: VF BAR 4 [mem 0x4810000000-0x4811ffffff 64bit pref]
[    1.119812] obpc kernel: pci 0000:04:00.0: VF BAR 4 [mem 0x4810000000-0x4811ffffff 64bit pref]: contains BAR 4 for 1 VFs
[    1.119889] obpc kernel: pci 0000:04:00.0: 8.000 Gb/s available PCIe bandwidth, limited by 2.5 GT/s PCIe x4 link at 0000:00:07.0 (capable of 504.112 Gb/s with 32.0 GT/s PCIe x16 link)
[    1.119970] obpc kernel: pci 0000:04:00.1: [10de:22e8] type 00 class 0x040300 PCIe Endpoint
[    1.120050] obpc kernel: pci 0000:04:00.1: BAR 0 [mem 0x84080000-0x84083fff]
[    1.120124] obpc kernel: pci 0000:03:00.0: PCI bridge to [bus 04]
[    1.120198] obpc kernel: pci 0000:03:01.0: PCI bridge to [bus 05-11]
[    1.120270] obpc kernel: pci 0000:03:02.0: PCI bridge to [bus 12-1e]
[    1.120344] obpc kernel: pci 0000:03:03.0: PCI bridge to [bus 1f-2b]
[    1.120412] obpc kernel: pci 0000:00:07.2: PCI bridge to [bus 2c-55]
[    1.120489] obpc kernel: pci 0000:56:00.0: [8086:125c] type 00 class 0x020000 PCIe Endpoint
[    1.120565] obpc kernel: pci 0000:56:00.0: BAR 0 [mem 0x90100000-0x901fffff]
[    1.120636] obpc kernel: pci 0000:56:00.0: BAR 3 [mem 0x90200000-0x90203fff]
[    1.120706] obpc kernel: pci 0000:56:00.0: ROM [mem 0x90000000-0x900fffff pref]
[    1.120775] obpc kernel: pci 0000:56:00.0: PME# supported from D0 D3hot D3cold
[    1.120842] obpc kernel: pci 0000:00:1c.0: PCI bridge to [bus 56]
[    1.120909] obpc kernel: pci 0000:00:01.0: Max Payload Size set to  256/ 256 (was  256), Max Read Rq  128
[    1.120980] obpc kernel: pci 0000:01:00.0: Max Payload Size set to  256/ 512 (was  256), Max Read Rq  256
[    1.121061] obpc kernel: pci 0000:00:07.0: Max Payload Size set to  128/ 128 (was  128), Max Read Rq  128
[    1.121136] obpc kernel: pci 0000:02:00.0: Max Payload Size set to  128/ 256 (was  128), Max Read Rq  128
[    1.121210] obpc kernel: pci 0000:03:00.0: Max Payload Size set to  128/ 256 (was  128), Max Read Rq  128
[    1.121286] obpc kernel: pci 0000:04:00.0: Max Payload Size set to  128/ 256 (was  128), Max Read Rq  128
[    1.121360] obpc kernel: pci 0000:04:00.1: Max Payload Size set to  128/ 256 (was  128), Max Read Rq  128
[    1.121437] obpc kernel: pci 0000:03:01.0: Max Payload Size set to  128/ 256 (was  128), Max Read Rq  128
[    1.121509] obpc kernel: pci 0000:03:02.0: Max Payload Size set to  128/ 256 (was  128), Max Read Rq  128
[    1.121584] obpc kernel: pci 0000:03:03.0: Max Payload Size set to  128/ 256 (was  128), Max Read Rq  128
[    1.121651] obpc kernel: pci 0000:00:07.2: Max Payload Size set to  128/ 128 (was  128), Max Read Rq  128
[    1.121721] obpc kernel: pci 0000:00:1c.0: Max Payload Size set to  256/ 256 (was  256), Max Read Rq  128
[    1.121790] obpc kernel: pci 0000:56:00.0: Max Payload Size set to  256/ 512 (was  256), Max Read Rq  256
[    1.121797] obpc kernel: ACPI: PCI: Interrupt link LNKA configured for IRQ 0
[    1.121800] obpc kernel: ACPI: PCI: Interrupt link LNKB configured for IRQ 1
[    1.121805] obpc kernel: ACPI: PCI: Interrupt link LNKC configured for IRQ 0
[    1.121809] obpc kernel: ACPI: PCI: Interrupt link LNKD configured for IRQ 0
[    1.121815] obpc kernel: ACPI: PCI: Interrupt link LNKE configured for IRQ 0
[    1.121820] obpc kernel: ACPI: PCI: Interrupt link LNKF configured for IRQ 0
[    1.121824] obpc kernel: ACPI: PCI: Interrupt link LNKG configured for IRQ 0
[    1.121828] obpc kernel: ACPI: PCI: Interrupt link LNKH configured for IRQ 0
[    1.121833] obpc kernel: ACPI: \_SB_.PEPD: Duplicate LPS0 _DSM functions (mask: 0x1)
[    1.121838] obpc kernel: Low-power S0 idle used by default for system suspend
[    1.121842] obpc kernel: ACPI: EC: interrupt unblocked
[    1.121848] obpc kernel: ACPI: EC: event unblocked
[    1.121851] obpc kernel: ACPI: EC: EC_CMD/EC_SC=0x66, EC_DATA=0x62
[    1.121855] obpc kernel: ACPI: EC: GPE=0x6e
[    1.121858] obpc kernel: ACPI: \_SB_.PC00.LPCB.H_EC: Boot DSDT EC initialization complete
[    1.121862] obpc kernel: ACPI: \_SB_.PC00.LPCB.H_EC: EC: Used to handle transactions and events
[    1.121867] obpc kernel: iommu: Default domain type: Translated
[    1.121871] obpc kernel: iommu: DMA domain TLB invalidation policy: lazy mode
[    1.121875] obpc kernel: SCSI subsystem initialized
[    1.121880] obpc kernel: libata version 3.00 loaded.
[    1.121884] obpc kernel: ACPI: bus type USB registered
[    1.121887] obpc kernel: usbcore: registered new interface driver usbfs
[    1.121890] obpc kernel: usbcore: registered new interface driver hub
[    1.121893] obpc kernel: usbcore: registered new device driver usb
[    1.121898] obpc kernel: pps_core: LinuxPPS API ver. 1 registered
[    1.121901] obpc kernel: pps_core: Software ver. 5.3.6 - Copyright 2005-2007 Rodolfo Giometti <giometti@linux.it>
[    1.121904] obpc kernel: PTP clock support registered
[    1.121908] obpc kernel: EDAC MC: Ver: 3.0.0
[    1.121912] obpc kernel: efivars: Registered efivars operations
[    1.121916] obpc kernel: NetLabel: Initializing
[    1.121919] obpc kernel: NetLabel:  domain hash size = 128
[    1.121923] obpc kernel: NetLabel:  protocols = UNLABELED CIPSOv4 CALIPSO
[    1.121926] obpc kernel: NetLabel:  unlabeled traffic allowed by default
[    1.121930] obpc kernel: mctp: management component transport protocol core
[    1.121933] obpc kernel: NET: Registered PF_MCTP protocol family
[    1.121937] obpc kernel: PCI: Using ACPI for IRQ routing
[    1.121940] obpc kernel: PCI: pci_cache_line_size set to 64 bytes
[    1.122010] obpc kernel: pci 0000:00:1f.5: BAR 0 [mem 0xfe010000-0xfe010fff]: can't claim; no compatible bridge window
[    1.122089] obpc kernel: pci 0000:04:00.0: BAR 0 [mem 0x80000000-0x83ffffff]: can't claim; no compatible bridge window
[    1.122164] obpc kernel: pci 0000:04:00.0: BAR 1 [mem 0x4000000000-0x47ffffffff 64bit pref]: can't claim; no compatible bridge window
[    1.122239] obpc kernel: pci 0000:04:00.0: BAR 3 [mem 0x4812000000-0x4813ffffff 64bit pref]: can't claim; no compatible bridge window
[    1.122314] obpc kernel: pci 0000:04:00.0: VF BAR 0 [mem 0x4814000000-0x481403ffff 64bit pref]: can't claim; no compatible bridge window
[    1.122387] obpc kernel: pci 0000:04:00.0: VF BAR 2 [mem 0x4800000000-0x480fffffff 64bit pref]: can't claim; no compatible bridge window
[    1.122460] obpc kernel: pci 0000:04:00.0: VF BAR 4 [mem 0x4810000000-0x4811ffffff 64bit pref]: can't claim; no compatible bridge window
[    1.122535] obpc kernel: pci 0000:04:00.1: BAR 0 [mem 0x84080000-0x84083fff]: can't claim; no compatible bridge window
[    1.122541] obpc kernel: e820: reserve RAM buffer [mem 0x0009f000-0x0009ffff]
[    1.122546] obpc kernel: e820: reserve RAM buffer [mem 0x483a2000-0x4bffffff]
[    1.122553] obpc kernel: e820: reserve RAM buffer [mem 0x50df1000-0x53ffffff]
[    1.122556] obpc kernel: e820: reserve RAM buffer [mem 0x545f2000-0x57ffffff]
[    1.122623] obpc kernel: pci 0000:00:02.0: vgaarb: setting as boot VGA device
[    1.122688] obpc kernel: pci 0000:00:02.0: vgaarb: bridge control possible
[    1.122752] obpc kernel: pci 0000:00:02.0: vgaarb: VGA device added: decodes=io+mem,owns=io+mem,locks=none
[    1.122825] obpc kernel: pci 0000:04:00.0: vgaarb: bridge control possible
[    1.122897] obpc kernel: pci 0000:04:00.0: vgaarb: VGA device added: decodes=io+mem,owns=none,locks=none
[    1.122902] obpc kernel: vgaarb: loaded
[    1.122905] obpc kernel: Monitor-Mwait will be used to enter C-1 state
[    1.122909] obpc kernel: Monitor-Mwait will be used to enter C-2 state
[    1.122914] obpc kernel: Monitor-Mwait will be used to enter C-3 state
[    1.122917] obpc kernel: clocksource: Switched to clocksource tsc-early
[    1.122921] obpc kernel: VFS: Disk quotas dquot_6.6.0
[    1.122925] obpc kernel: VFS: Dquot-cache hash table entries: 512 (order 0, 4096 bytes)
[    1.122930] obpc kernel: pnp: PnP ACPI init
[    1.123024] obpc kernel: system 00:01: [io  0x0680-0x069f] has been reserved
[    1.123094] obpc kernel: system 00:01: [io  0x164e-0x164f] has been reserved
[    1.123163] obpc kernel: system 00:02: [io  0x1854-0x1857] has been reserved
[    1.123231] obpc kernel: system 00:03: [mem 0xfedc0000-0xfedc7fff] has been reserved
[    1.123294] obpc kernel: system 00:03: [mem 0x00000000-0x00000fff] could not be reserved
[    1.123356] obpc kernel: system 00:03: [mem 0x00000000-0x00000fff] could not be reserved
[    1.123416] obpc kernel: system 00:03: [mem 0xc0000000-0xcfffffff] has been reserved
[    1.123478] obpc kernel: system 00:03: [mem 0xfed20000-0xfed7ffff] could not be reserved
[    1.123539] obpc kernel: system 00:03: [mem 0xfc800000-0xfc81ffff] could not be reserved
[    1.123599] obpc kernel: system 00:03: [mem 0xfed45000-0xfed8ffff] could not be reserved
[    1.123660] obpc kernel: system 00:03: [mem 0xfee00000-0xfeefffff] could not be reserved
[    1.123726] obpc kernel: system 00:04: [io  0x2000-0x20fe] has been reserved
[    1.123732] obpc kernel: pnp: PnP ACPI: found 6 devices
[    1.123736] obpc kernel: clocksource: acpi_pm: mask: 0xffffff max_cycles: 0xffffff, max_idle_ns: 2085701024 ns
[    1.123739] obpc kernel: NET: Registered PF_INET protocol family
[    1.123743] obpc kernel: IP idents hash table entries: 262144 (order: 9, 2097152 bytes, linear)
[    1.123746] obpc kernel: tcp_listen_portaddr_hash hash table entries: 65536 (order: 8, 1048576 bytes, linear)
[    1.123750] obpc kernel: Table-perturb hash table entries: 65536 (order: 6, 262144 bytes, linear)
[    1.123755] obpc kernel: TCP established hash table entries: 524288 (order: 10, 4194304 bytes, linear)
[    1.123758] obpc kernel: TCP bind hash table entries: 65536 (order: 9, 2097152 bytes, linear)
[    1.123763] obpc kernel: TCP: Hash tables configured (established 524288 bind 65536)
[    1.123766] obpc kernel: MPTCP token hash table entries: 65536 (order: 9, 1572864 bytes, linear)
[    1.123769] obpc kernel: UDP hash table entries: 65536 (order: 10, 4194304 bytes, linear)
[    1.123773] obpc kernel: UDP-Lite hash table entries: 65536 (order: 10, 4194304 bytes, linear)
[    1.123776] obpc kernel: NET: Registered PF_UNIX/PF_LOCAL protocol family
[    1.123780] obpc kernel: NET: Registered PF_XDP protocol family
[    1.123853] obpc kernel: pci 0000:04:00.0: ROM [mem 0x84000000-0x8407ffff pref]: can't claim; no compatible bridge window
[    1.123926] obpc kernel: pci 0000:03:00.0: bridge window [mem 0x800000000-0x1001ffffff 64bit pref] to [bus 04] add_size 12100000 add_align 800000000
[    1.124003] obpc kernel: pci 0000:03:01.0: bridge window [io  0x1000-0x0fff] to [bus 05-11] add_size 1000
[    1.124074] obpc kernel: pci 0000:03:02.0: bridge window [io  0x1000-0x0fff] to [bus 12-1e] add_size 1000
[    1.124148] obpc kernel: pci 0000:03:03.0: bridge window [io  0x1000-0x0fff] to [bus 1f-2b] add_size 1000
[    1.124213] obpc kernel: pci 0000:00:07.2: bridge window [io  0x1000-0x0fff] to [bus 2c-55] add_size 1000
[    1.124282] obpc kernel: pci 0000:00:07.2: bridge window [io  0x4000-0x4fff]: assigned
[    1.124350] obpc kernel: pci 0000:00:1f.5: BAR 0 [mem 0x89f00000-0x89f00fff]: assigned
[    1.124417] obpc kernel: pci 0000:00:01.0: PCI bridge to [bus 01]
[    1.124484] obpc kernel: pci 0000:00:01.0:   bridge window [mem 0x90300000-0x903fffff]
[    1.124556] obpc kernel: pci 0000:03:00.0: bridge window [mem 0x4000000000-0x48140fffff 64bit pref]: assigned
[    1.124630] obpc kernel: pci 0000:03:00.0: bridge window [mem 0x80000000-0x840fffff]: assigned
[    1.124701] obpc kernel: pci 0000:03:01.0: bridge window [io  size 0x1000]: can't assign; no space
[    1.124774] obpc kernel: pci 0000:03:01.0: bridge window [io  size 0x1000]: failed to assign
[    1.124846] obpc kernel: pci 0000:03:02.0: bridge window [io  size 0x1000]: can't assign; no space
[    1.124917] obpc kernel: pci 0000:03:02.0: bridge window [io  size 0x1000]: failed to assign
[    1.124990] obpc kernel: pci 0000:03:03.0: bridge window [io  size 0x1000]: can't assign; no space
[    1.125063] obpc kernel: pci 0000:03:03.0: bridge window [io  size 0x1000]: failed to assign
[    1.125134] obpc kernel: pci 0000:03:03.0: bridge window [io  size 0x1000]: can't assign; no space
[    1.125206] obpc kernel: pci 0000:03:03.0: bridge window [io  size 0x1000]: failed to assign
[    1.125277] obpc kernel: pci 0000:03:02.0: bridge window [io  size 0x1000]: can't assign; no space
[    1.125347] obpc kernel: pci 0000:03:02.0: bridge window [io  size 0x1000]: failed to assign
[    1.125418] obpc kernel: pci 0000:03:01.0: bridge window [io  size 0x1000]: can't assign; no space
[    1.125489] obpc kernel: pci 0000:03:01.0: bridge window [io  size 0x1000]: failed to assign
[    1.125562] obpc kernel: pci 0000:04:00.0: BAR 1 [mem 0x4000000000-0x47ffffffff 64bit pref]: assigned
[    1.125635] obpc kernel: pci 0000:04:00.0: VF BAR 2 [mem 0x4800000000-0x480fffffff 64bit pref]: assigned
[    1.125708] obpc kernel: pci 0000:04:00.0: BAR 0 [mem 0x80000000-0x83ffffff]: assigned
[    1.125783] obpc kernel: pci 0000:04:00.0: BAR 3 [mem 0x4810000000-0x4811ffffff 64bit pref]: assigned
[    1.125857] obpc kernel: pci 0000:04:00.0: VF BAR 4 [mem 0x4812000000-0x4813ffffff 64bit pref]: assigned
[    1.125932] obpc kernel: pci 0000:04:00.0: ROM [mem 0x84000000-0x8407ffff pref]: assigned
[    1.126013] obpc kernel: pci 0000:04:00.0: VF BAR 0 [mem 0x4814000000-0x481403ffff 64bit pref]: assigned
[    1.126088] obpc kernel: pci 0000:04:00.1: BAR 0 [mem 0x84080000-0x84083fff]: assigned
[    1.126164] obpc kernel: pci 0000:03:00.0: PCI bridge to [bus 04]
[    1.126237] obpc kernel: pci 0000:03:00.0:   bridge window [io  0x3000-0x3fff]
[    1.126308] obpc kernel: pci 0000:03:00.0:   bridge window [mem 0x80000000-0x840fffff]
[    1.126379] obpc kernel: pci 0000:03:00.0:   bridge window [mem 0x4000000000-0x48140fffff 64bit pref]
[    1.126450] obpc kernel: pci 0000:03:01.0: PCI bridge to [bus 05-11]
[    1.126524] obpc kernel: pci 0000:03:01.0:   bridge window [mem 0x88000000-0x89efffff]
[    1.126595] obpc kernel: pci 0000:03:01.0:   bridge window [mem 0x4d69600000-0x5013ffffff 64bit pref]
[    1.126668] obpc kernel: pci 0000:03:02.0: PCI bridge to [bus 12-1e]
[    1.126739] obpc kernel: pci 0000:03:02.0:   bridge window [mem 0x86100000-0x87ffffff]
[    1.126809] obpc kernel: pci 0000:03:02.0:   bridge window [mem 0x4abec00000-0x4d695fffff 64bit pref]
[    1.126879] obpc kernel: pci 0000:03:03.0: PCI bridge to [bus 1f-2b]
[    1.126950] obpc kernel: pci 0000:03:03.0:   bridge window [mem 0x84200000-0x860fffff]
[    1.127025] obpc kernel: pci 0000:03:03.0:   bridge window [mem 0x4814200000-0x4abebfffff 64bit pref]
[    1.127095] obpc kernel: pci 0000:02:00.0: PCI bridge to [bus 03-2b]
[    1.127166] obpc kernel: pci 0000:02:00.0:   bridge window [io  0x3000-0x3fff]
[    1.127235] obpc kernel: pci 0000:02:00.0:   bridge window [mem 0x80000000-0x89efffff]
[    1.127304] obpc kernel: pci 0000:02:00.0:   bridge window [mem 0x4000000000-0x5013ffffff 64bit pref]
[    1.127371] obpc kernel: pci 0000:00:07.0: PCI bridge to [bus 02-2b]
[    1.127437] obpc kernel: pci 0000:00:07.0:   bridge window [io  0x3000-0x3fff]
[    1.127506] obpc kernel: pci 0000:00:07.0:   bridge window [mem 0x80000000-0x89efffff]
[    1.127573] obpc kernel: pci 0000:00:07.0:   bridge window [mem 0x4000000000-0x5013ffffff 64bit pref]
[    1.127639] obpc kernel: pci 0000:00:07.2: PCI bridge to [bus 2c-55]
[    1.127705] obpc kernel: pci 0000:00:07.2:   bridge window [io  0x4000-0x4fff]
[    1.127770] obpc kernel: pci 0000:00:07.2:   bridge window [mem 0x8a000000-0x8fffffff]
[    1.127836] obpc kernel: pci 0000:00:07.2:   bridge window [mem 0x5030000000-0x582fffffff 64bit pref]
[    1.127906] obpc kernel: pci 0000:00:1c.0: PCI bridge to [bus 56]
[    1.127974] obpc kernel: pci 0000:00:1c.0:   bridge window [mem 0x90000000-0x902fffff]
[    1.128043] obpc kernel: pci_bus 0000:00: resource 4 [io  0x0000-0x0cf7 window]
[    1.128106] obpc kernel: pci_bus 0000:00: resource 5 [io  0x0d00-0xffff window]
[    1.128167] obpc kernel: pci_bus 0000:00: resource 6 [mem 0x000a0000-0x000bffff window]
[    1.128228] obpc kernel: pci_bus 0000:00: resource 7 [mem 0x80000000-0xbfffffff window]
[    1.128288] obpc kernel: pci_bus 0000:00: resource 8 [mem 0x4000000000-0x3ffbfffffff window]
[    1.128363] obpc kernel: pci_bus 0000:01: resource 1 [mem 0x90300000-0x903fffff]
[    1.128433] obpc kernel: pci_bus 0000:02: resource 0 [io  0x3000-0x3fff]
[    1.128498] obpc kernel: pci_bus 0000:02: resource 1 [mem 0x80000000-0x89efffff]
[    1.128564] obpc kernel: pci_bus 0000:02: resource 2 [mem 0x4000000000-0x5013ffffff 64bit pref]
[    1.128637] obpc kernel: pci_bus 0000:03: resource 0 [io  0x3000-0x3fff]
[    1.128706] obpc kernel: pci_bus 0000:03: resource 1 [mem 0x80000000-0x89efffff]
[    1.128775] obpc kernel: pci_bus 0000:03: resource 2 [mem 0x4000000000-0x5013ffffff 64bit pref]
[    1.128852] obpc kernel: pci_bus 0000:04: resource 0 [io  0x3000-0x3fff]
[    1.128924] obpc kernel: pci_bus 0000:04: resource 1 [mem 0x80000000-0x840fffff]
[    1.128993] obpc kernel: pci_bus 0000:04: resource 2 [mem 0x4000000000-0x48140fffff 64bit pref]
[    1.129078] obpc kernel: pci_bus 0000:05: resource 0 [io  size 0x1000]
[    1.129149] obpc kernel: pci_bus 0000:05: resource 1 [mem 0x88000000-0x89efffff]
[    1.129227] obpc kernel: pci_bus 0000:05: resource 2 [mem 0x4d69600000-0x5013ffffff 64bit pref]
[    1.129307] obpc kernel: pci_bus 0000:12: resource 0 [io  size 0x1000]
[    1.129375] obpc kernel: pci_bus 0000:12: resource 1 [mem 0x86100000-0x87ffffff]
[    1.129443] obpc kernel: pci_bus 0000:12: resource 2 [mem 0x4abec00000-0x4d695fffff 64bit pref]
[    1.129516] obpc kernel: pci_bus 0000:1f: resource 0 [io  size 0x1000]
[    1.129588] obpc kernel: pci_bus 0000:1f: resource 1 [mem 0x84200000-0x860fffff]
[    1.129656] obpc kernel: pci_bus 0000:1f: resource 2 [mem 0x4814200000-0x4abebfffff 64bit pref]
[    1.129726] obpc kernel: pci_bus 0000:2c: resource 0 [io  0x4000-0x4fff]
[    1.129789] obpc kernel: pci_bus 0000:2c: resource 1 [mem 0x8a000000-0x8fffffff]
[    1.129851] obpc kernel: pci_bus 0000:2c: resource 2 [mem 0x5030000000-0x582fffffff 64bit pref]
[    1.129921] obpc kernel: pci_bus 0000:56: resource 1 [mem 0x90000000-0x902fffff]
[    1.129996] obpc kernel: pci 0000:04:00.1: extending delay after power-on from D3hot to 20 msec
[    1.130074] obpc kernel: pci 0000:04:00.1: D0 power state depends on 0000:04:00.0
[    1.130080] obpc kernel: PCI: CLS 64 bytes, default 64
[    1.130084] obpc kernel: clocksource: tsc: mask: 0xffffffffffffffff max_cycles: 0x6a464ae9873, max_idle_ns: 881590529744 ns
[    1.130088] obpc kernel: clocksource: Switched to clocksource tsc
[    1.130162] obpc kernel: platform rtc_cmos: registered platform RTC device (no PNP device found)
[    1.130168] obpc kernel: Trying to unpack rootfs image as initramfs...
[    1.130173] obpc kernel: Initialise system trusted keyrings
[    1.130177] obpc kernel: Key type blacklist registered
[    1.130181] obpc kernel: workingset: timestamp_bits=36 max_order=25 bucket_order=0
[    1.130186] obpc kernel: integrity: Platform Keyring initialized
[    1.130190] obpc kernel: integrity: Machine keyring initialized
[    1.130193] obpc kernel: cryptd: max_cpu_qlen set to 1000
[    1.130197] obpc kernel: NET: Registered PF_ALG protocol family
[    1.130200] obpc kernel: xor: automatically using best checksumming function   avx       
[    1.130204] obpc kernel: Key type asymmetric registered
[    1.130208] obpc kernel: Asymmetric key parser 'x509' registered
[    1.130211] obpc kernel: Block layer SCSI generic (bsg) driver version 0.4 loaded (major 244)
[    1.130214] obpc kernel: io scheduler mq-deadline registered
[    1.130220] obpc kernel: io scheduler kyber registered
[    1.130225] obpc kernel: io scheduler bfq registered
[    1.130230] obpc kernel: atomic64_test: passed for x86-64 platform with CX8 and with SSE
[    1.130299] obpc kernel: pcieport 0000:00:01.0: PME: Signaling with IRQ 120
[    1.130366] obpc kernel: pcieport 0000:00:01.0: AER: enabled with IRQ 120
[    1.130432] obpc kernel: pcieport 0000:00:07.0: PME: Signaling with IRQ 121
[    1.130502] obpc kernel: pcieport 0000:00:07.0: AER: enabled with IRQ 121
[    1.130568] obpc kernel: pcieport 0000:00:07.0: pciehp: Slot #12 AttnBtn- PwrCtrl- MRL- AttnInd- PwrInd- HotPlug+ Surprise+ Interlock- NoCompl+ IbPresDis- LLActRep+
[    1.130638] obpc kernel: pcieport 0000:00:07.2: PME: Signaling with IRQ 122
[    1.130705] obpc kernel: pcieport 0000:00:07.2: AER: enabled with IRQ 122
[    1.130771] obpc kernel: pcieport 0000:00:07.2: pciehp: Slot #14 AttnBtn- PwrCtrl- MRL- AttnInd- PwrInd- HotPlug+ Surprise+ Interlock- NoCompl+ IbPresDis- LLActRep+
[    1.130842] obpc kernel: pcieport 0000:00:1c.0: PME: Signaling with IRQ 123
[    1.130908] obpc kernel: pcieport 0000:00:1c.0: AER: enabled with IRQ 123
[    1.130985] obpc kernel: pcieport 0000:03:00.0: enabling device (0001 -> 0003)
[    1.131060] obpc kernel: pcieport 0000:03:01.0: pciehp: Slot #1 AttnBtn- PwrCtrl- MRL- AttnInd- PwrInd- HotPlug+ Surprise+ Interlock- NoCompl+ IbPresDis- LLActRep+
[    1.131133] obpc kernel: pcieport 0000:03:02.0: pciehp: Slot #2 AttnBtn- PwrCtrl- MRL- AttnInd- PwrInd- HotPlug+ Surprise+ Interlock- NoCompl+ IbPresDis- LLActRep+
[    1.131207] obpc kernel: pcieport 0000:03:03.0: pciehp: Slot #3 AttnBtn- PwrCtrl- MRL- AttnInd- PwrInd- HotPlug+ Surprise+ Interlock- NoCompl+ IbPresDis- LLActRep+
[    1.131214] obpc kernel: input: Sleep Button as /devices/LNXSYSTM:00/LNXSYBUS:00/PNP0C0E:00/input/input0
[    1.131218] obpc kernel: ACPI: button: Sleep Button [SLPB]
[    1.131222] obpc kernel: input: Power Button as /devices/LNXSYSTM:00/LNXSYBUS:00/PNP0C0C:00/input/input1
[    1.131226] obpc kernel: ACPI: button: Power Button [PWRB]
[    1.131229] obpc kernel: input: Power Button as /devices/LNXSYSTM:00/LNXPWRBN:00/input/input2
[    1.131233] obpc kernel: ACPI: button: Power Button [PWRF]
[    1.131236] obpc kernel: ACPI: thermal: [Firmware Bug]: Invalid critical threshold (-274000)
[    1.131331] obpc kernel: thermal LNXTHERM:00: registered as thermal_zone0
[    1.131337] obpc kernel: ACPI: thermal: Thermal Zone [TZ0] (40 C)
[    1.131410] obpc kernel: thermal LNXTHERM:01: registered as thermal_zone1
[    1.131418] obpc kernel: ACPI: thermal: Thermal Zone [TZ00] (64 C)
[    1.131422] obpc kernel: Serial: 8250/16550 driver, 32 ports, IRQ sharing enabled
[    1.131490] obpc kernel: serial 0000:00:12.0: enabling device (0000 -> 0002)
[    1.131496] obpc kernel: hpet_acpi_add: no address or irqs in _CRS
[    1.131500] obpc kernel: Non-volatile memory driver v1.3
[    1.131505] obpc kernel: Linux agpgart interface v0.103
[    1.131509] obpc kernel: ACPI: bus type drm_connector registered
[    1.131512] obpc kernel: CAN device driver interface
[    1.131580] obpc kernel: xhci_hcd 0000:00:0d.0: xHCI Host Controller
[    1.131646] obpc kernel: xhci_hcd 0000:00:0d.0: new USB bus registered, assigned bus number 1
[    1.131714] obpc kernel: xhci_hcd 0000:00:0d.0: hcc params 0x20007fc1 hci version 0x120 quirks 0x0000000200009810
[    1.131781] obpc kernel: xhci_hcd 0000:00:0d.0: xHCI Host Controller
[    1.131849] obpc kernel: xhci_hcd 0000:00:0d.0: new USB bus registered, assigned bus number 2
[    1.131915] obpc kernel: xhci_hcd 0000:00:0d.0: Host supports USB 3.2 Enhanced SuperSpeed
[    1.131987] obpc kernel: usb usb1: New USB device found, idVendor=1d6b, idProduct=0002, bcdDevice= 6.19
[    1.132053] obpc kernel: usb usb1: New USB device strings: Mfr=3, Product=2, SerialNumber=1
[    1.132109] obpc kernel: usb usb1: Product: xHCI Host Controller
[    1.132163] obpc kernel: usb usb1: Manufacturer: Linux 6.19.14-200.fc43.x86_64 xhci-hcd
[    1.132217] obpc kernel: usb usb1: SerialNumber: 0000:00:0d.0
[    1.132300] obpc kernel: hub 1-0:1.0: USB hub found
[    1.132375] obpc kernel: hub 1-0:1.0: 1 port detected
[    1.132439] obpc kernel: usb usb2: New USB device found, idVendor=1d6b, idProduct=0003, bcdDevice= 6.19
[    1.132496] obpc kernel: usb usb2: New USB device strings: Mfr=3, Product=2, SerialNumber=1
[    1.132550] obpc kernel: usb usb2: Product: xHCI Host Controller
[    1.132603] obpc kernel: usb usb2: Manufacturer: Linux 6.19.14-200.fc43.x86_64 xhci-hcd
[    1.132656] obpc kernel: usb usb2: SerialNumber: 0000:00:0d.0
[    1.132738] obpc kernel: hub 2-0:1.0: USB hub found
[    1.132813] obpc kernel: hub 2-0:1.0: 4 ports detected
[    1.132883] obpc kernel: xhci_hcd 0000:00:14.0: xHCI Host Controller
[    1.132951] obpc kernel: xhci_hcd 0000:00:14.0: new USB bus registered, assigned bus number 3
[    1.133020] obpc kernel: xhci_hcd 0000:00:14.0: hcc params 0x20007fc1 hci version 0x120 quirks 0x0000000200009810
[    1.133086] obpc kernel: xhci_hcd 0000:00:14.0: xHCI Host Controller
[    1.133151] obpc kernel: xhci_hcd 0000:00:14.0: new USB bus registered, assigned bus number 4
[    1.133218] obpc kernel: xhci_hcd 0000:00:14.0: Host supports USB 3.2 Enhanced SuperSpeed
[    1.133278] obpc kernel: usb usb3: New USB device found, idVendor=1d6b, idProduct=0002, bcdDevice= 6.19
[    1.133337] obpc kernel: usb usb3: New USB device strings: Mfr=3, Product=2, SerialNumber=1
[    1.133393] obpc kernel: usb usb3: Product: xHCI Host Controller
[    1.133446] obpc kernel: usb usb3: Manufacturer: Linux 6.19.14-200.fc43.x86_64 xhci-hcd
[    1.133501] obpc kernel: usb usb3: SerialNumber: 0000:00:14.0
[    1.133579] obpc kernel: hub 3-0:1.0: USB hub found
[    1.133650] obpc kernel: hub 3-0:1.0: 12 ports detected
[    1.133712] obpc kernel: usb usb4: New USB device found, idVendor=1d6b, idProduct=0003, bcdDevice= 6.19
[    1.133767] obpc kernel: usb usb4: New USB device strings: Mfr=3, Product=2, SerialNumber=1
[    1.133823] obpc kernel: usb usb4: Product: xHCI Host Controller
[    1.133880] obpc kernel: usb usb4: Manufacturer: Linux 6.19.14-200.fc43.x86_64 xhci-hcd
[    1.133933] obpc kernel: usb usb4: SerialNumber: 0000:00:14.0
[    1.134015] obpc kernel: hub 4-0:1.0: USB hub found
[    1.134088] obpc kernel: hub 4-0:1.0: 2 ports detected
[    1.134093] obpc kernel: usbcore: registered new interface driver usbserial_generic
[    1.134099] obpc kernel: usbserial: USB Serial support registered for generic
[    1.134103] obpc kernel: i8042: PNP: No PS/2 controller found.
[    1.134108] obpc kernel: mousedev: PS/2 mouse device common for all mice
[    1.134172] obpc kernel: rtc_cmos rtc_cmos: RTC can wake from S4
[    1.134235] obpc kernel: rtc_cmos rtc_cmos: registered as rtc0
[    1.134298] obpc kernel: rtc_cmos rtc_cmos: setting system clock to 2026-05-08T11:55:30 UTC (1778241330)
[    1.134362] obpc kernel: rtc_cmos rtc_cmos: alarms up to one month, y3k, 114 bytes nvram
[    1.134368] obpc kernel: device-mapper: core: CONFIG_IMA_DISABLE_HTABLE is disabled. Duplicate IMA measurements will not be recorded in the IMA log.
[    1.134374] obpc kernel: device-mapper: uevent: version 1.0.3
[    1.134378] obpc kernel: device-mapper: ioctl: 4.50.0-ioctl (2025-04-28) initialised: dm-devel@lists.linux.dev
[    1.134382] obpc kernel: intel_pstate: Intel P-state driver initializing
[    1.134386] obpc kernel: Hybrid CPU capacity scaling enabled
[    1.134481] obpc kernel: processor cpu0: EM: created perf domain
[    1.134570] obpc kernel: processor cpu1: EM: created perf domain
[    1.134655] obpc kernel: processor cpu2: EM: created perf domain
[    1.134741] obpc kernel: processor cpu3: EM: created perf domain
[    1.134827] obpc kernel: processor cpu4: EM: created perf domain
[    1.134914] obpc kernel: processor cpu5: EM: created perf domain
[    1.134999] obpc kernel: processor cpu6: EM: created perf domain
[    1.135097] obpc kernel: processor cpu7: EM: created perf domain
[    1.135183] obpc kernel: processor cpu8: EM: created perf domain
[    1.135269] obpc kernel: processor cpu9: EM: created perf domain
[    1.135354] obpc kernel: processor cpu10: EM: created perf domain
[    1.135442] obpc kernel: processor cpu11: EM: created perf domain
[    1.135529] obpc kernel: processor cpu12: EM: created perf domain
[    1.135615] obpc kernel: processor cpu13: EM: created perf domain
[    1.135707] obpc kernel: processor cpu14: EM: created perf domain
[    1.135793] obpc kernel: processor cpu15: EM: created perf domain
[    1.135800] obpc kernel: intel_pstate: HWP enabled
[    1.135872] obpc kernel: simple-framebuffer simple-framebuffer.0: [drm] Registered 1 planes with drm panic
[    1.135879] obpc kernel: [drm] Initialized simpledrm 1.0.0 for simple-framebuffer.0 on minor 0
[    1.135883] obpc kernel: fbcon: Deferring console take-over
[    1.135946] obpc kernel: simple-framebuffer simple-framebuffer.0: [drm] fb0: simpledrmdrmfb frame buffer device
[    1.135951] obpc kernel: hid: raw HID events driver (C) Jiri Kosina
[    1.135955] obpc kernel: usbcore: registered new interface driver usbhid
[    1.135959] obpc kernel: usbhid: USB HID core driver
[    1.135962] obpc kernel: drop_monitor: Initializing network drop monitor service
[    1.135967] obpc kernel: Initializing XFRM netlink socket
[    1.135972] obpc kernel: NET: Registered PF_INET6 protocol family
[    1.135977] obpc kernel: Segment Routing with IPv6
[    1.135980] obpc kernel: RPL Segment Routing with IPv6
[    1.135985] obpc kernel: In-situ OAM (IOAM) with IPv6
[    1.135989] obpc kernel: mip6: Mobile IPv6
[    1.135993] obpc kernel: NET: Registered PF_PACKET protocol family
[    1.135996] obpc kernel: can: controller area network core
[    1.135999] obpc kernel: NET: Registered PF_CAN protocol family
[    1.136007] obpc kernel: ENERGY_PERF_BIAS: Set to 'normal', was 'performance'
[    1.136012] obpc kernel: microcode: Current revision: 0x0000011b
[    1.136015] obpc kernel: IPI shorthand broadcast: enabled
[    1.136020] obpc kernel: sched_clock: Marking stable (871001242, 6147322)->(897212592, -20064028)
[    1.136024] obpc kernel: registered taskstats version 1
[    1.136028] obpc kernel: Loading compiled-in X.509 certificates
[    1.136032] obpc kernel: Loaded X.509 cert 'Fedora kernel signing key: 88b80e08bfa3c7a8597e235adbf6de56f0ca4439'
[    1.136035] obpc kernel: Freeing initrd memory: 51468K
[    1.136039] obpc kernel: Loaded X.509 cert 'Fedora IMA CA: a8a00c31663f853f9c6ff2564872e378af026b28'
[    1.136043] obpc kernel: Demotion targets for Node 0: null
[    1.136047] obpc kernel: page_owner is disabled
[    1.136052] obpc kernel: Key type .fscrypt registered
[    1.136056] obpc kernel: Key type fscrypt-provisioning registered
[    1.136059] obpc kernel: Btrfs loaded, zoned=yes, fsverity=yes
[    1.136063] obpc kernel: Key type big_key registered
[    1.136066] obpc kernel: Key type trusted registered
[    1.136069] obpc kernel: Key type encrypted registered
[    1.136073] obpc kernel: Loading compiled-in module X.509 certificates
[    1.136078] obpc kernel: Loaded X.509 cert 'Fedora kernel signing key: 88b80e08bfa3c7a8597e235adbf6de56f0ca4439'
[    1.136081] obpc kernel: ima: Allocated hash algorithm: sha256
[    1.136084] obpc kernel: ima: No architecture policies found
[    1.136088] obpc kernel: evm: Initialising EVM extended attributes:
[    1.136091] obpc kernel: evm: security.selinux
[    1.136096] obpc kernel: evm: security.SMACK64 (disabled)
[    1.136099] obpc kernel: evm: security.SMACK64EXEC (disabled)
[    1.136103] obpc kernel: evm: security.SMACK64TRANSMUTE (disabled)
[    1.136106] obpc kernel: evm: security.SMACK64MMAP (disabled)
[    1.136109] obpc kernel: evm: security.apparmor (disabled)
[    1.136113] obpc kernel: evm: security.ima
[    1.136118] obpc kernel: evm: security.capability
[    1.136121] obpc kernel: evm: HMAC attrs: 0x1
[    1.136124] obpc kernel: integrity: Loading X.509 certificate: UEFI:db
[    1.136128] obpc kernel: integrity: Loaded X.509 cert 'ASUS UEFI SW Key Certificate: b0fa6680874410ba479208b6268c10e4'
[    1.136131] obpc kernel: integrity: Loading X.509 certificate: UEFI:db
[    1.136135] obpc kernel: integrity: Loaded X.509 cert 'Microsoft Corporation UEFI CA 2011: 13adbf4309bd82709c8cd54f316ed522988a1bd4'
[    1.136138] obpc kernel: integrity: Loading X.509 certificate: UEFI:db
[    1.136142] obpc kernel: integrity: Loaded X.509 cert 'Microsoft Windows Production PCA 2011: a92902398e16c49778cd90f99e4f9ae17c55af53'
[    1.136147] obpc kernel: integrity: Loading X.509 certificate: UEFI:db
[    1.136151] obpc kernel: integrity: Loaded X.509 cert 'Microsoft Corporation: Windows UEFI CA 2023: aefc5fbbbe055d8f8daa585473499417ab5a5272'
[    1.136161] obpc kernel: integrity: Loading X.509 certificate: UEFI:db
[    1.136166] obpc kernel: integrity: Loaded X.509 cert 'Microsoft Option ROM UEFI CA 2023: 514fbf937fa46fb57bf07af8bed84b3b864b1711'
[    1.136169] obpc kernel: integrity: Loading X.509 certificate: UEFI:db
[    1.136172] obpc kernel: integrity: Loaded X.509 cert 'Microsoft UEFI CA 2023: 81aa6b3244c935bce0d6628af39827421e32497d'
[    1.136178] obpc kernel: alg: No test for 842 (842-scomp)
[    1.136182] obpc kernel: PM:   Magic number: 10:650:933
[    1.136186] obpc kernel: RAS: Correctable Errors collector initialized.
[    1.136190] obpc kernel: clk: Disabling unused clocks
[    1.136193] obpc kernel: PM: genpd: Disabling unused power domains
[    1.136196] obpc kernel: Freeing unused decrypted memory: 2028K
[    1.136200] obpc kernel: Freeing unused kernel image (initmem) memory: 5200K
[    1.136203] obpc kernel: Write protecting the kernel read-only data: 43008k
[    1.136207] obpc kernel: Freeing unused kernel image (text/rodata gap) memory: 1972K
[    1.136211] obpc kernel: Freeing unused kernel image (rodata/data gap) memory: 580K
[    1.136215] obpc kernel: x86/mm: Checked W+X mappings: passed, no W+X pages found.
[    1.136219] obpc kernel: Run /init as init process
[    1.136222] obpc kernel:   with arguments:
[    1.136226] obpc kernel:     /init
[    1.136229] obpc kernel:     rhgb
[    1.136232] obpc kernel:   with environment:
[    1.136237] obpc kernel:     HOME=/
[    1.136240] obpc kernel:     TERM=linux
[    1.136244] obpc systemd[1]: Successfully made /usr/ read-only.
[    1.136251] obpc systemd[1]: systemd 258.7-1.fc43 running in system mode (+PAM +AUDIT +SELINUX -APPARMOR +IMA +IPE +SMACK +SECCOMP -GCRYPT +GNUTLS +OPENSSL +ACL +BLKID +CURL +ELFUTILS +FIDO2 +IDN2 -IDN -IPTC +KMOD +LIBCRYPTSETUP +LIBCRYPTSETUP_PLUGINS +LIBFDISK +PCRE2 +PWQUALITY +P11KIT +QRENCODE +TPM2 +BZIP2 +LZ4 +XZ +ZLIB +ZSTD +BPF_FRAMEWORK +BTF +XKBCOMMON +UTMP +SYSVINIT +LIBARCHIVE)
[    1.136256] obpc systemd[1]: Detected architecture x86-64.
[    1.136260] obpc systemd[1]: Running in initrd.
[    1.136264] obpc systemd[1]: Hostname set to <obpc>.
[    1.136269] obpc systemd[1]: bpf-restrict-fs: LSM BPF program attached
[    1.136273] obpc systemd[1]: Queued start job for default target initrd.target.
[    1.136278] obpc systemd[1]: Expecting device dev-disk-by\x2duuid-34e34fc2\x2d47b6\x2d41bd\x2db739\x2d8a1c79788cb2.device - /dev/disk/by-uuid/34e34fc2-47b6-41bd-b739-8a1c79788cb2...
[    1.136283] obpc systemd[1]: Reached target initrd-usr-fs.target - Initrd /usr File System.
[    1.136287] obpc systemd[1]: Reached target slices.target - Slice Units.
[    1.136293] obpc systemd[1]: Reached target swap.target - Swaps.
[    1.136296] obpc systemd[1]: Reached target timers.target - Timer Units.
[    1.136300] obpc systemd[1]: Listening on systemd-journald-dev-log.socket - Journal Socket (/dev/log).
[    1.136304] obpc systemd[1]: Listening on systemd-journald.socket - Journal Sockets.
[    1.136310] obpc systemd[1]: Listening on systemd-udevd-control.socket - udev Control Socket.
[    1.136314] obpc systemd[1]: Listening on systemd-udevd-kernel.socket - udev Kernel Socket.
[    1.136319] obpc systemd[1]: Reached target sockets.target - Socket Units.
