[    0.000000] Linux version 6.19.14-200.fc43.x86_64 (mockbuild@3d94b060593f4389857ed0a29daa3c69) (gcc (GCC) 15.2.1 20260123 (Red Hat 15.2.1-7), GNU ld version 2.45.1-4.fc43) #1 SMP PREEMPT_DYNAMIC Thu Apr 23 17:34:07 UTC 2026
[    0.000000] Command line: BOOT_IMAGE=(hd0,gpt5)/vmlinuz-6.19.14-200.fc43.x86_64 root=UUID=34e34fc2-47b6-41bd-b739-8a1c79788cb2 ro rootflags=subvol=root rhgb quiet module_blacklist=nouveau,nova_core rd.driver.blacklist=nouveau,nova_core modprobe.blacklist=nouveau,nova_core pcie_aspm.policy=performance thunderbolt.clx=0 pcie_port_pm=off pci=realloc=off,pcie_bus_perf,hpmmioprefsize=256M,resource_alignment=35@0000:03:00.0 crashkernel=256M iommu=off intel_iommu=off thunderbolt.dyndbg=+pflm thunderbolt.host_reset=false
[    0.000000] x86/tme: not enabled by BIOS
[    0.000000] x86/split lock detection: #AC: crashing the kernel on kernel split_locks and warning on user-space split_locks
[    0.000000] BIOS-provided physical RAM map:
[    0.000000] BIOS-e820: [mem 0x0000000000000000-0x000000000009efff] usable
[    0.000000] BIOS-e820: [mem 0x000000000009f000-0x00000000000fffff] reserved
[    0.000000] BIOS-e820: [mem 0x0000000000100000-0x00000000545f1fff] usable
[    0.000000] BIOS-e820: [mem 0x00000000545f2000-0x000000005e6b5fff] reserved
[    0.000000] BIOS-e820: [mem 0x000000005e6b6000-0x000000005e7b7fff] ACPI data
[    0.000000] BIOS-e820: [mem 0x000000005e7b8000-0x000000005e93efff] ACPI NVS
[    0.000000] BIOS-e820: [mem 0x000000005e93f000-0x0000000063ffefff] reserved
[    0.000000] BIOS-e820: [mem 0x0000000063fff000-0x0000000063ffffff] usable
[    0.000000] BIOS-e820: [mem 0x0000000064000000-0x00000000787fffff] reserved
[    0.000000] BIOS-e820: [mem 0x00000000c0000000-0x00000000cfffffff] reserved
[    0.000000] BIOS-e820: [mem 0x00000000fe000000-0x00000000fe010fff] reserved
[    0.000000] BIOS-e820: [mem 0x00000000fe410000-0x00000000fe410fff] reserved
[    0.000000] BIOS-e820: [mem 0x00000000fec00000-0x00000000fec00fff] reserved
[    0.000000] BIOS-e820: [mem 0x00000000fed00000-0x00000000fed00fff] reserved
[    0.000000] BIOS-e820: [mem 0x00000000fed20000-0x00000000fed7ffff] reserved
[    0.000000] BIOS-e820: [mem 0x00000000fee00000-0x00000000fee00fff] reserved
[    0.000000] BIOS-e820: [mem 0x00000000ff000000-0x00000000ffffffff] reserved
[    0.000000] BIOS-e820: [mem 0x0000000100000000-0x000000207fffffff] usable
[    0.000000] NX (Execute Disable) protection: active
[    0.000000] APIC: Static calls initialized
[    0.000000] efi: EFI v2.9 by American Megatrends
[    0.000000] efi: ACPI=0x5e8b6000 ACPI 2.0=0x5e8b6014 TPMFinalLog=0x5e822000 SMBIOS=0x62b8d000 SMBIOS 3.0=0x62b8c000 MEMATTR=0x482f6018 ESRT=0x50df1e98 MOKvar=0x63c2e000 RNG=0x5e6eb018 TPMEventLog=0x5e6e0018 
[    0.000000] random: crng init done
[    0.000000] efi: Remove mem79: MMIO range=[0xc0000000-0xcfffffff] (256MB) from e820 map
[    0.000000] e820: remove [mem 0xc0000000-0xcfffffff] reserved
[    0.000000] efi: Not removing mem80: MMIO range=[0xfe000000-0xfe010fff] (68KB) from e820 map
[    0.000000] efi: Not removing mem81: MMIO range=[0xfe410000-0xfe410fff] (4KB) from e820 map
[    0.000000] efi: Not removing mem82: MMIO range=[0xfec00000-0xfec00fff] (4KB) from e820 map
[    0.000000] efi: Not removing mem83: MMIO range=[0xfed00000-0xfed00fff] (4KB) from e820 map
[    0.000000] efi: Not removing mem85: MMIO range=[0xfee00000-0xfee00fff] (4KB) from e820 map
[    0.000000] efi: Remove mem86: MMIO range=[0xff000000-0xffffffff] (16MB) from e820 map
[    0.000000] e820: remove [mem 0xff000000-0xffffffff] reserved
[    0.000000] secureboot: Secure boot disabled
[    0.000000] SMBIOS 3.8.0 present.
[    0.000000] DMI: ASUSTeK COMPUTER INC. NUC15CRSU9/NUC15CRSU9, BIOS CRARL579.0029.2026.0115.1719 01/15/2026
[    0.000000] DMI: Memory slots populated: 2/2
[    0.000000] tsc: Detected 3700.000 MHz processor
[    0.000000] tsc: Detected 3686.400 MHz TSC
[    0.000006] e820: update [mem 0x00000000-0x00000fff] usable ==> reserved
[    0.000007] e820: remove [mem 0x000a0000-0x000fffff] usable
[    0.000011] last_pfn = 0x2080000 max_arch_pfn = 0x400000000
[    0.000016] total RAM covered: 259839M
[    0.000068]  gran_size: 64K 	chunk_size: 64K 	num_reg: 10  	lose cover RAM: 129022M
[    0.000069]  gran_size: 64K 	chunk_size: 128K 	num_reg: 10  	lose cover RAM: 129022M
[    0.000070]  gran_size: 64K 	chunk_size: 256K 	num_reg: 10  	lose cover RAM: 129022M
[    0.000070]  gran_size: 64K 	chunk_size: 512K 	num_reg: 10  	lose cover RAM: 129022M
[    0.000071]  gran_size: 64K 	chunk_size: 1M 	num_reg: 10  	lose cover RAM: 129022M
[    0.000071]  gran_size: 64K 	chunk_size: 2M 	num_reg: 10  	lose cover RAM: 129022M
[    0.000071]  gran_size: 64K 	chunk_size: 4M 	num_reg: 10  	lose cover RAM: 129022M
[    0.000072]  gran_size: 64K 	chunk_size: 8M 	num_reg: 10  	lose cover RAM: 129022M
[    0.000072]  gran_size: 64K 	chunk_size: 16M 	num_reg: 10  	lose cover RAM: 129022M
[    0.000073]  gran_size: 64K 	chunk_size: 32M 	num_reg: 10  	lose cover RAM: 129022M
[    0.000073]  gran_size: 64K 	chunk_size: 64M 	num_reg: 10  	lose cover RAM: 129022M
[    0.000074]  gran_size: 64K 	chunk_size: 128M 	num_reg: 10  	lose cover RAM: 129022M
[    0.000074]  gran_size: 64K 	chunk_size: 256M 	num_reg: 10  	lose cover RAM: 129022M
[    0.000074]  gran_size: 64K 	chunk_size: 512M 	num_reg: 10  	lose cover RAM: 129020M
[    0.000075]  gran_size: 64K 	chunk_size: 1G 	num_reg: 10  	lose cover RAM: 129020M
[    0.000075]  gran_size: 64K 	chunk_size: 2G 	num_reg: 10  	lose cover RAM: 129020M
[    0.000076]  gran_size: 128K 	chunk_size: 128K 	num_reg: 10  	lose cover RAM: 129022M
[    0.000076]  gran_size: 128K 	chunk_size: 256K 	num_reg: 10  	lose cover RAM: 129022M
[    0.000077]  gran_size: 128K 	chunk_size: 512K 	num_reg: 10  	lose cover RAM: 129022M
[    0.000077]  gran_size: 128K 	chunk_size: 1M 	num_reg: 10  	lose cover RAM: 129022M
[    0.000078]  gran_size: 128K 	chunk_size: 2M 	num_reg: 10  	lose cover RAM: 129022M
[    0.000078]  gran_size: 128K 	chunk_size: 4M 	num_reg: 10  	lose cover RAM: 129022M
[    0.000078]  gran_size: 128K 	chunk_size: 8M 	num_reg: 10  	lose cover RAM: 129022M
[    0.000079]  gran_size: 128K 	chunk_size: 16M 	num_reg: 10  	lose cover RAM: 129022M
[    0.000079]  gran_size: 128K 	chunk_size: 32M 	num_reg: 10  	lose cover RAM: 129022M
[    0.000080]  gran_size: 128K 	chunk_size: 64M 	num_reg: 10  	lose cover RAM: 129022M
[    0.000080]  gran_size: 128K 	chunk_size: 128M 	num_reg: 10  	lose cover RAM: 129022M
[    0.000081]  gran_size: 128K 	chunk_size: 256M 	num_reg: 10  	lose cover RAM: 129022M
[    0.000081]  gran_size: 128K 	chunk_size: 512M 	num_reg: 10  	lose cover RAM: 129020M
[    0.000081]  gran_size: 128K 	chunk_size: 1G 	num_reg: 10  	lose cover RAM: 129020M
[    0.000082]  gran_size: 128K 	chunk_size: 2G 	num_reg: 10  	lose cover RAM: 129020M
[    0.000082]  gran_size: 256K 	chunk_size: 256K 	num_reg: 10  	lose cover RAM: 129022M
[    0.000083]  gran_size: 256K 	chunk_size: 512K 	num_reg: 10  	lose cover RAM: 129022M
[    0.000083]  gran_size: 256K 	chunk_size: 1M 	num_reg: 10  	lose cover RAM: 129022M
[    0.000084]  gran_size: 256K 	chunk_size: 2M 	num_reg: 10  	lose cover RAM: 129022M
[    0.000084]  gran_size: 256K 	chunk_size: 4M 	num_reg: 10  	lose cover RAM: 129022M
[    0.000084]  gran_size: 256K 	chunk_size: 8M 	num_reg: 10  	lose cover RAM: 129022M
[    0.000085]  gran_size: 256K 	chunk_size: 16M 	num_reg: 10  	lose cover RAM: 129022M
[    0.000085]  gran_size: 256K 	chunk_size: 32M 	num_reg: 10  	lose cover RAM: 129022M
[    0.000086]  gran_size: 256K 	chunk_size: 64M 	num_reg: 10  	lose cover RAM: 129022M
[    0.000086]  gran_size: 256K 	chunk_size: 128M 	num_reg: 10  	lose cover RAM: 129022M
[    0.000087]  gran_size: 256K 	chunk_size: 256M 	num_reg: 10  	lose cover RAM: 129022M
[    0.000087]  gran_size: 256K 	chunk_size: 512M 	num_reg: 10  	lose cover RAM: 129020M
[    0.000087]  gran_size: 256K 	chunk_size: 1G 	num_reg: 10  	lose cover RAM: 129020M
[    0.000088]  gran_size: 256K 	chunk_size: 2G 	num_reg: 10  	lose cover RAM: 129020M
[    0.000088]  gran_size: 512K 	chunk_size: 512K 	num_reg: 10  	lose cover RAM: 129022M
[    0.000089]  gran_size: 512K 	chunk_size: 1M 	num_reg: 10  	lose cover RAM: 129022M
[    0.000089]  gran_size: 512K 	chunk_size: 2M 	num_reg: 10  	lose cover RAM: 129022M
[    0.000090]  gran_size: 512K 	chunk_size: 4M 	num_reg: 10  	lose cover RAM: 129022M
[    0.000090]  gran_size: 512K 	chunk_size: 8M 	num_reg: 10  	lose cover RAM: 129022M
[    0.000090]  gran_size: 512K 	chunk_size: 16M 	num_reg: 10  	lose cover RAM: 129022M
[    0.000091]  gran_size: 512K 	chunk_size: 32M 	num_reg: 10  	lose cover RAM: 129022M
[    0.000091]  gran_size: 512K 	chunk_size: 64M 	num_reg: 10  	lose cover RAM: 129022M
[    0.000092]  gran_size: 512K 	chunk_size: 128M 	num_reg: 10  	lose cover RAM: 129022M
[    0.000092]  gran_size: 512K 	chunk_size: 256M 	num_reg: 10  	lose cover RAM: 129022M
[    0.000093]  gran_size: 512K 	chunk_size: 512M 	num_reg: 10  	lose cover RAM: 129020M
[    0.000093]  gran_size: 512K 	chunk_size: 1G 	num_reg: 10  	lose cover RAM: 129020M
[    0.000093]  gran_size: 512K 	chunk_size: 2G 	num_reg: 10  	lose cover RAM: 129020M
[    0.000094]  gran_size: 1M 	chunk_size: 1M 	num_reg: 10  	lose cover RAM: 129022M
[    0.000094]  gran_size: 1M 	chunk_size: 2M 	num_reg: 10  	lose cover RAM: 129022M
[    0.000095]  gran_size: 1M 	chunk_size: 4M 	num_reg: 10  	lose cover RAM: 129022M
[    0.000095]  gran_size: 1M 	chunk_size: 8M 	num_reg: 10  	lose cover RAM: 129022M
[    0.000096]  gran_size: 1M 	chunk_size: 16M 	num_reg: 10  	lose cover RAM: 129022M
[    0.000096]  gran_size: 1M 	chunk_size: 32M 	num_reg: 10  	lose cover RAM: 129022M
[    0.000096]  gran_size: 1M 	chunk_size: 64M 	num_reg: 10  	lose cover RAM: 129022M
[    0.000097]  gran_size: 1M 	chunk_size: 128M 	num_reg: 10  	lose cover RAM: 129022M
[    0.000097]  gran_size: 1M 	chunk_size: 256M 	num_reg: 10  	lose cover RAM: 129022M
[    0.000098]  gran_size: 1M 	chunk_size: 512M 	num_reg: 10  	lose cover RAM: 129020M
[    0.000098]  gran_size: 1M 	chunk_size: 1G 	num_reg: 10  	lose cover RAM: 129020M
[    0.000099]  gran_size: 1M 	chunk_size: 2G 	num_reg: 10  	lose cover RAM: 129020M
[    0.000099]  gran_size: 2M 	chunk_size: 2M 	num_reg: 10  	lose cover RAM: 129022M
[    0.000099]  gran_size: 2M 	chunk_size: 4M 	num_reg: 10  	lose cover RAM: 129022M
[    0.000100]  gran_size: 2M 	chunk_size: 8M 	num_reg: 10  	lose cover RAM: 129022M
[    0.000100]  gran_size: 2M 	chunk_size: 16M 	num_reg: 10  	lose cover RAM: 129022M
[    0.000101]  gran_size: 2M 	chunk_size: 32M 	num_reg: 10  	lose cover RAM: 129022M
[    0.000101]  gran_size: 2M 	chunk_size: 64M 	num_reg: 10  	lose cover RAM: 129022M
[    0.000102]  gran_size: 2M 	chunk_size: 128M 	num_reg: 10  	lose cover RAM: 129022M
[    0.000102]  gran_size: 2M 	chunk_size: 256M 	num_reg: 10  	lose cover RAM: 129022M
[    0.000102]  gran_size: 2M 	chunk_size: 512M 	num_reg: 10  	lose cover RAM: 129020M
[    0.000103]  gran_size: 2M 	chunk_size: 1G 	num_reg: 10  	lose cover RAM: 129020M
[    0.000103]  gran_size: 2M 	chunk_size: 2G 	num_reg: 10  	lose cover RAM: 129020M
[    0.000104]  gran_size: 4M 	chunk_size: 4M 	num_reg: 10  	lose cover RAM: 129022M
[    0.000104]  gran_size: 4M 	chunk_size: 8M 	num_reg: 10  	lose cover RAM: 129022M
[    0.000105]  gran_size: 4M 	chunk_size: 16M 	num_reg: 10  	lose cover RAM: 129022M
[    0.000105]  gran_size: 4M 	chunk_size: 32M 	num_reg: 10  	lose cover RAM: 129022M
[    0.000105]  gran_size: 4M 	chunk_size: 64M 	num_reg: 10  	lose cover RAM: 129022M
[    0.000106]  gran_size: 4M 	chunk_size: 128M 	num_reg: 10  	lose cover RAM: 129022M
[    0.000106]  gran_size: 4M 	chunk_size: 256M 	num_reg: 10  	lose cover RAM: 129022M
[    0.000107]  gran_size: 4M 	chunk_size: 512M 	num_reg: 10  	lose cover RAM: 129020M
[    0.000107]  gran_size: 4M 	chunk_size: 1G 	num_reg: 10  	lose cover RAM: 129020M
[    0.000108]  gran_size: 4M 	chunk_size: 2G 	num_reg: 10  	lose cover RAM: 129020M
[    0.000108]  gran_size: 8M 	chunk_size: 8M 	num_reg: 10  	lose cover RAM: 129022M
[    0.000108]  gran_size: 8M 	chunk_size: 16M 	num_reg: 10  	lose cover RAM: 129022M
[    0.000109]  gran_size: 8M 	chunk_size: 32M 	num_reg: 10  	lose cover RAM: 129022M
[    0.000109]  gran_size: 8M 	chunk_size: 64M 	num_reg: 10  	lose cover RAM: 129022M
[    0.000110]  gran_size: 8M 	chunk_size: 128M 	num_reg: 10  	lose cover RAM: 129022M
[    0.000110]  gran_size: 8M 	chunk_size: 256M 	num_reg: 10  	lose cover RAM: 129022M
[    0.000110]  gran_size: 8M 	chunk_size: 512M 	num_reg: 10  	lose cover RAM: 129020M
[    0.000111]  gran_size: 8M 	chunk_size: 1G 	num_reg: 10  	lose cover RAM: 129020M
[    0.000111]  gran_size: 8M 	chunk_size: 2G 	num_reg: 10  	lose cover RAM: 129020M
[    0.000112]  gran_size: 16M 	chunk_size: 16M 	num_reg: 10  	lose cover RAM: 129022M
[    0.000112]  gran_size: 16M 	chunk_size: 32M 	num_reg: 10  	lose cover RAM: 129022M
[    0.000113]  gran_size: 16M 	chunk_size: 64M 	num_reg: 10  	lose cover RAM: 129022M
[    0.000113]  gran_size: 16M 	chunk_size: 128M 	num_reg: 10  	lose cover RAM: 129022M
[    0.000113]  gran_size: 16M 	chunk_size: 256M 	num_reg: 10  	lose cover RAM: 129022M
[    0.000114]  gran_size: 16M 	chunk_size: 512M 	num_reg: 10  	lose cover RAM: 129020M
[    0.000114]  gran_size: 16M 	chunk_size: 1G 	num_reg: 10  	lose cover RAM: 129020M
[    0.000115]  gran_size: 16M 	chunk_size: 2G 	num_reg: 10  	lose cover RAM: 129020M
[    0.000115]  gran_size: 32M 	chunk_size: 32M 	num_reg: 10  	lose cover RAM: 129022M
[    0.000116]  gran_size: 32M 	chunk_size: 64M 	num_reg: 10  	lose cover RAM: 129022M
[    0.000116]  gran_size: 32M 	chunk_size: 128M 	num_reg: 10  	lose cover RAM: 129022M
[    0.000116]  gran_size: 32M 	chunk_size: 256M 	num_reg: 10  	lose cover RAM: 129022M
[    0.000117]  gran_size: 32M 	chunk_size: 512M 	num_reg: 10  	lose cover RAM: 129020M
[    0.000117]  gran_size: 32M 	chunk_size: 1G 	num_reg: 10  	lose cover RAM: 129020M
[    0.000118]  gran_size: 32M 	chunk_size: 2G 	num_reg: 10  	lose cover RAM: 129020M
[    0.000118]  gran_size: 64M 	chunk_size: 64M 	num_reg: 10  	lose cover RAM: 129022M
[    0.000119]  gran_size: 64M 	chunk_size: 128M 	num_reg: 10  	lose cover RAM: 129022M
[    0.000119]  gran_size: 64M 	chunk_size: 256M 	num_reg: 10  	lose cover RAM: 129022M
[    0.000119]  gran_size: 64M 	chunk_size: 512M 	num_reg: 10  	lose cover RAM: 129020M
[    0.000120]  gran_size: 64M 	chunk_size: 1G 	num_reg: 10  	lose cover RAM: 129020M
[    0.000120]  gran_size: 64M 	chunk_size: 2G 	num_reg: 10  	lose cover RAM: 129020M
[    0.000121]  gran_size: 128M 	chunk_size: 128M 	num_reg: 10  	lose cover RAM: 129022M
[    0.000121]  gran_size: 128M 	chunk_size: 256M 	num_reg: 10  	lose cover RAM: 129022M
[    0.000122]  gran_size: 128M 	chunk_size: 512M 	num_reg: 10  	lose cover RAM: 129020M
[    0.000122]  gran_size: 128M 	chunk_size: 1G 	num_reg: 10  	lose cover RAM: 129020M
[    0.000123]  gran_size: 128M 	chunk_size: 2G 	num_reg: 10  	lose cover RAM: 129020M
[    0.000123]  gran_size: 256M 	chunk_size: 256M 	num_reg: 10  	lose cover RAM: 129022M
[    0.000123]  gran_size: 256M 	chunk_size: 512M 	num_reg: 10  	lose cover RAM: 129020M
[    0.000124]  gran_size: 256M 	chunk_size: 1G 	num_reg: 10  	lose cover RAM: 129020M
[    0.000124]  gran_size: 256M 	chunk_size: 2G 	num_reg: 10  	lose cover RAM: 129020M
[    0.000125]  gran_size: 512M 	chunk_size: 512M 	num_reg: 10  	lose cover RAM: 129276M
[    0.000125]  gran_size: 512M 	chunk_size: 1G 	num_reg: 10  	lose cover RAM: 129276M
[    0.000126]  gran_size: 512M 	chunk_size: 2G 	num_reg: 10  	lose cover RAM: 129276M
[    0.000126]  gran_size: 1G 	chunk_size: 1G 	num_reg: 10  	lose cover RAM: 129784M
[    0.000127]  gran_size: 1G 	chunk_size: 2G 	num_reg: 10  	lose cover RAM: 129784M
[    0.000127]  gran_size: 2G 	chunk_size: 2G 	num_reg: 10  	lose cover RAM: 130800M
[    0.000127] mtrr_cleanup: can not find optimal value
[    0.000128] please specify mtrr_gran_size/mtrr_chunk_size
[    0.000129] MTRR map: 8 entries (3 fixed + 5 variable; max 23), built from 10 variable MTRRs
[    0.000130] x86/PAT: Configuration [0-7]: WB  WC  UC- UC  WB  WP  UC- WT  
[    0.000453] e820: update [mem 0x70000000-0xffffffff] usable ==> reserved
[    0.000454] e820: update [mem 0x2080000000-0x20800fffff] usable ==> reserved
[    0.000456] x2apic: enabled by BIOS, switching to x2apic ops
[    0.000457] last_pfn = 0x64000 max_arch_pfn = 0x400000000
[    0.004234] esrt: Reserving ESRT space from 0x0000000050df1e98 to 0x0000000050df1fe8.
[    0.004238] e820: update [mem 0x50df1000-0x50df1fff] usable ==> reserved
[    0.004248] Using GB pages for direct mapping
[    0.004339] secureboot: Secure boot disabled
[    0.004340] RAMDISK: [mem 0x3d22c000-0x4046efff]
[    0.004342] ACPI: Early table checksum verification disabled
[    0.004345] ACPI: RSDP 0x000000005E8B6014 000024 (v02 ASUS  )
[    0.004347] ACPI: XSDT 0x000000005E852728 000174 (v01 ASUS   NUC15CR  0000001D AMI  01000013)
[    0.004351] ACPI: FACP 0x000000005E79E000 000114 (v06 ASUS   NUC15CR  0000001D AMI  01000013)
[    0.004354] ACPI: DSDT 0x000000005E72D000 070E47 (v02 ASUS   NUC15CR  0000001D INTL 20210930)
[    0.004355] ACPI: FACS 0x000000005E939000 000040
[    0.004356] ACPI: SSDT 0x000000005E7B5000 000770 (v02 ASUS   NUC15CR  0000001D INTL 20210930)
[    0.004357] ACPI: SSDT 0x000000005E7B4000 0005FB (v02 ASUS   NUC15CR  0000001D INTL 20210930)
[    0.004358] ACPI: SSDT 0x000000005E7B3000 0001AB (v02 ASUS   NUC15CR  0000001D INTL 20210930)
[    0.004359] ACPI: SSDT 0x000000005E7B2000 000394 (v02 ASUS   NUC15CR  0000001D INTL 20210930)
[    0.004361] ACPI: SSDT 0x000000005E7B0000 001BAF (v02 ASUS   NUC15CR  0000001D INTL 20210930)
[    0.004362] ACPI: SSDT 0x000000005E7AE000 001620 (v02 ASUS   NUC15CR  0000001D INTL 20210930)
[    0.004363] ACPI: SSDT 0x000000005E7AC000 001349 (v02 ASUS   NUC15CR  0000001D INTL 20210930)
[    0.004364] ACPI: SSDT 0x000000005E7AB000 000FBB (v02 ASUS   NUC15CR  0000001D INTL 20210930)
[    0.004365] ACPI: SSDT 0x000000005E7A7000 003BC8 (v02 ASUS   NUC15CR  0000001D INTL 20210930)
[    0.004366] ACPI: DTPR 0x000000005E7A6000 000088 (v01 ASUS   NUC15CR  0000001D      00000000)
[    0.004367] ACPI: SSDT 0x000000005E7A0000 0053DB (v02 ASUS   NUC15CR  0000001D INTL 20210930)
[    0.004369] ACPI: SSDT 0x000000005E79F000 000D03 (v02 ASUS   NUC15CR  0000001D INTL 20210930)
[    0.004370] ACPI: FIDT 0x000000005E72C000 00009C (v01 ASUS   NUC15CR  0000001D AMI  00010013)
[    0.004371] ACPI: SSDT 0x000000005E7B7000 00038C (v02 ASUS   NUC15CR  0000001D INTL 20210930)
[    0.004372] ACPI: SSDT 0x000000005E729000 00247E (v02 ASUS   NUC15CR  0000001D INTL 20210930)
[    0.004373] ACPI: SSDT 0x000000005E71F000 009ADA (v02 ASUS   NUC15CR  00001000 INTL 20210930)
[    0.004374] ACPI: HPET 0x000000005E7B6000 000038 (v01 ASUS   NUC15CR  0000001D AMI  01000013)
[    0.004375] ACPI: APIC 0x000000005E71E000 000358 (v05 ASUS   NUC15CR  0000001D AMI  01000013)
[    0.004377] ACPI: MCFG 0x000000005E71D000 00003C (v01 ASUS   NUC15CR  0000001D AMI  01000013)
[    0.004378] ACPI: SSDT 0x000000005E710000 00C39C (v02 ASUS   NUC15CR  0000001D INTL 20210930)
[    0.004379] ACPI: SSDT 0x000000005E70E000 00147F (v02 ASUS   NUC15CR  0000001D INTL 20210930)
[    0.004380] ACPI: SSDT 0x000000005E70A000 0038A4 (v02 ASUS   NUC15CR  0000001D INTL 20210930)
[    0.004381] ACPI: UEFI 0x000000005E809000 000048 (v01 ASUS   NUC15CR  0000001D AMI  01000013)
[    0.004382] ACPI: NHLT 0x000000005E709000 0002E3 (v00 ASUS   NUC15CR  0000001D AMI  01000013)
[    0.004384] ACPI: LPIT 0x000000005E708000 0000CC (v01 ASUS   NUC15CR  0000001D AMI  01000013)
[    0.004385] ACPI: WDAT 0x000000005E706000 000134 (v01 ASUS   NUC15CR  0000001D AMI  01000013)
[    0.004386] ACPI: SSDT 0x000000005E705000 000CA6 (v02 ASUS   NUC15CR  0000001D INTL 20210930)
[    0.004387] ACPI: SSDT 0x000000005E6FF000 005E42 (v02 ASUS   NUC15CR  0000001D INTL 20210930)
[    0.004388] ACPI: DBGP 0x000000005E6FE000 000034 (v01 ASUS   NUC15CR  0000001D AMI  01000013)
[    0.004389] ACPI: DBG2 0x000000005E6FD000 000054 (v00 ASUS   NUC15CR  0000001D AMI  01000013)
[    0.004390] ACPI: SSDT 0x000000005E6FB000 001AFE (v02 ASUS   NUC15CR  0000001D INTL 20210930)
[    0.004392] ACPI: DMAR 0x000000005E6FA000 000098 (v01 ASUS   NUC15CR  0000001D AMI  01000013)
[    0.004393] ACPI: FPDT 0x000000005E6F9000 000044 (v01 ASUS   NUC15CR  0000001D AMI  01000013)
[    0.004394] ACPI: SSDT 0x000000005E6F7000 001092 (v02 ASUS   NUC15CR  0000001D INTL 20210930)
[    0.004395] ACPI: SSDT 0x000000005E6F4000 00281A (v02 ASUS   NUC15CR  0000001D INTL 20210930)
[    0.004396] ACPI: SSDT 0x000000005E6F1000 0028D3 (v02 ASUS   NUC15CR  0000001D INTL 20210930)
[    0.004398] ACPI: BGRT 0x000000005E6F0000 000038 (v01 ASUS   NUC15CR  0000001D AMI  00010013)
[    0.004399] ACPI: SSDT 0x000000005E6EE000 0011A0 (v02 ASUS   NUC15CR  0000001D INTL 20210930)
[    0.004400] ACPI: PHAT 0x000000005E6ED000 000810 (v01 ASUS   NUC15CR  0000001D MSFT 0100000D)
[    0.004401] ACPI: TPM2 0x000000005E6EC000 00004C (v04 ASUS   NUC15CR  0000001D AMI  00000000)
[    0.004402] ACPI: WSMT 0x000000005E707000 000028 (v01 ASUS   NUC15CR  0000001D AMI  00010013)
[    0.004403] ACPI: Reserving FACP table memory at [mem 0x5e79e000-0x5e79e113]
[    0.004404] ACPI: Reserving DSDT table memory at [mem 0x5e72d000-0x5e79de46]
[    0.004404] ACPI: Reserving FACS table memory at [mem 0x5e939000-0x5e93903f]
[    0.004404] ACPI: Reserving SSDT table memory at [mem 0x5e7b5000-0x5e7b576f]
[    0.004405] ACPI: Reserving SSDT table memory at [mem 0x5e7b4000-0x5e7b45fa]
[    0.004405] ACPI: Reserving SSDT table memory at [mem 0x5e7b3000-0x5e7b31aa]
[    0.004405] ACPI: Reserving SSDT table memory at [mem 0x5e7b2000-0x5e7b2393]
[    0.004405] ACPI: Reserving SSDT table memory at [mem 0x5e7b0000-0x5e7b1bae]
[    0.004406] ACPI: Reserving SSDT table memory at [mem 0x5e7ae000-0x5e7af61f]
[    0.004406] ACPI: Reserving SSDT table memory at [mem 0x5e7ac000-0x5e7ad348]
[    0.004406] ACPI: Reserving SSDT table memory at [mem 0x5e7ab000-0x5e7abfba]
[    0.004406] ACPI: Reserving SSDT table memory at [mem 0x5e7a7000-0x5e7aabc7]
[    0.004406] ACPI: Reserving DTPR table memory at [mem 0x5e7a6000-0x5e7a6087]
[    0.004407] ACPI: Reserving SSDT table memory at [mem 0x5e7a0000-0x5e7a53da]
[    0.004407] ACPI: Reserving SSDT table memory at [mem 0x5e79f000-0x5e79fd02]
[    0.004407] ACPI: Reserving FIDT table memory at [mem 0x5e72c000-0x5e72c09b]
[    0.004407] ACPI: Reserving SSDT table memory at [mem 0x5e7b7000-0x5e7b738b]
[    0.004408] ACPI: Reserving SSDT table memory at [mem 0x5e729000-0x5e72b47d]
[    0.004408] ACPI: Reserving SSDT table memory at [mem 0x5e71f000-0x5e728ad9]
[    0.004408] ACPI: Reserving HPET table memory at [mem 0x5e7b6000-0x5e7b6037]
[    0.004408] ACPI: Reserving APIC table memory at [mem 0x5e71e000-0x5e71e357]
[    0.004409] ACPI: Reserving MCFG table memory at [mem 0x5e71d000-0x5e71d03b]
[    0.004409] ACPI: Reserving SSDT table memory at [mem 0x5e710000-0x5e71c39b]
[    0.004409] ACPI: Reserving SSDT table memory at [mem 0x5e70e000-0x5e70f47e]
[    0.004409] ACPI: Reserving SSDT table memory at [mem 0x5e70a000-0x5e70d8a3]
[    0.004410] ACPI: Reserving UEFI table memory at [mem 0x5e809000-0x5e809047]
[    0.004410] ACPI: Reserving NHLT table memory at [mem 0x5e709000-0x5e7092e2]
[    0.004410] ACPI: Reserving LPIT table memory at [mem 0x5e708000-0x5e7080cb]
[    0.004410] ACPI: Reserving WDAT table memory at [mem 0x5e706000-0x5e706133]
[    0.004411] ACPI: Reserving SSDT table memory at [mem 0x5e705000-0x5e705ca5]
[    0.004411] ACPI: Reserving SSDT table memory at [mem 0x5e6ff000-0x5e704e41]
[    0.004411] ACPI: Reserving DBGP table memory at [mem 0x5e6fe000-0x5e6fe033]
[    0.004411] ACPI: Reserving DBG2 table memory at [mem 0x5e6fd000-0x5e6fd053]
[    0.004412] ACPI: Reserving SSDT table memory at [mem 0x5e6fb000-0x5e6fcafd]
[    0.004412] ACPI: Reserving DMAR table memory at [mem 0x5e6fa000-0x5e6fa097]
[    0.004412] ACPI: Reserving FPDT table memory at [mem 0x5e6f9000-0x5e6f9043]
[    0.004412] ACPI: Reserving SSDT table memory at [mem 0x5e6f7000-0x5e6f8091]
[    0.004413] ACPI: Reserving SSDT table memory at [mem 0x5e6f4000-0x5e6f6819]
[    0.004413] ACPI: Reserving SSDT table memory at [mem 0x5e6f1000-0x5e6f38d2]
[    0.004413] ACPI: Reserving BGRT table memory at [mem 0x5e6f0000-0x5e6f0037]
[    0.004413] ACPI: Reserving SSDT table memory at [mem 0x5e6ee000-0x5e6ef19f]
[    0.004414] ACPI: Reserving PHAT table memory at [mem 0x5e6ed000-0x5e6ed80f]
[    0.004414] ACPI: Reserving TPM2 table memory at [mem 0x5e6ec000-0x5e6ec04b]
[    0.004414] ACPI: Reserving WSMT table memory at [mem 0x5e707000-0x5e707027]
[    0.004450] APIC: Switched APIC routing to: cluster x2apic
[    0.004584] No NUMA configuration found
[    0.004584] Faking a node at [mem 0x0000000000000000-0x000000207fffffff]
[    0.004588] NODE_DATA(0) allocated [mem 0x207ffd5280-0x207fffffff]
[    0.004669] crashkernel reserved: 0x000000002d000000 - 0x000000003d000000 (256 MB)
[    0.004740] Zone ranges:
[    0.004741]   DMA      [mem 0x0000000000001000-0x0000000000ffffff]
[    0.004742]   DMA32    [mem 0x0000000001000000-0x00000000ffffffff]
[    0.004743]   Normal   [mem 0x0000000100000000-0x000000207fffffff]
[    0.004743]   Device   empty
[    0.004744] Movable zone start for each node
[    0.004745] Early memory node ranges
[    0.004745]   node   0: [mem 0x0000000000001000-0x000000000009efff]
[    0.004746]   node   0: [mem 0x0000000000100000-0x00000000545f1fff]
[    0.004746]   node   0: [mem 0x0000000063fff000-0x0000000063ffffff]
[    0.004746]   node   0: [mem 0x0000000100000000-0x000000207fffffff]
[    0.004750] Initmem setup node 0 [mem 0x0000000000001000-0x000000207fffffff]
[    0.004754] On node 0, zone DMA: 1 pages in unavailable ranges
[    0.004769] On node 0, zone DMA: 97 pages in unavailable ranges
[    0.006249] On node 0, zone DMA32: 31245 pages in unavailable ranges
[    0.136747] On node 0, zone Normal: 16384 pages in unavailable ranges
[    0.137358] ACPI: PM-Timer IO Port: 0x1808
[    0.137365] ACPI: X2APIC_NMI (uid[0xffffffff] high level lint[0x1])
[    0.137397] IOAPIC[0]: apic_id 2, version 32, address 0xfec00000, GSI 0-119
[    0.137399] ACPI: INT_SRC_OVR (bus 0 bus_irq 0 global_irq 2 dfl dfl)
[    0.137400] ACPI: INT_SRC_OVR (bus 0 bus_irq 9 global_irq 9 high level)
[    0.137402] ACPI: Using ACPI (MADT) for SMP configuration information
[    0.137403] ACPI: HPET id: 0x8086a201 base: 0xfed00000
[    0.137408] e820: update [mem 0x483a2000-0x483d0fff] usable ==> reserved
[    0.137414] TSC deadline timer available
[    0.137415] CPU topo: Max. logical packages:   1
[    0.137415] CPU topo: Max. logical nodes:      1
[    0.137416] CPU topo: Num. nodes per package:  1
[    0.137416] CPU topo: Max. logical dies:       1
[    0.137416] CPU topo: Max. dies per package:   1
[    0.137418] CPU topo: Max. threads per core:   1
[    0.137418] CPU topo: Num. cores per package:    16
[    0.137419] CPU topo: Num. threads per package:  16
[    0.137419] CPU topo: Allowing 16 present CPUs plus 0 hotplug CPUs
[    0.137428] PM: hibernation: Registered nosave memory: [mem 0x00000000-0x00000fff]
[    0.137429] PM: hibernation: Registered nosave memory: [mem 0x0009f000-0x000fffff]
[    0.137429] PM: hibernation: Registered nosave memory: [mem 0x483a2000-0x483d0fff]
[    0.137430] PM: hibernation: Registered nosave memory: [mem 0x50df1000-0x50df1fff]
[    0.137431] PM: hibernation: Registered nosave memory: [mem 0x545f2000-0x63ffefff]
[    0.137431] PM: hibernation: Registered nosave memory: [mem 0x64000000-0xffffffff]
[    0.137432] [mem 0x78800000-0xfdffffff] available for PCI devices
[    0.137432] Booting paravirtualized kernel on bare hardware
[    0.137434] clocksource: refined-jiffies: mask: 0xffffffff max_cycles: 0xffffffff, max_idle_ns: 1910969940391419 ns
[    0.141684] setup_percpu: NR_CPUS:8192 nr_cpumask_bits:16 nr_cpu_ids:16 nr_node_ids:1
[    0.142368] percpu: Embedded 84 pages/cpu s221184 r8192 d114688 u524288
[    0.142371] pcpu-alloc: s221184 r8192 d114688 u524288 alloc=1*2097152
[    0.142372] pcpu-alloc: [0] 00 01 02 03 [0] 04 05 06 07 
[    0.142375] pcpu-alloc: [0] 08 09 10 11 [0] 12 13 14 15 
[    0.142384] Kernel command line: BOOT_IMAGE=(hd0,gpt5)/vmlinuz-6.19.14-200.fc43.x86_64 root=UUID=34e34fc2-47b6-41bd-b739-8a1c79788cb2 ro rootflags=subvol=root rhgb quiet module_blacklist=nouveau,nova_core rd.driver.blacklist=nouveau,nova_core modprobe.blacklist=nouveau,nova_core pcie_aspm.policy=performance thunderbolt.clx=0 pcie_port_pm=off pci=realloc=off,pcie_bus_perf,hpmmioprefsize=256M,resource_alignment=35@0000:03:00.0 crashkernel=256M iommu=off intel_iommu=off thunderbolt.dyndbg=+pflm thunderbolt.host_reset=false
[    0.142472] DMAR: IOMMU disabled
[    0.142488] Unknown kernel command line parameters "rhgb", will be passed to user space.
[    0.142495] printk: log buffer data + meta data: 262144 + 917504 = 1179648 bytes
[    0.146723] Dentry cache hash table entries: 8388608 (order: 14, 67108864 bytes, linear)
[    0.148794] Inode-cache hash table entries: 4194304 (order: 13, 33554432 bytes, linear)
[    0.148898] Fallback order for Node 0: 0 
[    0.148899] Built 1 zonelists, mobility grouping on.  Total pages: 33375633
[    0.148900] Policy zone: Normal
[    0.149058] mem auto-init: stack:all(zero), heap alloc:on, heap free:off
[    0.297483] SLUB: HWalign=64, Order=0-3, MinObjects=0, CPUs=16, Nodes=1
[    0.305610] ftrace: allocating 63440 entries in 248 pages
[    0.305611] ftrace: allocated 248 pages with 5 groups
[    0.306050] Dynamic Preempt: lazy
[    0.306106] rcu: Preemptible hierarchical RCU implementation.
[    0.306107] rcu: 	RCU event tracing is enabled.
[    0.306107] rcu: 	RCU restricting CPUs from NR_CPUS=8192 to nr_cpu_ids=16.
[    0.306108] 	Trampoline variant of Tasks RCU enabled.
[    0.306108] 	Rude variant of Tasks RCU enabled.
[    0.306108] 	Tracing variant of Tasks RCU enabled.
[    0.306109] rcu: RCU calculated value of scheduler-enlistment delay is 100 jiffies.
[    0.306109] rcu: Adjusting geometry for rcu_fanout_leaf=16, nr_cpu_ids=16
[    0.306118] RCU Tasks: Setting shift to 4 and lim to 1 rcu_task_cb_adjust=1 rcu_task_cpu_ids=16.
[    0.306119] RCU Tasks Rude: Setting shift to 4 and lim to 1 rcu_task_cb_adjust=1 rcu_task_cpu_ids=16.
[    0.306120] RCU Tasks Trace: Setting shift to 4 and lim to 1 rcu_task_cb_adjust=1 rcu_task_cpu_ids=16.
[    0.308457] NR_IRQS: 524544, nr_irqs: 2184, preallocated irqs: 16
[    0.308747] rcu: srcu_init: Setting srcu_struct sizes based on contention.
[    0.308961] kfence: initialized - using 2097152 bytes for 255 objects at 0x(____ptrval____)-0x(____ptrval____)
[    0.308998] Console: colour dummy device 80x25
[    0.309000] printk: legacy console [tty0] enabled
[    0.309033] ACPI: Core revision 20250807
[    0.309305] hpet: HPET dysfunctional in PC10. Force disabled.
[    0.309398] APIC: Switch to symmetric I/O mode setup
[    0.309400] DMAR: Host address width 42
[    0.309401] DMAR: DRHD base: 0x000000fc800000 flags: 0x0
[    0.309408] DMAR: dmar0: reg_base_addr fc800000 ver 7:0 cap c9de008cee690462 ecap 12ca9a00f0ef5e
[    0.309410] DMAR: DRHD base: 0x000000fc801000 flags: 0x1
[    0.309413] DMAR: dmar1: reg_base_addr fc801000 ver 7:0 cap c9de008cee690462 ecap 12ca9a00f0efde
[    0.309415] DMAR: SATC flags: 0x1
[    0.309417] DMAR-IR: IOAPIC id 2 under DRHD base  0xfc801000 IOMMU 1
[    0.309418] DMAR-IR: HPET id 0 under DRHD base 0xfc801000
[    0.309418] DMAR-IR: Queued invalidation will be enabled to support x2apic and Intr-remapping.
[    0.310954] DMAR-IR: Enabled IRQ remapping in x2apic mode
[    0.315001] clocksource: tsc-early: mask: 0xffffffffffffffff max_cycles: 0x6a464ae9873, max_idle_ns: 881590529744 ns
[    0.315006] Calibrating delay loop (skipped), value calculated using timer frequency.. 7372.80 BogoMIPS (lpj=3686400)
[    0.315056] CPU0: Thermal monitoring enabled (TM1)
[    0.315057] x86/cpu: User Mode Instruction Prevention (UMIP) activated
[    0.315221] CET detected: Indirect Branch Tracking enabled
[    0.315221] Last level iTLB entries: 4KB 0, 2MB 0, 4MB 0
[    0.315222] Last level dTLB entries: 4KB 0, 2MB 0, 4MB 0, 1GB 0
[    0.315224] process: using mwait in idle threads
[    0.315226] mitigations: Enabled attack vectors: user_kernel, user_user, guest_host, guest_guest, SMT mitigations: auto
[    0.315228] Speculative Store Bypass: Mitigation: Speculative Store Bypass disabled via prctl
[    0.315229] Spectre V2 : Mitigation: Enhanced / Automatic IBRS
[    0.315229] VMSCAPE: Mitigation: IBPB before exit to userspace
[    0.315230] Spectre V1 : Mitigation: usercopy/swapgs barriers and __user pointer sanitization
[    0.315231] Spectre V2 : mitigation: Enabling conditional Indirect Branch Prediction Barrier
[    0.315239] x86/fpu: Supporting XSAVE feature 0x001: 'x87 floating point registers'
[    0.315240] x86/fpu: Supporting XSAVE feature 0x002: 'SSE registers'
[    0.315240] x86/fpu: Supporting XSAVE feature 0x004: 'AVX registers'
[    0.315241] x86/fpu: Supporting XSAVE feature 0x200: 'Protection Keys User registers'
[    0.315241] x86/fpu: Supporting XSAVE feature 0x800: 'Control-flow User registers'
[    0.315241] x86/fpu: Supporting XSAVE feature 0x1000: 'Control-flow Kernel registers (KVM only)'
[    0.315242] x86/fpu: xstate_offset[2]:  576, xstate_sizes[2]:  256
[    0.315243] x86/fpu: xstate_offset[9]:  832, xstate_sizes[9]:    8
[    0.315243] x86/fpu: xstate_offset[11]:  840, xstate_sizes[11]:   16
[    0.315244] x86/fpu: xstate_offset[12]:  856, xstate_sizes[12]:   24
[    0.315244] x86/fpu: Enabled xstate features 0x1a07, context size is 880 bytes, using 'compacted' format.
[    0.316004] Freeing SMP alternatives memory: 56K
[    0.316004] pid_max: default: 32768 minimum: 301
[    0.316004] Yama: becoming mindful.
[    0.316004] SELinux:  Initializing.
[    0.316004] LSM support for eBPF active
[    0.316004] landlock: Up and running.
[    0.316004] Mount-cache hash table entries: 131072 (order: 8, 1048576 bytes, linear)
[    0.316004] Mountpoint-cache hash table entries: 131072 (order: 8, 1048576 bytes, linear)
[    0.316004] smpboot: CPU0: Intel(R) Core(TM) Ultra 9 285H (family: 0x6, model: 0xc5, stepping: 0x2)
[    0.316004] Performance Events: XSAVE Architectural LBR, PEBS fmt5+-baseline,  AnyThread deprecated, ArrowLake-H Hybrid events, 32-deep LBR, full-width counters, Intel PMU driver.
[    0.316004] core: cpu_core PMU driver: 
[    0.316004] ... version:                   5
[    0.316004] ... bit width:                 48
[    0.316004] ... generic counters:          10
[    0.316004] ... generic bitmap:            00000000000003ff
[    0.316004] ... fixed-purpose counters:    4
[    0.316004] ... fixed-purpose bitmap:      000000000000000f
[    0.316004] ... value mask:                0000ffffffffffff
[    0.316004] ... max period:                00007fffffffffff
[    0.316004] ... global_ctrl mask:          0001000f000003ff
[    0.316004] signal: max sigframe size: 3632
[    0.316004] Estimated ratio of average max frequency by base frequency (times 1024): 1411
[    0.316004] rcu: Hierarchical SRCU implementation.
[    0.316004] rcu: 	Max phase no-delay instances is 400.
[    0.316004] Timer migration: 2 hierarchy levels; 8 children per group; 2 crossnode level
[    0.316004] NMI watchdog: Enabled. Permanently consumes one hw-PMU counter.
[    0.316056] smp: Bringing up secondary CPUs ...
[    0.316104] smpboot: x86: Booting SMP configuration:
[    0.316105] .... node  #0, CPUs:        #1  #2  #3  #4  #5  #6  #7  #8  #9 #10 #11 #12 #13 #14 #15
[    0.007128] core: The event 0x5d0 is not supported as an auto-counter reload event.
[    0.007128] core: cpu_atom PMU driver: 
[    0.007128] ... version:                   5
[    0.007128] ... bit width:                 48
[    0.007128] ... generic counters:          8
[    0.007128] ... generic bitmap:            00000000000000ff
[    0.007128] ... fixed-purpose counters:    6
[    0.007128] ... fixed-purpose bitmap:      0000000000000077
[    0.007128] ... value mask:                0000ffffffffffff
[    0.007128] ... max period:                00007fffffffffff
[    0.007128] ... global_ctrl mask:          00000077000000ff
[    0.007128] core: cpu_lowpower PMU driver: 
[    0.007128] ... version:                   5
[    0.007128] ... bit width:                 48
[    0.007128] ... generic counters:          8
[    0.007128] ... generic bitmap:            00000000000000ff
[    0.007128] ... fixed-purpose counters:    3
[    0.007128] ... fixed-purpose bitmap:      0000000000000007
[    0.007128] ... value mask:                0000ffffffffffff
[    0.007128] ... max period:                00007fffffffffff
[    0.007128] ... global_ctrl mask:          00000007000000ff
[    0.321094] smp: Brought up 1 node, 16 CPUs
[    0.321094] smpboot: Total of 16 processors activated (117964.80 BogoMIPS)
[    0.322127] Memory: 130694820K/133502532K available (22601K kernel code, 4588K rwdata, 17852K rodata, 5200K init, 5788K bss, 2777568K reserved, 0K cma-reserved)
[    0.324050] devtmpfs: initialized
[    0.324065] x86/mm: Memory block size: 2048MB
[    0.325035] ACPI: PM: Registering ACPI NVS region [mem 0x5e7b8000-0x5e93efff] (1601536 bytes)
[    0.325101] clocksource: jiffies: mask: 0xffffffff max_cycles: 0xffffffff, max_idle_ns: 1911260446275000 ns
[    0.325101] posixtimers hash table entries: 8192 (order: 5, 131072 bytes, linear)
[    0.325101] futex hash table entries: 4096 (262144 bytes on 1 NUMA nodes, total 256 KiB, linear).
[    0.325292] PM: RTC time: 20:00:28, date: 2026-05-08
[    0.325588] NET: Registered PF_NETLINK/PF_ROUTE protocol family
[    0.326338] DMA: preallocated 4096 KiB GFP_KERNEL pool for atomic allocations
[    0.326625] DMA: preallocated 4096 KiB GFP_KERNEL|GFP_DMA pool for atomic allocations
[    0.326906] DMA: preallocated 4096 KiB GFP_KERNEL|GFP_DMA32 pool for atomic allocations
[    0.326910] audit: initializing netlink subsys (disabled)
[    0.326922] audit: type=2000 audit(1778270428.011:1): state=initialized audit_enabled=0 res=1
[    0.326922] thermal_sys: Registered thermal governor 'fair_share'
[    0.326922] thermal_sys: Registered thermal governor 'bang_bang'
[    0.326922] thermal_sys: Registered thermal governor 'step_wise'
[    0.326922] thermal_sys: Registered thermal governor 'user_space'
[    0.326922] cpuidle: using governor menu
[    0.329683] efi: Freeing EFI boot services memory: 202076K
[    0.329686] acpiphp: ACPI Hot Plug PCI Controller Driver version: 0.5
[    0.329783] PCI: ECAM [mem 0xc0000000-0xcfffffff] (base 0xc0000000) for domain 0000 [bus 00-ff]
[    0.329795] PCI: Using configuration type 1 for base access
[    0.330026] kprobes: kprobe jump-optimization is enabled. All kprobes are optimized if possible.
[    0.330048] HugeTLB: registered 1.00 GiB page size, pre-allocated 0 pages
[    0.330048] HugeTLB: 16380 KiB vmemmap can be freed for a 1.00 GiB page
[    0.330048] HugeTLB: registered 2.00 MiB page size, pre-allocated 0 pages
[    0.330048] HugeTLB: 28 KiB vmemmap can be freed for a 2.00 MiB page
[    0.331450] raid6: skipped pq benchmark and selected avx2x4
[    0.331451] raid6: using avx2x2 recovery algorithm
[    0.331505] ACPI: Added _OSI(Module Device)
[    0.331505] ACPI: Added _OSI(Processor Device)
[    0.331505] ACPI: Added _OSI(Processor Aggregator Device)
[    0.373926] ACPI: 25 ACPI AML tables successfully acquired and loaded
[    0.378403] ACPI: USB4 _OSC: OS supports USB3+ DisplayPort+ PCIe+ XDomain+
[    0.378404] ACPI: USB4 _OSC: OS controls USB3+ DisplayPort+ PCIe+ XDomain+
[    0.581011] ACPI: EC: EC started
[    0.581011] ACPI: EC: interrupt blocked
[    0.581418] ACPI: EC: EC_CMD/EC_SC=0x66, EC_DATA=0x62
[    0.581419] ACPI: \_SB_.PC00.LPCB.H_EC: Boot DSDT EC used to handle transactions
[    0.581420] ACPI: Interpreter enabled
[    0.581448] ACPI: PM: (supports S0 S3 S4 S5)
[    0.581448] ACPI: Using IOAPIC for interrupt routing
[    0.582269] PCI: Using host bridge windows from ACPI; if necessary, use "pci=nocrs" and report a bug
[    0.582270] PCI: Ignoring E820 reservations for host bridge windows
[    0.583474] ACPI: Enabled 13 GPEs in block 00 to 7F
[    0.583493] ACPI: Enabled 8 GPEs in block 80 to DF
[    0.586283] ACPI: \_SB_.PC00.RP04.PXP_: New power resource
[    0.586956] ACPI: \_SB_.PC00.RP05.PXP_: New power resource
[    0.690758] ACPI: \_SB_.PC00.RP11.PXP_: New power resource
[    0.691318] ACPI: \_SB_.PC00.RP12.PXP_: New power resource
[    0.693333] ACPI: \_SB_.PC00.XHCI.RHUB.HS10.BTRT: New power resource
[    0.693357] ACPI: \_SB_.PC00.XHCI.RHUB.HS10.DBTR: New power resource
[    0.693483] ACPI: \_SB_.PC00.PAUD: New power resource
[    0.699075] ACPI: \_SB_.PC00.CNVW.WRST: New power resource
[    0.706546] ACPI: \_SB_.PC00.TBT0: New power resource
[    0.706574] ACPI: \_SB_.PC00.TBT1: New power resource
[    0.706598] ACPI: \_SB_.PC00.D3C_: New power resource
[    0.715634] ACPI: \_TZ_.FN00: New power resource
[    0.715661] ACPI: \_TZ_.FN01: New power resource
[    0.715685] ACPI: \_TZ_.FN02: New power resource
[    0.715709] ACPI: \_TZ_.FN03: New power resource
[    0.715732] ACPI: \_TZ_.FN04: New power resource
[    0.716038] ACPI: \PIN_: New power resource
[    0.716476] ACPI: PCI Root Bridge [PC00] (domain 0000 [bus 00-fe])
[    0.716480] acpi PNP0A08:00: _OSC: OS supports [ExtendedConfig ASPM ClockPM Segments MSI EDR HPX-Type3]
[    0.717682] acpi PNP0A08:00: _OSC: OS now controls [PCIeHotplug SHPCHotplug PME AER PCIeCapability LTR DPC]
[    0.718619] PCI host bridge to bus 0000:00
[    0.718622] pci_bus 0000:00: root bus resource [io  0x0000-0x0cf7 window]
[    0.718623] pci_bus 0000:00: root bus resource [io  0x0d00-0xffff window]
[    0.718623] pci_bus 0000:00: root bus resource [mem 0x000a0000-0x000bffff window]
[    0.718624] pci_bus 0000:00: root bus resource [mem 0x80000000-0xbfffffff window]
[    0.718625] pci_bus 0000:00: root bus resource [mem 0x4000000000-0x3ffbfffffff window]
[    0.718626] pci_bus 0000:00: root bus resource [bus 00-fe]
[    0.719165] pci 0000:00:00.0: [8086:7d06] type 00 class 0x060000 conventional PCI endpoint
[    0.719289] pci 0000:00:01.0: [8086:7ecc] type 01 class 0x060400 PCIe Root Port
[    0.719309] pci 0000:00:01.0: PCI bridge to [bus 01]
[    0.719314] pci 0000:00:01.0:   bridge window [mem 0x90300000-0x903fffff]
[    0.719380] pci 0000:00:01.0: PME# supported from D0 D3hot D3cold
[    0.719411] pci 0000:00:01.0: PTM enabled (root), 4ns granularity
[    0.719845] pci 0000:00:02.0: [8086:7d51] type 00 class 0x030000 PCIe Root Complex Integrated Endpoint
[    0.719873] pci 0000:00:02.0: BAR 0 [mem 0x5837000000-0x5837ffffff 64bit pref]
[    0.719875] pci 0000:00:02.0: BAR 2 [mem 0x5020000000-0x502fffffff 64bit pref]
[    0.719892] pci 0000:00:02.0: DMAR: Skip IOMMU disabling for graphics
[    0.719895] pci 0000:00:02.0: Video device with shadowed ROM at [mem 0x000c0000-0x000dffff]
[    0.719931] pci 0000:00:02.0: PME# supported from D0 D3hot
[    0.719954] pci 0000:00:02.0: VF BAR 0 [mem 0x5830000000-0x5830ffffff 64bit pref]
[    0.719955] pci 0000:00:02.0: VF BAR 0 [mem 0x5830000000-0x5836ffffff 64bit pref]: contains BAR 0 for 7 VFs
[    0.720090] pci 0000:00:04.0: [8086:7d03] type 00 class 0x118000 conventional PCI endpoint
[    0.720126] pci 0000:00:04.0: BAR 0 [mem 0x58402c0000-0x58402dffff 64bit]
[    0.720305] pci 0000:00:07.0: [8086:7ec4] type 01 class 0x060400 PCIe Root Port
[    0.720327] pci 0000:00:07.0: PCI bridge to [bus 02-2b]
[    0.720330] pci 0000:00:07.0:   bridge window [io  0x3000-0x3fff]
[    0.720332] pci 0000:00:07.0:   bridge window [mem 0x80000000-0x89efffff]
[    0.720341] pci 0000:00:07.0:   bridge window [mem 0x4000000000-0x5013ffffff 64bit pref]
[    0.720401] pci 0000:00:07.0: PME# supported from D0 D3hot D3cold
[    0.720428] pci 0000:00:07.0: PTM enabled (root), 4ns granularity
[    0.720868] pci 0000:00:07.2: [8086:7ec6] type 01 class 0x060400 PCIe Root Port
[    0.720892] pci 0000:00:07.2: PCI bridge to [bus 2c-55]
[    0.720897] pci 0000:00:07.2:   bridge window [mem 0x8a000000-0x8fffffff]
[    0.720907] pci 0000:00:07.2:   bridge window [mem 0x5030000000-0x582fffffff 64bit pref]
[    0.720974] pci 0000:00:07.2: PME# supported from D0 D3hot D3cold
[    0.721003] pci 0000:00:07.2: PTM enabled (root), 4ns granularity
[    0.721446] pci 0000:00:08.0: [8086:774c] type 00 class 0x088000 conventional PCI endpoint
[    0.721483] pci 0000:00:08.0: BAR 0 [mem 0x5840322000-0x5840322fff 64bit]
[    0.721574] pci 0000:00:0a.0: [8086:7d0d] type 00 class 0x118000 PCIe Root Complex Integrated Endpoint
[    0.721595] pci 0000:00:0a.0: BAR 0 [mem 0x5840280000-0x58402bffff 64bit]
[    0.721601] pci 0000:00:0a.0: enabling Extended Tags
[    0.721665] pci 0000:00:0b.0: [8086:7d1d] type 00 class 0x120000 PCIe Root Complex Integrated Endpoint
[    0.721688] pci 0000:00:0b.0: BAR 0 [mem 0x5838000000-0x583fffffff 64bit]
[    0.721691] pci 0000:00:0b.0: BAR 4 [mem 0x5840321000-0x5840321fff 64bit]
[    0.721778] pci 0000:00:0d.0: [8086:7ec0] type 00 class 0x0c0330 conventional PCI endpoint
[    0.721812] pci 0000:00:0d.0: BAR 0 [mem 0x5840300000-0x584030ffff 64bit]
[    0.721851] pci 0000:00:0d.0: PME# supported from D3hot D3cold
[    0.722087] pci 0000:00:0d.2: [8086:7ec2] type 00 class 0x0c0340 conventional PCI endpoint
[    0.722120] pci 0000:00:0d.2: BAR 0 [mem 0x5840240000-0x584027ffff 64bit]
[    0.722123] pci 0000:00:0d.2: BAR 2 [mem 0x5840320000-0x5840320fff 64bit]
[    0.722154] pci 0000:00:0d.2: supports D1 D2
[    0.722155] pci 0000:00:0d.2: PME# supported from D0 D1 D2 D3hot D3cold
[    0.722231] pci 0000:00:0d.3: [8086:7ec3] type 00 class 0x0c0340 conventional PCI endpoint
[    0.722263] pci 0000:00:0d.3: BAR 0 [mem 0x5840200000-0x584023ffff 64bit]
[    0.722266] pci 0000:00:0d.3: BAR 2 [mem 0x584031f000-0x584031ffff 64bit]
[    0.722297] pci 0000:00:0d.3: supports D1 D2
[    0.722298] pci 0000:00:0d.3: PME# supported from D0 D1 D2 D3hot D3cold
[    0.722400] pci 0000:00:12.0: [8086:7745] type 00 class 0x070000 conventional PCI endpoint
[    0.722433] pci 0000:00:12.0: BAR 0 [mem 0x58402f0000-0x58402fffff 64bit]
[    0.722467] pci 0000:00:12.0: PME# supported from D0 D3hot
[    0.722873] pci 0000:00:14.0: [8086:777d] type 00 class 0x0c0330 conventional PCI endpoint
[    0.722907] pci 0000:00:14.0: BAR 0 [mem 0x58402e0000-0x58402effff 64bit]
[    0.722944] pci 0000:00:14.0: PME# supported from D3hot D3cold
[    0.723192] pci 0000:00:14.2: [8086:777f] type 00 class 0x050000 conventional PCI endpoint
[    0.723234] pci 0000:00:14.2: BAR 0 [mem 0x5840318000-0x584031bfff 64bit]
[    0.723237] pci 0000:00:14.2: BAR 2 [mem 0x584031e000-0x584031efff 64bit]
[    0.723335] pci 0000:00:14.3: [8086:7740] type 00 class 0x028000 PCIe Root Complex Integrated Endpoint
[    0.723365] pci 0000:00:14.3: BAR 0 [mem 0x5840314000-0x5840317fff 64bit]
[    0.723374] pci 0000:00:14.3: enabling Extended Tags
[    0.723411] pci 0000:00:14.3: PME# supported from D0 D3hot D3cold
[    0.723601] pci 0000:00:16.0: [8086:7770] type 00 class 0x078000 conventional PCI endpoint
[    0.723652] pci 0000:00:16.0: BAR 0 [mem 0x584031d000-0x584031dfff 64bit]
[    0.723700] pci 0000:00:16.0: PME# supported from D3hot
[    0.724116] pci 0000:00:1c.0: [8086:773c] type 01 class 0x060400 PCIe Root Port
[    0.724136] pci 0000:00:1c.0: PCI bridge to [bus 56]
[    0.724140] pci 0000:00:1c.0:   bridge window [mem 0x90000000-0x902fffff]
[    0.724205] pci 0000:00:1c.0: PME# supported from D0 D3hot D3cold
[    0.724235] pci 0000:00:1c.0: PTM enabled (root), 4ns granularity
[    0.724643] pci 0000:00:1f.0: [8086:7702] type 00 class 0x060100 conventional PCI endpoint
[    0.724942] pci 0000:00:1f.3: [8086:7728] type 00 class 0x040100 conventional PCI endpoint
[    0.725043] pci 0000:00:1f.3: BAR 0 [mem 0x5840310000-0x5840313fff 64bit]
[    0.725054] pci 0000:00:1f.3: BAR 4 [mem 0x5840000000-0x58401fffff 64bit]
[    0.725159] pci 0000:00:1f.3: PME# supported from D3hot D3cold
[    0.725228] pci 0000:00:1f.4: [8086:7722] type 00 class 0x0c0500 conventional PCI endpoint
[    0.725273] pci 0000:00:1f.4: BAR 0 [mem 0x584031c000-0x584031c0ff 64bit]
[    0.725277] pci 0000:00:1f.4: BAR 4 [io  0xefa0-0xefbf]
[    0.725416] pci 0000:00:1f.5: [8086:7723] type 00 class 0x0c8000 conventional PCI endpoint
[    0.725509] pci 0000:00:1f.5: BAR 0 [mem 0xfe010000-0xfe010fff]
[    0.725616] pci 0000:01:00.0: [144d:a80c] type 00 class 0x010802 PCIe Endpoint
[    0.725659] pci 0000:01:00.0: BAR 0 [mem 0x90300000-0x90303fff 64bit]
[    0.726212] pci 0000:00:01.0: PCI bridge to [bus 01]
[    0.726289] pci 0000:02:00.0: [8086:5786] type 01 class 0x060400 PCIe Switch Upstream Port
[    0.726334] pci 0000:02:00.0: PCI bridge to [bus 03-2b]
[    0.726344] pci 0000:02:00.0:   bridge window [io  0x3000-0x3fff]
[    0.726348] pci 0000:02:00.0:   bridge window [mem 0x80000000-0x89efffff]
[    0.726365] pci 0000:02:00.0:   bridge window [mem 0x4000000000-0x5013ffffff 64bit pref]
[    0.726384] pci 0000:02:00.0: enabling Extended Tags
[    0.726546] pci 0000:02:00.0: supports D1 D2
[    0.726547] pci 0000:02:00.0: PME# supported from D0 D1 D2 D3hot D3cold
[    0.726683] pci 0000:02:00.0: PTM enabled, 4ns granularity
[    0.729014] pci 0000:00:07.0: PCI bridge to [bus 02-2b]
[    0.729119] pci 0000:03:00.0: [8086:5786] type 01 class 0x060400 PCIe Switch Downstream Port
[    0.729165] pci 0000:03:00.0: PCI bridge to [bus 04]
[    0.729175] pci 0000:03:00.0:   bridge window [io  0x3000-0x3fff]
[    0.729179] pci 0000:03:00.0:   bridge window [mem 0x80000000-0x840fffff]
[    0.729196] pci 0000:03:00.0:   bridge window [mem 0x4000000000-0x48140fffff 64bit pref]
[    0.729218] pci 0000:03:00.0: enabling Extended Tags
[    0.729427] pci 0000:03:00.0: supports D1 D2
[    0.729427] pci 0000:03:00.0: PME# supported from D0 D1 D2 D3hot D3cold
[    0.729818] pci 0000:03:01.0: [8086:5786] type 01 class 0x060400 PCIe Switch Downstream Port
[    0.729864] pci 0000:03:01.0: PCI bridge to [bus 05-11]
[    0.729877] pci 0000:03:01.0:   bridge window [mem 0x88000000-0x89efffff]
[    0.729894] pci 0000:03:01.0:   bridge window [mem 0x4d69600000-0x5013ffffff 64bit pref]
[    0.729916] pci 0000:03:01.0: enabling Extended Tags
[    0.730088] pci 0000:03:01.0: supports D1 D2
[    0.730088] pci 0000:03:01.0: PME# supported from D0 D1 D2 D3hot D3cold
[    0.730401] pci 0000:03:02.0: [8086:5786] type 01 class 0x060400 PCIe Switch Downstream Port
[    0.730447] pci 0000:03:02.0: PCI bridge to [bus 12-1e]
[    0.730460] pci 0000:03:02.0:   bridge window [mem 0x86100000-0x87ffffff]
[    0.730477] pci 0000:03:02.0:   bridge window [mem 0x4abec00000-0x4d695fffff 64bit pref]
[    0.730499] pci 0000:03:02.0: enabling Extended Tags
[    0.730672] pci 0000:03:02.0: supports D1 D2
[    0.730672] pci 0000:03:02.0: PME# supported from D0 D1 D2 D3hot D3cold
[    0.730987] pci 0000:03:03.0: [8086:5786] type 01 class 0x060400 PCIe Switch Downstream Port
[    0.731031] pci 0000:03:03.0: PCI bridge to [bus 1f-2b]
[    0.731044] pci 0000:03:03.0:   bridge window [mem 0x84200000-0x860fffff]
[    0.731061] pci 0000:03:03.0:   bridge window [mem 0x4814200000-0x4abebfffff 64bit pref]
[    0.731083] pci 0000:03:03.0: enabling Extended Tags
[    0.731264] pci 0000:03:03.0: supports D1 D2
[    0.731264] pci 0000:03:03.0: PME# supported from D0 D1 D2 D3hot D3cold
[    0.731587] pci 0000:02:00.0: PCI bridge to [bus 03-2b]
[    0.731692] pci 0000:04:00.0: [10de:2b85] type 00 class 0x030000 PCIe Legacy Endpoint
[    0.731772] pci 0000:04:00.0: BAR 0 [mem 0x80000000-0x83ffffff]
[    0.731776] pci 0000:04:00.0: BAR 1 [mem 0x4000000000-0x47ffffffff 64bit pref]
[    0.731781] pci 0000:04:00.0: BAR 3 [mem 0x4812000000-0x4813ffffff 64bit pref]
[    0.731784] pci 0000:04:00.0: BAR 5 [io  0x3000-0x307f]
[    0.731787] pci 0000:04:00.0: ROM [mem 0x84000000-0x8407ffff pref]
[    0.731864] pci 0000:04:00.0: Enabling HDA controller
[    0.732040] pci 0000:04:00.0: PME# supported from D0 D3hot
[    0.732147] pci 0000:04:00.0: VF BAR 0 [mem 0x4814000000-0x481403ffff 64bit pref]
[    0.732147] pci 0000:04:00.0: VF BAR 0 [mem 0x4814000000-0x481403ffff 64bit pref]: contains BAR 0 for 1 VFs
[    0.732152] pci 0000:04:00.0: VF BAR 2 [mem 0x4800000000-0x480fffffff 64bit pref]
[    0.732152] pci 0000:04:00.0: VF BAR 2 [mem 0x4800000000-0x480fffffff 64bit pref]: contains BAR 2 for 1 VFs
[    0.732157] pci 0000:04:00.0: VF BAR 4 [mem 0x4810000000-0x4811ffffff 64bit pref]
[    0.732157] pci 0000:04:00.0: VF BAR 4 [mem 0x4810000000-0x4811ffffff 64bit pref]: contains BAR 4 for 1 VFs
[    0.732524] pci 0000:04:00.0: 8.000 Gb/s available PCIe bandwidth, limited by 2.5 GT/s PCIe x4 link at 0000:00:07.0 (capable of 504.112 Gb/s with 32.0 GT/s PCIe x16 link)
[    0.732725] pci 0000:04:00.1: [10de:22e8] type 00 class 0x040300 PCIe Endpoint
[    0.732805] pci 0000:04:00.1: BAR 0 [mem 0x84080000-0x84083fff]
[    0.736040] pci 0000:03:00.0: PCI bridge to [bus 04]
[    0.736118] pci 0000:03:01.0: PCI bridge to [bus 05-11]
[    0.736195] pci 0000:03:02.0: PCI bridge to [bus 12-1e]
[    0.736272] pci 0000:03:03.0: PCI bridge to [bus 1f-2b]
[    0.736377] pci 0000:00:07.2: PCI bridge to [bus 2c-55]
[    0.736441] pci 0000:56:00.0: [8086:125c] type 00 class 0x020000 PCIe Endpoint
[    0.736490] pci 0000:56:00.0: BAR 0 [mem 0x90100000-0x901fffff]
[    0.736495] pci 0000:56:00.0: BAR 3 [mem 0x90200000-0x90203fff]
[    0.736499] pci 0000:56:00.0: ROM [mem 0x90000000-0x900fffff pref]
[    0.736591] pci 0000:56:00.0: PME# supported from D0 D3hot D3cold
[    0.737065] pci 0000:00:1c.0: PCI bridge to [bus 56]
[    0.737098] pci 0000:00:01.0: Max Payload Size set to  256/ 256 (was  256), Max Read Rq  128
[    0.737110] pci 0000:01:00.0: Max Payload Size set to  256/ 512 (was  256), Max Read Rq  256
[    0.737117] pci 0000:00:07.0: Max Payload Size set to  128/ 128 (was  128), Max Read Rq  128
[    0.737137] pci 0000:02:00.0: Max Payload Size set to  128/ 256 (was  128), Max Read Rq  128
[    0.737158] pci 0000:03:00.0: Max Payload Size set to  128/ 256 (was  128), Max Read Rq  128
[    0.737182] pci 0000:04:00.0: Max Payload Size set to  128/ 256 (was  128), Max Read Rq  128
[    0.737206] pci 0000:04:00.1: Max Payload Size set to  128/ 256 (was  128), Max Read Rq  128
[    0.737227] pci 0000:03:01.0: Max Payload Size set to  128/ 256 (was  128), Max Read Rq  128
[    0.737248] pci 0000:03:02.0: Max Payload Size set to  128/ 256 (was  128), Max Read Rq  128
[    0.737268] pci 0000:03:03.0: Max Payload Size set to  128/ 256 (was  128), Max Read Rq  128
[    0.737275] pci 0000:00:07.2: Max Payload Size set to  128/ 128 (was  128), Max Read Rq  128
[    0.737284] pci 0000:00:1c.0: Max Payload Size set to  256/ 256 (was  256), Max Read Rq  128
[    0.737298] pci 0000:56:00.0: Max Payload Size set to  256/ 512 (was  256), Max Read Rq  256
[    0.740559] ACPI: PCI: Interrupt link LNKA configured for IRQ 0
[    0.740616] ACPI: PCI: Interrupt link LNKB configured for IRQ 1
[    0.740671] ACPI: PCI: Interrupt link LNKC configured for IRQ 0
[    0.740726] ACPI: PCI: Interrupt link LNKD configured for IRQ 0
[    0.740781] ACPI: PCI: Interrupt link LNKE configured for IRQ 0
[    0.740835] ACPI: PCI: Interrupt link LNKF configured for IRQ 0
[    0.740890] ACPI: PCI: Interrupt link LNKG configured for IRQ 0
[    0.740945] ACPI: PCI: Interrupt link LNKH configured for IRQ 0
[    0.741371] ACPI: \_SB_.PEPD: Duplicate LPS0 _DSM functions (mask: 0x1)
[    0.741372] Low-power S0 idle used by default for system suspend
[    0.745306] ACPI: EC: interrupt unblocked
[    0.745307] ACPI: EC: event unblocked
[    0.745327] ACPI: EC: EC_CMD/EC_SC=0x66, EC_DATA=0x62
[    0.745328] ACPI: EC: GPE=0x6e
[    0.745328] ACPI: \_SB_.PC00.LPCB.H_EC: Boot DSDT EC initialization complete
[    0.745329] ACPI: \_SB_.PC00.LPCB.H_EC: EC: Used to handle transactions and events
[    0.746024] iommu: Default domain type: Translated
[    0.746024] iommu: DMA domain TLB invalidation policy: lazy mode
[    0.746047] SCSI subsystem initialized
[    0.746052] libata version 3.00 loaded.
[    0.746052] ACPI: bus type USB registered
[    0.746052] usbcore: registered new interface driver usbfs
[    0.746052] usbcore: registered new interface driver hub
[    0.746052] usbcore: registered new device driver usb
[    0.746052] pps_core: LinuxPPS API ver. 1 registered
[    0.746052] pps_core: Software ver. 5.3.6 - Copyright 2005-2007 Rodolfo Giometti <giometti@linux.it>
[    0.746052] PTP clock support registered
[    0.746056] EDAC MC: Ver: 3.0.0
[    0.746155] efivars: Registered efivars operations
[    0.746155] NetLabel: Initializing
[    0.746155] NetLabel:  domain hash size = 128
[    0.746155] NetLabel:  protocols = UNLABELED CIPSOv4 CALIPSO
[    0.746155] NetLabel:  unlabeled traffic allowed by default
[    0.746155] mctp: management component transport protocol core
[    0.746155] NET: Registered PF_MCTP protocol family
[    0.746155] PCI: Using ACPI for IRQ routing
[    0.764351] PCI: pci_cache_line_size set to 64 bytes
[    0.764438] pci 0000:00:1f.5: BAR 0 [mem 0xfe010000-0xfe010fff]: can't claim; no compatible bridge window
[    0.764451] pci 0000:04:00.0: BAR 0 [mem 0x80000000-0x83ffffff]: can't claim; no compatible bridge window
[    0.764452] pci 0000:04:00.0: BAR 1 [mem 0x4000000000-0x47ffffffff 64bit pref]: can't claim; no compatible bridge window
[    0.764453] pci 0000:04:00.0: BAR 3 [mem 0x4812000000-0x4813ffffff 64bit pref]: can't claim; no compatible bridge window
[    0.764453] pci 0000:04:00.0: VF BAR 0 [mem 0x4814000000-0x481403ffff 64bit pref]: can't claim; no compatible bridge window
[    0.764454] pci 0000:04:00.0: VF BAR 2 [mem 0x4800000000-0x480fffffff 64bit pref]: can't claim; no compatible bridge window
[    0.764455] pci 0000:04:00.0: VF BAR 4 [mem 0x4810000000-0x4811ffffff 64bit pref]: can't claim; no compatible bridge window
[    0.764457] pci 0000:04:00.1: BAR 0 [mem 0x84080000-0x84083fff]: can't claim; no compatible bridge window
[    0.764529] e820: reserve RAM buffer [mem 0x0009f000-0x0009ffff]
[    0.764530] e820: reserve RAM buffer [mem 0x483a2000-0x4bffffff]
[    0.764530] e820: reserve RAM buffer [mem 0x50df1000-0x53ffffff]
[    0.764531] e820: reserve RAM buffer [mem 0x545f2000-0x57ffffff]
[    0.765029] pci 0000:00:02.0: vgaarb: setting as boot VGA device
[    0.765029] pci 0000:00:02.0: vgaarb: bridge control possible
[    0.765029] pci 0000:00:02.0: vgaarb: VGA device added: decodes=io+mem,owns=io+mem,locks=none
[    0.765029] pci 0000:04:00.0: vgaarb: bridge control possible
[    0.765029] pci 0000:04:00.0: vgaarb: VGA device added: decodes=io+mem,owns=none,locks=none
[    0.765029] vgaarb: loaded
[    0.765112] Monitor-Mwait will be used to enter C-1 state
[    0.765113] Monitor-Mwait will be used to enter C-2 state
[    0.765113] Monitor-Mwait will be used to enter C-3 state
[    0.766228] clocksource: Switched to clocksource tsc-early
[    0.766477] VFS: Disk quotas dquot_6.6.0
[    0.766477] VFS: Dquot-cache hash table entries: 512 (order 0, 4096 bytes)
[    0.767173] pnp: PnP ACPI init
[    0.767474] system 00:01: [io  0x0680-0x069f] has been reserved
[    0.767476] system 00:01: [io  0x164e-0x164f] has been reserved
[    0.767538] system 00:02: [io  0x1854-0x1857] has been reserved
[    0.767973] system 00:03: [mem 0xfedc0000-0xfedc7fff] has been reserved
[    0.767974] system 00:03: [mem 0x00000000-0x00000fff] could not be reserved
[    0.767975] system 00:03: [mem 0x00000000-0x00000fff] could not be reserved
[    0.767976] system 00:03: [mem 0xc0000000-0xcfffffff] has been reserved
[    0.767977] system 00:03: [mem 0xfed20000-0xfed7ffff] could not be reserved
[    0.767977] system 00:03: [mem 0xfc800000-0xfc81ffff] could not be reserved
[    0.767978] system 00:03: [mem 0xfed45000-0xfed8ffff] could not be reserved
[    0.767979] system 00:03: [mem 0xfee00000-0xfeefffff] could not be reserved
[    0.768572] system 00:04: [io  0x2000-0x20fe] has been reserved
[    0.768873] pnp: PnP ACPI: found 6 devices
[    0.774158] clocksource: acpi_pm: mask: 0xffffff max_cycles: 0xffffff, max_idle_ns: 2085701024 ns
[    0.774210] NET: Registered PF_INET protocol family
[    0.774374] IP idents hash table entries: 262144 (order: 9, 2097152 bytes, linear)
[    0.781963] tcp_listen_portaddr_hash hash table entries: 65536 (order: 8, 1048576 bytes, linear)
[    0.782002] Table-perturb hash table entries: 65536 (order: 6, 262144 bytes, linear)
[    0.782303] TCP established hash table entries: 524288 (order: 10, 4194304 bytes, linear)
[    0.782518] TCP bind hash table entries: 65536 (order: 9, 2097152 bytes, linear)
[    0.782589] TCP: Hash tables configured (established 524288 bind 65536)
[    0.782778] MPTCP token hash table entries: 65536 (order: 9, 1572864 bytes, linear)
[    0.783154] UDP hash table entries: 65536 (order: 10, 4194304 bytes, linear)
[    0.783643] UDP-Lite hash table entries: 65536 (order: 10, 4194304 bytes, linear)
[    0.783854] NET: Registered PF_UNIX/PF_LOCAL protocol family
[    0.783865] NET: Registered PF_XDP protocol family
[    0.783871] pci 0000:04:00.0: ROM [mem 0x84000000-0x8407ffff pref]: can't claim; no compatible bridge window
[    0.783879] pci 0000:03:00.0: bridge window [mem 0x800000000-0x1001ffffff 64bit pref] to [bus 04] add_size 12100000 add_align 800000000
[    0.783881] pci 0000:03:01.0: bridge window [io  0x1000-0x0fff] to [bus 05-11] add_size 1000
[    0.783882] pci 0000:03:02.0: bridge window [io  0x1000-0x0fff] to [bus 12-1e] add_size 1000
[    0.783883] pci 0000:03:03.0: bridge window [io  0x1000-0x0fff] to [bus 1f-2b] add_size 1000
[    0.783884] pci 0000:00:07.2: bridge window [io  0x1000-0x0fff] to [bus 2c-55] add_size 1000
[    0.783891] pci 0000:00:07.2: bridge window [io  0x4000-0x4fff]: assigned
[    0.783892] pci 0000:00:1f.5: BAR 0 [mem 0x89f00000-0x89f00fff]: assigned
[    0.783903] pci 0000:00:01.0: PCI bridge to [bus 01]
[    0.783906] pci 0000:00:01.0:   bridge window [mem 0x90300000-0x903fffff]
[    0.783912] pci 0000:03:00.0: bridge window [mem 0x4000000000-0x48140fffff 64bit pref]: assigned
[    0.783913] pci 0000:03:00.0: bridge window [mem 0x80000000-0x840fffff]: assigned
[    0.783914] pci 0000:03:01.0: bridge window [io  size 0x1000]: can't assign; no space
[    0.783915] pci 0000:03:01.0: bridge window [io  size 0x1000]: failed to assign
[    0.783916] pci 0000:03:02.0: bridge window [io  size 0x1000]: can't assign; no space
[    0.783917] pci 0000:03:02.0: bridge window [io  size 0x1000]: failed to assign
[    0.783917] pci 0000:03:03.0: bridge window [io  size 0x1000]: can't assign; no space
[    0.783917] pci 0000:03:03.0: bridge window [io  size 0x1000]: failed to assign
[    0.783918] pci 0000:03:03.0: bridge window [io  size 0x1000]: can't assign; no space
[    0.783919] pci 0000:03:03.0: bridge window [io  size 0x1000]: failed to assign
[    0.783919] pci 0000:03:02.0: bridge window [io  size 0x1000]: can't assign; no space
[    0.783920] pci 0000:03:02.0: bridge window [io  size 0x1000]: failed to assign
[    0.783920] pci 0000:03:01.0: bridge window [io  size 0x1000]: can't assign; no space
[    0.783920] pci 0000:03:01.0: bridge window [io  size 0x1000]: failed to assign
[    0.783923] pci 0000:04:00.0: BAR 1 [mem 0x4000000000-0x47ffffffff 64bit pref]: assigned
[    0.783939] pci 0000:04:00.0: VF BAR 2 [mem 0x4800000000-0x480fffffff 64bit pref]: assigned
[    0.783946] pci 0000:04:00.0: BAR 0 [mem 0x80000000-0x83ffffff]: assigned
[    0.783951] pci 0000:04:00.0: BAR 3 [mem 0x4810000000-0x4811ffffff 64bit pref]: assigned
[    0.783967] pci 0000:04:00.0: VF BAR 4 [mem 0x4812000000-0x4813ffffff 64bit pref]: assigned
[    0.783973] pci 0000:04:00.0: ROM [mem 0x84000000-0x8407ffff pref]: assigned
[    0.783973] pci 0000:04:00.0: VF BAR 0 [mem 0x4814000000-0x481403ffff 64bit pref]: assigned
[    0.783980] pci 0000:04:00.1: BAR 0 [mem 0x84080000-0x84083fff]: assigned
[    0.783985] pci 0000:03:00.0: PCI bridge to [bus 04]
[    0.783987] pci 0000:03:00.0:   bridge window [io  0x3000-0x3fff]
[    0.783993] pci 0000:03:00.0:   bridge window [mem 0x80000000-0x840fffff]
[    0.783997] pci 0000:03:00.0:   bridge window [mem 0x4000000000-0x48140fffff 64bit pref]
[    0.784005] pci 0000:03:01.0: PCI bridge to [bus 05-11]
[    0.784011] pci 0000:03:01.0:   bridge window [mem 0x88000000-0x89efffff]
[    0.784015] pci 0000:03:01.0:   bridge window [mem 0x4d69600000-0x5013ffffff 64bit pref]
[    0.784023] pci 0000:03:02.0: PCI bridge to [bus 12-1e]
[    0.784029] pci 0000:03:02.0:   bridge window [mem 0x86100000-0x87ffffff]
[    0.784033] pci 0000:03:02.0:   bridge window [mem 0x4abec00000-0x4d695fffff 64bit pref]
[    0.784041] pci 0000:03:03.0: PCI bridge to [bus 1f-2b]
[    0.784047] pci 0000:03:03.0:   bridge window [mem 0x84200000-0x860fffff]
[    0.784051] pci 0000:03:03.0:   bridge window [mem 0x4814200000-0x4abebfffff 64bit pref]
[    0.784059] pci 0000:02:00.0: PCI bridge to [bus 03-2b]
[    0.784061] pci 0000:02:00.0:   bridge window [io  0x3000-0x3fff]
[    0.784067] pci 0000:02:00.0:   bridge window [mem 0x80000000-0x89efffff]
[    0.784071] pci 0000:02:00.0:   bridge window [mem 0x4000000000-0x5013ffffff 64bit pref]
[    0.784079] pci 0000:00:07.0: PCI bridge to [bus 02-2b]
[    0.784080] pci 0000:00:07.0:   bridge window [io  0x3000-0x3fff]
[    0.784083] pci 0000:00:07.0:   bridge window [mem 0x80000000-0x89efffff]
[    0.784085] pci 0000:00:07.0:   bridge window [mem 0x4000000000-0x5013ffffff 64bit pref]
[    0.784089] pci 0000:00:07.2: PCI bridge to [bus 2c-55]
[    0.784090] pci 0000:00:07.2:   bridge window [io  0x4000-0x4fff]
[    0.784093] pci 0000:00:07.2:   bridge window [mem 0x8a000000-0x8fffffff]
[    0.784095] pci 0000:00:07.2:   bridge window [mem 0x5030000000-0x582fffffff 64bit pref]
[    0.784100] pci 0000:00:1c.0: PCI bridge to [bus 56]
[    0.784103] pci 0000:00:1c.0:   bridge window [mem 0x90000000-0x902fffff]
[    0.784108] pci_bus 0000:00: resource 4 [io  0x0000-0x0cf7 window]
[    0.784109] pci_bus 0000:00: resource 5 [io  0x0d00-0xffff window]
[    0.784110] pci_bus 0000:00: resource 6 [mem 0x000a0000-0x000bffff window]
[    0.784110] pci_bus 0000:00: resource 7 [mem 0x80000000-0xbfffffff window]
[    0.784111] pci_bus 0000:00: resource 8 [mem 0x4000000000-0x3ffbfffffff window]
[    0.784111] pci_bus 0000:01: resource 1 [mem 0x90300000-0x903fffff]
[    0.784112] pci_bus 0000:02: resource 0 [io  0x3000-0x3fff]
[    0.784112] pci_bus 0000:02: resource 1 [mem 0x80000000-0x89efffff]
[    0.784113] pci_bus 0000:02: resource 2 [mem 0x4000000000-0x5013ffffff 64bit pref]
[    0.784113] pci_bus 0000:03: resource 0 [io  0x3000-0x3fff]
[    0.784114] pci_bus 0000:03: resource 1 [mem 0x80000000-0x89efffff]
[    0.784114] pci_bus 0000:03: resource 2 [mem 0x4000000000-0x5013ffffff 64bit pref]
[    0.784114] pci_bus 0000:04: resource 0 [io  0x3000-0x3fff]
[    0.784115] pci_bus 0000:04: resource 1 [mem 0x80000000-0x840fffff]
[    0.784115] pci_bus 0000:04: resource 2 [mem 0x4000000000-0x48140fffff 64bit pref]
[    0.784116] pci_bus 0000:05: resource 0 [io  size 0x1000]
[    0.784116] pci_bus 0000:05: resource 1 [mem 0x88000000-0x89efffff]
[    0.784117] pci_bus 0000:05: resource 2 [mem 0x4d69600000-0x5013ffffff 64bit pref]
[    0.784117] pci_bus 0000:12: resource 0 [io  size 0x1000]
[    0.784117] pci_bus 0000:12: resource 1 [mem 0x86100000-0x87ffffff]
[    0.784118] pci_bus 0000:12: resource 2 [mem 0x4abec00000-0x4d695fffff 64bit pref]
[    0.784118] pci_bus 0000:1f: resource 0 [io  size 0x1000]
[    0.784119] pci_bus 0000:1f: resource 1 [mem 0x84200000-0x860fffff]
[    0.784119] pci_bus 0000:1f: resource 2 [mem 0x4814200000-0x4abebfffff 64bit pref]
[    0.784120] pci_bus 0000:2c: resource 0 [io  0x4000-0x4fff]
[    0.784120] pci_bus 0000:2c: resource 1 [mem 0x8a000000-0x8fffffff]
[    0.784121] pci_bus 0000:2c: resource 2 [mem 0x5030000000-0x582fffffff 64bit pref]
[    0.784121] pci_bus 0000:56: resource 1 [mem 0x90000000-0x902fffff]
[    0.784514] pci 0000:04:00.1: extending delay after power-on from D3hot to 20 msec
[    0.784550] pci 0000:04:00.1: D0 power state depends on 0000:04:00.0
[    0.784558] PCI: CLS 64 bytes, default 64
[    0.784631] clocksource: tsc: mask: 0xffffffffffffffff max_cycles: 0x6a464ae9873, max_idle_ns: 881590529744 ns
[    0.784769] clocksource: Switched to clocksource tsc
[    0.784788] platform rtc_cmos: registered platform RTC device (no PNP device found)
[    0.784823] Trying to unpack rootfs image as initramfs...
[    0.807558] Initialise system trusted keyrings
[    0.807568] Key type blacklist registered
[    0.807773] workingset: timestamp_bits=36 max_order=25 bucket_order=0
[    0.811069] integrity: Platform Keyring initialized
[    0.811072] integrity: Machine keyring initialized
[    0.811126] cryptd: max_cpu_qlen set to 1000
[    0.815359] NET: Registered PF_ALG protocol family
[    0.815364] xor: automatically using best checksumming function   avx       
[    0.815365] Key type asymmetric registered
[    0.815366] Asymmetric key parser 'x509' registered
[    0.815494] Block layer SCSI generic (bsg) driver version 0.4 loaded (major 244)
[    0.815517] io scheduler mq-deadline registered
[    0.815518] io scheduler kyber registered
[    0.815522] io scheduler bfq registered
[    0.816177] atomic64_test: passed for x86-64 platform with CX8 and with SSE
[    0.816402] pcieport 0000:00:01.0: PME: Signaling with IRQ 120
[    0.816442] pcieport 0000:00:01.0: AER: enabled with IRQ 120
[    0.816596] pcieport 0000:00:07.0: PME: Signaling with IRQ 121
[    0.816634] pcieport 0000:00:07.0: AER: enabled with IRQ 121
[    0.816645] pcieport 0000:00:07.0: pciehp: Slot #12 AttnBtn- PwrCtrl- MRL- AttnInd- PwrInd- HotPlug+ Surprise+ Interlock- NoCompl+ IbPresDis- LLActRep+
[    0.816804] pcieport 0000:00:07.2: PME: Signaling with IRQ 122
[    0.816836] pcieport 0000:00:07.2: AER: enabled with IRQ 122
[    0.816845] pcieport 0000:00:07.2: pciehp: Slot #14 AttnBtn- PwrCtrl- MRL- AttnInd- PwrInd- HotPlug+ Surprise+ Interlock- NoCompl+ IbPresDis- LLActRep+
[    0.816997] pcieport 0000:00:1c.0: PME: Signaling with IRQ 123
[    0.817027] pcieport 0000:00:1c.0: AER: enabled with IRQ 123
[    0.817244] pcieport 0000:03:00.0: enabling device (0001 -> 0003)
[    0.817556] pcieport 0000:03:01.0: pciehp: Slot #1 AttnBtn- PwrCtrl- MRL- AttnInd- PwrInd- HotPlug+ Surprise+ Interlock- NoCompl+ IbPresDis- LLActRep+
[    0.817776] pcieport 0000:03:02.0: pciehp: Slot #2 AttnBtn- PwrCtrl- MRL- AttnInd- PwrInd- HotPlug+ Surprise+ Interlock- NoCompl+ IbPresDis- LLActRep+
[    0.818001] pcieport 0000:03:03.0: pciehp: Slot #3 AttnBtn- PwrCtrl- MRL- AttnInd- PwrInd- HotPlug+ Surprise+ Interlock- NoCompl+ IbPresDis- LLActRep+
[    0.818242] input: Sleep Button as /devices/LNXSYSTM:00/LNXSYBUS:00/PNP0C0E:00/input/input0
[    0.818259] ACPI: button: Sleep Button [SLPB]
[    0.818271] input: Power Button as /devices/LNXSYSTM:00/LNXSYBUS:00/PNP0C0C:00/input/input1
[    0.818278] ACPI: button: Power Button [PWRB]
[    0.818288] input: Power Button as /devices/LNXSYSTM:00/LNXPWRBN:00/input/input2
[    0.818317] ACPI: button: Power Button [PWRF]
[    0.828095] ACPI: thermal: [Firmware Bug]: Invalid critical threshold (-274000)
[    0.828125] thermal LNXTHERM:00: registered as thermal_zone0
[    0.828125] ACPI: thermal: Thermal Zone [TZ0] (40 C)
[    0.828291] thermal LNXTHERM:01: registered as thermal_zone1
[    0.828292] ACPI: thermal: Thermal Zone [TZ00] (71 C)
[    0.828533] Serial: 8250/16550 driver, 32 ports, IRQ sharing enabled
[    0.829362] serial 0000:00:12.0: enabling device (0000 -> 0002)
[    0.829567] hpet_acpi_add: no address or irqs in _CRS
[    0.829585] Non-volatile memory driver v1.3
[    0.829588] Linux agpgart interface v0.103
[    0.849845] ACPI: bus type drm_connector registered
[    0.853171] CAN device driver interface
[    0.853237] xhci_hcd 0000:00:0d.0: xHCI Host Controller
[    0.853251] xhci_hcd 0000:00:0d.0: new USB bus registered, assigned bus number 1
[    0.854311] xhci_hcd 0000:00:0d.0: hcc params 0x20007fc1 hci version 0x120 quirks 0x0000000200009810
[    0.854506] xhci_hcd 0000:00:0d.0: xHCI Host Controller
[    0.854519] xhci_hcd 0000:00:0d.0: new USB bus registered, assigned bus number 2
[    0.854520] xhci_hcd 0000:00:0d.0: Host supports USB 3.2 Enhanced SuperSpeed
[    0.854549] usb usb1: New USB device found, idVendor=1d6b, idProduct=0002, bcdDevice= 6.19
[    0.854550] usb usb1: New USB device strings: Mfr=3, Product=2, SerialNumber=1
[    0.854551] usb usb1: Product: xHCI Host Controller
[    0.854551] usb usb1: Manufacturer: Linux 6.19.14-200.fc43.x86_64 xhci-hcd
[    0.854552] usb usb1: SerialNumber: 0000:00:0d.0
[    0.854606] hub 1-0:1.0: USB hub found
[    0.854611] hub 1-0:1.0: 1 port detected
[    0.854727] usb usb2: New USB device found, idVendor=1d6b, idProduct=0003, bcdDevice= 6.19
[    0.854728] usb usb2: New USB device strings: Mfr=3, Product=2, SerialNumber=1
[    0.854728] usb usb2: Product: xHCI Host Controller
[    0.854729] usb usb2: Manufacturer: Linux 6.19.14-200.fc43.x86_64 xhci-hcd
[    0.854729] usb usb2: SerialNumber: 0000:00:0d.0
[    0.854759] hub 2-0:1.0: USB hub found
[    0.854764] hub 2-0:1.0: 4 ports detected
[    0.855950] xhci_hcd 0000:00:14.0: xHCI Host Controller
[    0.855965] xhci_hcd 0000:00:14.0: new USB bus registered, assigned bus number 3
[    0.857025] xhci_hcd 0000:00:14.0: hcc params 0x20007fc1 hci version 0x120 quirks 0x0000000200009810
[    0.857209] xhci_hcd 0000:00:14.0: xHCI Host Controller
[    0.857223] xhci_hcd 0000:00:14.0: new USB bus registered, assigned bus number 4
[    0.857224] xhci_hcd 0000:00:14.0: Host supports USB 3.2 Enhanced SuperSpeed
[    0.857241] usb usb3: New USB device found, idVendor=1d6b, idProduct=0002, bcdDevice= 6.19
[    0.857242] usb usb3: New USB device strings: Mfr=3, Product=2, SerialNumber=1
[    0.857243] usb usb3: Product: xHCI Host Controller
[    0.857243] usb usb3: Manufacturer: Linux 6.19.14-200.fc43.x86_64 xhci-hcd
[    0.857244] usb usb3: SerialNumber: 0000:00:14.0
[    0.857286] hub 3-0:1.0: USB hub found
[    0.857297] hub 3-0:1.0: 12 ports detected
[    0.858454] usb usb4: New USB device found, idVendor=1d6b, idProduct=0003, bcdDevice= 6.19
[    0.858454] usb usb4: New USB device strings: Mfr=3, Product=2, SerialNumber=1
[    0.858455] usb usb4: Product: xHCI Host Controller
[    0.858455] usb usb4: Manufacturer: Linux 6.19.14-200.fc43.x86_64 xhci-hcd
[    0.858456] usb usb4: SerialNumber: 0000:00:14.0
[    0.858483] hub 4-0:1.0: USB hub found
[    0.858489] hub 4-0:1.0: 2 ports detected
[    0.858686] usbcore: registered new interface driver usbserial_generic
[    0.858688] usbserial: USB Serial support registered for generic
[    0.858702] i8042: PNP: No PS/2 controller found.
[    0.858715] mousedev: PS/2 mouse device common for all mice
[    0.858763] rtc_cmos rtc_cmos: RTC can wake from S4
[    0.859440] rtc_cmos rtc_cmos: registered as rtc0
[    0.859572] rtc_cmos rtc_cmos: setting system clock to 2026-05-08T20:00:28 UTC (1778270428)
[    0.859588] rtc_cmos rtc_cmos: alarms up to one month, y3k, 114 bytes nvram
[    0.861439] device-mapper: core: CONFIG_IMA_DISABLE_HTABLE is disabled. Duplicate IMA measurements will not be recorded in the IMA log.
[    0.861442] device-mapper: uevent: version 1.0.3
[    0.861465] device-mapper: ioctl: 4.50.0-ioctl (2025-04-28) initialised: dm-devel@lists.linux.dev
[    0.861620] intel_pstate: Intel P-state driver initializing
[    0.864506] Hybrid CPU capacity scaling enabled
[    0.864530] processor cpu0: EM: created perf domain
[    0.864545] processor cpu1: EM: created perf domain
[    0.864558] processor cpu2: EM: created perf domain
[    0.864571] processor cpu3: EM: created perf domain
[    0.864583] processor cpu4: EM: created perf domain
[    0.864595] processor cpu5: EM: created perf domain
[    0.864607] processor cpu6: EM: created perf domain
[    0.864621] processor cpu7: EM: created perf domain
[    0.864635] processor cpu8: EM: created perf domain
[    0.864647] processor cpu9: EM: created perf domain
[    0.864659] processor cpu10: EM: created perf domain
[    0.864671] processor cpu11: EM: created perf domain
[    0.864684] processor cpu12: EM: created perf domain
[    0.864696] processor cpu13: EM: created perf domain
[    0.864709] processor cpu14: EM: created perf domain
[    0.864721] processor cpu15: EM: created perf domain
[    0.864856] intel_pstate: HWP enabled
[    0.865122] simple-framebuffer simple-framebuffer.0: [drm] Registered 1 planes with drm panic
[    0.865142] [drm] Initialized simpledrm 1.0.0 for simple-framebuffer.0 on minor 0
[    0.865529] fbcon: Deferring console take-over
[    0.865531] simple-framebuffer simple-framebuffer.0: [drm] fb0: simpledrmdrmfb frame buffer device
[    0.865567] hid: raw HID events driver (C) Jiri Kosina
[    0.865586] usbcore: registered new interface driver usbhid
[    0.865586] usbhid: USB HID core driver
[    0.865673] drop_monitor: Initializing network drop monitor service
[    0.865738] Initializing XFRM netlink socket
[    0.865756] NET: Registered PF_INET6 protocol family
[    0.865995] Segment Routing with IPv6
[    0.865997] RPL Segment Routing with IPv6
[    0.866003] In-situ OAM (IOAM) with IPv6
[    0.866020] mip6: Mobile IPv6
[    0.866022] NET: Registered PF_PACKET protocol family
[    0.866023] can: controller area network core
[    0.866031] NET: Registered PF_CAN protocol family
[    0.870134] ENERGY_PERF_BIAS: Set to 'normal', was 'performance'
[    0.870665] microcode: Current revision: 0x0000011b
[    0.871637] IPI shorthand broadcast: enabled
[    0.872727] sched_clock: Marking stable (866001551, 6128027)->(892226739, -20097161)
[    0.872853] registered taskstats version 1
[    0.874339] Loading compiled-in X.509 certificates
[    0.874991] Loaded X.509 cert 'Fedora kernel signing key: 88b80e08bfa3c7a8597e235adbf6de56f0ca4439'
[    0.883224] Freeing initrd memory: 51468K
[    0.894305] Loaded X.509 cert 'Fedora IMA CA: a8a00c31663f853f9c6ff2564872e378af026b28'
[    0.896723] Demotion targets for Node 0: null
[    0.896726] page_owner is disabled
[    0.896922] Key type .fscrypt registered
[    0.896923] Key type fscrypt-provisioning registered
[    0.897117] Btrfs loaded, zoned=yes, fsverity=yes
[    0.897140] Key type big_key registered
[    0.897142] Key type trusted registered
[    0.898514] Key type encrypted registered
[    0.898518] Loading compiled-in module X.509 certificates
[    0.898795] Loaded X.509 cert 'Fedora kernel signing key: 88b80e08bfa3c7a8597e235adbf6de56f0ca4439'
[    0.898857] ima: Allocated hash algorithm: sha256
[    0.918416] ima: No architecture policies found
[    0.918431] evm: Initialising EVM extended attributes:
[    0.918431] evm: security.selinux
[    0.918432] evm: security.SMACK64 (disabled)
[    0.918432] evm: security.SMACK64EXEC (disabled)
[    0.918433] evm: security.SMACK64TRANSMUTE (disabled)
[    0.918433] evm: security.SMACK64MMAP (disabled)
[    0.918434] evm: security.apparmor (disabled)
[    0.918434] evm: security.ima
[    0.918434] evm: security.capability
[    0.918435] evm: HMAC attrs: 0x1
[    0.919069] integrity: Loading X.509 certificate: UEFI:db
[    0.919549] integrity: Loaded X.509 cert 'ASUS UEFI SW Key Certificate: b0fa6680874410ba479208b6268c10e4'
[    0.919551] integrity: Loading X.509 certificate: UEFI:db
[    0.919562] integrity: Loaded X.509 cert 'Microsoft Corporation UEFI CA 2011: 13adbf4309bd82709c8cd54f316ed522988a1bd4'
[    0.919562] integrity: Loading X.509 certificate: UEFI:db
[    0.919569] integrity: Loaded X.509 cert 'Microsoft Windows Production PCA 2011: a92902398e16c49778cd90f99e4f9ae17c55af53'
[    0.919570] integrity: Loading X.509 certificate: UEFI:db
[    0.919577] integrity: Loaded X.509 cert 'Microsoft Corporation: Windows UEFI CA 2023: aefc5fbbbe055d8f8daa585473499417ab5a5272'
[    0.919578] integrity: Loading X.509 certificate: UEFI:db
[    0.919583] integrity: Loaded X.509 cert 'Microsoft Option ROM UEFI CA 2023: 514fbf937fa46fb57bf07af8bed84b3b864b1711'
[    0.919584] integrity: Loading X.509 certificate: UEFI:db
[    0.919589] integrity: Loaded X.509 cert 'Microsoft UEFI CA 2023: 81aa6b3244c935bce0d6628af39827421e32497d'
[    0.921006] alg: No test for 842 (842-scomp)
[    0.923060] PM:   Magic number: 10:677:42
[    0.926480] RAS: Correctable Errors collector initialized.
[    0.942114] clk: Disabling unused clocks
[    0.942121] PM: genpd: Disabling unused power domains
[    0.956008] Freeing unused decrypted memory: 2028K
[    0.956910] Freeing unused kernel image (initmem) memory: 5200K
[    0.956935] Write protecting the kernel read-only data: 43008k
[    0.957738] Freeing unused kernel image (text/rodata gap) memory: 1972K
[    0.957912] Freeing unused kernel image (rodata/data gap) memory: 580K
[    0.963801] x86/mm: Checked W+X mappings: passed, no W+X pages found.
[    0.963806] Run /init as init process
[    0.963807]   with arguments:
[    0.963808]     /init
[    0.963808]     rhgb
[    0.963809]   with environment:
[    0.963809]     HOME=/
[    0.963810]     TERM=linux
[    1.004238] systemd[1]: Successfully made /usr/ read-only.
[    1.004397] systemd[1]: systemd 258.7-1.fc43 running in system mode (+PAM +AUDIT +SELINUX -APPARMOR +IMA +IPE +SMACK +SECCOMP -GCRYPT +GNUTLS +OPENSSL +ACL +BLKID +CURL +ELFUTILS +FIDO2 +IDN2 -IDN -IPTC +KMOD +LIBCRYPTSETUP +LIBCRYPTSETUP_PLUGINS +LIBFDISK +PCRE2 +PWQUALITY +P11KIT +QRENCODE +TPM2 +BZIP2 +LZ4 +XZ +ZLIB +ZSTD +BPF_FRAMEWORK +BTF +XKBCOMMON +UTMP +SYSVINIT +LIBARCHIVE)
[    1.004402] systemd[1]: Detected architecture x86-64.
[    1.004403] systemd[1]: Running in initrd.
[    1.004542] systemd[1]: Hostname set to <obpc>.
[    1.066207] systemd[1]: bpf-restrict-fs: LSM BPF program attached
[    1.092032] systemd[1]: Queued start job for default target initrd.target.
[    1.106545] systemd[1]: Expecting device dev-disk-by\x2duuid-34e34fc2\x2d47b6\x2d41bd\x2db739\x2d8a1c79788cb2.device - /dev/disk/by-uuid/34e34fc2-47b6-41bd-b739-8a1c79788cb2...
[    1.106575] systemd[1]: Reached target initrd-usr-fs.target - Initrd /usr File System.
[    1.106590] systemd[1]: Reached target slices.target - Slice Units.
[    1.106597] systemd[1]: Reached target swap.target - Swaps.
[    1.106605] systemd[1]: Reached target timers.target - Timer Units.
[    1.106653] systemd[1]: Listening on systemd-journald-dev-log.socket - Journal Socket (/dev/log).
[    1.106687] systemd[1]: Listening on systemd-journald.socket - Journal Sockets.
[    1.106717] systemd[1]: Listening on systemd-udevd-control.socket - udev Control Socket.
[    1.106737] systemd[1]: Listening on systemd-udevd-kernel.socket - udev Kernel Socket.
[    1.106744] systemd[1]: Reached target sockets.target - Socket Units.
[    1.107264] systemd[1]: Starting kmod-static-nodes.service - Create List of Static Device Nodes...
[    1.107288] systemd[1]: memstrack.service - Memstrack Anylazing Service skipped, no trigger condition checks were met.
[    1.108592] systemd[1]: Starting systemd-journald.service - Journal Service...
[    1.108936] systemd[1]: Starting systemd-modules-load.service - Load Kernel Modules...
[    1.108952] systemd[1]: systemd-pcrphase-initrd.service - TPM PCR Barrier (initrd) skipped, unmet condition check ConditionSecurity=measured-uki
[    1.109236] systemd[1]: Starting systemd-vconsole-setup.service - Virtual Console Setup...
[    1.109481] systemd[1]: Finished kmod-static-nodes.service - Create List of Static Device Nodes.
[    1.109849] systemd[1]: Starting systemd-tmpfiles-setup-dev-early.service - Create Static Device Nodes in /dev gracefully...
[    1.116313] systemd-journald[309]: Collecting audit messages is disabled.
[    1.119254] systemd[1]: Finished systemd-tmpfiles-setup-dev-early.service - Create Static Device Nodes in /dev gracefully.
[    1.120169] systemd[1]: Starting systemd-sysusers.service - Create System Users...
[    1.124895] systemd[1]: Finished systemd-sysusers.service - Create System Users.
[    1.124987] fuse: init (API version 7.45)
[    1.125301] systemd[1]: Starting systemd-tmpfiles-setup-dev.service - Create Static Device Nodes in /dev...
[    1.127094] i2c_dev: i2c /dev entries driver
[    1.127458] systemd[1]: Finished systemd-modules-load.service - Load Kernel Modules.
[    1.127794] systemd[1]: Starting systemd-sysctl.service - Apply Kernel Variables...
[    1.131454] systemd[1]: Finished systemd-sysctl.service - Apply Kernel Variables.
[    1.132270] systemd[1]: Finished systemd-vconsole-setup.service - Virtual Console Setup.
[    1.132428] systemd[1]: Finished systemd-tmpfiles-setup-dev.service - Create Static Device Nodes in /dev.
[    1.132470] systemd[1]: Reached target local-fs-pre.target - Preparation for Local File Systems.
[    1.132478] systemd[1]: Reached target local-fs.target - Local File Systems.
[    1.132809] systemd[1]: Starting dracut-cmdline-ask.service - dracut ask for additional cmdline parameters...
[    1.138591] systemd[1]: Finished dracut-cmdline-ask.service - dracut ask for additional cmdline parameters.
[    1.139002] systemd[1]: Starting dracut-cmdline.service - dracut cmdline hook...
[    1.148473] systemd[1]: Started systemd-journald.service - Journal Service.
[    1.160230] usb 3-1: new high-speed USB device number 2 using xhci_hcd
[    1.164583] aorus_egpu_trust: loading out-of-tree module taints kernel.
[    1.164586] aorus_egpu_trust: module verification failed: signature and/or required key missing - tainting kernel
[    1.164941] AORUS eGPU trust override: module loaded (vendor=0x10de device=0x2b85[+0x22e8] PCI fixups registered)
[    1.164942] AORUS eGPU trust override: NOTE — for the quirk to take effect on an already-enumerated device, run remove + rescan via sysfs
[    1.179168] usb 2-1: new SuperSpeed Plus Gen 2x2 USB device number 2 using xhci_hcd
[    1.190582] usb 2-1: New USB device found, idVendor=8087, idProduct=5787, bcdDevice= 0.00
[    1.190584] usb 2-1: New USB device strings: Mfr=1, Product=2, SerialNumber=0
[    1.190585] usb 2-1: Product: USB3 HUB
[    1.190586] usb 2-1: Manufacturer: Intel Corporation
[    1.191304] hub 2-1:1.0: USB hub found
[    1.191341] hub 2-1:1.0: 4 ports detected
[    1.324586] intel_vsec 0000:00:0a.0: enabling device (0000 -> 0002)
[    1.336622] ACPI: bus type thunderbolt registered
[    1.336845] thunderbolt:nhi_probe:1366: thunderbolt 0000:00:0d.2: total paths: 12
[    1.336849] thunderbolt:nhi_check_iommu:1230: thunderbolt 0000:00:0d.2: IOMMU DMA protection is disabled
[    1.342700] intel_vpu 0000:00:0b.0: enabling device (0000 -> 0002)
[    1.342833] thunderbolt:tb_ring_alloc:587: thunderbolt 0000:00:0d.2: allocating TX ring 0 of size 10
[    1.342849] thunderbolt:tb_ring_alloc:587: thunderbolt 0000:00:0d.2: allocating RX ring 0 of size 10
[    1.342862] thunderbolt:tb_ctl_alloc:690: thunderbolt 0000:00:0d.2: control channel created
[    1.342863] thunderbolt:tb_probe:3388: thunderbolt 0000:00:0d.2: using software connection manager
[    1.344391] thunderbolt:tb_acpi_add_link:65: thunderbolt 0000:00:0d.2: created link from 0000:00:07.0
[    1.344539] thunderbolt:nhi_probe:1402: thunderbolt 0000:00:0d.2: NHI initialized, starting thunderbolt
[    1.344540] thunderbolt:tb_ctl_start:733: thunderbolt 0000:00:0d.2: control channel starting...
[    1.344542] thunderbolt:tb_ring_start:700: thunderbolt 0000:00:0d.2: starting TX ring 0
[    1.344545] thunderbolt:ring_interrupt_active:142: thunderbolt 0000:00:0d.2: enabling interrupt at register 0x38200 bit 0 (0x0 -> 0x1)
[    1.344547] thunderbolt:tb_ring_start:700: thunderbolt 0000:00:0d.2: starting RX ring 0
[    1.344550] thunderbolt:ring_interrupt_active:142: thunderbolt 0000:00:0d.2: enabling interrupt at register 0x38200 bit 12 (0x1 -> 0x1001)
[    1.344554] thunderbolt:tb_domain_add:456: thunderbolt 0000:00:0d.2: security level set to user
[    1.344560] Key type psk registered
[    1.346146] thunderbolt:tb_switch_alloc:2488: thunderbolt 0000:00:0d.2: current switch config:
[    1.346149] thunderbolt:tb_dump_switch:1570: thunderbolt 0000:00:0d.2:  USB4 Switch: 8087:7ec2 (Revision: 16, TB Version: 32)
[    1.346150] thunderbolt:tb_dump_switch:1573: thunderbolt 0000:00:0d.2:   Max Port Number: 13
[    1.346151] thunderbolt:tb_dump_switch:1574: thunderbolt 0000:00:0d.2:   Config:
[    1.346152] thunderbolt:tb_dump_switch:1575: thunderbolt 0000:00:0d.2:    Upstream Port Number: 7 Depth: 0 Route String: 0x0 Enabled: 1, PlugEventsDelay: 254ms
[    1.346153] thunderbolt:tb_dump_switch:1580: thunderbolt 0000:00:0d.2:    unknown1: 0x0 unknown4: 0x0
[    1.356321] thunderbolt:tb_switch_configure:2618: thunderbolt 0000:00:0d.2: initializing Switch at 0x0 (depth: 0, up port: 7)
[    1.357834] thunderbolt:usb4_switch_credits_init:780: thunderbolt 0000:00:0d.2: 0: credit allocation parameters:
[    1.357836] thunderbolt:usb4_switch_credits_init:790: thunderbolt 0000:00:0d.2: 0:  USB3: 32
[    1.357838] thunderbolt:usb4_switch_credits_init:794: thunderbolt 0000:00:0d.2: 0:  DP AUX: 1
[    1.357839] thunderbolt:usb4_switch_credits_init:798: thunderbolt 0000:00:0d.2: 0:  DP main: 0
[    1.357840] thunderbolt:usb4_switch_credits_init:802: thunderbolt 0000:00:0d.2: 0:  PCIe: 64
[    1.357841] thunderbolt:usb4_switch_credits_init:806: thunderbolt 0000:00:0d.2: 0:  DMA: 14
[    1.360262] thunderbolt:tb_drom_parse:640: thunderbolt 0000:00:0d.2: 0: DROM version: 3
[    1.360588] thunderbolt:tb_switch_add:3321: thunderbolt 0000:00:0d.2: 0: uid: 0xb0c5b3a08087092d
[    1.362257] thunderbolt:tb_dump_port:449: thunderbolt 0000:00:0d.2:  Port 1: 8087:15ea (Revision: 0, TB Version: 1, Type: Port (0x1))
[    1.362260] thunderbolt:tb_dump_port:454: thunderbolt 0000:00:0d.2:   Max hop id (in/out): 19/19
[    1.362261] thunderbolt:tb_dump_port:456: thunderbolt 0000:00:0d.2:   Max counters: 16
[    1.362262] thunderbolt:tb_dump_port:457: thunderbolt 0000:00:0d.2:   NFC Credits: 0x47800000
[    1.362263] thunderbolt:tb_dump_port:458: thunderbolt 0000:00:0d.2:   Credits (total/control): 120/2
[    1.364092] thunderbolt:tb_dump_port:449: thunderbolt 0000:00:0d.2:  Port 2: 8087:15ea (Revision: 0, TB Version: 1, Type: Port (0x1))
[    1.364096] thunderbolt:tb_dump_port:454: thunderbolt 0000:00:0d.2:   Max hop id (in/out): 19/19
[    1.364097] thunderbolt:tb_dump_port:456: thunderbolt 0000:00:0d.2:   Max counters: 16
[    1.364098] thunderbolt:tb_dump_port:457: thunderbolt 0000:00:0d.2:   NFC Credits: 0x80000000
[    1.364099] thunderbolt:tb_dump_port:458: thunderbolt 0000:00:0d.2:   Credits (total/control): 0/2
[    1.365761] thunderbolt:tb_dump_port:449: thunderbolt 0000:00:0d.2:  Port 3: 8087:15ea (Revision: 0, TB Version: 1, Type: Port (0x1))
[    1.365765] thunderbolt:tb_dump_port:454: thunderbolt 0000:00:0d.2:   Max hop id (in/out): 19/19
[    1.365767] thunderbolt:tb_dump_port:456: thunderbolt 0000:00:0d.2:   Max counters: 16
[    1.365768] thunderbolt:tb_dump_port:457: thunderbolt 0000:00:0d.2:   NFC Credits: 0x83c00000
[    1.365768] thunderbolt:tb_dump_port:458: thunderbolt 0000:00:0d.2:   Credits (total/control): 60/2
[    1.367595] thunderbolt:tb_dump_port:449: thunderbolt 0000:00:0d.2:  Port 4: 8087:15ea (Revision: 0, TB Version: 1, Type: Port (0x1))
[    1.367597] thunderbolt:tb_dump_port:454: thunderbolt 0000:00:0d.2:   Max hop id (in/out): 19/19
[    1.367598] thunderbolt:tb_dump_port:456: thunderbolt 0000:00:0d.2:   Max counters: 16
[    1.367598] thunderbolt:tb_dump_port:457: thunderbolt 0000:00:0d.2:   NFC Credits: 0x83c00000
[    1.367599] thunderbolt:tb_dump_port:458: thunderbolt 0000:00:0d.2:   Credits (total/control): 60/2
[    1.367929] thunderbolt:tb_dump_port:449: thunderbolt 0000:00:0d.2:  Port 5: 8087:15ea (Revision: 0, TB Version: 1, Type: DP/HDMI (0xe0101))
[    1.367930] thunderbolt:tb_dump_port:454: thunderbolt 0000:00:0d.2:   Max hop id (in/out): 9/9
[    1.367931] thunderbolt:tb_dump_port:456: thunderbolt 0000:00:0d.2:   Max counters: 2
[    1.367931] thunderbolt:tb_dump_port:457: thunderbolt 0000:00:0d.2:   NFC Credits: 0x100000d
[    1.367932] thunderbolt:tb_dump_port:458: thunderbolt 0000:00:0d.2:   Credits (total/control): 16/0
[    1.368264] thunderbolt:tb_dump_port:449: thunderbolt 0000:00:0d.2:  Port 6: 8087:15ea (Revision: 0, TB Version: 1, Type: DP/HDMI (0xe0101))
[    1.368265] thunderbolt:tb_dump_port:454: thunderbolt 0000:00:0d.2:   Max hop id (in/out): 9/9
[    1.368266] thunderbolt:tb_dump_port:456: thunderbolt 0000:00:0d.2:   Max counters: 2
[    1.368267] thunderbolt:tb_dump_port:457: thunderbolt 0000:00:0d.2:   NFC Credits: 0x100000d
[    1.368267] thunderbolt:tb_dump_port:458: thunderbolt 0000:00:0d.2:   Credits (total/control): 16/0
[    1.369265] thunderbolt:tb_dump_port:449: thunderbolt 0000:00:0d.2:  Port 7: 8086:15ea (Revision: 0, TB Version: 1, Type: NHI (0x2))
[    1.369266] thunderbolt:tb_dump_port:454: thunderbolt 0000:00:0d.2:   Max hop id (in/out): 11/11
[    1.369267] thunderbolt:tb_dump_port:456: thunderbolt 0000:00:0d.2:   Max counters: 16
[    1.369268] thunderbolt:tb_dump_port:457: thunderbolt 0000:00:0d.2:   NFC Credits: 0x1c00000
[    1.369268] thunderbolt:tb_dump_port:458: thunderbolt 0000:00:0d.2:   Credits (total/control): 28/0
[    1.369598] thunderbolt:tb_dump_port:449: thunderbolt 0000:00:0d.2:  Port 8: 8087:15ea (Revision: 0, TB Version: 1, Type: PCIe (0x100101))
[    1.369599] thunderbolt:tb_dump_port:454: thunderbolt 0000:00:0d.2:   Max hop id (in/out): 8/8
[    1.369600] thunderbolt:tb_dump_port:456: thunderbolt 0000:00:0d.2:   Max counters: 2
[    1.369601] thunderbolt:tb_dump_port:457: thunderbolt 0000:00:0d.2:   NFC Credits: 0x800000
[    1.369601] thunderbolt:tb_dump_port:458: thunderbolt 0000:00:0d.2:   Credits (total/control): 8/0
[    1.369921] intel_vpu 0000:00:0b.0: [drm] Firmware: intel/vpu/vpu_37xx_v1.bin, version: 20260305*MTL_CLIENT_SILICON-NVR+NN-deployment*dbda783919b77553afe5576a59881bca37fb6d7b*dbda783919b77553afe5576a59881bca37fb6d7b*dbda783919b
[    1.369924] intel_vpu 0000:00:0b.0: [drm] Scheduler mode: HW
[    1.369934] thunderbolt:tb_dump_port:449: thunderbolt 0000:00:0d.2:  Port 9: 8087:15ea (Revision: 0, TB Version: 1, Type: PCIe (0x100101))
[    1.369935] thunderbolt:tb_dump_port:454: thunderbolt 0000:00:0d.2:   Max hop id (in/out): 8/8
[    1.369935] thunderbolt:tb_dump_port:456: thunderbolt 0000:00:0d.2:   Max counters: 2
[    1.369936] thunderbolt:tb_dump_port:457: thunderbolt 0000:00:0d.2:   NFC Credits: 0x800000
[    1.369936] thunderbolt:tb_dump_port:458: thunderbolt 0000:00:0d.2:   Credits (total/control): 8/0
[    1.370104] thunderbolt:tb_init_port:717: thunderbolt 0000:00:0d.2:  Port 10: not implemented
[    1.370271] thunderbolt:tb_init_port:717: thunderbolt 0000:00:0d.2:  Port 11: not implemented
[    1.370602] thunderbolt:tb_dump_port:449: thunderbolt 0000:00:0d.2:  Port 12: 8087:0 (Revision: 0, TB Version: 1, Type: USB (0x200101))
[    1.370603] thunderbolt:tb_dump_port:454: thunderbolt 0000:00:0d.2:   Max hop id (in/out): 8/8
[    1.370604] thunderbolt:tb_dump_port:456: thunderbolt 0000:00:0d.2:   Max counters: 2
[    1.370605] thunderbolt:tb_dump_port:457: thunderbolt 0000:00:0d.2:   NFC Credits: 0x800000
[    1.370605] thunderbolt:tb_dump_port:458: thunderbolt 0000:00:0d.2:   Credits (total/control): 8/0
[    1.370935] thunderbolt:tb_dump_port:449: thunderbolt 0000:00:0d.2:  Port 13: 8087:0 (Revision: 0, TB Version: 1, Type: USB (0x200101))
[    1.370936] thunderbolt:tb_dump_port:454: thunderbolt 0000:00:0d.2:   Max hop id (in/out): 8/8
[    1.370937] thunderbolt:tb_dump_port:456: thunderbolt 0000:00:0d.2:   Max counters: 2
[    1.370937] thunderbolt:tb_dump_port:457: thunderbolt 0000:00:0d.2:   NFC Credits: 0x800000
[    1.370938] thunderbolt:tb_dump_port:458: thunderbolt 0000:00:0d.2:   Credits (total/control): 8/0
[    1.370939] thunderbolt:tb_check_quirks:134: thunderbolt 0000:00:0d.2: 0: running quirk_usb3_maximum_bandwidth [thunderbolt]
[    1.370968] thunderbolt:quirk_usb3_maximum_bandwidth:41: thunderbolt 0000:00:0d.2: 0:12: USB3 maximum bandwidth limited to 16376 Mb/s
[    1.370969] thunderbolt:quirk_usb3_maximum_bandwidth:41: thunderbolt 0000:00:0d.2: 0:13: USB3 maximum bandwidth limited to 16376 Mb/s
[    1.370970] thunderbolt:tb_switch_default_link_ports:2844: thunderbolt 0000:00:0d.2: 0: linked ports 1 <-> 2
[    1.370971] thunderbolt:tb_switch_default_link_ports:2844: thunderbolt 0000:00:0d.2: 0: linked ports 3 <-> 4
[    1.372661] nvme 0000:01:00.0: platform quirk: setting simple suspend
[    1.372798] nvme nvme0: pci function 0000:01:00.0
[    1.377465] nvme nvme0: D3 entry latency set to 10 seconds
[    1.378116] thunderbolt:tmu_mode_init:364: thunderbolt 0000:00:0d.2: 0: TMU: supports uni-directional mode
[    1.378282] thunderbolt:tb_switch_tmu_init:435: thunderbolt 0000:00:0d.2: 0: TMU: current mode: off
[    1.380272] nvme nvme0: 16/0/0 default/read/poll queues
[    1.381022] thunderbolt:tb_switch_tmu_configure:1066: thunderbolt 0000:00:0d.2: 0: TMU: mode change off -> uni-directional, LowRes requested
[    1.381709] thunderbolt:tb_switch_tmu_enable:1014: thunderbolt 0000:00:0d.2: 0: TMU: mode set to: uni-directional, LowRes
[    1.382304] thunderbolt:tb_wait_for_port:537: thunderbolt 0000:00:0d.2: 0:1: is connected, link is up (state: 2)
[    1.382929]  nvme0n1: p1 p2 p3 p4 p5 p6
[    1.382966] thunderbolt:tb_switch_alloc:2488: thunderbolt 0000:00:0d.2: current switch config:
[    1.382968] thunderbolt:tb_dump_switch:1570: thunderbolt 0000:00:0d.2:  USB4 Switch: 8087:5786 (Revision: 133, TB Version: 64)
[    1.382969] thunderbolt:tb_dump_switch:1573: thunderbolt 0000:00:0d.2:   Max Port Number: 23
[    1.382970] thunderbolt:tb_dump_switch:1574: thunderbolt 0000:00:0d.2:   Config:
[    1.382971] thunderbolt:tb_dump_switch:1575: thunderbolt 0000:00:0d.2:    Upstream Port Number: 1 Depth: 1 Route String: 0x1 Enabled: 1, PlugEventsDelay: 254ms
[    1.382972] thunderbolt:tb_dump_switch:1580: thunderbolt 0000:00:0d.2:    unknown1: 0x0 unknown4: 0x0
[    1.386973] thunderbolt:tb_switch_configure:2618: thunderbolt 0000:00:0d.2: initializing Switch at 0x1 (depth: 1, up port: 1)
[    1.387468] thunderbolt:usb4_switch_setup:260: thunderbolt 0000:00:0d.2: 1: link: USB4
[    1.387469] thunderbolt:usb4_switch_setup:265: thunderbolt 0000:00:0d.2: 1: TBT3 support: yes, xHCI: no
[    1.389157] thunderbolt:usb4_switch_credits_init:780: thunderbolt 0000:00:0d.2: 1: credit allocation parameters:
[    1.389158] thunderbolt:usb4_switch_credits_init:790: thunderbolt 0000:00:0d.2: 1:  USB3: 20
[    1.389159] thunderbolt:usb4_switch_credits_init:794: thunderbolt 0000:00:0d.2: 1:  DP AUX: 1
[    1.389159] thunderbolt:usb4_switch_credits_init:798: thunderbolt 0000:00:0d.2: 1:  DP main: 6
[    1.389160] thunderbolt:usb4_switch_credits_init:802: thunderbolt 0000:00:0d.2: 1:  PCIe: 76
[    1.389161] thunderbolt:usb4_switch_credits_init:810: thunderbolt 0000:00:0d.2: 1:  unknown credit allocation index 0x0, skipping
[    1.394328] thunderbolt:tb_drom_parse:640: thunderbolt 0000:00:0d.2: 1: DROM version: 1
[    1.396824] thunderbolt:tb_switch_add:3321: thunderbolt 0000:00:0d.2: 1: uid: 0xe87ca900808714c4
[    1.398492] thunderbolt:tb_dump_port:449: thunderbolt 0000:00:0d.2:  Port 1: 0:5780 (Revision: 0, TB Version: 1, Type: Port (0x1))
[    1.398497] thunderbolt:tb_dump_port:454: thunderbolt 0000:00:0d.2:   Max hop id (in/out): 31/31
[    1.398499] thunderbolt:tb_dump_port:456: thunderbolt 0000:00:0d.2:   Max counters: 4
[    1.398500] thunderbolt:tb_dump_port:457: thunderbolt 0000:00:0d.2:   NFC Credits: 0x4a000000
[    1.398502] thunderbolt:tb_dump_port:458: thunderbolt 0000:00:0d.2:   Credits (total/control): 160/2
